04-01 21:48:06.271  2862  2862 D NetworkSpeedTracker: onReceive ACTION_BATTERY_CHANGED mBatteryLevel = 37;mIsCharging =true
04-01 21:48:06.271  4115  4115 I BatteryInfoReceiver: ACTION_BATTERY_CHANGED
04-01 21:48:06.273  6036  6536 D PowerCheckerService: onBatteryChanged, mBatteryLevel = 37, status = 2, level = 37, plug = 2, scale = 100
04-01 21:48:06.280  2862  2862 D DeviceStatisticsService: chargerType=2 batteryLevel=37 totalBatteryCapacity=4956700
04-01 21:48:06.284  7646  7679 I appium  : Took 3ms to retrieve 0 matches for '//android.widget.FrameLayout[1]/android.widget.FrameLayout[1]/android.widget.FrameLayout[1]/android.widget.LinearLayout[1]' XPath query
04-01 21:48:06.284  4115  4115 I BatteryInfoReceiver: ACTION_BATTERY_CHANGED
04-01 21:48:06.284  2539  2539 D KeyguardUpdateMonitor: received broadcast android.intent.action.BATTERY_CHANGED
04-01 21:48:06.285  2862  2862 D NetworkSpeedTracker: receive actionandroid.intent.action.BATTERY_CHANGED
04-01 21:48:06.285  2862  2862 D NetworkSpeedTracker: onReceive ACTION_BATTERY_CHANGED mBatteryLevel = 37;mIsCharging =true
04-01 21:48:06.286  7646  7679 I appium  : AppiumResponse: {"sessionId":"990abf69-c84d-42c6-ab46-ab211f360779","value":{"error":"no such element","message":"An element could not be located on the page using the given search parameters","stacktrace":"io.appium.uiautomator2.common.exceptions.ElementNotFoundException: An element could not be located on the page using the given search parameters\n\tat io.appium.uiautomator2.handler.FindElement.findElement(FindElement.java:91)\n\tat io.appium.uiautomator2.handler.FindElement.safeHandle(FindElement.java:68)\n\tat io.appium.uiautomator2.handler.request.SafeRequestHandler.handle(SafeRequestHandler.java:41)\n\tat io.appium.uiautomator2.server.AppiumServlet.handleRequest(AppiumServlet.java:261)\n\tat io.appium.uiautomator2.server.AppiumServlet.handleHttpRequest(AppiumServlet.java:255)\n\tat io.appium.uiautomator2.http.ServerHandler.channelRead(ServerHandler.java:68)\n\tat io.netty.channel.AbstractChannelHandlerContext.invokeChannelRead(AbstractChannelHandlerContext.java:366)\n\tat io.netty.channel.AbstractChannelHandlerContext.invokeChannelRead(AbstractChannelHandlerContext.java:352)\n\tat io.netty.channel.AbstractChannelHandlerContext.fireChannelRead(AbstractChannelHandlerContext.java:345)\n\tat io.netty.handler.codec.MessageToMessageDecoder.channelRead(MessageToMessageDecoder.java:102)\n\tat io.netty.channel.AbstractChannelHandlerContext.invokeChannelRead(AbstractChannelHandlerContext.java:366)\n\tat io.netty.channel.AbstractChannelHandlerContext.invokeChannelRead(AbstractChannelHandlerContext.java:352)\n\tat io.netty.channel.AbstractChannelHandlerContext.fireChannelRead(AbstractChannelHandlerContext.java:345)\n\tat io.netty.channel.CombinedChannelDuplexHandler$DelegatingChannelHandlerContext.fireChannelRead(CombinedChannelDuplexHandler.java:435)\n\tat io.netty.handler.codec.ByteToMessageDecoder.fireChannelRead(ByteToMessageDecoder.java:293)\n\tat io.netty.handler.codec.ByteToMessageDecoder.channelRead(ByteToMessageDecoder.java:267)\n\tat io.netty.channel.CombinedChannelDuplexHandler.channelRead(CombinedChannelDuplexHandler.java:250)\n\tat io.netty.channel.AbstractChannelHandlerContext.invokeChannelRead(AbstractChannelHandlerContext.java:366)\n\tat io.netty.channel.AbstractChannelHandlerContext.invokeChannelRead(AbstractChannelHandlerContext.java:352)\n\tat io.netty.channel.AbstractChannelHandlerContext.fireChannelRead(AbstractChannelHandlerContext.java:345)\n\tat io.netty.handler.timeout.IdleStateHandler.channelRead(IdleStateHandler.java:266)\n\tat io.netty.channel.AbstractChannelHandlerContext.invokeChannelRead(AbstractChannelHandlerContext.java:366)\n\tat io.netty.channel.AbstractChannelHandlerContext.invokeChannelRead(AbstractChannelHandlerContext.java:352)\n\tat io.netty.channel.AbstractChannelHandlerContext.fireChannelRead(AbstractChannelHandlerContext.java:345)\n\tat io.netty.channel.DefaultChannelPipeline$HeadContext.channelRead(DefaultChannelPipeline.java:1294)\n\tat io.netty.channel.AbstractChannelHandlerContext.invokeChannelRead(AbstractChannelHandlerContext.java:366)\n\tat io.netty.channel.AbstractChannelHandlerContext.invokeChannelRead(AbstractChannelHandlerContext.java:352)\n\tat io.netty.channel.DefaultChannelPipeline.fireChannelRead(DefaultChannelPipeline.java:911)\n\tat io.netty.channel.nio.AbstractNioByteChannel$NioByteUnsafe.read(AbstractNioByteChannel.java:131)\n\tat io.netty.channel.nio.NioEventLoop.processSelectedKey(NioEventLoop.java:611)\n\tat io.netty.channel.nio.NioEventLoop.processSelectedKeysOptimized(NioEventLoop.java:552)\n\tat io.netty.channel.nio.NioEventLoop.processSelectedKeys(NioEventLoop.java:466)\n\tat io.netty.channel.nio.NioEventLoop.run(NioEventLoop.java:438)\n\tat io.netty.util.concurrent.SingleThreadEventExecutor$2.run(SingleThreadEventExecutor.java:140)\n\tat io.netty.util.concurrent.DefaultThreadFactory$DefaultRunnableDecorator.run(DefaultThreadFactory.java:144)\n\tat java.lang.Thread.run(Thread.java:919)\n"}}
04-01 21:48:06.288  6036  6536 D PowerCheckerService: onBatteryChanged, mBatteryLevel = 37, status = 2, level = 37, plug = 2, scale = 100
04-01 21:48:06.294  2862  2862 D DeviceStatisticsService: chargerType=2 batteryLevel=37 totalBatteryCapacity=4956700
04-01 21:48:06.308  2862  2862 D NetworkSpeedTracker: receive actionandroid.intent.action.BATTERY_CHANGED
04-01 21:48:06.308  2539  2539 D KeyguardUpdateMonitor: received broadcast android.intent.action.BATTERY_CHANGED
04-01 21:48:06.308  2862  2862 D NetworkSpeedTracker: onReceive ACTION_BATTERY_CHANGED mBatteryLevel = 37;mIsCharging =true
04-01 21:48:06.309  4115  4115 I BatteryInfoReceiver: ACTION_BATTERY_CHANGED
04-01 21:48:06.311  6036  6536 D PowerCheckerService: onBatteryChanged, mBatteryLevel = 37, status = 2, level = 37, plug = 2, scale = 100
04-01 21:48:06.318  2862  2862 D DeviceStatisticsService: chargerType=2 batteryLevel=37 totalBatteryCapacity=4956700
04-01 21:48:06.319  2539  2539 D KeyguardUpdateMonitor: received broadcast android.intent.action.BATTERY_CHANGED
04-01 21:48:06.320  2862  2862 D NetworkSpeedTracker: receive actionandroid.intent.action.BATTERY_CHANGED
04-01 21:48:06.320  2862  2862 D NetworkSpeedTracker: onReceive ACTION_BATTERY_CHANGED mBatteryLevel = 37;mIsCharging =true
04-01 21:48:06.321  4115  4115 I BatteryInfoReceiver: ACTION_BATTERY_CHANGED
04-01 21:48:06.322  6036  6536 D PowerCheckerService: onBatteryChanged, mBatteryLevel = 37, status = 2, level = 37, plug = 2, scale = 100
04-01 21:48:06.323  2862  2862 D DeviceStatisticsService: chargerType=2 batteryLevel=37 totalBatteryCapacity=4956700
04-01 21:48:06.367  2539  2539 D KeyguardUpdateMonitor: received broadcast android.intent.action.BATTERY_CHANGED
04-01 21:48:06.368  2862  2862 D NetworkSpeedTracker: receive actionandroid.intent.action.BATTERY_CHANGED
04-01 21:48:06.368  2862  2862 D NetworkSpeedTracker: onReceive ACTION_BATTERY_CHANGED mBatteryLevel = 37;mIsCharging =true
04-01 21:48:06.369  4115  4115 I BatteryInfoReceiver: ACTION_BATTERY_CHANGED
04-01 21:48:06.370  6036  6536 D PowerCheckerService: onBatteryChanged, mBatteryLevel = 37, status = 2, level = 37, plug = 2, scale = 100
04-01 21:48:06.375  2862  2862 D DeviceStatisticsService: chargerType=2 batteryLevel=37 totalBatteryCapacity=4956700
04-01 21:48:06.396  2539  2539 D KeyguardUpdateMonitor: received broadcast android.intent.action.BATTERY_CHANGED
04-01 21:48:06.397  2862  2862 D NetworkSpeedTracker: receive actionandroid.intent.action.BATTERY_CHANGED
04-01 21:48:06.397  2862  2862 D NetworkSpeedTracker: onReceive ACTION_BATTERY_CHANGED mBatteryLevel = 37;mIsCharging =true
04-01 21:48:06.401  4115  4115 I BatteryInfoReceiver: ACTION_BATTERY_CHANGED
04-01 21:48:06.404  6036  6536 D PowerCheckerService: onBatteryChanged, mBatteryLevel = 37, status = 2, level = 37, plug = 2, scale = 100
04-01 21:48:06.408  2862  2862 D DeviceStatisticsService: chargerType=2 batteryLevel=37 totalBatteryCapacity=4956700
04-01 21:48:06.410  2539  2539 D KeyguardUpdateMonitor: received broadcast android.intent.action.BATTERY_CHANGED
04-01 21:48:06.411  2862  2862 D NetworkSpeedTracker: receive actionandroid.intent.action.BATTERY_CHANGED
04-01 21:48:06.411  2862  2862 D NetworkSpeedTracker: onReceive ACTION_BATTERY_CHANGED mBatteryLevel = 37;mIsCharging =true
04-01 21:48:06.412  4115  4115 I BatteryInfoReceiver: ACTION_BATTERY_CHANGED
04-01 21:48:06.412  6036  6536 D PowerCheckerService: onBatteryChanged, mBatteryLevel = 37, status = 2, level = 37, plug = 2, scale = 100
04-01 21:48:06.416  2862  2862 D DeviceStatisticsService: chargerType=2 batteryLevel=37 totalBatteryCapacity=4956700
04-01 21:48:06.444  2862  2862 D NetworkSpeedTracker: receive actionandroid.intent.action.BATTERY_CHANGED
04-01 21:48:06.444  2862  2862 D NetworkSpeedTracker: onReceive ACTION_BATTERY_CHANGED mBatteryLevel = 37;mIsCharging =true
04-01 21:48:06.445  2539  2539 D KeyguardUpdateMonitor: received broadcast android.intent.action.BATTERY_CHANGED
04-01 21:48:06.446  4115  4115 I BatteryInfoReceiver: ACTION_BATTERY_CHANGED
04-01 21:48:06.446  6036  6536 D PowerCheckerService: onBatteryChanged, mBatteryLevel = 37, status = 2, level = 37, plug = 2, scale = 100
04-01 21:48:06.453  2862  2862 D DeviceStatisticsService: chargerType=2 batteryLevel=37 totalBatteryCapacity=4956700
04-01 21:48:06.456  2862  2862 D NetworkSpeedTracker: receive actionandroid.intent.action.BATTERY_CHANGED
04-01 21:48:06.456  2862  2862 D NetworkSpeedTracker: onReceive ACTION_BATTERY_CHANGED mBatteryLevel = 37;mIsCharging =true
04-01 21:48:06.457  2539  2539 D KeyguardUpdateMonitor: received broadcast android.intent.action.BATTERY_CHANGED
04-01 21:48:06.457  4115  4115 I BatteryInfoReceiver: ACTION_BATTERY_CHANGED
04-01 21:48:06.458  6036  6536 D PowerCheckerService: onBatteryChanged, mBatteryLevel = 37, status = 2, level = 37, plug = 2, scale = 100
04-01 21:48:06.462  2862  2862 D DeviceStatisticsService: chargerType=2 batteryLevel=37 totalBatteryCapacity=4956700
04-01 21:48:06.488  2862  2862 D NetworkSpeedTracker: receive actionandroid.intent.action.BATTERY_CHANGED
04-01 21:48:06.488  2862  2862 D NetworkSpeedTracker: onReceive ACTION_BATTERY_CHANGED mBatteryLevel = 37;mIsCharging =true
04-01 21:48:06.488  2539  2539 D KeyguardUpdateMonitor: received broadcast android.intent.action.BATTERY_CHANGED
04-01 21:48:06.489  4115  4115 I BatteryInfoReceiver: ACTION_BATTERY_CHANGED
04-01 21:48:06.491  6036  6536 D PowerCheckerService: onBatteryChanged, mBatteryLevel = 37, status = 2, level = 37, plug = 2, scale = 100
04-01 21:48:06.495  2862  2862 D DeviceStatisticsService: chargerType=2 batteryLevel=37 totalBatteryCapacity=4956700
04-01 21:48:06.500  2539  2539 D KeyguardUpdateMonitor: received broadcast android.intent.action.BATTERY_CHANGED
04-01 21:48:06.501  2862  2862 D NetworkSpeedTracker: receive actionandroid.intent.action.BATTERY_CHANGED
04-01 21:48:06.501  2862  2862 D NetworkSpeedTracker: onReceive ACTION_BATTERY_CHANGED mBatteryLevel = 37;mIsCharging =true
04-01 21:48:06.501  4115  4115 I BatteryInfoReceiver: ACTION_BATTERY_CHANGED
04-01 21:48:06.503  6036  6536 D PowerCheckerService: onBatteryChanged, mBatteryLevel = 37, status = 2, level = 37, plug = 2, scale = 100
04-01 21:48:06.505  2862  2862 D DeviceStatisticsService: chargerType=2 batteryLevel=37 totalBatteryCapacity=4956700
04-01 21:48:06.531  2539  2539 D KeyguardUpdateMonitor: received broadcast android.intent.action.BATTERY_CHANGED
04-01 21:48:06.532  2862  2862 D NetworkSpeedTracker: receive actionandroid.intent.action.BATTERY_CHANGED
04-01 21:48:06.532  2862  2862 D NetworkSpeedTracker: onReceive ACTION_BATTERY_CHANGED mBatteryLevel = 37;mIsCharging =true
04-01 21:48:06.534  4115  4115 I BatteryInfoReceiver: ACTION_BATTERY_CHANGED
04-01 21:48:06.534  6036  6536 D PowerCheckerService: onBatteryChanged, mBatteryLevel = 37, status = 2, level = 37, plug = 2, scale = 100
04-01 21:48:06.539  2862  2862 D DeviceStatisticsService: chargerType=2 batteryLevel=37 totalBatteryCapacity=4956700
04-01 21:48:06.544  2539  2539 D KeyguardUpdateMonitor: received broadcast android.intent.action.BATTERY_CHANGED
04-01 21:48:06.544  2862  2862 D NetworkSpeedTracker: receive actionandroid.intent.action.BATTERY_CHANGED
04-01 21:48:06.544  2862  2862 D NetworkSpeedTracker: onReceive ACTION_BATTERY_CHANGED mBatteryLevel = 37;mIsCharging =true
04-01 21:48:06.546  4115  4115 I BatteryInfoReceiver: ACTION_BATTERY_CHANGED
04-01 21:48:06.546  6036  6536 D PowerCheckerService: onBatteryChanged, mBatteryLevel = 37, status = 2, level = 37, plug = 2, scale = 100
04-01 21:48:06.550  2862  2862 D DeviceStatisticsService: chargerType=2 batteryLevel=37 totalBatteryCapacity=4956700
04-01 21:48:06.572   796   796 W health@2.0-serv: type=1400 audit(0.0:1037913): avc: denied { read } for name="type" dev="sysfs" ino=55635 scontext=u:r:hal_health_default:s0 tcontext=u:object_r:sysfs:s0 tclass=file permissive=0
04-01 21:48:06.576   796   796 W health@2.0-serv: type=1400 audit(0.0:1037914): avc: denied { read } for name="type" dev="sysfs" ino=55635 scontext=u:r:hal_health_default:s0 tcontext=u:object_r:sysfs:s0 tclass=file permissive=0
04-01 21:48:06.578  2539  2539 D KeyguardUpdateMonitor: received broadcast android.intent.action.BATTERY_CHANGED
04-01 21:48:06.579  2862  2862 D NetworkSpeedTracker: receive actionandroid.intent.action.BATTERY_CHANGED
04-01 21:48:06.579  2862  2862 D NetworkSpeedTracker: onReceive ACTION_BATTERY_CHANGED mBatteryLevel = 37;mIsCharging =true
04-01 21:48:06.581  4115  4115 I BatteryInfoReceiver: ACTION_BATTERY_CHANGED
04-01 21:48:06.582  6036  6536 D PowerCheckerService: onBatteryChanged, mBatteryLevel = 37, status = 2, level = 37, plug = 2, scale = 100
04-01 21:48:06.584  2862  2862 D DeviceStatisticsService: chargerType=2 batteryLevel=37 totalBatteryCapacity=4956700
04-01 21:48:06.590  2539  2539 D KeyguardUpdateMonitor: received broadcast android.intent.action.BATTERY_CHANGED
04-01 21:48:06.591  2862  2862 D NetworkSpeedTracker: receive actionandroid.intent.action.BATTERY_CHANGED
04-01 21:48:06.591  2862  2862 D NetworkSpeedTracker: onReceive ACTION_BATTERY_CHANGED mBatteryLevel = 37;mIsCharging =true
04-01 21:48:06.592  4115  4115 I BatteryInfoReceiver: ACTION_BATTERY_CHANGED
04-01 21:48:06.594  6036  6536 D PowerCheckerService: onBatteryChanged, mBatteryLevel = 37, status = 2, level = 37, plug = 2, scale = 100
04-01 21:48:06.596  2862  2862 D DeviceStatisticsService: chargerType=2 batteryLevel=37 totalBatteryCapacity=4956700
04-01 21:48:06.612   796   796 W health@2.0-serv: type=1400 audit(0.0:1037915): avc: denied { read } for name="type" dev="sysfs" ino=55635 scontext=u:r:hal_health_default:s0 tcontext=u:object_r:sysfs:s0 tclass=file permissive=0
04-01 21:48:06.618  2539  2539 D KeyguardUpdateMonitor: received broadcast android.intent.action.BATTERY_CHANGED
04-01 21:48:06.619  2862  2862 D NetworkSpeedTracker: receive actionandroid.intent.action.BATTERY_CHANGED
04-01 21:48:06.619  2862  2862 D NetworkSpeedTracker: onReceive ACTION_BATTERY_CHANGED mBatteryLevel = 37;mIsCharging =true
04-01 21:48:06.620   796   796 W health@2.0-serv: type=1400 audit(0.0:1037916): avc: denied { read } for name="type" dev="sysfs" ino=55635 scontext=u:r:hal_health_default:s0 tcontext=u:object_r:sysfs:s0 tclass=file permissive=0
04-01 21:48:06.621  4115  4115 I BatteryInfoReceiver: ACTION_BATTERY_CHANGED
04-01 21:48:06.622  6036  6536 D PowerCheckerService: onBatteryChanged, mBatteryLevel = 37, status = 2, level = 37, plug = 2, scale = 100
04-01 21:48:06.624  2862  2862 D DeviceStatisticsService: chargerType=2 batteryLevel=37 totalBatteryCapacity=4956700
04-01 21:48:06.634  2539  2539 D KeyguardUpdateMonitor: received broadcast android.intent.action.BATTERY_CHANGED
04-01 21:48:06.635  2862  2862 D NetworkSpeedTracker: receive actionandroid.intent.action.BATTERY_CHANGED
04-01 21:48:06.635  2862  2862 D NetworkSpeedTracker: onReceive ACTION_BATTERY_CHANGED mBatteryLevel = 37;mIsCharging =true
04-01 21:48:06.636  4115  4115 I BatteryInfoReceiver: ACTION_BATTERY_CHANGED
04-01 21:48:06.637  6036  6536 D PowerCheckerService: onBatteryChanged, mBatteryLevel = 37, status = 2, level = 37, plug = 2, scale = 100
04-01 21:48:06.638  2862  2862 D DeviceStatisticsService: chargerType=2 batteryLevel=37 totalBatteryCapacity=4956700
04-01 21:48:06.660   796   796 W health@2.0-serv: type=1400 audit(0.0:1037917): avc: denied { read } for name="type" dev="sysfs" ino=55635 scontext=u:r:hal_health_default:s0 tcontext=u:object_r:sysfs:s0 tclass=file permissive=0
04-01 21:48:06.669  2539  2539 D KeyguardUpdateMonitor: received broadcast android.intent.action.BATTERY_CHANGED
04-01 21:48:06.670  2862  2862 D NetworkSpeedTracker: receive actionandroid.intent.action.BATTERY_CHANGED
04-01 21:48:06.671  2862  2862 D NetworkSpeedTracker: onReceive ACTION_BATTERY_CHANGED mBatteryLevel = 37;mIsCharging =true
04-01 21:48:06.674  4115  4115 I BatteryInfoReceiver: ACTION_BATTERY_CHANGED
04-01 21:48:06.676  6036  6536 D PowerCheckerService: onBatteryChanged, mBatteryLevel = 37, status = 2, level = 37, plug = 2, scale = 100
04-01 21:48:06.679  2862  2862 D DeviceStatisticsService: chargerType=2 batteryLevel=37 totalBatteryCapacity=4956700
04-01 21:48:06.685  2539  2539 D KeyguardUpdateMonitor: received broadcast android.intent.action.BATTERY_CHANGED
04-01 21:48:06.685  2862  2862 D NetworkSpeedTracker: receive actionandroid.intent.action.BATTERY_CHANGED
04-01 21:48:06.686  2862  2862 D NetworkSpeedTracker: onReceive ACTION_BATTERY_CHANGED mBatteryLevel = 37;mIsCharging =true
04-01 21:48:06.687  4115  4115 I BatteryInfoReceiver: ACTION_BATTERY_CHANGED
04-01 21:48:06.688  6036  6536 D PowerCheckerService: onBatteryChanged, mBatteryLevel = 37, status = 2, level = 37, plug = 2, scale = 100
04-01 21:48:06.691  2862  2862 D DeviceStatisticsService: chargerType=2 batteryLevel=37 totalBatteryCapacity=4956700
04-01 21:48:06.707  2539  2539 D KeyguardUpdateMonitor: received broadcast android.intent.action.BATTERY_CHANGED
04-01 21:48:06.708  2862  2862 D NetworkSpeedTracker: receive actionandroid.intent.action.BATTERY_CHANGED
04-01 21:48:06.708  2862  2862 D NetworkSpeedTracker: onReceive ACTION_BATTERY_CHANGED mBatteryLevel = 37;mIsCharging =true
04-01 21:48:06.709  4115  4115 I BatteryInfoReceiver: ACTION_BATTERY_CHANGED
04-01 21:48:06.710  6036  6536 D PowerCheckerService: onBatteryChanged, mBatteryLevel = 37, status = 2, level = 37, plug = 2, scale = 100
04-01 21:48:06.717  2862  2862 D DeviceStatisticsService: chargerType=2 batteryLevel=37 totalBatteryCapacity=4956700
04-01 21:48:06.719  2539  2539 D KeyguardUpdateMonitor: received broadcast android.intent.action.BATTERY_CHANGED
04-01 21:48:06.720  2862  2862 D NetworkSpeedTracker: receive actionandroid.intent.action.BATTERY_CHANGED
04-01 21:48:06.720  2862  2862 D NetworkSpeedTracker: onReceive ACTION_BATTERY_CHANGED mBatteryLevel = 37;mIsCharging =true
04-01 21:48:06.720  4115  4115 I BatteryInfoReceiver: ACTION_BATTERY_CHANGED
04-01 21:48:06.722  6036  6536 D PowerCheckerService: onBatteryChanged, mBatteryLevel = 37, status = 2, level = 37, plug = 2, scale = 100
04-01 21:48:06.723  2862  2862 D DeviceStatisticsService: chargerType=2 batteryLevel=37 totalBatteryCapacity=4956700
04-01 21:48:06.767  2539  2539 D KeyguardUpdateMonitor: received broadcast android.intent.action.BATTERY_CHANGED
04-01 21:48:06.767  2862  2862 D NetworkSpeedTracker: receive actionandroid.intent.action.BATTERY_CHANGED
04-01 21:48:06.768  2862  2862 D NetworkSpeedTracker: onReceive ACTION_BATTERY_CHANGED mBatteryLevel = 37;mIsCharging =true
04-01 21:48:06.769  4115  4115 I BatteryInfoReceiver: ACTION_BATTERY_CHANGED
04-01 21:48:06.771  6036  6536 D PowerCheckerService: onBatteryChanged, mBatteryLevel = 37, status = 2, level = 37, plug = 2, scale = 100
04-01 21:48:06.773  2862  2862 D DeviceStatisticsService: chargerType=2 batteryLevel=37 totalBatteryCapacity=4956700
04-01 21:48:06.780  2539  2539 D KeyguardUpdateMonitor: received broadcast android.intent.action.BATTERY_CHANGED
04-01 21:48:06.781  2862  2862 D NetworkSpeedTracker: receive actionandroid.intent.action.BATTERY_CHANGED
04-01 21:48:06.781  2862  2862 D NetworkSpeedTracker: onReceive ACTION_BATTERY_CHANGED mBatteryLevel = 37;mIsCharging =true
04-01 21:48:06.782  4115  4115 I BatteryInfoReceiver: ACTION_BATTERY_CHANGED
04-01 21:48:06.783  6036  6536 D PowerCheckerService: onBatteryChanged, mBatteryLevel = 37, status = 2, level = 37, plug = 2, scale = 100
04-01 21:48:06.785  2862  2862 D DeviceStatisticsService: chargerType=2 batteryLevel=37 totalBatteryCapacity=4956700
04-01 21:48:06.799  7646  7679 I appium  : channel read: POST /wd/hub/session/990abf69-c84d-42c6-ab46-ab211f360779/element
04-01 21:48:06.800  7646  7679 I appium  : FindElement command
04-01 21:48:06.800  2539  2539 D KeyguardUpdateMonitor: received broadcast android.intent.action.BATTERY_CHANGED
04-01 21:48:06.801  2862  2862 D NetworkSpeedTracker: receive actionandroid.intent.action.BATTERY_CHANGED
04-01 21:48:06.801  2862  2862 D NetworkSpeedTracker: onReceive ACTION_BATTERY_CHANGED mBatteryLevel = 37;mIsCharging =true
04-01 21:48:06.802  7646  7679 I appium  : method: 'xpath', selector: '//android.widget.FrameLayout[1]/android.widget.FrameLayout[1]/android.widget.FrameLayout[1]/android.widget.LinearLayout[1]', contextId: ''
04-01 21:48:06.802  7646  7679 I appium  : Waiting up to 10000ms for the device to idle
04-01 21:48:06.803  4115  4115 I BatteryInfoReceiver: ACTION_BATTERY_CHANGED
04-01 21:48:06.804  7646  7679 I appium  : The following attributes will be included to the page source: []
04-01 21:48:06.805  6036  6536 D PowerCheckerService: onBatteryChanged, mBatteryLevel = 37, status = 2, level = 37, plug = 2, scale = 100
04-01 21:48:06.808  2862  2862 D DeviceStatisticsService: chargerType=2 batteryLevel=37 totalBatteryCapacity=4956700
04-01 21:48:06.815  2539  2539 D KeyguardUpdateMonitor: received broadcast android.intent.action.BATTERY_CHANGED
04-01 21:48:06.816  2862  2862 D NetworkSpeedTracker: receive actionandroid.intent.action.BATTERY_CHANGED
04-01 21:48:06.816  2862  2862 D NetworkSpeedTracker: onReceive ACTION_BATTERY_CHANGED mBatteryLevel = 37;mIsCharging =true
04-01 21:48:06.817  4115  4115 I BatteryInfoReceiver: ACTION_BATTERY_CHANGED
04-01 21:48:06.817  6036  6536 D PowerCheckerService: onBatteryChanged, mBatteryLevel = 37, status = 2, level = 37, plug = 2, scale = 100
04-01 21:48:06.820  2862  2862 D DeviceStatisticsService: chargerType=2 batteryLevel=37 totalBatteryCapacity=4956700
04-01 21:48:06.840  2539  2539 D KeyguardUpdateMonitor: received broadcast android.intent.action.BATTERY_CHANGED
04-01 21:48:06.840  2862  2862 D NetworkSpeedTracker: receive actionandroid.intent.action.BATTERY_CHANGED
04-01 21:48:06.841  2862  2862 D NetworkSpeedTracker: onReceive ACTION_BATTERY_CHANGED mBatteryLevel = 37;mIsCharging =true
04-01 21:48:06.843  4115  4115 I BatteryInfoReceiver: ACTION_BATTERY_CHANGED
04-01 21:48:06.844  6036  6536 D PowerCheckerService: onBatteryChanged, mBatteryLevel = 37, status = 2, level = 37, plug = 2, scale = 100
04-01 21:48:06.849  2862  2862 D DeviceStatisticsService: chargerType=2 batteryLevel=37 totalBatteryCapacity=4956700
04-01 21:48:06.854  2539  2539 D KeyguardUpdateMonitor: received broadcast android.intent.action.BATTERY_CHANGED
04-01 21:48:06.855  2862  2862 D NetworkSpeedTracker: receive actionandroid.intent.action.BATTERY_CHANGED
04-01 21:48:06.855  2862  2862 D NetworkSpeedTracker: onReceive ACTION_BATTERY_CHANGED mBatteryLevel = 37;mIsCharging =true
04-01 21:48:06.856  4115  4115 I BatteryInfoReceiver: ACTION_BATTERY_CHANGED
04-01 21:48:06.857  6036  6536 D PowerCheckerService: onBatteryChanged, mBatteryLevel = 37, status = 2, level = 37, plug = 2, scale = 100
04-01 21:48:06.861  2862  2862 D DeviceStatisticsService: chargerType=2 batteryLevel=37 totalBatteryCapacity=4956700
04-01 21:48:06.884  2539  2539 D KeyguardUpdateMonitor: received broadcast android.intent.action.BATTERY_CHANGED
04-01 21:48:06.885  2862  2862 D NetworkSpeedTracker: receive actionandroid.intent.action.BATTERY_CHANGED
04-01 21:48:06.885  2862  2862 D NetworkSpeedTracker: onReceive ACTION_BATTERY_CHANGED mBatteryLevel = 37;mIsCharging =true
04-01 21:48:06.886  6036  6536 D PowerCheckerService: onBatteryChanged, mBatteryLevel = 37, status = 2, level = 37, plug = 2, scale = 100
04-01 21:48:06.887  4115  4115 I BatteryInfoReceiver: ACTION_BATTERY_CHANGED
04-01 21:48:06.894  2862  2862 D DeviceStatisticsService: chargerType=2 batteryLevel=37 totalBatteryCapacity=4956700
04-01 21:48:06.895  2539  2539 D KeyguardUpdateMonitor: received broadcast android.intent.action.BATTERY_CHANGED
04-01 21:48:06.896  2862  2862 D NetworkSpeedTracker: receive actionandroid.intent.action.BATTERY_CHANGED
04-01 21:48:06.896  2862  2862 D NetworkSpeedTracker: onReceive ACTION_BATTERY_CHANGED mBatteryLevel = 37;mIsCharging =true
04-01 21:48:06.897  4115  4115 I BatteryInfoReceiver: ACTION_BATTERY_CHANGED
04-01 21:48:06.898  6036  6536 D PowerCheckerService: onBatteryChanged, mBatteryLevel = 37, status = 2, level = 37, plug = 2, scale = 100
04-01 21:48:06.901  2862  2862 D DeviceStatisticsService: chargerType=2 batteryLevel=37 totalBatteryCapacity=4956700
04-01 21:48:06.908  7646  7679 I appium  : Took 4ms to retrieve 0 matches for '//android.widget.FrameLayout[1]/android.widget.FrameLayout[1]/android.widget.FrameLayout[1]/android.widget.LinearLayout[1]' XPath query
04-01 21:48:06.911  7646  7679 I appium  : AppiumResponse: {"sessionId":"990abf69-c84d-42c6-ab46-ab211f360779","value":{"error":"no such element","message":"An element could not be located on the page using the given search parameters","stacktrace":"io.appium.uiautomator2.common.exceptions.ElementNotFoundException: An element could not be located on the page using the given search parameters\n\tat io.appium.uiautomator2.handler.FindElement.findElement(FindElement.java:91)\n\tat io.appium.uiautomator2.handler.FindElement.safeHandle(FindElement.java:68)\n\tat io.appium.uiautomator2.handler.request.SafeRequestHandler.handle(SafeRequestHandler.java:41)\n\tat io.appium.uiautomator2.server.AppiumServlet.handleRequest(AppiumServlet.java:261)\n\tat io.appium.uiautomator2.server.AppiumServlet.handleHttpRequest(AppiumServlet.java:255)\n\tat io.appium.uiautomator2.http.ServerHandler.channelRead(ServerHandler.java:68)\n\tat io.netty.channel.AbstractChannelHandlerContext.invokeChannelRead(AbstractChannelHandlerContext.java:366)\n\tat io.netty.channel.AbstractChannelHandlerContext.invokeChannelRead(AbstractChannelHandlerContext.java:352)\n\tat io.netty.channel.AbstractChannelHandlerContext.fireChannelRead(AbstractChannelHandlerContext.java:345)\n\tat io.netty.handler.codec.MessageToMessageDecoder.channelRead(MessageToMessageDecoder.java:102)\n\tat io.netty.channel.AbstractChannelHandlerContext.invokeChannelRead(AbstractChannelHandlerContext.java:366)\n\tat io.netty.channel.AbstractChannelHandlerContext.invokeChannelRead(AbstractChannelHandlerContext.java:352)\n\tat io.netty.channel.AbstractChannelHandlerContext.fireChannelRead(AbstractChannelHandlerContext.java:345)\n\tat io.netty.channel.CombinedChannelDuplexHandler$DelegatingChannelHandlerContext.fireChannelRead(CombinedChannelDuplexHandler.java:435)\n\tat io.netty.handler.codec.ByteToMessageDecoder.fireChannelRead(ByteToMessageDecoder.java:293)\n\tat io.netty.handler.codec.ByteToMessageDecoder.channelRead(ByteToMessageDecoder.java:267)\n\tat io.netty.channel.CombinedChannelDuplexHandler.channelRead(CombinedChannelDuplexHandler.java:250)\n\tat io.netty.channel.AbstractChannelHandlerContext.invokeChannelRead(AbstractChannelHandlerContext.java:366)\n\tat io.netty.channel.AbstractChannelHandlerContext.invokeChannelRead(AbstractChannelHandlerContext.java:352)\n\tat io.netty.channel.AbstractChannelHandlerContext.fireChannelRead(AbstractChannelHandlerContext.java:345)\n\tat io.netty.handler.timeout.IdleStateHandler.channelRead(IdleStateHandler.java:266)\n\tat io.netty.channel.AbstractChannelHandlerContext.invokeChannelRead(AbstractChannelHandlerContext.java:366)\n\tat io.netty.channel.AbstractChannelHandlerContext.invokeChannelRead(AbstractChannelHandlerContext.java:352)\n\tat io.netty.channel.AbstractChannelHandlerContext.fireChannelRead(AbstractChannelHandlerContext.java:345)\n\tat io.netty.channel.DefaultChannelPipeline$HeadContext.channelRead(DefaultChannelPipeline.java:1294)\n\tat io.netty.channel.AbstractChannelHandlerContext.invokeChannelRead(AbstractChannelHandlerContext.java:366)\n\tat io.netty.channel.AbstractChannelHandlerContext.invokeChannelRead(AbstractChannelHandlerContext.java:352)\n\tat io.netty.channel.DefaultChannelPipeline.fireChannelRead(DefaultChannelPipeline.java:911)\n\tat io.netty.channel.nio.AbstractNioByteChannel$NioByteUnsafe.read(AbstractNioByteChannel.java:131)\n\tat io.netty.channel.nio.NioEventLoop.processSelectedKey(NioEventLoop.java:611)\n\tat io.netty.channel.nio.NioEventLoop.processSelectedKeysOptimized(NioEventLoop.java:552)\n\tat io.netty.channel.nio.NioEventLoop.processSelectedKeys(NioEventLoop.java:466)\n\tat io.netty.channel.nio.NioEventLoop.run(NioEventLoop.java:438)\n\tat io.netty.util.concurrent.SingleThreadEventExecutor$2.run(SingleThreadEventExecutor.java:140)\n\tat io.netty.util.concurrent.DefaultThreadFactory$DefaultRunnableDecorator.run(DefaultThreadFactory.java:144)\n\tat java.lang.Thread.run(Thread.java:919)\n"}}
04-01 21:48:06.927  2539  2539 D KeyguardUpdateMonitor: received broadcast android.intent.action.BATTERY_CHANGED
04-01 21:48:06.927  2862  2862 D NetworkSpeedTracker: receive actionandroid.intent.action.BATTERY_CHANGED
04-01 21:48:06.927  2862  2862 D NetworkSpeedTracker: onReceive ACTION_BATTERY_CHANGED mBatteryLevel = 37;mIsCharging =true
04-01 21:48:06.928  4115  4115 I BatteryInfoReceiver: ACTION_BATTERY_CHANGED
04-01 21:48:06.929  6036  6536 D PowerCheckerService: onBatteryChanged, mBatteryLevel = 37, status = 2, level = 37, plug = 2, scale = 100
04-01 21:48:06.935  2862  2862 D DeviceStatisticsService: chargerType=2 batteryLevel=37 totalBatteryCapacity=4956700
04-01 21:48:06.936  2539  2539 D KeyguardUpdateMonitor: received broadcast android.intent.action.BATTERY_CHANGED
04-01 21:48:06.937  2862  2862 D NetworkSpeedTracker: receive actionandroid.intent.action.BATTERY_CHANGED
04-01 21:48:06.937  2862  2862 D NetworkSpeedTracker: onReceive ACTION_BATTERY_CHANGED mBatteryLevel = 37;mIsCharging =true
04-01 21:48:06.938  4115  4115 I BatteryInfoReceiver: ACTION_BATTERY_CHANGED
04-01 21:48:06.938  6036  6536 D PowerCheckerService: onBatteryChanged, mBatteryLevel = 37, status = 2, level = 37, plug = 2, scale = 100
04-01 21:48:06.941  2862  2862 D DeviceStatisticsService: chargerType=2 batteryLevel=37 totalBatteryCapacity=4956700
04-01 21:48:06.974  2539  2539 D KeyguardUpdateMonitor: received broadcast android.intent.action.BATTERY_CHANGED
04-01 21:48:06.975  2862  2862 D NetworkSpeedTracker: receive actionandroid.intent.action.BATTERY_CHANGED
04-01 21:48:06.975  2862  2862 D NetworkSpeedTracker: onReceive ACTION_BATTERY_CHANGED mBatteryLevel = 37;mIsCharging =true
04-01 21:48:06.978  4115  4115 I BatteryInfoReceiver: ACTION_BATTERY_CHANGED
04-01 21:48:06.980  6036  6536 D PowerCheckerService: onBatteryChanged, mBatteryLevel = 37, status = 2, level = 37, plug = 2, scale = 100
04-01 21:48:06.991  2862  2862 D DeviceStatisticsService: chargerType=2 batteryLevel=37 totalBatteryCapacity=4956700
04-01 21:48:06.995  2539  2539 D KeyguardUpdateMonitor: received broadcast android.intent.action.BATTERY_CHANGED
04-01 21:48:06.995  2862  2862 D NetworkSpeedTracker: receive actionandroid.intent.action.BATTERY_CHANGED
04-01 21:48:06.996  2862  2862 D NetworkSpeedTracker: onReceive ACTION_BATTERY_CHANGED mBatteryLevel = 37;mIsCharging =true
04-01 21:48:06.997  4115  4115 I BatteryInfoReceiver: ACTION_BATTERY_CHANGED
04-01 21:48:06.999  6036  6536 D PowerCheckerService: onBatteryChanged, mBatteryLevel = 37, status = 2, level = 37, plug = 2, scale = 100
04-01 21:48:07.003  2862  2862 D DeviceStatisticsService: chargerType=2 batteryLevel=37 totalBatteryCapacity=4956700
04-01 21:48:07.017  2539  2539 D KeyguardUpdateMonitor: received broadcast android.intent.action.BATTERY_CHANGED
04-01 21:48:07.018  2862  2862 D NetworkSpeedTracker: receive actionandroid.intent.action.BATTERY_CHANGED
04-01 21:48:07.018  2862  2862 D NetworkSpeedTracker: onReceive ACTION_BATTERY_CHANGED mBatteryLevel = 37;mIsCharging =true
04-01 21:48:07.019  4115  4115 I BatteryInfoReceiver: ACTION_BATTERY_CHANGED
04-01 21:48:07.020  6036  6536 D PowerCheckerService: onBatteryChanged, mBatteryLevel = 37, status = 2, level = 37, plug = 2, scale = 100
04-01 21:48:07.022  2862  2862 D DeviceStatisticsService: chargerType=2 batteryLevel=37 totalBatteryCapacity=4956700
04-01 21:48:07.034  2539  2539 D KeyguardUpdateMonitor: received broadcast android.intent.action.BATTERY_CHANGED
04-01 21:48:07.034  2862  2862 D NetworkSpeedTracker: receive actionandroid.intent.action.BATTERY_CHANGED
04-01 21:48:07.035  2862  2862 D NetworkSpeedTracker: onReceive ACTION_BATTERY_CHANGED mBatteryLevel = 37;mIsCharging =true
04-01 21:48:07.035  4115  4115 I BatteryInfoReceiver: ACTION_BATTERY_CHANGED
04-01 21:48:07.036  6036  6536 D PowerCheckerService: onBatteryChanged, mBatteryLevel = 37, status = 2, level = 37, plug = 2, scale = 100
04-01 21:48:07.039  2862  2862 D DeviceStatisticsService: chargerType=2 batteryLevel=37 totalBatteryCapacity=4956700
04-01 21:48:07.067  2539  2539 D KeyguardUpdateMonitor: received broadcast android.intent.action.BATTERY_CHANGED
04-01 21:48:07.068  2862  2862 D NetworkSpeedTracker: receive actionandroid.intent.action.BATTERY_CHANGED
04-01 21:48:07.068  2862  2862 D NetworkSpeedTracker: onReceive ACTION_BATTERY_CHANGED mBatteryLevel = 37;mIsCharging =true
04-01 21:48:07.070  4115  4115 I BatteryInfoReceiver: ACTION_BATTERY_CHANGED
04-01 21:48:07.071  6036  6536 D PowerCheckerService: onBatteryChanged, mBatteryLevel = 37, status = 2, level = 37, plug = 2, scale = 100
04-01 21:48:07.079  2539  2539 D KeyguardUpdateMonitor: received broadcast android.intent.action.BATTERY_CHANGED
04-01 21:48:07.079  4115  4115 I BatteryInfoReceiver: ACTION_BATTERY_CHANGED
04-01 21:48:07.080  2862  2862 D DeviceStatisticsService: chargerType=2 batteryLevel=37 totalBatteryCapacity=4956700
04-01 21:48:07.080  2862  2862 D NetworkSpeedTracker: receive actionandroid.intent.action.BATTERY_CHANGED
04-01 21:48:07.081  2862  2862 D NetworkSpeedTracker: onReceive ACTION_BATTERY_CHANGED mBatteryLevel = 37;mIsCharging =true
04-01 21:48:07.082  6036  6536 D PowerCheckerService: onBatteryChanged, mBatteryLevel = 37, status = 2, level = 37, plug = 2, scale = 100
04-01 21:48:07.084  2862  2862 D DeviceStatisticsService: chargerType=2 batteryLevel=37 totalBatteryCapacity=4956700
04-01 21:48:07.104  2539  2539 D KeyguardUpdateMonitor: received broadcast android.intent.action.BATTERY_CHANGED
04-01 21:48:07.105  2862  2862 D NetworkSpeedTracker: receive actionandroid.intent.action.BATTERY_CHANGED
04-01 21:48:07.105  2862  2862 D NetworkSpeedTracker: onReceive ACTION_BATTERY_CHANGED mBatteryLevel = 37;mIsCharging =true
04-01 21:48:07.106  4115  4115 I BatteryInfoReceiver: ACTION_BATTERY_CHANGED
04-01 21:48:07.106  6036  6536 D PowerCheckerService: onBatteryChanged, mBatteryLevel = 37, status = 2, level = 37, plug = 2, scale = 100
04-01 21:48:07.113  2862  2862 D DeviceStatisticsService: chargerType=2 batteryLevel=37 totalBatteryCapacity=4956700
04-01 21:48:07.115  2539  2539 D KeyguardUpdateMonitor: received broadcast android.intent.action.BATTERY_CHANGED
04-01 21:48:07.116  2862  2862 D NetworkSpeedTracker: receive actionandroid.intent.action.BATTERY_CHANGED
04-01 21:48:07.116  2862  2862 D NetworkSpeedTracker: onReceive ACTION_BATTERY_CHANGED mBatteryLevel = 37;mIsCharging =true
04-01 21:48:07.117  4115  4115 I BatteryInfoReceiver: ACTION_BATTERY_CHANGED
04-01 21:48:07.118  6036  6536 D PowerCheckerService: onBatteryChanged, mBatteryLevel = 37, status = 2, level = 37, plug = 2, scale = 100
04-01 21:48:07.120  2862  2862 D DeviceStatisticsService: chargerType=2 batteryLevel=37 totalBatteryCapacity=4956700
04-01 21:48:07.153  2539  2539 D KeyguardUpdateMonitor: received broadcast android.intent.action.BATTERY_CHANGED
04-01 21:48:07.154  2862  2862 D NetworkSpeedTracker: receive actionandroid.intent.action.BATTERY_CHANGED
04-01 21:48:07.154  2862  2862 D NetworkSpeedTracker: onReceive ACTION_BATTERY_CHANGED mBatteryLevel = 37;mIsCharging =true
04-01 21:48:07.155  4115  4115 I BatteryInfoReceiver: ACTION_BATTERY_CHANGED
04-01 21:48:07.156  6036  6536 D PowerCheckerService: onBatteryChanged, mBatteryLevel = 37, status = 2, level = 37, plug = 2, scale = 100
04-01 21:48:07.169  2862  2862 D DeviceStatisticsService: chargerType=2 batteryLevel=37 totalBatteryCapacity=4956700
04-01 21:48:07.172  2539  2539 D KeyguardUpdateMonitor: received broadcast android.intent.action.BATTERY_CHANGED
04-01 21:48:07.174  2862  2862 D NetworkSpeedTracker: receive actionandroid.intent.action.BATTERY_CHANGED
04-01 21:48:07.174  2862  2862 D NetworkSpeedTracker: onReceive ACTION_BATTERY_CHANGED mBatteryLevel = 37;mIsCharging =true
04-01 21:48:07.175  4115  4115 I BatteryInfoReceiver: ACTION_BATTERY_CHANGED
04-01 21:48:07.176  6036  6536 D PowerCheckerService: onBatteryChanged, mBatteryLevel = 37, status = 2, level = 37, plug = 2, scale = 100
04-01 21:48:07.182  2862  2862 D DeviceStatisticsService: chargerType=2 batteryLevel=37 totalBatteryCapacity=4956700
04-01 21:48:07.197  2539  2539 D KeyguardUpdateMonitor: received broadcast android.intent.action.BATTERY_CHANGED
04-01 21:48:07.198  2862  2862 D NetworkSpeedTracker: receive actionandroid.intent.action.BATTERY_CHANGED
04-01 21:48:07.198  2862  2862 D NetworkSpeedTracker: onReceive ACTION_BATTERY_CHANGED mBatteryLevel = 37;mIsCharging =true
04-01 21:48:07.199  4115  4115 I BatteryInfoReceiver: ACTION_BATTERY_CHANGED
04-01 21:48:07.201  6036  6536 D PowerCheckerService: onBatteryChanged, mBatteryLevel = 37, status = 2, level = 37, plug = 2, scale = 100
04-01 21:48:07.204  2862  2862 D DeviceStatisticsService: chargerType=2 batteryLevel=37 totalBatteryCapacity=4956700
04-01 21:48:07.210  2539  2539 D KeyguardUpdateMonitor: received broadcast android.intent.action.BATTERY_CHANGED
04-01 21:48:07.211  2862  2862 D NetworkSpeedTracker: receive actionandroid.intent.action.BATTERY_CHANGED
04-01 21:48:07.211  2862  2862 D NetworkSpeedTracker: onReceive ACTION_BATTERY_CHANGED mBatteryLevel = 37;mIsCharging =true
04-01 21:48:07.212  4115  4115 I BatteryInfoReceiver: ACTION_BATTERY_CHANGED
04-01 21:48:07.213  6036  6536 D PowerCheckerService: onBatteryChanged, mBatteryLevel = 37, status = 2, level = 37, plug = 2, scale = 100
04-01 21:48:07.215  2862  2862 D DeviceStatisticsService: chargerType=2 batteryLevel=37 totalBatteryCapacity=4956700
04-01 21:48:07.240  2862  2862 D NetworkSpeedTracker: receive actionandroid.intent.action.BATTERY_CHANGED
04-01 21:48:07.240  2862  2862 D NetworkSpeedTracker: onReceive ACTION_BATTERY_CHANGED mBatteryLevel = 37;mIsCharging =true
04-01 21:48:07.240  2539  2539 D KeyguardUpdateMonitor: received broadcast android.intent.action.BATTERY_CHANGED
04-01 21:48:07.243  4115  4115 I BatteryInfoReceiver: ACTION_BATTERY_CHANGED
04-01 21:48:07.245  6036  6536 D PowerCheckerService: onBatteryChanged, mBatteryLevel = 37, status = 2, level = 37, plug = 2, scale = 100
04-01 21:48:07.252  2862  2862 D DeviceStatisticsService: chargerType=2 batteryLevel=37 totalBatteryCapacity=4956700
04-01 21:48:07.260  2539  2539 D KeyguardUpdateMonitor: received broadcast android.intent.action.BATTERY_CHANGED
04-01 21:48:07.261  2862  2862 D NetworkSpeedTracker: receive actionandroid.intent.action.BATTERY_CHANGED
04-01 21:48:07.261  2862  2862 D NetworkSpeedTracker: onReceive ACTION_BATTERY_CHANGED mBatteryLevel = 37;mIsCharging =true
04-01 21:48:07.263  4115  4115 I BatteryInfoReceiver: ACTION_BATTERY_CHANGED
04-01 21:48:07.264  6036  6536 D PowerCheckerService: onBatteryChanged, mBatteryLevel = 37, status = 2, level = 37, plug = 2, scale = 100
04-01 21:48:07.271  2862  2862 D DeviceStatisticsService: chargerType=2 batteryLevel=37 totalBatteryCapacity=4956700
04-01 21:48:07.282  2539  2539 D KeyguardUpdateMonitor: received broadcast android.intent.action.BATTERY_CHANGED
04-01 21:48:07.283  2862  2862 D NetworkSpeedTracker: receive actionandroid.intent.action.BATTERY_CHANGED
04-01 21:48:07.284  2862  2862 D NetworkSpeedTracker: onReceive ACTION_BATTERY_CHANGED mBatteryLevel = 37;mIsCharging =true
04-01 21:48:07.284  4115  4115 I BatteryInfoReceiver: ACTION_BATTERY_CHANGED
04-01 21:48:07.285  6036  6536 D PowerCheckerService: onBatteryChanged, mBatteryLevel = 37, status = 2, level = 37, plug = 2, scale = 100
04-01 21:48:07.292  2862  2862 D DeviceStatisticsService: chargerType=2 batteryLevel=37 totalBatteryCapacity=4956700
04-01 21:48:07.294  2539  2539 D KeyguardUpdateMonitor: received broadcast android.intent.action.BATTERY_CHANGED
04-01 21:48:07.295  2862  2862 D NetworkSpeedTracker: receive actionandroid.intent.action.BATTERY_CHANGED
04-01 21:48:07.295  2862  2862 D NetworkSpeedTracker: onReceive ACTION_BATTERY_CHANGED mBatteryLevel = 37;mIsCharging =true
04-01 21:48:07.296  4115  4115 I BatteryInfoReceiver: ACTION_BATTERY_CHANGED
04-01 21:48:07.296  6036  6536 D PowerCheckerService: onBatteryChanged, mBatteryLevel = 37, status = 2, level = 37, plug = 2, scale = 100
04-01 21:48:07.301  2862  2862 D DeviceStatisticsService: chargerType=2 batteryLevel=37 totalBatteryCapacity=4956700
04-01 21:48:07.333  2539  2539 D KeyguardUpdateMonitor: received broadcast android.intent.action.BATTERY_CHANGED
04-01 21:48:07.334  2862  2862 D NetworkSpeedTracker: receive actionandroid.intent.action.BATTERY_CHANGED
04-01 21:48:07.334  2862  2862 D NetworkSpeedTracker: onReceive ACTION_BATTERY_CHANGED mBatteryLevel = 37;mIsCharging =true
04-01 21:48:07.337  4115  4115 I BatteryInfoReceiver: ACTION_BATTERY_CHANGED
04-01 21:48:07.337  6036  6536 D PowerCheckerService: onBatteryChanged, mBatteryLevel = 37, status = 2, level = 37, plug = 2, scale = 100
04-01 21:48:07.344  2862  2862 D DeviceStatisticsService: chargerType=2 batteryLevel=37 totalBatteryCapacity=4956700
04-01 21:48:07.347  2539  2539 D KeyguardUpdateMonitor: received broadcast android.intent.action.BATTERY_CHANGED
04-01 21:48:07.348  2862  2862 D NetworkSpeedTracker: receive actionandroid.intent.action.BATTERY_CHANGED
04-01 21:48:07.348  2862  2862 D NetworkSpeedTracker: onReceive ACTION_BATTERY_CHANGED mBatteryLevel = 37;mIsCharging =true
04-01 21:48:07.349  4115  4115 I BatteryInfoReceiver: ACTION_BATTERY_CHANGED
04-01 21:48:07.352  2862  2862 D DeviceStatisticsService: chargerType=2 batteryLevel=37 totalBatteryCapacity=4956700
04-01 21:48:07.353  6036  6536 D PowerCheckerService: onBatteryChanged, mBatteryLevel = 37, status = 2, level = 37, plug = 2, scale = 100
04-01 21:48:07.371  2539  2539 D KeyguardUpdateMonitor: received broadcast android.intent.action.BATTERY_CHANGED
04-01 21:48:07.372  2862  2862 D NetworkSpeedTracker: receive actionandroid.intent.action.BATTERY_CHANGED
04-01 21:48:07.372  2862  2862 D NetworkSpeedTracker: onReceive ACTION_BATTERY_CHANGED mBatteryLevel = 37;mIsCharging =true
04-01 21:48:07.374  4115  4115 I BatteryInfoReceiver: ACTION_BATTERY_CHANGED
04-01 21:48:07.374  6036  6536 D PowerCheckerService: onBatteryChanged, mBatteryLevel = 37, status = 2, level = 37, plug = 2, scale = 100
04-01 21:48:07.386  2862  2862 D DeviceStatisticsService: chargerType=2 batteryLevel=37 totalBatteryCapacity=4956700
04-01 21:48:07.389  2539  2539 D KeyguardUpdateMonitor: received broadcast android.intent.action.BATTERY_CHANGED
04-01 21:48:07.389  2862  2862 D NetworkSpeedTracker: receive actionandroid.intent.action.BATTERY_CHANGED
04-01 21:48:07.389  2862  2862 D NetworkSpeedTracker: onReceive ACTION_BATTERY_CHANGED mBatteryLevel = 37;mIsCharging =true
04-01 21:48:07.391  4115  4115 I BatteryInfoReceiver: ACTION_BATTERY_CHANGED
04-01 21:48:07.391  6036  6536 D PowerCheckerService: onBatteryChanged, mBatteryLevel = 37, status = 2, level = 37, plug = 2, scale = 100
04-01 21:48:07.394  2862  2862 D DeviceStatisticsService: chargerType=2 batteryLevel=37 totalBatteryCapacity=4956700
04-01 21:48:07.417  2539  2539 D KeyguardUpdateMonitor: received broadcast android.intent.action.BATTERY_CHANGED
04-01 21:48:07.419  2862  2862 D NetworkSpeedTracker: receive actionandroid.intent.action.BATTERY_CHANGED
04-01 21:48:07.419  2862  2862 D NetworkSpeedTracker: onReceive ACTION_BATTERY_CHANGED mBatteryLevel = 37;mIsCharging =true
04-01 21:48:07.420  4115  4115 I BatteryInfoReceiver: ACTION_BATTERY_CHANGED
04-01 21:48:07.423  6036  6536 D PowerCheckerService: onBatteryChanged, mBatteryLevel = 37, status = 2, level = 37, plug = 2, scale = 100
04-01 21:48:07.425  7646  7679 I appium  : channel read: POST /wd/hub/session/990abf69-c84d-42c6-ab46-ab211f360779/element
04-01 21:48:07.426  7646  7679 I appium  : FindElement command
04-01 21:48:07.428  7646  7679 I appium  : method: 'xpath', selector: '//android.widget.FrameLayout[1]/android.widget.FrameLayout[1]/android.widget.FrameLayout[1]/android.widget.LinearLayout[1]', contextId: ''
04-01 21:48:07.428  7646  7679 I appium  : Waiting up to 10000ms for the device to idle
04-01 21:48:07.430  7646  7679 I appium  : The following attributes will be included to the page source: []
04-01 21:48:07.432  2862  2862 D DeviceStatisticsService: chargerType=2 batteryLevel=37 totalBatteryCapacity=4956700
04-01 21:48:07.436  2539  2539 D KeyguardUpdateMonitor: received broadcast android.intent.action.BATTERY_CHANGED
04-01 21:48:07.437  2862  2862 D NetworkSpeedTracker: receive actionandroid.intent.action.BATTERY_CHANGED
04-01 21:48:07.437  2862  2862 D NetworkSpeedTracker: onReceive ACTION_BATTERY_CHANGED mBatteryLevel = 37;mIsCharging =true
04-01 21:48:07.439  4115  4115 I BatteryInfoReceiver: ACTION_BATTERY_CHANGED
04-01 21:48:07.443  6036  6536 D PowerCheckerService: onBatteryChanged, mBatteryLevel = 37, status = 2, level = 37, plug = 2, scale = 100
04-01 21:48:07.443  2862  2862 D DeviceStatisticsService: chargerType=2 batteryLevel=37 totalBatteryCapacity=4956700
04-01 21:48:07.470  2539  2539 D KeyguardUpdateMonitor: received broadcast android.intent.action.BATTERY_CHANGED
04-01 21:48:07.471  2862  2862 D NetworkSpeedTracker: receive actionandroid.intent.action.BATTERY_CHANGED
04-01 21:48:07.471  2862  2862 D NetworkSpeedTracker: onReceive ACTION_BATTERY_CHANGED mBatteryLevel = 37;mIsCharging =true
04-01 21:48:07.472  4115  4115 I BatteryInfoReceiver: ACTION_BATTERY_CHANGED
04-01 21:48:07.474  6036  6536 D PowerCheckerService: onBatteryChanged, mBatteryLevel = 37, status = 2, level = 37, plug = 2, scale = 100
04-01 21:48:07.479  2862  2862 D DeviceStatisticsService: chargerType=2 batteryLevel=37 totalBatteryCapacity=4956700
04-01 21:48:07.480  2539  2539 D KeyguardUpdateMonitor: received broadcast android.intent.action.BATTERY_CHANGED
04-01 21:48:07.481  2862  2862 D NetworkSpeedTracker: receive actionandroid.intent.action.BATTERY_CHANGED
04-01 21:48:07.481  2862  2862 D NetworkSpeedTracker: onReceive ACTION_BATTERY_CHANGED mBatteryLevel = 37;mIsCharging =true
04-01 21:48:07.482  4115  4115 I BatteryInfoReceiver: ACTION_BATTERY_CHANGED
04-01 21:48:07.483  6036  6536 D PowerCheckerService: onBatteryChanged, mBatteryLevel = 37, status = 2, level = 37, plug = 2, scale = 100
04-01 21:48:07.485  2862  2862 D DeviceStatisticsService: chargerType=2 batteryLevel=37 totalBatteryCapacity=4956700
04-01 21:48:07.505  2862  2862 D NetworkSpeedTracker: receive actionandroid.intent.action.BATTERY_CHANGED
04-01 21:48:07.505  2862  2862 D NetworkSpeedTracker: onReceive ACTION_BATTERY_CHANGED mBatteryLevel = 37;mIsCharging =true
04-01 21:48:07.506  2539  2539 D KeyguardUpdateMonitor: received broadcast android.intent.action.BATTERY_CHANGED
04-01 21:48:07.506  4115  4115 I BatteryInfoReceiver: ACTION_BATTERY_CHANGED
04-01 21:48:07.508  6036  6536 D PowerCheckerService: onBatteryChanged, mBatteryLevel = 37, status = 2, level = 37, plug = 2, scale = 100
04-01 21:48:07.516  2862  2862 D DeviceStatisticsService: chargerType=2 batteryLevel=37 totalBatteryCapacity=4956700
04-01 21:48:07.518  2539  2539 D KeyguardUpdateMonitor: received broadcast android.intent.action.BATTERY_CHANGED
04-01 21:48:07.519  2862  2862 D NetworkSpeedTracker: receive actionandroid.intent.action.BATTERY_CHANGED
04-01 21:48:07.519  2862  2862 D NetworkSpeedTracker: onReceive ACTION_BATTERY_CHANGED mBatteryLevel = 37;mIsCharging =true
04-01 21:48:07.520  4115  4115 I BatteryInfoReceiver: ACTION_BATTERY_CHANGED
04-01 21:48:07.521  6036  6536 D PowerCheckerService: onBatteryChanged, mBatteryLevel = 37, status = 2, level = 37, plug = 2, scale = 100
04-01 21:48:07.524  2862  2862 D DeviceStatisticsService: chargerType=2 batteryLevel=37 totalBatteryCapacity=4956700
04-01 21:48:07.548  2539  2539 D KeyguardUpdateMonitor: received broadcast android.intent.action.BATTERY_CHANGED
04-01 21:48:07.549  2862  2862 D NetworkSpeedTracker: receive actionandroid.intent.action.BATTERY_CHANGED
04-01 21:48:07.549  2862  2862 D NetworkSpeedTracker: onReceive ACTION_BATTERY_CHANGED mBatteryLevel = 37;mIsCharging =true
04-01 21:48:07.550  4115  4115 I BatteryInfoReceiver: ACTION_BATTERY_CHANGED
04-01 21:48:07.551  6036  6536 D PowerCheckerService: onBatteryChanged, mBatteryLevel = 37, status = 2, level = 37, plug = 2, scale = 100
04-01 21:48:07.560  7646  7679 I appium  : Took 4ms to retrieve 0 matches for '//android.widget.FrameLayout[1]/android.widget.FrameLayout[1]/android.widget.FrameLayout[1]/android.widget.LinearLayout[1]' XPath query
