04-01 21:48:10.199  2862  2862 D NetworkSpeedTracker: receive actionandroid.intent.action.BATTERY_CHANGED
04-01 21:48:10.199  2862  2862 D NetworkSpeedTracker: onReceive ACTION_BATTERY_CHANGED mBatteryLevel = 37;mIsCharging =true
04-01 21:48:10.200  4115  4115 I BatteryInfoReceiver: ACTION_BATTERY_CHANGED
04-01 21:48:10.202  6036  6536 D PowerCheckerService: onBatteryChanged, mBatteryLevel = 37, status = 2, level = 37, plug = 2, scale = 100
04-01 21:48:10.208  2862  2862 D DeviceStatisticsService: chargerType=2 batteryLevel=37 totalBatteryCapacity=4956700
04-01 21:48:10.217  2539  2539 D KeyguardUpdateMonitor: received broadcast android.intent.action.BATTERY_CHANGED
04-01 21:48:10.218  2862  2862 D NetworkSpeedTracker: receive actionandroid.intent.action.BATTERY_CHANGED
04-01 21:48:10.218  2862  2862 D NetworkSpeedTracker: onReceive ACTION_BATTERY_CHANGED mBatteryLevel = 37;mIsCharging =true
04-01 21:48:10.219  4115  4115 I BatteryInfoReceiver: ACTION_BATTERY_CHANGED
04-01 21:48:10.220  6036  6536 D PowerCheckerService: onBatteryChanged, mBatteryLevel = 37, status = 2, level = 37, plug = 2, scale = 100
04-01 21:48:10.226  2862  2862 D DeviceStatisticsService: chargerType=2 batteryLevel=37 totalBatteryCapacity=4956700
04-01 21:48:10.227  2539  2539 D KeyguardUpdateMonitor: received broadcast android.intent.action.BATTERY_CHANGED
04-01 21:48:10.228  2862  2862 D NetworkSpeedTracker: receive actionandroid.intent.action.BATTERY_CHANGED
04-01 21:48:10.228  2862  2862 D NetworkSpeedTracker: onReceive ACTION_BATTERY_CHANGED mBatteryLevel = 37;mIsCharging =true
04-01 21:48:10.229  4115  4115 I BatteryInfoReceiver: ACTION_BATTERY_CHANGED
04-01 21:48:10.230  6036  6536 D PowerCheckerService: onBatteryChanged, mBatteryLevel = 37, status = 2, level = 37, plug = 2, scale = 100
04-01 21:48:10.232  2862  2862 D DeviceStatisticsService: chargerType=2 batteryLevel=37 totalBatteryCapacity=4956700
04-01 21:48:10.258  2539  2539 D KeyguardUpdateMonitor: received broadcast android.intent.action.BATTERY_CHANGED
04-01 21:48:10.258  2862  2862 D NetworkSpeedTracker: receive actionandroid.intent.action.BATTERY_CHANGED
04-01 21:48:10.258  2862  2862 D NetworkSpeedTracker: onReceive ACTION_BATTERY_CHANGED mBatteryLevel = 37;mIsCharging =true
04-01 21:48:10.260  6036  6536 D PowerCheckerService: onBatteryChanged, mBatteryLevel = 37, status = 2, level = 37, plug = 2, scale = 100
04-01 21:48:10.261  4115  4115 I BatteryInfoReceiver: ACTION_BATTERY_CHANGED
04-01 21:48:10.273  7646  7679 I appium  : Took 3ms to retrieve 0 matches for '//android.widget.FrameLayout[1]/android.widget.FrameLayout[1]/android.widget.FrameLayout[1]/android.widget.LinearLayout[1]' XPath query
04-01 21:48:10.276  7646  7679 I appium  : AppiumResponse: {"sessionId":"990abf69-c84d-42c6-ab46-ab211f360779","value":{"error":"no such element","message":"An element could not be located on the page using the given search parameters","stacktrace":"io.appium.uiautomator2.common.exceptions.ElementNotFoundException: An element could not be located on the page using the given search parameters\n\tat io.appium.uiautomator2.handler.FindElement.findElement(FindElement.java:91)\n\tat io.appium.uiautomator2.handler.FindElement.safeHandle(FindElement.java:68)\n\tat io.appium.uiautomator2.handler.request.SafeRequestHandler.handle(SafeRequestHandler.java:41)\n\tat io.appium.uiautomator2.server.AppiumServlet.handleRequest(AppiumServlet.java:261)\n\tat io.appium.uiautomator2.server.AppiumServlet.handleHttpRequest(AppiumServlet.java:255)\n\tat io.appium.uiautomator2.http.ServerHandler.channelRead(ServerHandler.java:68)\n\tat io.netty.channel.AbstractChannelHandlerContext.invokeChannelRead(AbstractChannelHandlerContext.java:366)\n\tat io.netty.channel.AbstractChannelHandlerContext.invokeChannelRead(AbstractChannelHandlerContext.java:352)\n\tat io.netty.channel.AbstractChannelHandlerContext.fireChannelRead(AbstractChannelHandlerContext.java:345)\n\tat io.netty.handler.codec.MessageToMessageDecoder.channelRead(MessageToMessageDecoder.java:102)\n\tat io.netty.channel.AbstractChannelHandlerContext.invokeChannelRead(AbstractChannelHandlerContext.java:366)\n\tat io.netty.channel.AbstractChannelHandlerContext.invokeChannelRead(AbstractChannelHandlerContext.java:352)\n\tat io.netty.channel.AbstractChannelHandlerContext.fireChannelRead(AbstractChannelHandlerContext.java:345)\n\tat io.netty.channel.CombinedChannelDuplexHandler$DelegatingChannelHandlerContext.fireChannelRead(CombinedChannelDuplexHandler.java:435)\n\tat io.netty.handler.codec.ByteToMessageDecoder.fireChannelRead(ByteToMessageDecoder.java:293)\n\tat io.netty.handler.codec.ByteToMessageDecoder.channelRead(ByteToMessageDecoder.java:267)\n\tat io.netty.channel.CombinedChannelDuplexHandler.channelRead(CombinedChannelDuplexHandler.java:250)\n\tat io.netty.channel.AbstractChannelHandlerContext.invokeChannelRead(AbstractChannelHandlerContext.java:366)\n\tat io.netty.channel.AbstractChannelHandlerContext.invokeChannelRead(AbstractChannelHandlerContext.java:352)\n\tat io.netty.channel.AbstractChannelHandlerContext.fireChannelRead(AbstractChannelHandlerContext.java:345)\n\tat io.netty.handler.timeout.IdleStateHandler.channelRead(IdleStateHandler.java:266)\n\tat io.netty.channel.AbstractChannelHandlerContext.invokeChannelRead(AbstractChannelHandlerContext.java:366)\n\tat io.netty.channel.AbstractChannelHandlerContext.invokeChannelRead(AbstractChannelHandlerContext.java:352)\n\tat io.netty.channel.AbstractChannelHandlerContext.fireChannelRead(AbstractChannelHandlerContext.java:345)\n\tat io.netty.channel.DefaultChannelPipeline$HeadContext.channelRead(DefaultChannelPipeline.java:1294)\n\tat io.netty.channel.AbstractChannelHandlerContext.invokeChannelRead(AbstractChannelHandlerContext.java:366)\n\tat io.netty.channel.AbstractChannelHandlerContext.invokeChannelRead(AbstractChannelHandlerContext.java:352)\n\tat io.netty.channel.DefaultChannelPipeline.fireChannelRead(DefaultChannelPipeline.java:911)\n\tat io.netty.channel.nio.AbstractNioByteChannel$NioByteUnsafe.read(AbstractNioByteChannel.java:131)\n\tat io.netty.channel.nio.NioEventLoop.processSelectedKey(NioEventLoop.java:611)\n\tat io.netty.channel.nio.NioEventLoop.processSelectedKeysOptimized(NioEventLoop.java:552)\n\tat io.netty.channel.nio.NioEventLoop.processSelectedKeys(NioEventLoop.java:466)\n\tat io.netty.channel.nio.NioEventLoop.run(NioEventLoop.java:438)\n\tat io.netty.util.concurrent.SingleThreadEventExecutor$2.run(SingleThreadEventExecutor.java:140)\n\tat io.netty.util.concurrent.DefaultThreadFactory$DefaultRunnableDecorator.run(DefaultThreadFactory.java:144)\n\tat java.lang.Thread.run(Thread.java:919)\n"}}
04-01 21:48:10.276  2862  2862 D DeviceStatisticsService: chargerType=2 batteryLevel=37 totalBatteryCapacity=4956700
04-01 21:48:10.279  2539  2539 D KeyguardUpdateMonitor: received broadcast android.intent.action.BATTERY_CHANGED
04-01 21:48:10.280  2862  2862 D NetworkSpeedTracker: receive actionandroid.intent.action.BATTERY_CHANGED
04-01 21:48:10.280  2862  2862 D NetworkSpeedTracker: onReceive ACTION_BATTERY_CHANGED mBatteryLevel = 37;mIsCharging =true
04-01 21:48:10.281  4115  4115 I BatteryInfoReceiver: ACTION_BATTERY_CHANGED
04-01 21:48:10.282  6036  6536 D PowerCheckerService: onBatteryChanged, mBatteryLevel = 37, status = 2, level = 37, plug = 2, scale = 100
04-01 21:48:10.289  2862  2862 D DeviceStatisticsService: chargerType=2 batteryLevel=37 totalBatteryCapacity=4956700
04-01 21:48:10.300  2539  2539 D KeyguardUpdateMonitor: received broadcast android.intent.action.BATTERY_CHANGED
04-01 21:48:10.301  2862  2862 D NetworkSpeedTracker: receive actionandroid.intent.action.BATTERY_CHANGED
04-01 21:48:10.301  2862  2862 D NetworkSpeedTracker: onReceive ACTION_BATTERY_CHANGED mBatteryLevel = 37;mIsCharging =true
04-01 21:48:10.302  4115  4115 I BatteryInfoReceiver: ACTION_BATTERY_CHANGED
04-01 21:48:10.302  6036  6536 D PowerCheckerService: onBatteryChanged, mBatteryLevel = 37, status = 2, level = 37, plug = 2, scale = 100
04-01 21:48:10.304  2862  2862 D DeviceStatisticsService: chargerType=2 batteryLevel=37 totalBatteryCapacity=4956700
04-01 21:48:10.310  2539  2539 D KeyguardUpdateMonitor: received broadcast android.intent.action.BATTERY_CHANGED
04-01 21:48:10.310  2862  2862 D NetworkSpeedTracker: receive actionandroid.intent.action.BATTERY_CHANGED
04-01 21:48:10.311  2862  2862 D NetworkSpeedTracker: onReceive ACTION_BATTERY_CHANGED mBatteryLevel = 37;mIsCharging =true
04-01 21:48:10.312  4115  4115 I BatteryInfoReceiver: ACTION_BATTERY_CHANGED
04-01 21:48:10.317  6036  6536 D PowerCheckerService: onBatteryChanged, mBatteryLevel = 37, status = 2, level = 37, plug = 2, scale = 100
04-01 21:48:10.320  2862  2862 D DeviceStatisticsService: chargerType=2 batteryLevel=37 totalBatteryCapacity=4956700
04-01 21:48:10.344  2862  2862 D NetworkSpeedTracker: receive actionandroid.intent.action.BATTERY_CHANGED
04-01 21:48:10.344  2862  2862 D NetworkSpeedTracker: onReceive ACTION_BATTERY_CHANGED mBatteryLevel = 37;mIsCharging =true
04-01 21:48:10.344  2539  2539 D KeyguardUpdateMonitor: received broadcast android.intent.action.BATTERY_CHANGED
04-01 21:48:10.345  4115  4115 I BatteryInfoReceiver: ACTION_BATTERY_CHANGED
04-01 21:48:10.346  6036  6536 D PowerCheckerService: onBatteryChanged, mBatteryLevel = 37, status = 2, level = 37, plug = 2, scale = 100
04-01 21:48:10.352  2862  2862 D DeviceStatisticsService: chargerType=2 batteryLevel=37 totalBatteryCapacity=4956700
04-01 21:48:10.354  2539  2539 D KeyguardUpdateMonitor: received broadcast android.intent.action.BATTERY_CHANGED
04-01 21:48:10.354  2862  2862 D NetworkSpeedTracker: receive actionandroid.intent.action.BATTERY_CHANGED
04-01 21:48:10.354  2862  2862 D NetworkSpeedTracker: onReceive ACTION_BATTERY_CHANGED mBatteryLevel = 37;mIsCharging =true
04-01 21:48:10.355  4115  4115 I BatteryInfoReceiver: ACTION_BATTERY_CHANGED
04-01 21:48:10.356  6036  6536 D PowerCheckerService: onBatteryChanged, mBatteryLevel = 37, status = 2, level = 37, plug = 2, scale = 100
04-01 21:48:10.361  2862  2862 D DeviceStatisticsService: chargerType=2 batteryLevel=37 totalBatteryCapacity=4956700
04-01 21:48:10.395  2539  2539 D KeyguardUpdateMonitor: received broadcast android.intent.action.BATTERY_CHANGED
04-01 21:48:10.396  2862  2862 D NetworkSpeedTracker: receive actionandroid.intent.action.BATTERY_CHANGED
04-01 21:48:10.397  2862  2862 D NetworkSpeedTracker: onReceive ACTION_BATTERY_CHANGED mBatteryLevel = 37;mIsCharging =true
04-01 21:48:10.398  4115  4115 I BatteryInfoReceiver: ACTION_BATTERY_CHANGED
04-01 21:48:10.400  6036  6536 D PowerCheckerService: onBatteryChanged, mBatteryLevel = 37, status = 2, level = 37, plug = 2, scale = 100
04-01 21:48:10.402  2862  2862 D DeviceStatisticsService: chargerType=2 batteryLevel=37 totalBatteryCapacity=4956700
04-01 21:48:10.410  2539  2539 D KeyguardUpdateMonitor: received broadcast android.intent.action.BATTERY_CHANGED
04-01 21:48:10.412  2862  2862 D NetworkSpeedTracker: receive actionandroid.intent.action.BATTERY_CHANGED
04-01 21:48:10.412  2862  2862 D NetworkSpeedTracker: onReceive ACTION_BATTERY_CHANGED mBatteryLevel = 37;mIsCharging =true
04-01 21:48:10.413  4115  4115 I BatteryInfoReceiver: ACTION_BATTERY_CHANGED
04-01 21:48:10.415  6036  6536 D PowerCheckerService: onBatteryChanged, mBatteryLevel = 37, status = 2, level = 37, plug = 2, scale = 100
04-01 21:48:10.417  2862  2862 D DeviceStatisticsService: chargerType=2 batteryLevel=37 totalBatteryCapacity=4956700
04-01 21:48:10.431  2539  2539 D KeyguardUpdateMonitor: received broadcast android.intent.action.BATTERY_CHANGED
04-01 21:48:10.432  2862  2862 D NetworkSpeedTracker: receive actionandroid.intent.action.BATTERY_CHANGED
04-01 21:48:10.432  2862  2862 D NetworkSpeedTracker: onReceive ACTION_BATTERY_CHANGED mBatteryLevel = 37;mIsCharging =true
04-01 21:48:10.433  4115  4115 I BatteryInfoReceiver: ACTION_BATTERY_CHANGED
04-01 21:48:10.434  6036  6536 D PowerCheckerService: onBatteryChanged, mBatteryLevel = 37, status = 2, level = 37, plug = 2, scale = 100
04-01 21:48:10.436  2862  2862 D DeviceStatisticsService: chargerType=2 batteryLevel=37 totalBatteryCapacity=4956700
04-01 21:48:10.446  2539  2539 D KeyguardUpdateMonitor: received broadcast android.intent.action.BATTERY_CHANGED
04-01 21:48:10.446  2862  2862 D NetworkSpeedTracker: receive actionandroid.intent.action.BATTERY_CHANGED
04-01 21:48:10.447  2862  2862 D NetworkSpeedTracker: onReceive ACTION_BATTERY_CHANGED mBatteryLevel = 37;mIsCharging =true
04-01 21:48:10.447  4115  4115 I BatteryInfoReceiver: ACTION_BATTERY_CHANGED
04-01 21:48:10.448  6036  6536 D PowerCheckerService: onBatteryChanged, mBatteryLevel = 37, status = 2, level = 37, plug = 2, scale = 100
04-01 21:48:10.451  2862  2862 D DeviceStatisticsService: chargerType=2 batteryLevel=37 totalBatteryCapacity=4956700
04-01 21:48:10.483  2539  2539 D KeyguardUpdateMonitor: received broadcast android.intent.action.BATTERY_CHANGED
04-01 21:48:10.484  2862  2862 D NetworkSpeedTracker: receive actionandroid.intent.action.BATTERY_CHANGED
04-01 21:48:10.484  2862  2862 D NetworkSpeedTracker: onReceive ACTION_BATTERY_CHANGED mBatteryLevel = 37;mIsCharging =true
04-01 21:48:10.485  4115  4115 I BatteryInfoReceiver: ACTION_BATTERY_CHANGED
04-01 21:48:10.486  6036  6536 D PowerCheckerService: onBatteryChanged, mBatteryLevel = 37, status = 2, level = 37, plug = 2, scale = 100
04-01 21:48:10.495  2862  2862 D DeviceStatisticsService: chargerType=2 batteryLevel=37 totalBatteryCapacity=4956700
04-01 21:48:10.497  2862  2862 D NetworkSpeedTracker: receive actionandroid.intent.action.BATTERY_CHANGED
04-01 21:48:10.498  2862  2862 D NetworkSpeedTracker: onReceive ACTION_BATTERY_CHANGED mBatteryLevel = 37;mIsCharging =true
04-01 21:48:10.498  2539  2539 D KeyguardUpdateMonitor: received broadcast android.intent.action.BATTERY_CHANGED
04-01 21:48:10.499  4115  4115 I BatteryInfoReceiver: ACTION_BATTERY_CHANGED
04-01 21:48:10.500  6036  6536 D PowerCheckerService: onBatteryChanged, mBatteryLevel = 37, status = 2, level = 37, plug = 2, scale = 100
04-01 21:48:10.503  2862  2862 D DeviceStatisticsService: chargerType=2 batteryLevel=37 totalBatteryCapacity=4956700
04-01 21:48:10.526  2539  2539 D KeyguardUpdateMonitor: received broadcast android.intent.action.BATTERY_CHANGED
04-01 21:48:10.527  2862  2862 D NetworkSpeedTracker: receive actionandroid.intent.action.BATTERY_CHANGED
04-01 21:48:10.527  2862  2862 D NetworkSpeedTracker: onReceive ACTION_BATTERY_CHANGED mBatteryLevel = 37;mIsCharging =true
04-01 21:48:10.528  4115  4115 I BatteryInfoReceiver: ACTION_BATTERY_CHANGED
04-01 21:48:10.529  6036  6536 D PowerCheckerService: onBatteryChanged, mBatteryLevel = 37, status = 2, level = 37, plug = 2, scale = 100
04-01 21:48:10.532  2862  2862 D DeviceStatisticsService: chargerType=2 batteryLevel=37 totalBatteryCapacity=4956700
04-01 21:48:10.540  2539  2539 D KeyguardUpdateMonitor: received broadcast android.intent.action.BATTERY_CHANGED
04-01 21:48:10.541  2862  2862 D NetworkSpeedTracker: receive actionandroid.intent.action.BATTERY_CHANGED
04-01 21:48:10.541  2862  2862 D NetworkSpeedTracker: onReceive ACTION_BATTERY_CHANGED mBatteryLevel = 37;mIsCharging =true
04-01 21:48:10.542  4115  4115 I BatteryInfoReceiver: ACTION_BATTERY_CHANGED
04-01 21:48:10.543  6036  6536 D PowerCheckerService: onBatteryChanged, mBatteryLevel = 37, status = 2, level = 37, plug = 2, scale = 100
04-01 21:48:10.546  2862  2862 D DeviceStatisticsService: chargerType=2 batteryLevel=37 totalBatteryCapacity=4956700
04-01 21:48:10.582  2862  2862 D NetworkSpeedTracker: receive actionandroid.intent.action.BATTERY_CHANGED
04-01 21:48:10.582  2539  2539 D KeyguardUpdateMonitor: received broadcast android.intent.action.BATTERY_CHANGED
04-01 21:48:10.583  2862  2862 D NetworkSpeedTracker: onReceive ACTION_BATTERY_CHANGED mBatteryLevel = 37;mIsCharging =true
04-01 21:48:10.584  4115  4115 I BatteryInfoReceiver: ACTION_BATTERY_CHANGED
04-01 21:48:10.585  6036  6536 D PowerCheckerService: onBatteryChanged, mBatteryLevel = 37, status = 2, level = 37, plug = 2, scale = 100
04-01 21:48:10.587  2862  2862 D DeviceStatisticsService: chargerType=2 batteryLevel=37 totalBatteryCapacity=4956700
04-01 21:48:10.598  2539  2539 D KeyguardUpdateMonitor: received broadcast android.intent.action.BATTERY_CHANGED
04-01 21:48:10.599  2862  2862 D NetworkSpeedTracker: receive actionandroid.intent.action.BATTERY_CHANGED
04-01 21:48:10.599  2862  2862 D NetworkSpeedTracker: onReceive ACTION_BATTERY_CHANGED mBatteryLevel = 37;mIsCharging =true
04-01 21:48:10.601  4115  4115 I BatteryInfoReceiver: ACTION_BATTERY_CHANGED
04-01 21:48:10.601  6036  6536 D PowerCheckerService: onBatteryChanged, mBatteryLevel = 37, status = 2, level = 37, plug = 2, scale = 100
04-01 21:48:10.611  2862  2862 D DeviceStatisticsService: chargerType=2 batteryLevel=37 totalBatteryCapacity=4956700
04-01 21:48:10.614  2539  2539 D KeyguardUpdateMonitor: received broadcast android.intent.action.BATTERY_CHANGED
04-01 21:48:10.615  2862  2862 D NetworkSpeedTracker: receive actionandroid.intent.action.BATTERY_CHANGED
04-01 21:48:10.615  2862  2862 D NetworkSpeedTracker: onReceive ACTION_BATTERY_CHANGED mBatteryLevel = 37;mIsCharging =true
04-01 21:48:10.616  4115  4115 I BatteryInfoReceiver: ACTION_BATTERY_CHANGED
04-01 21:48:10.619  6036  6536 D PowerCheckerService: onBatteryChanged, mBatteryLevel = 37, status = 2, level = 37, plug = 2, scale = 100
04-01 21:48:10.624  2862  2862 D DeviceStatisticsService: chargerType=2 batteryLevel=37 totalBatteryCapacity=4956700
04-01 21:48:10.627  2539  2539 D KeyguardUpdateMonitor: received broadcast android.intent.action.BATTERY_CHANGED
04-01 21:48:10.627  2862  2862 D NetworkSpeedTracker: receive actionandroid.intent.action.BATTERY_CHANGED
04-01 21:48:10.627  2862  2862 D NetworkSpeedTracker: onReceive ACTION_BATTERY_CHANGED mBatteryLevel = 37;mIsCharging =true
04-01 21:48:10.628  4115  4115 I BatteryInfoReceiver: ACTION_BATTERY_CHANGED
04-01 21:48:10.629  6036  6536 D PowerCheckerService: onBatteryChanged, mBatteryLevel = 37, status = 2, level = 37, plug = 2, scale = 100
04-01 21:48:10.631  2862  2862 D DeviceStatisticsService: chargerType=2 batteryLevel=37 totalBatteryCapacity=4956700
04-01 21:48:10.652   796   796 W health@2.0-serv: type=1400 audit(0.0:1038097): avc: denied { read } for name="type" dev="sysfs" ino=55635 scontext=u:r:hal_health_default:s0 tcontext=u:object_r:sysfs:s0 tclass=file permissive=0
04-01 21:48:10.659  2539  2539 D KeyguardUpdateMonitor: received broadcast android.intent.action.BATTERY_CHANGED
04-01 21:48:10.659  2862  2862 D NetworkSpeedTracker: receive actionandroid.intent.action.BATTERY_CHANGED
04-01 21:48:10.660  2862  2862 D NetworkSpeedTracker: onReceive ACTION_BATTERY_CHANGED mBatteryLevel = 37;mIsCharging =true
04-01 21:48:10.660   796   796 W health@2.0-serv: type=1400 audit(0.0:1038098): avc: denied { read } for name="type" dev="sysfs" ino=55635 scontext=u:r:hal_health_default:s0 tcontext=u:object_r:sysfs:s0 tclass=file permissive=0
04-01 21:48:10.662  4115  4115 I BatteryInfoReceiver: ACTION_BATTERY_CHANGED
04-01 21:48:10.664  6036  6536 D PowerCheckerService: onBatteryChanged, mBatteryLevel = 37, status = 2, level = 37, plug = 2, scale = 100
04-01 21:48:10.671  2862  2862 D DeviceStatisticsService: chargerType=2 batteryLevel=37 totalBatteryCapacity=4956700
04-01 21:48:10.673  2539  2539 D KeyguardUpdateMonitor: received broadcast android.intent.action.BATTERY_CHANGED
04-01 21:48:10.674  2862  2862 D NetworkSpeedTracker: receive actionandroid.intent.action.BATTERY_CHANGED
04-01 21:48:10.674  2862  2862 D NetworkSpeedTracker: onReceive ACTION_BATTERY_CHANGED mBatteryLevel = 37;mIsCharging =true
04-01 21:48:10.676  4115  4115 I BatteryInfoReceiver: ACTION_BATTERY_CHANGED
04-01 21:48:10.677  6036  6536 D PowerCheckerService: onBatteryChanged, mBatteryLevel = 37, status = 2, level = 37, plug = 2, scale = 100
04-01 21:48:10.679  2862  2862 D DeviceStatisticsService: chargerType=2 batteryLevel=37 totalBatteryCapacity=4956700
04-01 21:48:10.696   796   796 W health@2.0-serv: type=1400 audit(0.0:1038099): avc: denied { read } for name="type" dev="sysfs" ino=55635 scontext=u:r:hal_health_default:s0 tcontext=u:object_r:sysfs:s0 tclass=file permissive=0
04-01 21:48:10.702  2539  2539 D KeyguardUpdateMonitor: received broadcast android.intent.action.BATTERY_CHANGED
04-01 21:48:10.703  2862  2862 D NetworkSpeedTracker: receive actionandroid.intent.action.BATTERY_CHANGED
04-01 21:48:10.703  2862  2862 D NetworkSpeedTracker: onReceive ACTION_BATTERY_CHANGED mBatteryLevel = 37;mIsCharging =true
04-01 21:48:10.704   796   796 W health@2.0-serv: type=1400 audit(0.0:1038100): avc: denied { read } for name="type" dev="sysfs" ino=55635 scontext=u:r:hal_health_default:s0 tcontext=u:object_r:sysfs:s0 tclass=file permissive=0
04-01 21:48:10.704  4115  4115 I BatteryInfoReceiver: ACTION_BATTERY_CHANGED
04-01 21:48:10.706  6036  6536 D PowerCheckerService: onBatteryChanged, mBatteryLevel = 37, status = 2, level = 37, plug = 2, scale = 100
04-01 21:48:10.709  2862  2862 D DeviceStatisticsService: chargerType=2 batteryLevel=37 totalBatteryCapacity=4956700
04-01 21:48:10.714  2539  2539 D KeyguardUpdateMonitor: received broadcast android.intent.action.BATTERY_CHANGED
04-01 21:48:10.715  2862  2862 D NetworkSpeedTracker: receive actionandroid.intent.action.BATTERY_CHANGED
04-01 21:48:10.715  2862  2862 D NetworkSpeedTracker: onReceive ACTION_BATTERY_CHANGED mBatteryLevel = 37;mIsCharging =true
04-01 21:48:10.716  4115  4115 I BatteryInfoReceiver: ACTION_BATTERY_CHANGED
04-01 21:48:10.717  6036  6536 D PowerCheckerService: onBatteryChanged, mBatteryLevel = 37, status = 2, level = 37, plug = 2, scale = 100
04-01 21:48:10.721  2862  2862 D DeviceStatisticsService: chargerType=2 batteryLevel=37 totalBatteryCapacity=4956700
04-01 21:48:10.736   796   796 W health@2.0-serv: type=1400 audit(0.0:1038101): avc: denied { read } for name="type" dev="sysfs" ino=55635 scontext=u:r:hal_health_default:s0 tcontext=u:object_r:sysfs:s0 tclass=file permissive=0
04-01 21:48:10.744  2539  2539 D KeyguardUpdateMonitor: received broadcast android.intent.action.BATTERY_CHANGED
04-01 21:48:10.745  2862  2862 D NetworkSpeedTracker: receive actionandroid.intent.action.BATTERY_CHANGED
04-01 21:48:10.745  2862  2862 D NetworkSpeedTracker: onReceive ACTION_BATTERY_CHANGED mBatteryLevel = 37;mIsCharging =true
04-01 21:48:10.746  4115  4115 I BatteryInfoReceiver: ACTION_BATTERY_CHANGED
04-01 21:48:10.747  6036  6536 D PowerCheckerService: onBatteryChanged, mBatteryLevel = 37, status = 2, level = 37, plug = 2, scale = 100
04-01 21:48:10.749  2862  2862 D DeviceStatisticsService: chargerType=2 batteryLevel=37 totalBatteryCapacity=4956700
04-01 21:48:10.765  2539  2539 D KeyguardUpdateMonitor: received broadcast android.intent.action.BATTERY_CHANGED
04-01 21:48:10.767  2862  2862 D NetworkSpeedTracker: receive actionandroid.intent.action.BATTERY_CHANGED
04-01 21:48:10.767  2862  2862 D NetworkSpeedTracker: onReceive ACTION_BATTERY_CHANGED mBatteryLevel = 37;mIsCharging =true
04-01 21:48:10.768  6036  6536 D PowerCheckerService: onBatteryChanged, mBatteryLevel = 37, status = 2, level = 37, plug = 2, scale = 100
04-01 21:48:10.770  4115  4115 I BatteryInfoReceiver: ACTION_BATTERY_CHANGED
04-01 21:48:10.774  2862  2862 D DeviceStatisticsService: chargerType=2 batteryLevel=37 totalBatteryCapacity=4956700
04-01 21:48:10.789  2539  2539 D KeyguardUpdateMonitor: received broadcast android.intent.action.BATTERY_CHANGED
04-01 21:48:10.790  2862  2862 D NetworkSpeedTracker: receive actionandroid.intent.action.BATTERY_CHANGED
04-01 21:48:10.790  2862  2862 D NetworkSpeedTracker: onReceive ACTION_BATTERY_CHANGED mBatteryLevel = 37;mIsCharging =true
04-01 21:48:10.792  4115  4115 I BatteryInfoReceiver: ACTION_BATTERY_CHANGED
04-01 21:48:10.792  7646  7679 I appium  : channel read: POST /wd/hub/session/990abf69-c84d-42c6-ab46-ab211f360779/element
04-01 21:48:10.793  7646  7679 I appium  : FindElement command
04-01 21:48:10.793  6036  6536 D PowerCheckerService: onBatteryChanged, mBatteryLevel = 37, status = 2, level = 37, plug = 2, scale = 100
04-01 21:48:10.795  7646  7679 I appium  : method: 'xpath', selector: '//android.widget.FrameLayout[1]/android.widget.FrameLayout[1]/android.widget.FrameLayout[1]/android.widget.LinearLayout[1]', contextId: ''
04-01 21:48:10.795  7646  7679 I appium  : Waiting up to 10000ms for the device to idle
04-01 21:48:10.797  7646  7679 I appium  : The following attributes will be included to the page source: []
04-01 21:48:10.799  2862  2862 D DeviceStatisticsService: chargerType=2 batteryLevel=37 totalBatteryCapacity=4956700
04-01 21:48:10.805  2862  2862 D NetworkSpeedTracker: receive actionandroid.intent.action.BATTERY_CHANGED
04-01 21:48:10.805  2862  2862 D NetworkSpeedTracker: onReceive ACTION_BATTERY_CHANGED mBatteryLevel = 37;mIsCharging =true
04-01 21:48:10.806  2539  2539 D KeyguardUpdateMonitor: received broadcast android.intent.action.BATTERY_CHANGED
04-01 21:48:10.806  4115  4115 I BatteryInfoReceiver: ACTION_BATTERY_CHANGED
04-01 21:48:10.807  6036  6536 D PowerCheckerService: onBatteryChanged, mBatteryLevel = 37, status = 2, level = 37, plug = 2, scale = 100
04-01 21:48:10.809  2862  2862 D DeviceStatisticsService: chargerType=2 batteryLevel=37 totalBatteryCapacity=4956700
04-01 21:48:10.833  2539  2539 D KeyguardUpdateMonitor: received broadcast android.intent.action.BATTERY_CHANGED
04-01 21:48:10.834  2862  2862 D NetworkSpeedTracker: receive actionandroid.intent.action.BATTERY_CHANGED
04-01 21:48:10.834  2862  2862 D NetworkSpeedTracker: onReceive ACTION_BATTERY_CHANGED mBatteryLevel = 37;mIsCharging =true
04-01 21:48:10.836  6036  6536 D PowerCheckerService: onBatteryChanged, mBatteryLevel = 37, status = 2, level = 37, plug = 2, scale = 100
04-01 21:48:10.837  4115  4115 I BatteryInfoReceiver: ACTION_BATTERY_CHANGED
04-01 21:48:10.843  2862  2862 D DeviceStatisticsService: chargerType=2 batteryLevel=37 totalBatteryCapacity=4956700
04-01 21:48:10.846  2862  2862 D NetworkSpeedTracker: receive actionandroid.intent.action.BATTERY_CHANGED
04-01 21:48:10.846  2539  2539 D KeyguardUpdateMonitor: received broadcast android.intent.action.BATTERY_CHANGED
04-01 21:48:10.847  2862  2862 D NetworkSpeedTracker: onReceive ACTION_BATTERY_CHANGED mBatteryLevel = 37;mIsCharging =true
04-01 21:48:10.848  4115  4115 I BatteryInfoReceiver: ACTION_BATTERY_CHANGED
04-01 21:48:10.850  6036  6536 D PowerCheckerService: onBatteryChanged, mBatteryLevel = 37, status = 2, level = 37, plug = 2, scale = 100
04-01 21:48:10.852  2862  2862 D DeviceStatisticsService: chargerType=2 batteryLevel=37 totalBatteryCapacity=4956700
04-01 21:48:10.889  2539  2539 D KeyguardUpdateMonitor: received broadcast android.intent.action.BATTERY_CHANGED
04-01 21:48:10.890  2862  2862 D NetworkSpeedTracker: receive actionandroid.intent.action.BATTERY_CHANGED
04-01 21:48:10.890  2862  2862 D NetworkSpeedTracker: onReceive ACTION_BATTERY_CHANGED mBatteryLevel = 37;mIsCharging =true
04-01 21:48:10.892  4115  4115 I BatteryInfoReceiver: ACTION_BATTERY_CHANGED
04-01 21:48:10.894  7646  7679 I appium  : Took 2ms to retrieve 0 matches for '//android.widget.FrameLayout[1]/android.widget.FrameLayout[1]/android.widget.FrameLayout[1]/android.widget.LinearLayout[1]' XPath query
04-01 21:48:10.894  6036  6536 D PowerCheckerService: onBatteryChanged, mBatteryLevel = 37, status = 2, level = 37, plug = 2, scale = 100
04-01 21:48:10.896  7646  7679 I appium  : AppiumResponse: {"sessionId":"990abf69-c84d-42c6-ab46-ab211f360779","value":{"error":"no such element","message":"An element could not be located on the page using the given search parameters","stacktrace":"io.appium.uiautomator2.common.exceptions.ElementNotFoundException: An element could not be located on the page using the given search parameters\n\tat io.appium.uiautomator2.handler.FindElement.findElement(FindElement.java:91)\n\tat io.appium.uiautomator2.handler.FindElement.safeHandle(FindElement.java:68)\n\tat io.appium.uiautomator2.handler.request.SafeRequestHandler.handle(SafeRequestHandler.java:41)\n\tat io.appium.uiautomator2.server.AppiumServlet.handleRequest(AppiumServlet.java:261)\n\tat io.appium.uiautomator2.server.AppiumServlet.handleHttpRequest(AppiumServlet.java:255)\n\tat io.appium.uiautomator2.http.ServerHandler.channelRead(ServerHandler.java:68)\n\tat io.netty.channel.AbstractChannelHandlerContext.invokeChannelRead(AbstractChannelHandlerContext.java:366)\n\tat io.netty.channel.AbstractChannelHandlerContext.invokeChannelRead(AbstractChannelHandlerContext.java:352)\n\tat io.netty.channel.AbstractChannelHandlerContext.fireChannelRead(AbstractChannelHandlerContext.java:345)\n\tat io.netty.handler.codec.MessageToMessageDecoder.channelRead(MessageToMessageDecoder.java:102)\n\tat io.netty.channel.AbstractChannelHandlerContext.invokeChannelRead(AbstractChannelHandlerContext.java:366)\n\tat io.netty.channel.AbstractChannelHandlerContext.invokeChannelRead(AbstractChannelHandlerContext.java:352)\n\tat io.netty.channel.AbstractChannelHandlerContext.fireChannelRead(AbstractChannelHandlerContext.java:345)\n\tat io.netty.channel.CombinedChannelDuplexHandler$DelegatingChannelHandlerContext.fireChannelRead(CombinedChannelDuplexHandler.java:435)\n\tat io.netty.handler.codec.ByteToMessageDecoder.fireChannelRead(ByteToMessageDecoder.java:293)\n\tat io.netty.handler.codec.ByteToMessageDecoder.channelRead(ByteToMessageDecoder.java:267)\n\tat io.netty.channel.CombinedChannelDuplexHandler.channelRead(CombinedChannelDuplexHandler.java:250)\n\tat io.netty.channel.AbstractChannelHandlerContext.invokeChannelRead(AbstractChannelHandlerContext.java:366)\n\tat io.netty.channel.AbstractChannelHandlerContext.invokeChannelRead(AbstractChannelHandlerContext.java:352)\n\tat io.netty.channel.AbstractChannelHandlerContext.fireChannelRead(AbstractChannelHandlerContext.java:345)\n\tat io.netty.handler.timeout.IdleStateHandler.channelRead(IdleStateHandler.java:266)\n\tat io.netty.channel.AbstractChannelHandlerContext.invokeChannelRead(AbstractChannelHandlerContext.java:366)\n\tat io.netty.channel.AbstractChannelHandlerContext.invokeChannelRead(AbstractChannelHandlerContext.java:352)\n\tat io.netty.channel.AbstractChannelHandlerContext.fireChannelRead(AbstractChannelHandlerContext.java:345)\n\tat io.netty.channel.DefaultChannelPipeline$HeadContext.channelRead(DefaultChannelPipeline.java:1294)\n\tat io.netty.channel.AbstractChannelHandlerContext.invokeChannelRead(AbstractChannelHandlerContext.java:366)\n\tat io.netty.channel.AbstractChannelHandlerContext.invokeChannelRead(AbstractChannelHandlerContext.java:352)\n\tat io.netty.channel.DefaultChannelPipeline.fireChannelRead(DefaultChannelPipeline.java:911)\n\tat io.netty.channel.nio.AbstractNioByteChannel$NioByteUnsafe.read(AbstractNioByteChannel.java:131)\n\tat io.netty.channel.nio.NioEventLoop.processSelectedKey(NioEventLoop.java:611)\n\tat io.netty.channel.nio.NioEventLoop.processSelectedKeysOptimized(NioEventLoop.java:552)\n\tat io.netty.channel.nio.NioEventLoop.processSelectedKeys(NioEventLoop.java:466)\n\tat io.netty.channel.nio.NioEventLoop.run(NioEventLoop.java:438)\n\tat io.netty.util.concurrent.SingleThreadEventExecutor$2.run(SingleThreadEventExecutor.java:140)\n\tat io.netty.util.concurrent.DefaultThreadFactory$DefaultRunnableDecorator.run(DefaultThreadFactory.java:144)\n\tat java.lang.Thread.run(Thread.java:919)\n"}}
04-01 21:48:10.898  2862  2862 D DeviceStatisticsService: chargerType=2 batteryLevel=37 totalBatteryCapacity=4956700
04-01 21:48:10.906  2539  2539 D KeyguardUpdateMonitor: received broadcast android.intent.action.BATTERY_CHANGED
04-01 21:48:10.907  2862  2862 D NetworkSpeedTracker: receive actionandroid.intent.action.BATTERY_CHANGED
04-01 21:48:10.907  2862  2862 D NetworkSpeedTracker: onReceive ACTION_BATTERY_CHANGED mBatteryLevel = 37;mIsCharging =true
04-01 21:48:10.909  4115  4115 I BatteryInfoReceiver: ACTION_BATTERY_CHANGED
04-01 21:48:10.911  6036  6536 D PowerCheckerService: onBatteryChanged, mBatteryLevel = 37, status = 2, level = 37, plug = 2, scale = 100
04-01 21:48:10.924  2862  2862 D DeviceStatisticsService: chargerType=2 batteryLevel=37 totalBatteryCapacity=4956700
04-01 21:48:10.927  2539  2539 D KeyguardUpdateMonitor: received broadcast android.intent.action.BATTERY_CHANGED
04-01 21:48:10.927  2862  2862 D NetworkSpeedTracker: receive actionandroid.intent.action.BATTERY_CHANGED
04-01 21:48:10.927  2862  2862 D NetworkSpeedTracker: onReceive ACTION_BATTERY_CHANGED mBatteryLevel = 37;mIsCharging =true
04-01 21:48:10.928  4115  4115 I BatteryInfoReceiver: ACTION_BATTERY_CHANGED
04-01 21:48:10.929  6036  6536 D PowerCheckerService: onBatteryChanged, mBatteryLevel = 37, status = 2, level = 37, plug = 2, scale = 100
04-01 21:48:10.938  2862  2862 D DeviceStatisticsService: chargerType=2 batteryLevel=37 totalBatteryCapacity=4956700
04-01 21:48:10.941  2862  2862 D NetworkSpeedTracker: receive actionandroid.intent.action.BATTERY_CHANGED
04-01 21:48:10.941  2862  2862 D NetworkSpeedTracker: onReceive ACTION_BATTERY_CHANGED mBatteryLevel = 37;mIsCharging =true
04-01 21:48:10.942  2539  2539 D KeyguardUpdateMonitor: received broadcast android.intent.action.BATTERY_CHANGED
04-01 21:48:10.942  4115  4115 I BatteryInfoReceiver: ACTION_BATTERY_CHANGED
04-01 21:48:10.943  6036  6536 D PowerCheckerService: onBatteryChanged, mBatteryLevel = 37, status = 2, level = 37, plug = 2, scale = 100
04-01 21:48:10.949  2862  2862 D DeviceStatisticsService: chargerType=2 batteryLevel=37 totalBatteryCapacity=4956700
04-01 21:48:10.967  2539  2539 D KeyguardUpdateMonitor: received broadcast android.intent.action.BATTERY_CHANGED
04-01 21:48:10.968  2862  2862 D NetworkSpeedTracker: receive actionandroid.intent.action.BATTERY_CHANGED
04-01 21:48:10.968  2862  2862 D NetworkSpeedTracker: onReceive ACTION_BATTERY_CHANGED mBatteryLevel = 37;mIsCharging =true
04-01 21:48:10.969  4115  4115 I BatteryInfoReceiver: ACTION_BATTERY_CHANGED
04-01 21:48:10.971  6036  6536 D PowerCheckerService: onBatteryChanged, mBatteryLevel = 37, status = 2, level = 37, plug = 2, scale = 100
04-01 21:48:10.979  2862  2862 D DeviceStatisticsService: chargerType=2 batteryLevel=37 totalBatteryCapacity=4956700
04-01 21:48:10.982  2539  2539 D KeyguardUpdateMonitor: received broadcast android.intent.action.BATTERY_CHANGED
04-01 21:48:10.983  2862  2862 D NetworkSpeedTracker: receive actionandroid.intent.action.BATTERY_CHANGED
04-01 21:48:10.983  2862  2862 D NetworkSpeedTracker: onReceive ACTION_BATTERY_CHANGED mBatteryLevel = 37;mIsCharging =true
04-01 21:48:10.983  4115  4115 I BatteryInfoReceiver: ACTION_BATTERY_CHANGED
04-01 21:48:10.985  6036  6536 D PowerCheckerService: onBatteryChanged, mBatteryLevel = 37, status = 2, level = 37, plug = 2, scale = 100
04-01 21:48:10.987  2862  2862 D DeviceStatisticsService: chargerType=2 batteryLevel=37 totalBatteryCapacity=4956700
04-01 21:48:11.011  2539  2539 D KeyguardUpdateMonitor: received broadcast android.intent.action.BATTERY_CHANGED
04-01 21:48:11.012  2862  2862 D NetworkSpeedTracker: receive actionandroid.intent.action.BATTERY_CHANGED
04-01 21:48:11.012  2862  2862 D NetworkSpeedTracker: onReceive ACTION_BATTERY_CHANGED mBatteryLevel = 37;mIsCharging =true
04-01 21:48:11.013  4115  4115 I BatteryInfoReceiver: ACTION_BATTERY_CHANGED
04-01 21:48:11.015  6036  6536 D PowerCheckerService: onBatteryChanged, mBatteryLevel = 37, status = 2, level = 37, plug = 2, scale = 100
04-01 21:48:11.018  2862  2862 D DeviceStatisticsService: chargerType=2 batteryLevel=37 totalBatteryCapacity=4956700
04-01 21:48:11.024  2539  2539 D KeyguardUpdateMonitor: received broadcast android.intent.action.BATTERY_CHANGED
04-01 21:48:11.024  2862  2862 D NetworkSpeedTracker: receive actionandroid.intent.action.BATTERY_CHANGED
04-01 21:48:11.025  2862  2862 D NetworkSpeedTracker: onReceive ACTION_BATTERY_CHANGED mBatteryLevel = 37;mIsCharging =true
04-01 21:48:11.026  4115  4115 I BatteryInfoReceiver: ACTION_BATTERY_CHANGED
04-01 21:48:11.029  6036  6536 D PowerCheckerService: onBatteryChanged, mBatteryLevel = 37, status = 2, level = 37, plug = 2, scale = 100
04-01 21:48:11.031  2862  2862 D DeviceStatisticsService: chargerType=2 batteryLevel=37 totalBatteryCapacity=4956700
04-01 21:48:11.058  2539  2539 D KeyguardUpdateMonitor: received broadcast android.intent.action.BATTERY_CHANGED
04-01 21:48:11.058  2862  2862 D NetworkSpeedTracker: receive actionandroid.intent.action.BATTERY_CHANGED
04-01 21:48:11.059  2862  2862 D NetworkSpeedTracker: onReceive ACTION_BATTERY_CHANGED mBatteryLevel = 37;mIsCharging =true
04-01 21:48:11.060  4115  4115 I BatteryInfoReceiver: ACTION_BATTERY_CHANGED
04-01 21:48:11.062  6036  6536 D PowerCheckerService: onBatteryChanged, mBatteryLevel = 37, status = 2, level = 37, plug = 2, scale = 100
04-01 21:48:11.070  2862  2862 D DeviceStatisticsService: chargerType=2 batteryLevel=37 totalBatteryCapacity=4956700
04-01 21:48:11.072  2539  2539 D KeyguardUpdateMonitor: received broadcast android.intent.action.BATTERY_CHANGED
04-01 21:48:11.072  2862  2862 D NetworkSpeedTracker: receive actionandroid.intent.action.BATTERY_CHANGED
04-01 21:48:11.072  2862  2862 D NetworkSpeedTracker: onReceive ACTION_BATTERY_CHANGED mBatteryLevel = 37;mIsCharging =true
04-01 21:48:11.074  4115  4115 I BatteryInfoReceiver: ACTION_BATTERY_CHANGED
04-01 21:48:11.076  6036  6536 D PowerCheckerService: onBatteryChanged, mBatteryLevel = 37, status = 2, level = 37, plug = 2, scale = 100
04-01 21:48:11.082  2862  2862 D DeviceStatisticsService: chargerType=2 batteryLevel=37 totalBatteryCapacity=4956700
04-01 21:48:11.085  7646  7670 I tomator2.serve: ProcessProfilingInfo new_methods=0 is saved saved_to_disk=0 resolve_classes_delay=8000
04-01 21:48:11.100  2539  2539 D KeyguardUpdateMonitor: received broadcast android.intent.action.BATTERY_CHANGED
04-01 21:48:11.101  2862  2862 D NetworkSpeedTracker: receive actionandroid.intent.action.BATTERY_CHANGED
04-01 21:48:11.101  2862  2862 D NetworkSpeedTracker: onReceive ACTION_BATTERY_CHANGED mBatteryLevel = 37;mIsCharging =true
04-01 21:48:11.102  4115  4115 I BatteryInfoReceiver: ACTION_BATTERY_CHANGED
04-01 21:48:11.103  6036  6536 D PowerCheckerService: onBatteryChanged, mBatteryLevel = 37, status = 2, level = 37, plug = 2, scale = 100
04-01 21:48:11.105  2862  2862 D DeviceStatisticsService: chargerType=2 batteryLevel=37 totalBatteryCapacity=4956700
04-01 21:48:11.112  2539  2539 D KeyguardUpdateMonitor: received broadcast android.intent.action.BATTERY_CHANGED
04-01 21:48:11.113  2862  2862 D NetworkSpeedTracker: receive actionandroid.intent.action.BATTERY_CHANGED
04-01 21:48:11.113  2862  2862 D NetworkSpeedTracker: onReceive ACTION_BATTERY_CHANGED mBatteryLevel = 37;mIsCharging =true
04-01 21:48:11.114  4115  4115 I BatteryInfoReceiver: ACTION_BATTERY_CHANGED
04-01 21:48:11.115  6036  6536 D PowerCheckerService: onBatteryChanged, mBatteryLevel = 37, status = 2, level = 37, plug = 2, scale = 100
04-01 21:48:11.117  2862  2862 D DeviceStatisticsService: chargerType=2 batteryLevel=37 totalBatteryCapacity=4956700
04-01 21:48:11.147  2539  2539 D KeyguardUpdateMonitor: received broadcast android.intent.action.BATTERY_CHANGED
04-01 21:48:11.149  2862  2862 D NetworkSpeedTracker: receive actionandroid.intent.action.BATTERY_CHANGED
04-01 21:48:11.150  4115  4115 I BatteryInfoReceiver: ACTION_BATTERY_CHANGED
04-01 21:48:11.150  2862  2862 D NetworkSpeedTracker: onReceive ACTION_BATTERY_CHANGED mBatteryLevel = 37;mIsCharging =true
04-01 21:48:11.151  6036  6536 D PowerCheckerService: onBatteryChanged, mBatteryLevel = 37, status = 2, level = 37, plug = 2, scale = 100
04-01 21:48:11.156  2862  2862 D DeviceStatisticsService: chargerType=2 batteryLevel=37 totalBatteryCapacity=4956700
04-01 21:48:11.162  2539  2539 D KeyguardUpdateMonitor: received broadcast android.intent.action.BATTERY_CHANGED
04-01 21:48:11.163  2862  2862 D NetworkSpeedTracker: receive actionandroid.intent.action.BATTERY_CHANGED
04-01 21:48:11.163  2862  2862 D NetworkSpeedTracker: onReceive ACTION_BATTERY_CHANGED mBatteryLevel = 37;mIsCharging =true
04-01 21:48:11.164  4115  4115 I BatteryInfoReceiver: ACTION_BATTERY_CHANGED
04-01 21:48:11.165  6036  6536 D PowerCheckerService: onBatteryChanged, mBatteryLevel = 37, status = 2, level = 37, plug = 2, scale = 100
04-01 21:48:11.168  2862  2862 D DeviceStatisticsService: chargerType=2 batteryLevel=37 totalBatteryCapacity=4956700
04-01 21:48:11.188  2539  2539 D KeyguardUpdateMonitor: received broadcast android.intent.action.BATTERY_CHANGED
04-01 21:48:11.188  2862  2862 D NetworkSpeedTracker: receive actionandroid.intent.action.BATTERY_CHANGED
04-01 21:48:11.189  2862  2862 D NetworkSpeedTracker: onReceive ACTION_BATTERY_CHANGED mBatteryLevel = 37;mIsCharging =true
04-01 21:48:11.190  6036  6536 D PowerCheckerService: onBatteryChanged, mBatteryLevel = 37, status = 2, level = 37, plug = 2, scale = 100
04-01 21:48:11.190  4115  4115 I BatteryInfoReceiver: ACTION_BATTERY_CHANGED
04-01 21:48:11.198  2862  2862 D DeviceStatisticsService: chargerType=2 batteryLevel=37 totalBatteryCapacity=4956700
04-01 21:48:11.200  2539  2539 D KeyguardUpdateMonitor: received broadcast android.intent.action.BATTERY_CHANGED
04-01 21:48:11.200  2862  2862 D NetworkSpeedTracker: receive actionandroid.intent.action.BATTERY_CHANGED
04-01 21:48:11.200  2862  2862 D NetworkSpeedTracker: onReceive ACTION_BATTERY_CHANGED mBatteryLevel = 37;mIsCharging =true
04-01 21:48:11.202  4115  4115 I BatteryInfoReceiver: ACTION_BATTERY_CHANGED
04-01 21:48:11.203  6036  6536 D PowerCheckerService: onBatteryChanged, mBatteryLevel = 37, status = 2, level = 37, plug = 2, scale = 100
04-01 21:48:11.206  2862  2862 D DeviceStatisticsService: chargerType=2 batteryLevel=37 totalBatteryCapacity=4956700
04-01 21:48:11.235  2539  2539 D KeyguardUpdateMonitor: received broadcast android.intent.action.BATTERY_CHANGED
04-01 21:48:11.236  2862  2862 D NetworkSpeedTracker: receive actionandroid.intent.action.BATTERY_CHANGED
04-01 21:48:11.236  2862  2862 D NetworkSpeedTracker: onReceive ACTION_BATTERY_CHANGED mBatteryLevel = 37;mIsCharging =true
04-01 21:48:11.237  4115  4115 I BatteryInfoReceiver: ACTION_BATTERY_CHANGED
04-01 21:48:11.240  6036  6536 D PowerCheckerService: onBatteryChanged, mBatteryLevel = 37, status = 2, level = 37, plug = 2, scale = 100
04-01 21:48:11.243  2862  2862 D DeviceStatisticsService: chargerType=2 batteryLevel=37 totalBatteryCapacity=4956700
04-01 21:48:11.251  2539  2539 D KeyguardUpdateMonitor: received broadcast android.intent.action.BATTERY_CHANGED
04-01 21:48:11.252  2862  2862 D NetworkSpeedTracker: receive actionandroid.intent.action.BATTERY_CHANGED
04-01 21:48:11.252  2862  2862 D NetworkSpeedTracker: onReceive ACTION_BATTERY_CHANGED mBatteryLevel = 37;mIsCharging =true
04-01 21:48:11.254  4115  4115 I BatteryInfoReceiver: ACTION_BATTERY_CHANGED
04-01 21:48:11.256  6036  6536 D PowerCheckerService: onBatteryChanged, mBatteryLevel = 37, status = 2, level = 37, plug = 2, scale = 100
04-01 21:48:11.260  2862  2862 D DeviceStatisticsService: chargerType=2 batteryLevel=37 totalBatteryCapacity=4956700
04-01 21:48:11.284  2539  2539 D KeyguardUpdateMonitor: received broadcast android.intent.action.BATTERY_CHANGED
04-01 21:48:11.284  2862  2862 D NetworkSpeedTracker: receive actionandroid.intent.action.BATTERY_CHANGED
04-01 21:48:11.284  2862  2862 D NetworkSpeedTracker: onReceive ACTION_BATTERY_CHANGED mBatteryLevel = 37;mIsCharging =true
04-01 21:48:11.286  4115  4115 I BatteryInfoReceiver: ACTION_BATTERY_CHANGED
04-01 21:48:11.288  6036  6536 D PowerCheckerService: onBatteryChanged, mBatteryLevel = 37, status = 2, level = 37, plug = 2, scale = 100
04-01 21:48:11.289  2862  2862 D DeviceStatisticsService: chargerType=2 batteryLevel=37 totalBatteryCapacity=4956700
04-01 21:48:11.295  2539  2539 D KeyguardUpdateMonitor: received broadcast android.intent.action.BATTERY_CHANGED
04-01 21:48:11.296  2862  2862 D NetworkSpeedTracker: receive actionandroid.intent.action.BATTERY_CHANGED
04-01 21:48:11.296  2862  2862 D NetworkSpeedTracker: onReceive ACTION_BATTERY_CHANGED mBatteryLevel = 37;mIsCharging =true
04-01 21:48:11.296  4115  4115 I BatteryInfoReceiver: ACTION_BATTERY_CHANGED
04-01 21:48:11.297  6036  6536 D PowerCheckerService: onBatteryChanged, mBatteryLevel = 37, status = 2, level = 37, plug = 2, scale = 100
04-01 21:48:11.299  2862  2862 D DeviceStatisticsService: chargerType=2 batteryLevel=37 totalBatteryCapacity=4956700
04-01 21:48:11.322  2539  2539 D KeyguardUpdateMonitor: received broadcast android.intent.action.BATTERY_CHANGED
04-01 21:48:11.322  2862  2862 D NetworkSpeedTracker: receive actionandroid.intent.action.BATTERY_CHANGED
04-01 21:48:11.322  2862  2862 D NetworkSpeedTracker: onReceive ACTION_BATTERY_CHANGED mBatteryLevel = 37;mIsCharging =true
04-01 21:48:11.324  4115  4115 I BatteryInfoReceiver: ACTION_BATTERY_CHANGED
04-01 21:48:11.325  6036  6536 D PowerCheckerService: onBatteryChanged, mBatteryLevel = 37, status = 2, level = 37, plug = 2, scale = 100
04-01 21:48:11.328  2862  2862 D DeviceStatisticsService: chargerType=2 batteryLevel=37 totalBatteryCapacity=4956700
04-01 21:48:11.335  2539  2539 D KeyguardUpdateMonitor: received broadcast android.intent.action.BATTERY_CHANGED
04-01 21:48:11.335  2862  2862 D NetworkSpeedTracker: receive actionandroid.intent.action.BATTERY_CHANGED
04-01 21:48:11.335  2862  2862 D NetworkSpeedTracker: onReceive ACTION_BATTERY_CHANGED mBatteryLevel = 37;mIsCharging =true
04-01 21:48:11.337  4115  4115 I BatteryInfoReceiver: ACTION_BATTERY_CHANGED
04-01 21:48:11.338  6036  6536 D PowerCheckerService: onBatteryChanged, mBatteryLevel = 37, status = 2, level = 37, plug = 2, scale = 100
04-01 21:48:11.341  2862  2862 D DeviceStatisticsService: chargerType=2 batteryLevel=37 totalBatteryCapacity=4956700
04-01 21:48:11.384  2539  2539 D KeyguardUpdateMonitor: received broadcast android.intent.action.BATTERY_CHANGED
04-01 21:48:11.385  2862  2862 D NetworkSpeedTracker: receive actionandroid.intent.action.BATTERY_CHANGED
04-01 21:48:11.386  2862  2862 D NetworkSpeedTracker: onReceive ACTION_BATTERY_CHANGED mBatteryLevel = 37;mIsCharging =true
04-01 21:48:11.387  4115  4115 I BatteryInfoReceiver: ACTION_BATTERY_CHANGED
04-01 21:48:11.390  6036  6536 D PowerCheckerService: onBatteryChanged, mBatteryLevel = 37, status = 2, level = 37, plug = 2, scale = 100
04-01 21:48:11.394  2862  2862 D DeviceStatisticsService: chargerType=2 batteryLevel=37 totalBatteryCapacity=4956700
04-01 21:48:11.403  2539  2539 D KeyguardUpdateMonitor: received broadcast android.intent.action.BATTERY_CHANGED
04-01 21:48:11.404  4115  4115 I BatteryInfoReceiver: ACTION_BATTERY_CHANGED
04-01 21:48:11.405  6036  6536 D PowerCheckerService: onBatteryChanged, mBatteryLevel = 37, status = 2, level = 37, plug = 2, scale = 100
04-01 21:48:11.405  2862  2862 D NetworkSpeedTracker: receive actionandroid.intent.action.BATTERY_CHANGED
04-01 21:48:11.405  2862  2862 D NetworkSpeedTracker: onReceive ACTION_BATTERY_CHANGED mBatteryLevel = 37;mIsCharging =true
04-01 21:48:11.413  2862  2862 D DeviceStatisticsService: chargerType=2 batteryLevel=37 totalBatteryCapacity=4956700
04-01 21:48:11.416  2862  2862 D NetworkSpeedTracker: receive actionandroid.intent.action.BATTERY_CHANGED
04-01 21:48:11.416  2862  2862 D NetworkSpeedTracker: onReceive ACTION_BATTERY_CHANGED mBatteryLevel = 37;mIsCharging =true
04-01 21:48:11.417  4115  4115 I BatteryInfoReceiver: ACTION_BATTERY_CHANGED
04-01 21:48:11.418  7646  7679 I appium  : channel read: POST /wd/hub/session/990abf69-c84d-42c6-ab46-ab211f360779/element
04-01 21:48:11.418  2539  2539 D KeyguardUpdateMonitor: received broadcast android.intent.action.BATTERY_CHANGED
04-01 21:48:11.419  6036  6536 D PowerCheckerService: onBatteryChanged, mBatteryLevel = 37, status = 2, level = 37, plug = 2, scale = 100
04-01 21:48:11.421  7646  7679 I appium  : FindElement command
04-01 21:48:11.427  7646  7679 I appium  : method: 'xpath', selector: '//android.widget.FrameLayout[1]/android.widget.FrameLayout[1]/android.widget.FrameLayout[1]/android.widget.LinearLayout[1]', contextId: ''
04-01 21:48:11.427  2862  2862 D DeviceStatisticsService: chargerType=2 batteryLevel=37 totalBatteryCapacity=4956700
04-01 21:48:11.427  7646  7679 I appium  : Waiting up to 10000ms for the device to idle
04-01 21:48:11.428  2539  2539 D KeyguardUpdateMonitor: received broadcast android.intent.action.BATTERY_CHANGED
04-01 21:48:11.429  2862  2862 D NetworkSpeedTracker: receive actionandroid.intent.action.BATTERY_CHANGED
04-01 21:48:11.429  2862  2862 D NetworkSpeedTracker: onReceive ACTION_BATTERY_CHANGED mBatteryLevel = 37;mIsCharging =true
04-01 21:48:11.429  7646  7679 I appium  : The following attributes will be included to the page source: []
04-01 21:48:11.429  4115  4115 I BatteryInfoReceiver: ACTION_BATTERY_CHANGED
04-01 21:48:11.430  6036  6536 D PowerCheckerService: onBatteryChanged, mBatteryLevel = 37, status = 2, level = 37, plug = 2, scale = 100
04-01 21:48:11.434  2862  2862 D DeviceStatisticsService: chargerType=2 batteryLevel=37 totalBatteryCapacity=4956700
04-01 21:48:11.438  6778  7915 I SocketReaderNew: SocketReader(168) continue
04-01 21:48:11.439  6778  7915 D MSF.C.NetConnTag: MsfCoreSocketReaderNew closeConn readError
04-01 21:48:11.439  6778  7915 D MSF.C.NetConnTag: conn is already closed on readError
04-01 21:48:11.439  6778  7915 W System.err: java.net.SocketException: Socket is closed
04-01 21:48:11.439  6778  7915 W System.err: 	at java.net.Socket.getSoTimeout(Socket.java:1196)
04-01 21:48:11.439  6778  7915 W System.err: 	at com.tencent.qphone.base.util.MsfSocketInputBuffer.isDataAvailable(P:71)
04-01 21:48:11.439  6778  7915 W System.err: 	at com.tencent.mobileqq.msf.core.net.m$b.run(P:478)
04-01 21:48:11.439  6778  7915 I SocketReaderNew: SocketReader(168) wait
