04-01 21:48:04.858  2862  2862 D DeviceStatisticsService: chargerType=2 batteryLevel=37 totalBatteryCapacity=4956700
04-01 21:48:04.861  2539  2539 D KeyguardUpdateMonitor: received broadcast android.intent.action.BATTERY_CHANGED
04-01 21:48:04.862  2862  2862 D NetworkSpeedTracker: receive actionandroid.intent.action.BATTERY_CHANGED
04-01 21:48:04.862  2862  2862 D NetworkSpeedTracker: onReceive ACTION_BATTERY_CHANGED mBatteryLevel = 37;mIsCharging =true
04-01 21:48:04.862  4115  4115 I BatteryInfoReceiver: ACTION_BATTERY_CHANGED
04-01 21:48:04.864  6036  6536 D PowerCheckerService: onBatteryChanged, mBatteryLevel = 37, status = 2, level = 37, plug = 2, scale = 100
04-01 21:48:04.866  2862  2862 D DeviceStatisticsService: chargerType=2 batteryLevel=37 totalBatteryCapacity=4956700
04-01 21:48:04.886  2539  2539 D KeyguardUpdateMonitor: received broadcast android.intent.action.BATTERY_CHANGED
04-01 21:48:04.887  2862  2862 D NetworkSpeedTracker: receive actionandroid.intent.action.BATTERY_CHANGED
04-01 21:48:04.887  2862  2862 D NetworkSpeedTracker: onReceive ACTION_BATTERY_CHANGED mBatteryLevel = 37;mIsCharging =true
04-01 21:48:04.889  4115  4115 I BatteryInfoReceiver: ACTION_BATTERY_CHANGED
04-01 21:48:04.889  6036  6536 D PowerCheckerService: onBatteryChanged, mBatteryLevel = 37, status = 2, level = 37, plug = 2, scale = 100
04-01 21:48:04.892  7646  7679 I appium  : channel read: POST /wd/hub/session/990abf69-c84d-42c6-ab46-ab211f360779/element
04-01 21:48:04.893  7646  7679 I appium  : FindElement command
04-01 21:48:04.895  7646  7679 I appium  : method: 'xpath', selector: '//android.widget.FrameLayout[1]/android.widget.FrameLayout[1]/android.widget.FrameLayout[1]/android.widget.LinearLayout[1]', contextId: ''
04-01 21:48:04.896  7646  7679 I appium  : Waiting up to 10000ms for the device to idle
04-01 21:48:04.901  2862  2862 D DeviceStatisticsService: chargerType=2 batteryLevel=37 totalBatteryCapacity=4956700
04-01 21:48:04.904  2539  2539 D KeyguardUpdateMonitor: received broadcast android.intent.action.BATTERY_CHANGED
04-01 21:48:04.905  2862  2862 D NetworkSpeedTracker: receive actionandroid.intent.action.BATTERY_CHANGED
04-01 21:48:04.905  2862  2862 D NetworkSpeedTracker: onReceive ACTION_BATTERY_CHANGED mBatteryLevel = 37;mIsCharging =true
04-01 21:48:04.905  4115  4115 I BatteryInfoReceiver: ACTION_BATTERY_CHANGED
04-01 21:48:04.907  7646  7679 I appium  : The following attributes will be included to the page source: []
04-01 21:48:04.907  6036  6536 D PowerCheckerService: onBatteryChanged, mBatteryLevel = 37, status = 2, level = 37, plug = 2, scale = 100
04-01 21:48:04.909  2862  2862 D DeviceStatisticsService: chargerType=2 batteryLevel=37 totalBatteryCapacity=4956700
04-01 21:48:04.932  2539  2539 D KeyguardUpdateMonitor: received broadcast android.intent.action.BATTERY_CHANGED
04-01 21:48:04.932  2862  2862 D NetworkSpeedTracker: receive actionandroid.intent.action.BATTERY_CHANGED
04-01 21:48:04.933  2862  2862 D NetworkSpeedTracker: onReceive ACTION_BATTERY_CHANGED mBatteryLevel = 37;mIsCharging =true
04-01 21:48:04.935  6036  6536 D PowerCheckerService: onBatteryChanged, mBatteryLevel = 37, status = 2, level = 37, plug = 2, scale = 100
04-01 21:48:04.936  2862  2862 D DeviceStatisticsService: chargerType=2 batteryLevel=37 totalBatteryCapacity=4956700
04-01 21:48:04.941  4115  4115 I BatteryInfoReceiver: ACTION_BATTERY_CHANGED
04-01 21:48:04.944  2539  2539 D KeyguardUpdateMonitor: received broadcast android.intent.action.BATTERY_CHANGED
04-01 21:48:04.944  2862  2862 D NetworkSpeedTracker: receive actionandroid.intent.action.BATTERY_CHANGED
04-01 21:48:04.944  2862  2862 D NetworkSpeedTracker: onReceive ACTION_BATTERY_CHANGED mBatteryLevel = 37;mIsCharging =true
04-01 21:48:04.946  6036  6536 D PowerCheckerService: onBatteryChanged, mBatteryLevel = 37, status = 2, level = 37, plug = 2, scale = 100
04-01 21:48:04.946  4115  4115 I BatteryInfoReceiver: ACTION_BATTERY_CHANGED
04-01 21:48:04.948  2862  2862 D DeviceStatisticsService: chargerType=2 batteryLevel=37 totalBatteryCapacity=4956700
04-01 21:48:04.973  2539  2539 D KeyguardUpdateMonitor: received broadcast android.intent.action.BATTERY_CHANGED
04-01 21:48:04.975  4115  4115 I BatteryInfoReceiver: ACTION_BATTERY_CHANGED
04-01 21:48:04.977  6036  6536 D PowerCheckerService: onBatteryChanged, mBatteryLevel = 37, status = 2, level = 37, plug = 2, scale = 100
04-01 21:48:04.978  2862  2862 D NetworkSpeedTracker: receive actionandroid.intent.action.BATTERY_CHANGED
04-01 21:48:04.979  2862  2862 D NetworkSpeedTracker: onReceive ACTION_BATTERY_CHANGED mBatteryLevel = 37;mIsCharging =true
04-01 21:48:04.980  2862  2862 D DeviceStatisticsService: chargerType=2 batteryLevel=37 totalBatteryCapacity=4956700
04-01 21:48:04.990  2539  2539 D KeyguardUpdateMonitor: received broadcast android.intent.action.BATTERY_CHANGED
04-01 21:48:04.991  2862  2862 D NetworkSpeedTracker: receive actionandroid.intent.action.BATTERY_CHANGED
04-01 21:48:04.991  2862  2862 D NetworkSpeedTracker: onReceive ACTION_BATTERY_CHANGED mBatteryLevel = 37;mIsCharging =true
04-01 21:48:04.993  4115  4115 I BatteryInfoReceiver: ACTION_BATTERY_CHANGED
04-01 21:48:04.994  6036  6536 D PowerCheckerService: onBatteryChanged, mBatteryLevel = 37, status = 2, level = 37, plug = 2, scale = 100
04-01 21:48:04.995  2862  2862 D DeviceStatisticsService: chargerType=2 batteryLevel=37 totalBatteryCapacity=4956700
04-01 21:48:05.019  2862  2862 D NetworkSpeedTracker: receive actionandroid.intent.action.BATTERY_CHANGED
04-01 21:48:05.019  2862  2862 D NetworkSpeedTracker: onReceive ACTION_BATTERY_CHANGED mBatteryLevel = 37;mIsCharging =true
04-01 21:48:05.019  2539  2539 D KeyguardUpdateMonitor: received broadcast android.intent.action.BATTERY_CHANGED
04-01 21:48:05.021  4115  4115 I BatteryInfoReceiver: ACTION_BATTERY_CHANGED
04-01 21:48:05.022  6036  6536 D PowerCheckerService: onBatteryChanged, mBatteryLevel = 37, status = 2, level = 37, plug = 2, scale = 100
04-01 21:48:05.026  2862  2862 D DeviceStatisticsService: chargerType=2 batteryLevel=37 totalBatteryCapacity=4956700
04-01 21:48:05.032  2539  2539 D KeyguardUpdateMonitor: received broadcast android.intent.action.BATTERY_CHANGED
04-01 21:48:05.033  2862  2862 D NetworkSpeedTracker: receive actionandroid.intent.action.BATTERY_CHANGED
04-01 21:48:05.033  2862  2862 D NetworkSpeedTracker: onReceive ACTION_BATTERY_CHANGED mBatteryLevel = 37;mIsCharging =true
04-01 21:48:05.035  4115  4115 I BatteryInfoReceiver: ACTION_BATTERY_CHANGED
04-01 21:48:05.036  6036  6536 D PowerCheckerService: onBatteryChanged, mBatteryLevel = 37, status = 2, level = 37, plug = 2, scale = 100
04-01 21:48:05.040  2862  2862 D DeviceStatisticsService: chargerType=2 batteryLevel=37 totalBatteryCapacity=4956700
04-01 21:48:05.070  2539  2539 D KeyguardUpdateMonitor: received broadcast android.intent.action.BATTERY_CHANGED
04-01 21:48:05.071  2862  2862 D NetworkSpeedTracker: receive actionandroid.intent.action.BATTERY_CHANGED
04-01 21:48:05.072  2862  2862 D NetworkSpeedTracker: onReceive ACTION_BATTERY_CHANGED mBatteryLevel = 37;mIsCharging =true
04-01 21:48:05.072  4115  4115 I BatteryInfoReceiver: ACTION_BATTERY_CHANGED
04-01 21:48:05.074  6036  6536 D PowerCheckerService: onBatteryChanged, mBatteryLevel = 37, status = 2, level = 37, plug = 2, scale = 100
04-01 21:48:05.077  2862  2862 D DeviceStatisticsService: chargerType=2 batteryLevel=37 totalBatteryCapacity=4956700
04-01 21:48:05.083  2862  2862 D NetworkSpeedTracker: receive actionandroid.intent.action.BATTERY_CHANGED
04-01 21:48:05.083  2862  2862 D NetworkSpeedTracker: onReceive ACTION_BATTERY_CHANGED mBatteryLevel = 37;mIsCharging =true
04-01 21:48:05.087  6036  6536 D PowerCheckerService: onBatteryChanged, mBatteryLevel = 37, status = 2, level = 37, plug = 2, scale = 100
04-01 21:48:05.087  2539  2539 D KeyguardUpdateMonitor: received broadcast android.intent.action.BATTERY_CHANGED
04-01 21:48:05.088  2862  2862 D DeviceStatisticsService: chargerType=2 batteryLevel=37 totalBatteryCapacity=4956700
04-01 21:48:05.089  4115  4115 I BatteryInfoReceiver: ACTION_BATTERY_CHANGED
04-01 21:48:05.107  2539  2539 D KeyguardUpdateMonitor: received broadcast android.intent.action.BATTERY_CHANGED
04-01 21:48:05.108  2862  2862 D NetworkSpeedTracker: receive actionandroid.intent.action.BATTERY_CHANGED
04-01 21:48:05.108  2862  2862 D NetworkSpeedTracker: onReceive ACTION_BATTERY_CHANGED mBatteryLevel = 37;mIsCharging =true
04-01 21:48:05.109  4115  4115 I BatteryInfoReceiver: ACTION_BATTERY_CHANGED
04-01 21:48:05.111  6036  6536 D PowerCheckerService: onBatteryChanged, mBatteryLevel = 37, status = 2, level = 37, plug = 2, scale = 100
04-01 21:48:05.123  2862  2862 D DeviceStatisticsService: chargerType=2 batteryLevel=37 totalBatteryCapacity=4956700
04-01 21:48:05.126  2539  2539 D KeyguardUpdateMonitor: received broadcast android.intent.action.BATTERY_CHANGED
04-01 21:48:05.126  2862  2862 D NetworkSpeedTracker: receive actionandroid.intent.action.BATTERY_CHANGED
04-01 21:48:05.126  2862  2862 D NetworkSpeedTracker: onReceive ACTION_BATTERY_CHANGED mBatteryLevel = 37;mIsCharging =true
04-01 21:48:05.128  4115  4115 I BatteryInfoReceiver: ACTION_BATTERY_CHANGED
04-01 21:48:05.129  6036  6536 D PowerCheckerService: onBatteryChanged, mBatteryLevel = 37, status = 2, level = 37, plug = 2, scale = 100
04-01 21:48:05.130  2862  2862 D DeviceStatisticsService: chargerType=2 batteryLevel=37 totalBatteryCapacity=4956700
04-01 21:48:05.144  7646  7679 I appium  : Took 2ms to retrieve 0 matches for '//android.widget.FrameLayout[1]/android.widget.FrameLayout[1]/android.widget.FrameLayout[1]/android.widget.LinearLayout[1]' XPath query
04-01 21:48:05.146  7646  7679 I appium  : AppiumResponse: {"sessionId":"990abf69-c84d-42c6-ab46-ab211f360779","value":{"error":"no such element","message":"An element could not be located on the page using the given search parameters","stacktrace":"io.appium.uiautomator2.common.exceptions.ElementNotFoundException: An element could not be located on the page using the given search parameters\n\tat io.appium.uiautomator2.handler.FindElement.findElement(FindElement.java:91)\n\tat io.appium.uiautomator2.handler.FindElement.safeHandle(FindElement.java:68)\n\tat io.appium.uiautomator2.handler.request.SafeRequestHandler.handle(SafeRequestHandler.java:41)\n\tat io.appium.uiautomator2.server.AppiumServlet.handleRequest(AppiumServlet.java:261)\n\tat io.appium.uiautomator2.server.AppiumServlet.handleHttpRequest(AppiumServlet.java:255)\n\tat io.appium.uiautomator2.http.ServerHandler.channelRead(ServerHandler.java:68)\n\tat io.netty.channel.AbstractChannelHandlerContext.invokeChannelRead(AbstractChannelHandlerContext.java:366)\n\tat io.netty.channel.AbstractChannelHandlerContext.invokeChannelRead(AbstractChannelHandlerContext.java:352)\n\tat io.netty.channel.AbstractChannelHandlerContext.fireChannelRead(AbstractChannelHandlerContext.java:345)\n\tat io.netty.handler.codec.MessageToMessageDecoder.channelRead(MessageToMessageDecoder.java:102)\n\tat io.netty.channel.AbstractChannelHandlerContext.invokeChannelRead(AbstractChannelHandlerContext.java:366)\n\tat io.netty.channel.AbstractChannelHandlerContext.invokeChannelRead(AbstractChannelHandlerContext.java:352)\n\tat io.netty.channel.AbstractChannelHandlerContext.fireChannelRead(AbstractChannelHandlerContext.java:345)\n\tat io.netty.channel.CombinedChannelDuplexHandler$DelegatingChannelHandlerContext.fireChannelRead(CombinedChannelDuplexHandler.java:435)\n\tat io.netty.handler.codec.ByteToMessageDecoder.fireChannelRead(ByteToMessageDecoder.java:293)\n\tat io.netty.handler.codec.ByteToMessageDecoder.channelRead(ByteToMessageDecoder.java:267)\n\tat io.netty.channel.CombinedChannelDuplexHandler.channelRead(CombinedChannelDuplexHandler.java:250)\n\tat io.netty.channel.AbstractChannelHandlerContext.invokeChannelRead(AbstractChannelHandlerContext.java:366)\n\tat io.netty.channel.AbstractChannelHandlerContext.invokeChannelRead(AbstractChannelHandlerContext.java:352)\n\tat io.netty.channel.AbstractChannelHandlerContext.fireChannelRead(AbstractChannelHandlerContext.java:345)\n\tat io.netty.handler.timeout.IdleStateHandler.channelRead(IdleStateHandler.java:266)\n\tat io.netty.channel.AbstractChannelHandlerContext.invokeChannelRead(AbstractChannelHandlerContext.java:366)\n\tat io.netty.channel.AbstractChannelHandlerContext.invokeChannelRead(AbstractChannelHandlerContext.java:352)\n\tat io.netty.channel.AbstractChannelHandlerContext.fireChannelRead(AbstractChannelHandlerContext.java:345)\n\tat io.netty.channel.DefaultChannelPipeline$HeadContext.channelRead(DefaultChannelPipeline.java:1294)\n\tat io.netty.channel.AbstractChannelHandlerContext.invokeChannelRead(AbstractChannelHandlerContext.java:366)\n\tat io.netty.channel.AbstractChannelHandlerContext.invokeChannelRead(AbstractChannelHandlerContext.java:352)\n\tat io.netty.channel.DefaultChannelPipeline.fireChannelRead(DefaultChannelPipeline.java:911)\n\tat io.netty.channel.nio.AbstractNioByteChannel$NioByteUnsafe.read(AbstractNioByteChannel.java:131)\n\tat io.netty.channel.nio.NioEventLoop.processSelectedKey(NioEventLoop.java:611)\n\tat io.netty.channel.nio.NioEventLoop.processSelectedKeysOptimized(NioEventLoop.java:552)\n\tat io.netty.channel.nio.NioEventLoop.processSelectedKeys(NioEventLoop.java:466)\n\tat io.netty.channel.nio.NioEventLoop.run(NioEventLoop.java:438)\n\tat io.netty.util.concurrent.SingleThreadEventExecutor$2.run(SingleThreadEventExecutor.java:140)\n\tat io.netty.util.concurrent.DefaultThreadFactory$DefaultRunnableDecorator.run(DefaultThreadFactory.java:144)\n\tat java.lang.Thread.run(Thread.java:919)\n"}}
04-01 21:48:05.161  2539  2539 D KeyguardUpdateMonitor: received broadcast android.intent.action.BATTERY_CHANGED
04-01 21:48:05.162  2862  2862 D NetworkSpeedTracker: receive actionandroid.intent.action.BATTERY_CHANGED
04-01 21:48:05.162  2862  2862 D NetworkSpeedTracker: onReceive ACTION_BATTERY_CHANGED mBatteryLevel = 37;mIsCharging =true
04-01 21:48:05.163  6036  6536 D PowerCheckerService: onBatteryChanged, mBatteryLevel = 37, status = 2, level = 37, plug = 2, scale = 100
04-01 21:48:05.166  4115  4115 I BatteryInfoReceiver: ACTION_BATTERY_CHANGED
04-01 21:48:05.168  2862  2862 D DeviceStatisticsService: chargerType=2 batteryLevel=37 totalBatteryCapacity=4956700
04-01 21:48:05.171  2539  2539 D KeyguardUpdateMonitor: received broadcast android.intent.action.BATTERY_CHANGED
04-01 21:48:05.172  2862  2862 D NetworkSpeedTracker: receive actionandroid.intent.action.BATTERY_CHANGED
04-01 21:48:05.172  2862  2862 D NetworkSpeedTracker: onReceive ACTION_BATTERY_CHANGED mBatteryLevel = 37;mIsCharging =true
04-01 21:48:05.173  4115  4115 I BatteryInfoReceiver: ACTION_BATTERY_CHANGED
04-01 21:48:05.173  6036  6536 D PowerCheckerService: onBatteryChanged, mBatteryLevel = 37, status = 2, level = 37, plug = 2, scale = 100
04-01 21:48:05.176  2862  2862 D DeviceStatisticsService: chargerType=2 batteryLevel=37 totalBatteryCapacity=4956700
04-01 21:48:05.198  2539  2539 D KeyguardUpdateMonitor: received broadcast android.intent.action.BATTERY_CHANGED
04-01 21:48:05.199  2862  2862 D NetworkSpeedTracker: receive actionandroid.intent.action.BATTERY_CHANGED
04-01 21:48:05.199  2862  2862 D NetworkSpeedTracker: onReceive ACTION_BATTERY_CHANGED mBatteryLevel = 37;mIsCharging =true
04-01 21:48:05.199  4115  4115 I BatteryInfoReceiver: ACTION_BATTERY_CHANGED
04-01 21:48:05.201  6036  6536 D PowerCheckerService: onBatteryChanged, mBatteryLevel = 37, status = 2, level = 37, plug = 2, scale = 100
04-01 21:48:05.212  2862  2862 D DeviceStatisticsService: chargerType=2 batteryLevel=37 totalBatteryCapacity=4956700
04-01 21:48:05.216  2539  2539 D KeyguardUpdateMonitor: received broadcast android.intent.action.BATTERY_CHANGED
04-01 21:48:05.217  2862  2862 D NetworkSpeedTracker: receive actionandroid.intent.action.BATTERY_CHANGED
04-01 21:48:05.217  2862  2862 D NetworkSpeedTracker: onReceive ACTION_BATTERY_CHANGED mBatteryLevel = 37;mIsCharging =true
04-01 21:48:05.218  4115  4115 I BatteryInfoReceiver: ACTION_BATTERY_CHANGED
04-01 21:48:05.219  6036  6536 D PowerCheckerService: onBatteryChanged, mBatteryLevel = 37, status = 2, level = 37, plug = 2, scale = 100
04-01 21:48:05.222  2862  2862 D DeviceStatisticsService: chargerType=2 batteryLevel=37 totalBatteryCapacity=4956700
04-01 21:48:05.243  2539  2539 D KeyguardUpdateMonitor: received broadcast android.intent.action.BATTERY_CHANGED
04-01 21:48:05.244  2862  2862 D NetworkSpeedTracker: receive actionandroid.intent.action.BATTERY_CHANGED
04-01 21:48:05.244  2862  2862 D NetworkSpeedTracker: onReceive ACTION_BATTERY_CHANGED mBatteryLevel = 37;mIsCharging =true
04-01 21:48:05.246  4115  4115 I BatteryInfoReceiver: ACTION_BATTERY_CHANGED
04-01 21:48:05.247  6036  6536 D PowerCheckerService: onBatteryChanged, mBatteryLevel = 37, status = 2, level = 37, plug = 2, scale = 100
04-01 21:48:05.258  2862  2862 D DeviceStatisticsService: chargerType=2 batteryLevel=37 totalBatteryCapacity=4956700
04-01 21:48:05.260  2539  2539 D KeyguardUpdateMonitor: received broadcast android.intent.action.BATTERY_CHANGED
04-01 21:48:05.261  2862  2862 D NetworkSpeedTracker: receive actionandroid.intent.action.BATTERY_CHANGED
04-01 21:48:05.261  2862  2862 D NetworkSpeedTracker: onReceive ACTION_BATTERY_CHANGED mBatteryLevel = 37;mIsCharging =true
04-01 21:48:05.262  4115  4115 I BatteryInfoReceiver: ACTION_BATTERY_CHANGED
04-01 21:48:05.263  6036  6536 D PowerCheckerService: onBatteryChanged, mBatteryLevel = 37, status = 2, level = 37, plug = 2, scale = 100
04-01 21:48:05.264  2862  2862 D DeviceStatisticsService: chargerType=2 batteryLevel=37 totalBatteryCapacity=4956700
04-01 21:48:05.287  2539  2539 D KeyguardUpdateMonitor: received broadcast android.intent.action.BATTERY_CHANGED
04-01 21:48:05.288  2862  2862 D NetworkSpeedTracker: receive actionandroid.intent.action.BATTERY_CHANGED
04-01 21:48:05.288  2862  2862 D NetworkSpeedTracker: onReceive ACTION_BATTERY_CHANGED mBatteryLevel = 37;mIsCharging =true
04-01 21:48:05.288  4115  4115 I BatteryInfoReceiver: ACTION_BATTERY_CHANGED
04-01 21:48:05.289  6036  6536 D PowerCheckerService: onBatteryChanged, mBatteryLevel = 37, status = 2, level = 37, plug = 2, scale = 100
04-01 21:48:05.292  2862  2862 D DeviceStatisticsService: chargerType=2 batteryLevel=37 totalBatteryCapacity=4956700
04-01 21:48:05.300  2539  2539 D KeyguardUpdateMonitor: received broadcast android.intent.action.BATTERY_CHANGED
04-01 21:48:05.300  2862  2862 D NetworkSpeedTracker: receive actionandroid.intent.action.BATTERY_CHANGED
04-01 21:48:05.300  2862  2862 D NetworkSpeedTracker: onReceive ACTION_BATTERY_CHANGED mBatteryLevel = 37;mIsCharging =true
04-01 21:48:05.301  4115  4115 I BatteryInfoReceiver: ACTION_BATTERY_CHANGED
04-01 21:48:05.302  6036  6536 D PowerCheckerService: onBatteryChanged, mBatteryLevel = 37, status = 2, level = 37, plug = 2, scale = 100
04-01 21:48:05.304  2862  2862 D DeviceStatisticsService: chargerType=2 batteryLevel=37 totalBatteryCapacity=4956700
04-01 21:48:05.330  2539  2539 D KeyguardUpdateMonitor: received broadcast android.intent.action.BATTERY_CHANGED
04-01 21:48:05.331  2862  2862 D NetworkSpeedTracker: receive actionandroid.intent.action.BATTERY_CHANGED
04-01 21:48:05.331  4115  4115 I BatteryInfoReceiver: ACTION_BATTERY_CHANGED
04-01 21:48:05.331  2862  2862 D NetworkSpeedTracker: onReceive ACTION_BATTERY_CHANGED mBatteryLevel = 37;mIsCharging =true
04-01 21:48:05.332  6036  6536 D PowerCheckerService: onBatteryChanged, mBatteryLevel = 37, status = 2, level = 37, plug = 2, scale = 100
04-01 21:48:05.336  2862  2862 D DeviceStatisticsService: chargerType=2 batteryLevel=37 totalBatteryCapacity=4956700
04-01 21:48:05.341  2539  2539 D KeyguardUpdateMonitor: received broadcast android.intent.action.BATTERY_CHANGED
04-01 21:48:05.341  2862  2862 D NetworkSpeedTracker: receive actionandroid.intent.action.BATTERY_CHANGED
04-01 21:48:05.341  2862  2862 D NetworkSpeedTracker: onReceive ACTION_BATTERY_CHANGED mBatteryLevel = 37;mIsCharging =true
04-01 21:48:05.342  4115  4115 I BatteryInfoReceiver: ACTION_BATTERY_CHANGED
04-01 21:48:05.344  6036  6536 D PowerCheckerService: onBatteryChanged, mBatteryLevel = 37, status = 2, level = 37, plug = 2, scale = 100
04-01 21:48:05.347  2862  2862 D DeviceStatisticsService: chargerType=2 batteryLevel=37 totalBatteryCapacity=4956700
04-01 21:48:05.374  2539  2539 D KeyguardUpdateMonitor: received broadcast android.intent.action.BATTERY_CHANGED
04-01 21:48:05.375  2862  2862 D NetworkSpeedTracker: receive actionandroid.intent.action.BATTERY_CHANGED
04-01 21:48:05.375  2862  2862 D NetworkSpeedTracker: onReceive ACTION_BATTERY_CHANGED mBatteryLevel = 37;mIsCharging =true
04-01 21:48:05.375  4115  4115 I BatteryInfoReceiver: ACTION_BATTERY_CHANGED
04-01 21:48:05.377  6036  6536 D PowerCheckerService: onBatteryChanged, mBatteryLevel = 37, status = 2, level = 37, plug = 2, scale = 100
04-01 21:48:05.379  2862  2862 D DeviceStatisticsService: chargerType=2 batteryLevel=37 totalBatteryCapacity=4956700
04-01 21:48:05.387  2539  2539 D KeyguardUpdateMonitor: received broadcast android.intent.action.BATTERY_CHANGED
04-01 21:48:05.387  2862  2862 D NetworkSpeedTracker: receive actionandroid.intent.action.BATTERY_CHANGED
04-01 21:48:05.387  2862  2862 D NetworkSpeedTracker: onReceive ACTION_BATTERY_CHANGED mBatteryLevel = 37;mIsCharging =true
04-01 21:48:05.388  4115  4115 I BatteryInfoReceiver: ACTION_BATTERY_CHANGED
04-01 21:48:05.390  2862  2862 D DeviceStatisticsService: chargerType=2 batteryLevel=37 totalBatteryCapacity=4956700
04-01 21:48:05.392  6036  6536 D PowerCheckerService: onBatteryChanged, mBatteryLevel = 37, status = 2, level = 37, plug = 2, scale = 100
04-01 21:48:05.418  2539  2539 D KeyguardUpdateMonitor: received broadcast android.intent.action.BATTERY_CHANGED
04-01 21:48:05.419  2862  2862 D NetworkSpeedTracker: receive actionandroid.intent.action.BATTERY_CHANGED
04-01 21:48:05.419  2862  2862 D NetworkSpeedTracker: onReceive ACTION_BATTERY_CHANGED mBatteryLevel = 37;mIsCharging =true
04-01 21:48:05.420  4115  4115 I BatteryInfoReceiver: ACTION_BATTERY_CHANGED
04-01 21:48:05.421  6036  6536 D PowerCheckerService: onBatteryChanged, mBatteryLevel = 37, status = 2, level = 37, plug = 2, scale = 100
04-01 21:48:05.428  4115  4115 I BatteryInfoReceiver: ACTION_BATTERY_CHANGED
04-01 21:48:05.428  2539  2539 D KeyguardUpdateMonitor: received broadcast android.intent.action.BATTERY_CHANGED
04-01 21:48:05.429  6036  6536 D PowerCheckerService: onBatteryChanged, mBatteryLevel = 37, status = 2, level = 37, plug = 2, scale = 100
04-01 21:48:05.436  2862  2862 D DeviceStatisticsService: chargerType=2 batteryLevel=37 totalBatteryCapacity=4956700
04-01 21:48:05.436  2862  2862 D NetworkSpeedTracker: receive actionandroid.intent.action.BATTERY_CHANGED
04-01 21:48:05.436  2862  2862 D NetworkSpeedTracker: onReceive ACTION_BATTERY_CHANGED mBatteryLevel = 37;mIsCharging =true
04-01 21:48:05.437  2862  2862 D DeviceStatisticsService: chargerType=2 batteryLevel=37 totalBatteryCapacity=4956700
04-01 21:48:05.467  2539  2539 D KeyguardUpdateMonitor: received broadcast android.intent.action.BATTERY_CHANGED
04-01 21:48:05.467  2862  2862 D NetworkSpeedTracker: receive actionandroid.intent.action.BATTERY_CHANGED
04-01 21:48:05.468  2862  2862 D NetworkSpeedTracker: onReceive ACTION_BATTERY_CHANGED mBatteryLevel = 37;mIsCharging =true
04-01 21:48:05.469  4115  4115 I BatteryInfoReceiver: ACTION_BATTERY_CHANGED
04-01 21:48:05.471  6036  6536 D PowerCheckerService: onBatteryChanged, mBatteryLevel = 37, status = 2, level = 37, plug = 2, scale = 100
04-01 21:48:05.479  2539  2539 D KeyguardUpdateMonitor: received broadcast android.intent.action.BATTERY_CHANGED
04-01 21:48:05.479  4115  4115 I BatteryInfoReceiver: ACTION_BATTERY_CHANGED
04-01 21:48:05.480  2862  2862 D DeviceStatisticsService: chargerType=2 batteryLevel=37 totalBatteryCapacity=4956700
04-01 21:48:05.480  2862  2862 D NetworkSpeedTracker: receive actionandroid.intent.action.BATTERY_CHANGED
04-01 21:48:05.480  2862  2862 D NetworkSpeedTracker: onReceive ACTION_BATTERY_CHANGED mBatteryLevel = 37;mIsCharging =true
04-01 21:48:05.480  6036  6536 D PowerCheckerService: onBatteryChanged, mBatteryLevel = 37, status = 2, level = 37, plug = 2, scale = 100
04-01 21:48:05.483  2862  2862 D DeviceStatisticsService: chargerType=2 batteryLevel=37 totalBatteryCapacity=4956700
04-01 21:48:05.507  2539  2539 D KeyguardUpdateMonitor: received broadcast android.intent.action.BATTERY_CHANGED
04-01 21:48:05.507  2862  2862 D NetworkSpeedTracker: receive actionandroid.intent.action.BATTERY_CHANGED
04-01 21:48:05.508  2862  2862 D NetworkSpeedTracker: onReceive ACTION_BATTERY_CHANGED mBatteryLevel = 37;mIsCharging =true
04-01 21:48:05.509  4115  4115 I BatteryInfoReceiver: ACTION_BATTERY_CHANGED
04-01 21:48:05.510  6036  6536 D PowerCheckerService: onBatteryChanged, mBatteryLevel = 37, status = 2, level = 37, plug = 2, scale = 100
04-01 21:48:05.523  2862  2862 D DeviceStatisticsService: chargerType=2 batteryLevel=37 totalBatteryCapacity=4956700
04-01 21:48:05.525  2539  2539 D KeyguardUpdateMonitor: received broadcast android.intent.action.BATTERY_CHANGED
04-01 21:48:05.526  2862  2862 D NetworkSpeedTracker: receive actionandroid.intent.action.BATTERY_CHANGED
04-01 21:48:05.526  2862  2862 D NetworkSpeedTracker: onReceive ACTION_BATTERY_CHANGED mBatteryLevel = 37;mIsCharging =true
04-01 21:48:05.527  4115  4115 I BatteryInfoReceiver: ACTION_BATTERY_CHANGED
04-01 21:48:05.528  6036  6536 D PowerCheckerService: onBatteryChanged, mBatteryLevel = 37, status = 2, level = 37, plug = 2, scale = 100
04-01 21:48:05.531  2862  2862 D DeviceStatisticsService: chargerType=2 batteryLevel=37 totalBatteryCapacity=4956700
04-01 21:48:05.556  2539  2539 D SignalClusterView: updateMobileTypeImage  0
04-01 21:48:05.560   796   796 W health@2.0-serv: type=1400 audit(0.0:1037867): avc: denied { read } for name="type" dev="sysfs" ino=55635 scontext=u:r:hal_health_default:s0 tcontext=u:object_r:sysfs:s0 tclass=file permissive=0
04-01 21:48:05.568  2862  2862 D NetworkSpeedTracker: receive actionandroid.intent.action.BATTERY_CHANGED
04-01 21:48:05.568  2862  2862 D NetworkSpeedTracker: onReceive ACTION_BATTERY_CHANGED mBatteryLevel = 37;mIsCharging =true
04-01 21:48:05.564   796   796 W health@2.0-serv: type=1400 audit(0.0:1037868): avc: denied { read } for name="type" dev="sysfs" ino=55635 scontext=u:r:hal_health_default:s0 tcontext=u:object_r:sysfs:s0 tclass=file permissive=0
04-01 21:48:05.570  4115  4115 I BatteryInfoReceiver: ACTION_BATTERY_CHANGED
04-01 21:48:05.573  6036  6536 D PowerCheckerService: onBatteryChanged, mBatteryLevel = 37, status = 2, level = 37, plug = 2, scale = 100
04-01 21:48:05.575  2862  2862 D DeviceStatisticsService: chargerType=2 batteryLevel=37 totalBatteryCapacity=4956700
04-01 21:48:05.578  2539  2539 D KeyguardUpdateMonitor: received broadcast android.intent.action.BATTERY_CHANGED
04-01 21:48:05.582  2539  2539 D KeyguardUpdateMonitor: received broadcast android.intent.action.BATTERY_CHANGED
04-01 21:48:05.583  2862  2862 D NetworkSpeedTracker: receive actionandroid.intent.action.BATTERY_CHANGED
04-01 21:48:05.584  2862  2862 D NetworkSpeedTracker: onReceive ACTION_BATTERY_CHANGED mBatteryLevel = 37;mIsCharging =true
04-01 21:48:05.585  4115  4115 I BatteryInfoReceiver: ACTION_BATTERY_CHANGED
04-01 21:48:05.588  6036  6536 D PowerCheckerService: onBatteryChanged, mBatteryLevel = 37, status = 2, level = 37, plug = 2, scale = 100
04-01 21:48:05.596   796   796 W health@2.0-serv: type=1400 audit(0.0:1037869): avc: denied { read } for name="type" dev="sysfs" ino=55635 scontext=u:r:hal_health_default:s0 tcontext=u:object_r:sysfs:s0 tclass=file permissive=0
04-01 21:48:05.600  2862  2862 D DeviceStatisticsService: chargerType=2 batteryLevel=37 totalBatteryCapacity=4956700
04-01 21:48:05.603  2539  2539 D KeyguardUpdateMonitor: received broadcast android.intent.action.BATTERY_CHANGED
04-01 21:48:05.604  2862  2862 D NetworkSpeedTracker: receive actionandroid.intent.action.BATTERY_CHANGED
04-01 21:48:05.604  2862  2862 D NetworkSpeedTracker: onReceive ACTION_BATTERY_CHANGED mBatteryLevel = 37;mIsCharging =true
04-01 21:48:05.605  4115  4115 I BatteryInfoReceiver: ACTION_BATTERY_CHANGED
04-01 21:48:05.604   796   796 W health@2.0-serv: type=1400 audit(0.0:1037870): avc: denied { read } for name="type" dev="sysfs" ino=55635 scontext=u:r:hal_health_default:s0 tcontext=u:object_r:sysfs:s0 tclass=file permissive=0
04-01 21:48:05.606  6036  6536 D PowerCheckerService: onBatteryChanged, mBatteryLevel = 37, status = 2, level = 37, plug = 2, scale = 100
04-01 21:48:05.612  2539  2539 D KeyguardUpdateMonitor: received broadcast android.intent.action.BATTERY_CHANGED
04-01 21:48:05.612  2862  2862 D DeviceStatisticsService: chargerType=2 batteryLevel=37 totalBatteryCapacity=4956700
04-01 21:48:05.613  2862  2862 D NetworkSpeedTracker: receive actionandroid.intent.action.BATTERY_CHANGED
04-01 21:48:05.613  2862  2862 D NetworkSpeedTracker: onReceive ACTION_BATTERY_CHANGED mBatteryLevel = 37;mIsCharging =true
04-01 21:48:05.614  4115  4115 I BatteryInfoReceiver: ACTION_BATTERY_CHANGED
04-01 21:48:05.614  6036  6536 D PowerCheckerService: onBatteryChanged, mBatteryLevel = 37, status = 2, level = 37, plug = 2, scale = 100
04-01 21:48:05.616  2862  2862 D DeviceStatisticsService: chargerType=2 batteryLevel=37 totalBatteryCapacity=4956700
04-01 21:48:05.632   796   796 W health@2.0-serv: type=1400 audit(0.0:1037871): avc: denied { read } for name="type" dev="sysfs" ino=55635 scontext=u:r:hal_health_default:s0 tcontext=u:object_r:sysfs:s0 tclass=file permissive=0
04-01 21:48:05.642  2539  2539 D KeyguardUpdateMonitor: received broadcast android.intent.action.BATTERY_CHANGED
04-01 21:48:05.643  2862  2862 D NetworkSpeedTracker: receive actionandroid.intent.action.BATTERY_CHANGED
04-01 21:48:05.643  2862  2862 D NetworkSpeedTracker: onReceive ACTION_BATTERY_CHANGED mBatteryLevel = 37;mIsCharging =true
04-01 21:48:05.644  4115  4115 I BatteryInfoReceiver: ACTION_BATTERY_CHANGED
04-01 21:48:05.647  6036  6536 D PowerCheckerService: onBatteryChanged, mBatteryLevel = 37, status = 2, level = 37, plug = 2, scale = 100
04-01 21:48:05.659  7646  7679 I appium  : channel read: POST /wd/hub/session/990abf69-c84d-42c6-ab46-ab211f360779/element
04-01 21:48:05.660  7646  7679 I appium  : FindElement command
04-01 21:48:05.660  2862  2862 D DeviceStatisticsService: chargerType=2 batteryLevel=37 totalBatteryCapacity=4956700
04-01 21:48:05.662  7646  7679 I appium  : method: 'xpath', selector: '//android.widget.FrameLayout[1]/android.widget.FrameLayout[1]/android.widget.FrameLayout[1]/android.widget.LinearLayout[1]', contextId: ''
04-01 21:48:05.662  7646  7679 I appium  : Waiting up to 10000ms for the device to idle
04-01 21:48:05.663  2539  2539 D KeyguardUpdateMonitor: received broadcast android.intent.action.BATTERY_CHANGED
04-01 21:48:05.664  2862  2862 D NetworkSpeedTracker: receive actionandroid.intent.action.BATTERY_CHANGED
04-01 21:48:05.664  2862  2862 D NetworkSpeedTracker: onReceive ACTION_BATTERY_CHANGED mBatteryLevel = 37;mIsCharging =true
04-01 21:48:05.664  4115  4115 I BatteryInfoReceiver: ACTION_BATTERY_CHANGED
04-01 21:48:05.666  6036  6536 D PowerCheckerService: onBatteryChanged, mBatteryLevel = 37, status = 2, level = 37, plug = 2, scale = 100
04-01 21:48:05.671  2862  2862 D DeviceStatisticsService: chargerType=2 batteryLevel=37 totalBatteryCapacity=4956700
04-01 21:48:05.686  2539  2539 D KeyguardUpdateMonitor: received broadcast android.intent.action.BATTERY_CHANGED
04-01 21:48:05.687  2862  2862 D NetworkSpeedTracker: receive actionandroid.intent.action.BATTERY_CHANGED
04-01 21:48:05.687  2862  2862 D NetworkSpeedTracker: onReceive ACTION_BATTERY_CHANGED mBatteryLevel = 37;mIsCharging =true
04-01 21:48:05.689  4115  4115 I BatteryInfoReceiver: ACTION_BATTERY_CHANGED
04-01 21:48:05.689  6036  6536 D PowerCheckerService: onBatteryChanged, mBatteryLevel = 37, status = 2, level = 37, plug = 2, scale = 100
04-01 21:48:05.691  2862  2862 D DeviceStatisticsService: chargerType=2 batteryLevel=37 totalBatteryCapacity=4956700
04-01 21:48:05.699  2539  2539 D KeyguardUpdateMonitor: received broadcast android.intent.action.BATTERY_CHANGED
04-01 21:48:05.699  2862  2862 D NetworkSpeedTracker: receive actionandroid.intent.action.BATTERY_CHANGED
04-01 21:48:05.700  2862  2862 D NetworkSpeedTracker: onReceive ACTION_BATTERY_CHANGED mBatteryLevel = 37;mIsCharging =true
04-01 21:48:05.701  4115  4115 I BatteryInfoReceiver: ACTION_BATTERY_CHANGED
04-01 21:48:05.701  6036  6536 D PowerCheckerService: onBatteryChanged, mBatteryLevel = 37, status = 2, level = 37, plug = 2, scale = 100
04-01 21:48:05.703  2862  2862 D DeviceStatisticsService: chargerType=2 batteryLevel=37 totalBatteryCapacity=4956700
04-01 21:48:05.729  2539  2539 D KeyguardUpdateMonitor: received broadcast android.intent.action.BATTERY_CHANGED
04-01 21:48:05.730  2862  2862 D NetworkSpeedTracker: receive actionandroid.intent.action.BATTERY_CHANGED
04-01 21:48:05.730  2862  2862 D NetworkSpeedTracker: onReceive ACTION_BATTERY_CHANGED mBatteryLevel = 37;mIsCharging =true
04-01 21:48:05.733  4115  4115 I BatteryInfoReceiver: ACTION_BATTERY_CHANGED
04-01 21:48:05.733  6036  6536 D PowerCheckerService: onBatteryChanged, mBatteryLevel = 37, status = 2, level = 37, plug = 2, scale = 100
04-01 21:48:05.741  2862  2862 D DeviceStatisticsService: chargerType=2 batteryLevel=37 totalBatteryCapacity=4956700
04-01 21:48:05.743  1571  2434 D NtpTrustedTime: currentTimeMillis() cache hit
04-01 21:48:05.744  2539  2539 D KeyguardUpdateMonitor: received broadcast android.intent.action.BATTERY_CHANGED
04-01 21:48:05.744   677  2633 I netd    : trafficSwapActiveStatsMap() <0.62ms>
04-01 21:48:05.744  2862  2862 D NetworkSpeedTracker: receive actionandroid.intent.action.BATTERY_CHANGED
04-01 21:48:05.744  2862  2862 D NetworkSpeedTracker: onReceive ACTION_BATTERY_CHANGED mBatteryLevel = 37;mIsCharging =true
04-01 21:48:05.745  4115  4115 I BatteryInfoReceiver: ACTION_BATTERY_CHANGED
04-01 21:48:05.746  6036  6536 D PowerCheckerService: onBatteryChanged, mBatteryLevel = 37, status = 2, level = 37, plug = 2, scale = 100
04-01 21:48:05.748  2862  2862 D DeviceStatisticsService: chargerType=2 batteryLevel=37 totalBatteryCapacity=4956700
04-01 21:48:05.752   677  2633 I netd    : tetherGetStats() <1.22ms>
04-01 21:48:05.760  1571  2434 D NtpTrustedTime: currentTimeMillis() cache hit
04-01 21:48:05.763   677  2633 I netd    : bandwidthSetGlobalAlert(131072) <0.25ms>
04-01 21:48:05.763  4115  5747 I TrafficManageService: mina mTrafficStatsReceiver onReceive
04-01 21:48:05.774  2539  2539 D KeyguardUpdateMonitor: received broadcast android.intent.action.BATTERY_CHANGED
04-01 21:48:05.775  2862  2862 D NetworkSpeedTracker: receive actionandroid.intent.action.BATTERY_CHANGED
04-01 21:48:05.775  2862  2862 D NetworkSpeedTracker: onReceive ACTION_BATTERY_CHANGED mBatteryLevel = 37;mIsCharging =true
04-01 21:48:05.776  4115  4115 I BatteryInfoReceiver: ACTION_BATTERY_CHANGED
04-01 21:48:05.777  6036  6536 D PowerCheckerService: onBatteryChanged, mBatteryLevel = 37, status = 2, level = 37, plug = 2, scale = 100
04-01 21:48:05.779  2862  2862 D DeviceStatisticsService: chargerType=2 batteryLevel=37 totalBatteryCapacity=4956700
04-01 21:48:05.785  2539  2539 D KeyguardUpdateMonitor: received broadcast android.intent.action.BATTERY_CHANGED
04-01 21:48:05.785  2862  2862 D NetworkSpeedTracker: receive actionandroid.intent.action.BATTERY_CHANGED
04-01 21:48:05.786  2862  2862 D NetworkSpeedTracker: onReceive ACTION_BATTERY_CHANGED mBatteryLevel = 37;mIsCharging =true
04-01 21:48:05.786  4115  4115 I BatteryInfoReceiver: ACTION_BATTERY_CHANGED
04-01 21:48:05.787  6036  6536 D PowerCheckerService: onBatteryChanged, mBatteryLevel = 37, status = 2, level = 37, plug = 2, scale = 100
04-01 21:48:05.788  2862  2862 D DeviceStatisticsService: chargerType=2 batteryLevel=37 totalBatteryCapacity=4956700
04-01 21:48:05.817  2539  2539 D KeyguardUpdateMonitor: received broadcast android.intent.action.BATTERY_CHANGED
04-01 21:48:05.818  2862  2862 D NetworkSpeedTracker: receive actionandroid.intent.action.BATTERY_CHANGED
04-01 21:48:05.818  2862  2862 D NetworkSpeedTracker: onReceive ACTION_BATTERY_CHANGED mBatteryLevel = 37;mIsCharging =true
04-01 21:48:05.819  4115  4115 I BatteryInfoReceiver: ACTION_BATTERY_CHANGED
04-01 21:48:05.820  6036  6536 D PowerCheckerService: onBatteryChanged, mBatteryLevel = 37, status = 2, level = 37, plug = 2, scale = 100
04-01 21:48:05.822  2862  2862 D DeviceStatisticsService: chargerType=2 batteryLevel=37 totalBatteryCapacity=4956700
04-01 21:48:05.836  2539  2539 D KeyguardUpdateMonitor: received broadcast android.intent.action.BATTERY_CHANGED
04-01 21:48:05.836  2862  2862 D NetworkSpeedTracker: receive actionandroid.intent.action.BATTERY_CHANGED
04-01 21:48:05.837  2862  2862 D NetworkSpeedTracker: onReceive ACTION_BATTERY_CHANGED mBatteryLevel = 37;mIsCharging =true
04-01 21:48:05.837  4115  4115 I BatteryInfoReceiver: ACTION_BATTERY_CHANGED
04-01 21:48:05.838  6036  6536 D PowerCheckerService: onBatteryChanged, mBatteryLevel = 37, status = 2, level = 37, plug = 2, scale = 100
04-01 21:48:05.844  2862  2862 D DeviceStatisticsService: chargerType=2 batteryLevel=37 totalBatteryCapacity=4956700
04-01 21:48:05.865  2539  2539 D KeyguardUpdateMonitor: received broadcast android.intent.action.BATTERY_CHANGED
04-01 21:48:05.866  2862  2862 D NetworkSpeedTracker: receive actionandroid.intent.action.BATTERY_CHANGED
04-01 21:48:05.866  2862  2862 D NetworkSpeedTracker: onReceive ACTION_BATTERY_CHANGED mBatteryLevel = 37;mIsCharging =true
04-01 21:48:05.867  4115  4115 I BatteryInfoReceiver: ACTION_BATTERY_CHANGED
04-01 21:48:05.868  6036  6536 D PowerCheckerService: onBatteryChanged, mBatteryLevel = 37, status = 2, level = 37, plug = 2, scale = 100
04-01 21:48:05.875  2862  2862 D DeviceStatisticsService: chargerType=2 batteryLevel=37 totalBatteryCapacity=4956700
04-01 21:48:05.878  2539  2539 D KeyguardUpdateMonitor: received broadcast android.intent.action.BATTERY_CHANGED
04-01 21:48:05.879  2862  2862 D NetworkSpeedTracker: receive actionandroid.intent.action.BATTERY_CHANGED
04-01 21:48:05.879  2862  2862 D NetworkSpeedTracker: onReceive ACTION_BATTERY_CHANGED mBatteryLevel = 37;mIsCharging =true
04-01 21:48:05.881  4115  4115 I BatteryInfoReceiver: ACTION_BATTERY_CHANGED
04-01 21:48:05.882  6036  6536 D PowerCheckerService: onBatteryChanged, mBatteryLevel = 37, status = 2, level = 37, plug = 2, scale = 100
04-01 21:48:05.884  2862  2862 D DeviceStatisticsService: chargerType=2 batteryLevel=37 totalBatteryCapacity=4956700
04-01 21:48:05.906  2539  2539 D KeyguardUpdateMonitor: received broadcast android.intent.action.BATTERY_CHANGED
04-01 21:48:05.906  2862  2862 D NetworkSpeedTracker: receive actionandroid.intent.action.BATTERY_CHANGED
04-01 21:48:05.906  2862  2862 D NetworkSpeedTracker: onReceive ACTION_BATTERY_CHANGED mBatteryLevel = 37;mIsCharging =true
04-01 21:48:05.907  4115  4115 I BatteryInfoReceiver: ACTION_BATTERY_CHANGED
04-01 21:48:05.908  6036  6536 D PowerCheckerService: onBatteryChanged, mBatteryLevel = 37, status = 2, level = 37, plug = 2, scale = 100
04-01 21:48:05.912  2862  2862 D DeviceStatisticsService: chargerType=2 batteryLevel=37 totalBatteryCapacity=4956700
04-01 21:48:05.919  2539  2539 D KeyguardUpdateMonitor: received broadcast android.intent.action.BATTERY_CHANGED
04-01 21:48:05.920  2862  2862 D NetworkSpeedTracker: receive actionandroid.intent.action.BATTERY_CHANGED
04-01 21:48:05.920  2862  2862 D NetworkSpeedTracker: onReceive ACTION_BATTERY_CHANGED mBatteryLevel = 37;mIsCharging =true
04-01 21:48:05.921  4115  4115 I BatteryInfoReceiver: ACTION_BATTERY_CHANGED
04-01 21:48:05.921  6036  6536 D PowerCheckerService: onBatteryChanged, mBatteryLevel = 37, status = 2, level = 37, plug = 2, scale = 100
04-01 21:48:05.925  2862  2862 D DeviceStatisticsService: chargerType=2 batteryLevel=37 totalBatteryCapacity=4956700
04-01 21:48:05.966  2539  2539 D KeyguardUpdateMonitor: received broadcast android.intent.action.BATTERY_CHANGED
04-01 21:48:05.968  2862  2862 D NetworkSpeedTracker: receive actionandroid.intent.action.BATTERY_CHANGED
04-01 21:48:05.968  2862  2862 D NetworkSpeedTracker: onReceive ACTION_BATTERY_CHANGED mBatteryLevel = 37;mIsCharging =true
04-01 21:48:05.970  4115  4115 I BatteryInfoReceiver: ACTION_BATTERY_CHANGED
04-01 21:48:05.972  6036  6536 D PowerCheckerService: onBatteryChanged, mBatteryLevel = 37, status = 2, level = 37, plug = 2, scale = 100
04-01 21:48:05.976  2862  2862 D DeviceStatisticsService: chargerType=2 batteryLevel=37 totalBatteryCapacity=4956700
04-01 21:48:05.987  2539  2539 D KeyguardUpdateMonitor: received broadcast android.intent.action.BATTERY_CHANGED
04-01 21:48:05.988  2862  2862 D NetworkSpeedTracker: receive actionandroid.intent.action.BATTERY_CHANGED
04-01 21:48:05.988  2862  2862 D NetworkSpeedTracker: onReceive ACTION_BATTERY_CHANGED mBatteryLevel = 37;mIsCharging =true
04-01 21:48:05.993  4115  4115 I BatteryInfoReceiver: ACTION_BATTERY_CHANGED
04-01 21:48:05.993  6036  6536 D PowerCheckerService: onBatteryChanged, mBatteryLevel = 37, status = 2, level = 37, plug = 2, scale = 100
04-01 21:48:05.999  2862  2862 D DeviceStatisticsService: chargerType=2 batteryLevel=37 totalBatteryCapacity=4956700
04-01 21:48:06.003  2539  2539 D KeyguardUpdateMonitor: received broadcast android.intent.action.BATTERY_CHANGED
04-01 21:48:06.003  2862  2862 D NetworkSpeedTracker: receive actionandroid.intent.action.BATTERY_CHANGED
04-01 21:48:06.003  2862  2862 D NetworkSpeedTracker: onReceive ACTION_BATTERY_CHANGED mBatteryLevel = 37;mIsCharging =true
04-01 21:48:06.004  4115  4115 I BatteryInfoReceiver: ACTION_BATTERY_CHANGED
04-01 21:48:06.006  6036  6536 D PowerCheckerService: onBatteryChanged, mBatteryLevel = 37, status = 2, level = 37, plug = 2, scale = 100
04-01 21:48:06.012  2862  2862 D DeviceStatisticsService: chargerType=2 batteryLevel=37 totalBatteryCapacity=4956700
04-01 21:48:06.014  2539  2539 D KeyguardUpdateMonitor: received broadcast android.intent.action.BATTERY_CHANGED
04-01 21:48:06.014  2862  2862 D NetworkSpeedTracker: receive actionandroid.intent.action.BATTERY_CHANGED
04-01 21:48:06.014  2862  2862 D NetworkSpeedTracker: onReceive ACTION_BATTERY_CHANGED mBatteryLevel = 37;mIsCharging =true
04-01 21:48:06.015  4115  4115 I BatteryInfoReceiver: ACTION_BATTERY_CHANGED
04-01 21:48:06.015  6036  6536 D PowerCheckerService: onBatteryChanged, mBatteryLevel = 37, status = 2, level = 37, plug = 2, scale = 100
04-01 21:48:06.019  2862  2862 D DeviceStatisticsService: chargerType=2 batteryLevel=37 totalBatteryCapacity=4956700
04-01 21:48:06.037  2539  2539 D KeyguardUpdateMonitor: received broadcast android.intent.action.BATTERY_CHANGED
04-01 21:48:06.038  2862  2862 D NetworkSpeedTracker: receive actionandroid.intent.action.BATTERY_CHANGED
04-01 21:48:06.038  2862  2862 D NetworkSpeedTracker: onReceive ACTION_BATTERY_CHANGED mBatteryLevel = 37;mIsCharging =true
04-01 21:48:06.038  4115  4115 I BatteryInfoReceiver: ACTION_BATTERY_CHANGED
04-01 21:48:06.039  6036  6536 D PowerCheckerService: onBatteryChanged, mBatteryLevel = 37, status = 2, level = 37, plug = 2, scale = 100
04-01 21:48:06.045  2862  2862 D DeviceStatisticsService: chargerType=2 batteryLevel=37 totalBatteryCapacity=4956700
04-01 21:48:06.047  2539  2539 D KeyguardUpdateMonitor: received broadcast android.intent.action.BATTERY_CHANGED
04-01 21:48:06.047  2862  2862 D NetworkSpeedTracker: receive actionandroid.intent.action.BATTERY_CHANGED
04-01 21:48:06.047  2862  2862 D NetworkSpeedTracker: onReceive ACTION_BATTERY_CHANGED mBatteryLevel = 37;mIsCharging =true
04-01 21:48:06.048  4115  4115 I BatteryInfoReceiver: ACTION_BATTERY_CHANGED
04-01 21:48:06.049  6036  6536 D PowerCheckerService: onBatteryChanged, mBatteryLevel = 37, status = 2, level = 37, plug = 2, scale = 100
04-01 21:48:06.053  2862  2862 D DeviceStatisticsService: chargerType=2 batteryLevel=37 totalBatteryCapacity=4956700
04-01 21:48:06.082  2539  2539 D KeyguardUpdateMonitor: received broadcast android.intent.action.BATTERY_CHANGED
04-01 21:48:06.082  2862  2862 D NetworkSpeedTracker: receive actionandroid.intent.action.BATTERY_CHANGED
04-01 21:48:06.082  2862  2862 D NetworkSpeedTracker: onReceive ACTION_BATTERY_CHANGED mBatteryLevel = 37;mIsCharging =true
04-01 21:48:06.083  4115  4115 I BatteryInfoReceiver: ACTION_BATTERY_CHANGED
04-01 21:48:06.084  6036  6536 D PowerCheckerService: onBatteryChanged, mBatteryLevel = 37, status = 2, level = 37, plug = 2, scale = 100
04-01 21:48:06.090  2862  2862 D DeviceStatisticsService: chargerType=2 batteryLevel=37 totalBatteryCapacity=4956700
04-01 21:48:06.092  2539  2539 D KeyguardUpdateMonitor: received broadcast android.intent.action.BATTERY_CHANGED
04-01 21:48:06.094  2862  2862 D NetworkSpeedTracker: receive actionandroid.intent.action.BATTERY_CHANGED
04-01 21:48:06.094  2862  2862 D NetworkSpeedTracker: onReceive ACTION_BATTERY_CHANGED mBatteryLevel = 37;mIsCharging =true
04-01 21:48:06.094  4115  4115 I BatteryInfoReceiver: ACTION_BATTERY_CHANGED
04-01 21:48:06.095  6036  6536 D PowerCheckerService: onBatteryChanged, mBatteryLevel = 37, status = 2, level = 37, plug = 2, scale = 100
04-01 21:48:06.097  2862  2862 D DeviceStatisticsService: chargerType=2 batteryLevel=37 totalBatteryCapacity=4956700
04-01 21:48:06.128  2539  2539 D KeyguardUpdateMonitor: received broadcast android.intent.action.BATTERY_CHANGED
04-01 21:48:06.128  2862  2862 D NetworkSpeedTracker: receive actionandroid.intent.action.BATTERY_CHANGED
04-01 21:48:06.128  2862  2862 D NetworkSpeedTracker: onReceive ACTION_BATTERY_CHANGED mBatteryLevel = 37;mIsCharging =true
04-01 21:48:06.129  4115  4115 I BatteryInfoReceiver: ACTION_BATTERY_CHANGED
04-01 21:48:06.130  6036  6536 D PowerCheckerService: onBatteryChanged, mBatteryLevel = 37, status = 2, level = 37, plug = 2, scale = 100
04-01 21:48:06.138  2862  2862 D DeviceStatisticsService: chargerType=2 batteryLevel=37 totalBatteryCapacity=4956700
04-01 21:48:06.140  2539  2539 D KeyguardUpdateMonitor: received broadcast android.intent.action.BATTERY_CHANGED
04-01 21:48:06.141  2862  2862 D NetworkSpeedTracker: receive actionandroid.intent.action.BATTERY_CHANGED
04-01 21:48:06.141  2862  2862 D NetworkSpeedTracker: onReceive ACTION_BATTERY_CHANGED mBatteryLevel = 37;mIsCharging =true
04-01 21:48:06.143  4115  4115 I BatteryInfoReceiver: ACTION_BATTERY_CHANGED
04-01 21:48:06.143  6036  6536 D PowerCheckerService: onBatteryChanged, mBatteryLevel = 37, status = 2, level = 37, plug = 2, scale = 100
04-01 21:48:06.146  2862  2862 D DeviceStatisticsService: chargerType=2 batteryLevel=37 totalBatteryCapacity=4956700
04-01 21:48:06.151  7646  7679 I appium  : The following attributes will be included to the page source: []
04-01 21:48:06.170  2862  2862 D NetworkSpeedTracker: receive actionandroid.intent.action.BATTERY_CHANGED
04-01 21:48:06.170  2862  2862 D NetworkSpeedTracker: onReceive ACTION_BATTERY_CHANGED mBatteryLevel = 37;mIsCharging =true
04-01 21:48:06.171  2539  2539 D KeyguardUpdateMonitor: received broadcast android.intent.action.BATTERY_CHANGED
04-01 21:48:06.171  4115  4115 I BatteryInfoReceiver: ACTION_BATTERY_CHANGED
04-01 21:48:06.172  6036  6536 D PowerCheckerService: onBatteryChanged, mBatteryLevel = 37, status = 2, level = 37, plug = 2, scale = 100
04-01 21:48:06.177  2862  2862 D DeviceStatisticsService: chargerType=2 batteryLevel=37 totalBatteryCapacity=4956700
04-01 21:48:06.182  2539  2539 D KeyguardUpdateMonitor: received broadcast android.intent.action.BATTERY_CHANGED
04-01 21:48:06.183  2862  2862 D NetworkSpeedTracker: receive actionandroid.intent.action.BATTERY_CHANGED
04-01 21:48:06.183  2862  2862 D NetworkSpeedTracker: onReceive ACTION_BATTERY_CHANGED mBatteryLevel = 37;mIsCharging =true
04-01 21:48:06.185  4115  4115 I BatteryInfoReceiver: ACTION_BATTERY_CHANGED
04-01 21:48:06.186  6036  6536 D PowerCheckerService: onBatteryChanged, mBatteryLevel = 37, status = 2, level = 37, plug = 2, scale = 100
04-01 21:48:06.192  2862  2862 D DeviceStatisticsService: chargerType=2 batteryLevel=37 totalBatteryCapacity=4956700
04-01 21:48:06.216  2539  2539 D KeyguardUpdateMonitor: received broadcast android.intent.action.BATTERY_CHANGED
04-01 21:48:06.217  2862  2862 D NetworkSpeedTracker: receive actionandroid.intent.action.BATTERY_CHANGED
04-01 21:48:06.217  2862  2862 D NetworkSpeedTracker: onReceive ACTION_BATTERY_CHANGED mBatteryLevel = 37;mIsCharging =true
04-01 21:48:06.217  4115  4115 I BatteryInfoReceiver: ACTION_BATTERY_CHANGED
04-01 21:48:06.218  6036  6536 D PowerCheckerService: onBatteryChanged, mBatteryLevel = 37, status = 2, level = 37, plug = 2, scale = 100
04-01 21:48:06.223  2862  2862 D DeviceStatisticsService: chargerType=2 batteryLevel=37 totalBatteryCapacity=4956700
04-01 21:48:06.226  2539  2539 D KeyguardUpdateMonitor: received broadcast android.intent.action.BATTERY_CHANGED
04-01 21:48:06.227  2862  2862 D NetworkSpeedTracker: receive actionandroid.intent.action.BATTERY_CHANGED
04-01 21:48:06.227  2862  2862 D NetworkSpeedTracker: onReceive ACTION_BATTERY_CHANGED mBatteryLevel = 37;mIsCharging =true
04-01 21:48:06.227  4115  4115 I BatteryInfoReceiver: ACTION_BATTERY_CHANGED
04-01 21:48:06.229  6036  6536 D PowerCheckerService: onBatteryChanged, mBatteryLevel = 37, status = 2, level = 37, plug = 2, scale = 100
04-01 21:48:06.234  2862  2862 D DeviceStatisticsService: chargerType=2 batteryLevel=37 totalBatteryCapacity=4956700
04-01 21:48:06.268  2539  2539 D KeyguardUpdateMonitor: received broadcast android.intent.action.BATTERY_CHANGED
04-01 21:48:06.269  2862  2862 D NetworkSpeedTracker: receive actionandroid.intent.action.BATTERY_CHANGED
