04-01 21:48:15.176  2862  2862 D NetworkSpeedTracker: onReceive ACTION_BATTERY_CHANGED mBatteryLevel = 37;mIsCharging =true
04-01 21:48:15.178  4115  4115 I BatteryInfoReceiver: ACTION_BATTERY_CHANGED
04-01 21:48:15.179  6036  6536 D PowerCheckerService: onBatteryChanged, mBatteryLevel = 37, status = 2, level = 37, plug = 2, scale = 100
04-01 21:48:15.195  2862  2862 D DeviceStatisticsService: chargerType=2 batteryLevel=37 totalBatteryCapacity=4956700
04-01 21:48:15.196  2539  2539 D KeyguardUpdateMonitor: received broadcast android.intent.action.BATTERY_CHANGED
04-01 21:48:15.196  2862  2862 D NetworkSpeedTracker: receive actionandroid.intent.action.BATTERY_CHANGED
04-01 21:48:15.196  2862  2862 D NetworkSpeedTracker: onReceive ACTION_BATTERY_CHANGED mBatteryLevel = 37;mIsCharging =true
04-01 21:48:15.198  4115  4115 I BatteryInfoReceiver: ACTION_BATTERY_CHANGED
04-01 21:48:15.199  6036  6536 D PowerCheckerService: onBatteryChanged, mBatteryLevel = 37, status = 2, level = 37, plug = 2, scale = 100
04-01 21:48:15.200  2862  2862 D DeviceStatisticsService: chargerType=2 batteryLevel=37 totalBatteryCapacity=4956700
04-01 21:48:15.220  2539  2539 D KeyguardUpdateMonitor: received broadcast android.intent.action.BATTERY_CHANGED
04-01 21:48:15.221  2862  2862 D NetworkSpeedTracker: receive actionandroid.intent.action.BATTERY_CHANGED
04-01 21:48:15.221  2862  2862 D NetworkSpeedTracker: onReceive ACTION_BATTERY_CHANGED mBatteryLevel = 37;mIsCharging =true
04-01 21:48:15.222  4115  4115 I BatteryInfoReceiver: ACTION_BATTERY_CHANGED
04-01 21:48:15.223  6036  6536 D PowerCheckerService: onBatteryChanged, mBatteryLevel = 37, status = 2, level = 37, plug = 2, scale = 100
04-01 21:48:15.227  2862  2862 D DeviceStatisticsService: chargerType=2 batteryLevel=37 totalBatteryCapacity=4956700
04-01 21:48:15.229  2539  2539 D KeyguardUpdateMonitor: received broadcast android.intent.action.BATTERY_CHANGED
04-01 21:48:15.230  2862  2862 D NetworkSpeedTracker: receive actionandroid.intent.action.BATTERY_CHANGED
04-01 21:48:15.230  2862  2862 D NetworkSpeedTracker: onReceive ACTION_BATTERY_CHANGED mBatteryLevel = 37;mIsCharging =true
04-01 21:48:15.230  4115  4115 I BatteryInfoReceiver: ACTION_BATTERY_CHANGED
04-01 21:48:15.231  6036  6536 D PowerCheckerService: onBatteryChanged, mBatteryLevel = 37, status = 2, level = 37, plug = 2, scale = 100
04-01 21:48:15.233  2862  2862 D DeviceStatisticsService: chargerType=2 batteryLevel=37 totalBatteryCapacity=4956700
04-01 21:48:15.263  2539  2539 D KeyguardUpdateMonitor: received broadcast android.intent.action.BATTERY_CHANGED
04-01 21:48:15.264  2862  2862 D NetworkSpeedTracker: receive actionandroid.intent.action.BATTERY_CHANGED
04-01 21:48:15.264  2862  2862 D NetworkSpeedTracker: onReceive ACTION_BATTERY_CHANGED mBatteryLevel = 37;mIsCharging =true
04-01 21:48:15.265  4115  4115 I BatteryInfoReceiver: ACTION_BATTERY_CHANGED
04-01 21:48:15.267  6036  6536 D PowerCheckerService: onBatteryChanged, mBatteryLevel = 37, status = 2, level = 37, plug = 2, scale = 100
04-01 21:48:15.271  2862  2862 D DeviceStatisticsService: chargerType=2 batteryLevel=37 totalBatteryCapacity=4956700
04-01 21:48:15.273  2539  2539 D KeyguardUpdateMonitor: received broadcast android.intent.action.BATTERY_CHANGED
04-01 21:48:15.274  2862  2862 D NetworkSpeedTracker: receive actionandroid.intent.action.BATTERY_CHANGED
04-01 21:48:15.274  2862  2862 D NetworkSpeedTracker: onReceive ACTION_BATTERY_CHANGED mBatteryLevel = 37;mIsCharging =true
04-01 21:48:15.275  4115  4115 I BatteryInfoReceiver: ACTION_BATTERY_CHANGED
04-01 21:48:15.276  6036  6536 D PowerCheckerService: onBatteryChanged, mBatteryLevel = 37, status = 2, level = 37, plug = 2, scale = 100
04-01 21:48:15.278  2862  2862 D DeviceStatisticsService: chargerType=2 batteryLevel=37 totalBatteryCapacity=4956700
04-01 21:48:15.307  2539  2539 D KeyguardUpdateMonitor: received broadcast android.intent.action.BATTERY_CHANGED
04-01 21:48:15.308  2862  2862 D NetworkSpeedTracker: receive actionandroid.intent.action.BATTERY_CHANGED
04-01 21:48:15.308  2862  2862 D NetworkSpeedTracker: onReceive ACTION_BATTERY_CHANGED mBatteryLevel = 37;mIsCharging =true
04-01 21:48:15.309  4115  4115 I BatteryInfoReceiver: ACTION_BATTERY_CHANGED
04-01 21:48:15.310  6036  6536 D PowerCheckerService: onBatteryChanged, mBatteryLevel = 37, status = 2, level = 37, plug = 2, scale = 100
04-01 21:48:15.319  2862  2862 D DeviceStatisticsService: chargerType=2 batteryLevel=37 totalBatteryCapacity=4956700
04-01 21:48:15.322  2539  2539 D KeyguardUpdateMonitor: received broadcast android.intent.action.BATTERY_CHANGED
04-01 21:48:15.323  2862  2862 D NetworkSpeedTracker: receive actionandroid.intent.action.BATTERY_CHANGED
04-01 21:48:15.323  2862  2862 D NetworkSpeedTracker: onReceive ACTION_BATTERY_CHANGED mBatteryLevel = 37;mIsCharging =true
04-01 21:48:15.324  4115  4115 I BatteryInfoReceiver: ACTION_BATTERY_CHANGED
04-01 21:48:15.325  6036  6536 D PowerCheckerService: onBatteryChanged, mBatteryLevel = 37, status = 2, level = 37, plug = 2, scale = 100
04-01 21:48:15.333  2862  2862 D DeviceStatisticsService: chargerType=2 batteryLevel=37 totalBatteryCapacity=4956700
04-01 21:48:15.357  2539  2539 D KeyguardUpdateMonitor: received broadcast android.intent.action.BATTERY_CHANGED
04-01 21:48:15.358  2862  2862 D NetworkSpeedTracker: receive actionandroid.intent.action.BATTERY_CHANGED
04-01 21:48:15.358  2862  2862 D NetworkSpeedTracker: onReceive ACTION_BATTERY_CHANGED mBatteryLevel = 37;mIsCharging =true
04-01 21:48:15.359  4115  4115 I BatteryInfoReceiver: ACTION_BATTERY_CHANGED
04-01 21:48:15.361  6036  6536 D PowerCheckerService: onBatteryChanged, mBatteryLevel = 37, status = 2, level = 37, plug = 2, scale = 100
04-01 21:48:15.365  2862  2862 D DeviceStatisticsService: chargerType=2 batteryLevel=37 totalBatteryCapacity=4956700
04-01 21:48:15.368  2539  2539 D KeyguardUpdateMonitor: received broadcast android.intent.action.BATTERY_CHANGED
04-01 21:48:15.369  2862  2862 D NetworkSpeedTracker: receive actionandroid.intent.action.BATTERY_CHANGED
04-01 21:48:15.369  2862  2862 D NetworkSpeedTracker: onReceive ACTION_BATTERY_CHANGED mBatteryLevel = 37;mIsCharging =true
04-01 21:48:15.371  4115  4115 I BatteryInfoReceiver: ACTION_BATTERY_CHANGED
04-01 21:48:15.372  6036  6536 D PowerCheckerService: onBatteryChanged, mBatteryLevel = 37, status = 2, level = 37, plug = 2, scale = 100
04-01 21:48:15.375  2862  2862 D DeviceStatisticsService: chargerType=2 batteryLevel=37 totalBatteryCapacity=4956700
04-01 21:48:15.400  2539  2539 D KeyguardUpdateMonitor: received broadcast android.intent.action.BATTERY_CHANGED
04-01 21:48:15.400  2862  2862 D NetworkSpeedTracker: receive actionandroid.intent.action.BATTERY_CHANGED
04-01 21:48:15.401  2862  2862 D NetworkSpeedTracker: onReceive ACTION_BATTERY_CHANGED mBatteryLevel = 37;mIsCharging =true
04-01 21:48:15.402  4115  4115 I BatteryInfoReceiver: ACTION_BATTERY_CHANGED
04-01 21:48:15.403  6036  6536 D PowerCheckerService: onBatteryChanged, mBatteryLevel = 37, status = 2, level = 37, plug = 2, scale = 100
04-01 21:48:15.405  2862  2862 D DeviceStatisticsService: chargerType=2 batteryLevel=37 totalBatteryCapacity=4956700
04-01 21:48:15.411  2539  2539 D KeyguardUpdateMonitor: received broadcast android.intent.action.BATTERY_CHANGED
04-01 21:48:15.412  2862  2862 D NetworkSpeedTracker: receive actionandroid.intent.action.BATTERY_CHANGED
04-01 21:48:15.412  2862  2862 D NetworkSpeedTracker: onReceive ACTION_BATTERY_CHANGED mBatteryLevel = 37;mIsCharging =true
04-01 21:48:15.413  4115  4115 I BatteryInfoReceiver: ACTION_BATTERY_CHANGED
04-01 21:48:15.414  6036  6536 D PowerCheckerService: onBatteryChanged, mBatteryLevel = 37, status = 2, level = 37, plug = 2, scale = 100
04-01 21:48:15.416  2862  2862 D DeviceStatisticsService: chargerType=2 batteryLevel=37 totalBatteryCapacity=4956700
04-01 21:48:15.422  7646  7679 I appium  : channel read: POST /wd/hub/session/990abf69-c84d-42c6-ab46-ab211f360779/element
04-01 21:48:15.423  7646  7679 I appium  : FindElement command
04-01 21:48:15.424  7646  7679 I appium  : method: 'xpath', selector: '//android.widget.FrameLayout[1]/android.widget.FrameLayout[1]/android.widget.FrameLayout[1]/android.widget.LinearLayout[1]', contextId: ''
04-01 21:48:15.424  7646  7679 I appium  : Waiting up to 10000ms for the device to idle
04-01 21:48:15.426  7646  7679 I appium  : The following attributes will be included to the page source: []
04-01 21:48:15.443  2539  2539 D KeyguardUpdateMonitor: received broadcast android.intent.action.BATTERY_CHANGED
04-01 21:48:15.444  2862  2862 D NetworkSpeedTracker: receive actionandroid.intent.action.BATTERY_CHANGED
04-01 21:48:15.444  2862  2862 D NetworkSpeedTracker: onReceive ACTION_BATTERY_CHANGED mBatteryLevel = 37;mIsCharging =true
04-01 21:48:15.445  4115  4115 I BatteryInfoReceiver: ACTION_BATTERY_CHANGED
04-01 21:48:15.447  6036  6536 D PowerCheckerService: onBatteryChanged, mBatteryLevel = 37, status = 2, level = 37, plug = 2, scale = 100
04-01 21:48:15.454  2862  2862 D DeviceStatisticsService: chargerType=2 batteryLevel=37 totalBatteryCapacity=4956700
04-01 21:48:15.456  2539  2539 D KeyguardUpdateMonitor: received broadcast android.intent.action.BATTERY_CHANGED
04-01 21:48:15.457  2862  2862 D NetworkSpeedTracker: receive actionandroid.intent.action.BATTERY_CHANGED
04-01 21:48:15.457  2862  2862 D NetworkSpeedTracker: onReceive ACTION_BATTERY_CHANGED mBatteryLevel = 37;mIsCharging =true
04-01 21:48:15.458  4115  4115 I BatteryInfoReceiver: ACTION_BATTERY_CHANGED
04-01 21:48:15.459  6036  6536 D PowerCheckerService: onBatteryChanged, mBatteryLevel = 37, status = 2, level = 37, plug = 2, scale = 100
04-01 21:48:15.461  2862  2862 D DeviceStatisticsService: chargerType=2 batteryLevel=37 totalBatteryCapacity=4956700
04-01 21:48:15.502  2862  2862 D NetworkSpeedTracker: receive actionandroid.intent.action.BATTERY_CHANGED
04-01 21:48:15.502  2539  2539 D KeyguardUpdateMonitor: received broadcast android.intent.action.BATTERY_CHANGED
04-01 21:48:15.502  2862  2862 D NetworkSpeedTracker: onReceive ACTION_BATTERY_CHANGED mBatteryLevel = 37;mIsCharging =true
04-01 21:48:15.503  4115  4115 I BatteryInfoReceiver: ACTION_BATTERY_CHANGED
04-01 21:48:15.505  6036  6536 D PowerCheckerService: onBatteryChanged, mBatteryLevel = 37, status = 2, level = 37, plug = 2, scale = 100
04-01 21:48:15.513  2862  2862 D DeviceStatisticsService: chargerType=2 batteryLevel=37 totalBatteryCapacity=4956700
04-01 21:48:15.519  7646  7679 I appium  : Took 1ms to retrieve 0 matches for '//android.widget.FrameLayout[1]/android.widget.FrameLayout[1]/android.widget.FrameLayout[1]/android.widget.LinearLayout[1]' XPath query
04-01 21:48:15.521  7646  7679 I appium  : AppiumResponse: {"sessionId":"990abf69-c84d-42c6-ab46-ab211f360779","value":{"error":"no such element","message":"An element could not be located on the page using the given search parameters","stacktrace":"io.appium.uiautomator2.common.exceptions.ElementNotFoundException: An element could not be located on the page using the given search parameters\n\tat io.appium.uiautomator2.handler.FindElement.findElement(FindElement.java:91)\n\tat io.appium.uiautomator2.handler.FindElement.safeHandle(FindElement.java:68)\n\tat io.appium.uiautomator2.handler.request.SafeRequestHandler.handle(SafeRequestHandler.java:41)\n\tat io.appium.uiautomator2.server.AppiumServlet.handleRequest(AppiumServlet.java:261)\n\tat io.appium.uiautomator2.server.AppiumServlet.handleHttpRequest(AppiumServlet.java:255)\n\tat io.appium.uiautomator2.http.ServerHandler.channelRead(ServerHandler.java:68)\n\tat io.netty.channel.AbstractChannelHandlerContext.invokeChannelRead(AbstractChannelHandlerContext.java:366)\n\tat io.netty.channel.AbstractChannelHandlerContext.invokeChannelRead(AbstractChannelHandlerContext.java:352)\n\tat io.netty.channel.AbstractChannelHandlerContext.fireChannelRead(AbstractChannelHandlerContext.java:345)\n\tat io.netty.handler.codec.MessageToMessageDecoder.channelRead(MessageToMessageDecoder.java:102)\n\tat io.netty.channel.AbstractChannelHandlerContext.invokeChannelRead(AbstractChannelHandlerContext.java:366)\n\tat io.netty.channel.AbstractChannelHandlerContext.invokeChannelRead(AbstractChannelHandlerContext.java:352)\n\tat io.netty.channel.AbstractChannelHandlerContext.fireChannelRead(AbstractChannelHandlerContext.java:345)\n\tat io.netty.channel.CombinedChannelDuplexHandler$DelegatingChannelHandlerContext.fireChannelRead(CombinedChannelDuplexHandler.java:435)\n\tat io.netty.handler.codec.ByteToMessageDecoder.fireChannelRead(ByteToMessageDecoder.java:293)\n\tat io.netty.handler.codec.ByteToMessageDecoder.channelRead(ByteToMessageDecoder.java:267)\n\tat io.netty.channel.CombinedChannelDuplexHandler.channelRead(CombinedChannelDuplexHandler.java:250)\n\tat io.netty.channel.AbstractChannelHandlerContext.invokeChannelRead(AbstractChannelHandlerContext.java:366)\n\tat io.netty.channel.AbstractChannelHandlerContext.invokeChannelRead(AbstractChannelHandlerContext.java:352)\n\tat io.netty.channel.AbstractChannelHandlerContext.fireChannelRead(AbstractChannelHandlerContext.java:345)\n\tat io.netty.handler.timeout.IdleStateHandler.channelRead(IdleStateHandler.java:266)\n\tat io.netty.channel.AbstractChannelHandlerContext.invokeChannelRead(AbstractChannelHandlerContext.java:366)\n\tat io.netty.channel.AbstractChannelHandlerContext.invokeChannelRead(AbstractChannelHandlerContext.java:352)\n\tat io.netty.channel.AbstractChannelHandlerContext.fireChannelRead(AbstractChannelHandlerContext.java:345)\n\tat io.netty.channel.DefaultChannelPipeline$HeadContext.channelRead(DefaultChannelPipeline.java:1294)\n\tat io.netty.channel.AbstractChannelHandlerContext.invokeChannelRead(AbstractChannelHandlerContext.java:366)\n\tat io.netty.channel.AbstractChannelHandlerContext.invokeChannelRead(AbstractChannelHandlerContext.java:352)\n\tat io.netty.channel.DefaultChannelPipeline.fireChannelRead(DefaultChannelPipeline.java:911)\n\tat io.netty.channel.nio.AbstractNioByteChannel$NioByteUnsafe.read(AbstractNioByteChannel.java:131)\n\tat io.netty.channel.nio.NioEventLoop.processSelectedKey(NioEventLoop.java:611)\n\tat io.netty.channel.nio.NioEventLoop.processSelectedKeysOptimized(NioEventLoop.java:552)\n\tat io.netty.channel.nio.NioEventLoop.processSelectedKeys(NioEventLoop.java:466)\n\tat io.netty.channel.nio.NioEventLoop.run(NioEventLoop.java:438)\n\tat io.netty.util.concurrent.SingleThreadEventExecutor$2.run(SingleThreadEventExecutor.java:140)\n\tat io.netty.util.concurrent.DefaultThreadFactory$DefaultRunnableDecorator.run(DefaultThreadFactory.java:144)\n\tat java.lang.Thread.run(Thread.java:919)\n"}}
04-01 21:48:15.531  2539  2539 D KeyguardUpdateMonitor: received broadcast android.intent.action.BATTERY_CHANGED
04-01 21:48:15.531  2862  2862 D NetworkSpeedTracker: receive actionandroid.intent.action.BATTERY_CHANGED
04-01 21:48:15.531  2862  2862 D NetworkSpeedTracker: onReceive ACTION_BATTERY_CHANGED mBatteryLevel = 37;mIsCharging =true
04-01 21:48:15.534  4115  4115 I BatteryInfoReceiver: ACTION_BATTERY_CHANGED
04-01 21:48:15.535  6036  6536 D PowerCheckerService: onBatteryChanged, mBatteryLevel = 37, status = 2, level = 37, plug = 2, scale = 100
04-01 21:48:15.539  2862  2862 D DeviceStatisticsService: chargerType=2 batteryLevel=37 totalBatteryCapacity=4956700
04-01 21:48:15.542  2539  2539 D KeyguardUpdateMonitor: received broadcast android.intent.action.BATTERY_CHANGED
04-01 21:48:15.542  2862  2862 D NetworkSpeedTracker: receive actionandroid.intent.action.BATTERY_CHANGED
04-01 21:48:15.543  2862  2862 D NetworkSpeedTracker: onReceive ACTION_BATTERY_CHANGED mBatteryLevel = 37;mIsCharging =true
04-01 21:48:15.543  4115  4115 I BatteryInfoReceiver: ACTION_BATTERY_CHANGED
04-01 21:48:15.544  6036  6536 D PowerCheckerService: onBatteryChanged, mBatteryLevel = 37, status = 2, level = 37, plug = 2, scale = 100
04-01 21:48:15.548  2862  2862 D DeviceStatisticsService: chargerType=2 batteryLevel=37 totalBatteryCapacity=4956700
04-01 21:48:15.576  2539  2539 D KeyguardUpdateMonitor: received broadcast android.intent.action.BATTERY_CHANGED
04-01 21:48:15.577  2862  2862 D NetworkSpeedTracker: receive actionandroid.intent.action.BATTERY_CHANGED
04-01 21:48:15.577  2862  2862 D NetworkSpeedTracker: onReceive ACTION_BATTERY_CHANGED mBatteryLevel = 37;mIsCharging =true
04-01 21:48:15.578  4115  4115 I BatteryInfoReceiver: ACTION_BATTERY_CHANGED
04-01 21:48:15.580  6036  6536 D PowerCheckerService: onBatteryChanged, mBatteryLevel = 37, status = 2, level = 37, plug = 2, scale = 100
04-01 21:48:15.582  2862  2862 D DeviceStatisticsService: chargerType=2 batteryLevel=37 totalBatteryCapacity=4956700
04-01 21:48:15.586  2539  2539 D KeyguardUpdateMonitor: received broadcast android.intent.action.BATTERY_CHANGED
04-01 21:48:15.587  2862  2862 D NetworkSpeedTracker: receive actionandroid.intent.action.BATTERY_CHANGED
04-01 21:48:15.588  2862  2862 D NetworkSpeedTracker: onReceive ACTION_BATTERY_CHANGED mBatteryLevel = 37;mIsCharging =true
04-01 21:48:15.589  4115  4115 I BatteryInfoReceiver: ACTION_BATTERY_CHANGED
04-01 21:48:15.591  6036  6536 D PowerCheckerService: onBatteryChanged, mBatteryLevel = 37, status = 2, level = 37, plug = 2, scale = 100
04-01 21:48:15.592  2862  2862 D DeviceStatisticsService: chargerType=2 batteryLevel=37 totalBatteryCapacity=4956700
04-01 21:48:15.622  2539  2539 D KeyguardUpdateMonitor: received broadcast android.intent.action.BATTERY_CHANGED
04-01 21:48:15.623  2862  2862 D NetworkSpeedTracker: receive actionandroid.intent.action.BATTERY_CHANGED
04-01 21:48:15.623  2862  2862 D NetworkSpeedTracker: onReceive ACTION_BATTERY_CHANGED mBatteryLevel = 37;mIsCharging =true
04-01 21:48:15.624  4115  4115 I BatteryInfoReceiver: ACTION_BATTERY_CHANGED
04-01 21:48:15.627  6036  6536 D PowerCheckerService: onBatteryChanged, mBatteryLevel = 37, status = 2, level = 37, plug = 2, scale = 100
04-01 21:48:15.631  2862  2862 D DeviceStatisticsService: chargerType=2 batteryLevel=37 totalBatteryCapacity=4956700
04-01 21:48:15.638  2539  2539 D KeyguardUpdateMonitor: received broadcast android.intent.action.BATTERY_CHANGED
04-01 21:48:15.639  2862  2862 D NetworkSpeedTracker: receive actionandroid.intent.action.BATTERY_CHANGED
04-01 21:48:15.639  2862  2862 D NetworkSpeedTracker: onReceive ACTION_BATTERY_CHANGED mBatteryLevel = 37;mIsCharging =true
04-01 21:48:15.642  6036  6536 D PowerCheckerService: onBatteryChanged, mBatteryLevel = 37, status = 2, level = 37, plug = 2, scale = 100
04-01 21:48:15.643  2862  2862 D DeviceStatisticsService: chargerType=2 batteryLevel=37 totalBatteryCapacity=4956700
04-01 21:48:15.644  4115  4115 I BatteryInfoReceiver: ACTION_BATTERY_CHANGED
04-01 21:48:15.668  2539  2539 D KeyguardUpdateMonitor: received broadcast android.intent.action.BATTERY_CHANGED
04-01 21:48:15.669  2862  2862 D NetworkSpeedTracker: receive actionandroid.intent.action.BATTERY_CHANGED
04-01 21:48:15.670  2862  2862 D NetworkSpeedTracker: onReceive ACTION_BATTERY_CHANGED mBatteryLevel = 37;mIsCharging =true
04-01 21:48:15.670  4115  4115 I BatteryInfoReceiver: ACTION_BATTERY_CHANGED
04-01 21:48:15.672  6036  6536 D PowerCheckerService: onBatteryChanged, mBatteryLevel = 37, status = 2, level = 37, plug = 2, scale = 100
04-01 21:48:15.675  2862  2862 D DeviceStatisticsService: chargerType=2 batteryLevel=37 totalBatteryCapacity=4956700
04-01 21:48:15.681  2539  2539 D KeyguardUpdateMonitor: received broadcast android.intent.action.BATTERY_CHANGED
04-01 21:48:15.682  2862  2862 D NetworkSpeedTracker: receive actionandroid.intent.action.BATTERY_CHANGED
04-01 21:48:15.682  2862  2862 D NetworkSpeedTracker: onReceive ACTION_BATTERY_CHANGED mBatteryLevel = 37;mIsCharging =true
04-01 21:48:15.683  4115  4115 I BatteryInfoReceiver: ACTION_BATTERY_CHANGED
04-01 21:48:15.684  6036  6536 D PowerCheckerService: onBatteryChanged, mBatteryLevel = 37, status = 2, level = 37, plug = 2, scale = 100
04-01 21:48:15.686  2862  2862 D DeviceStatisticsService: chargerType=2 batteryLevel=37 totalBatteryCapacity=4956700
04-01 21:48:15.710  2539  2539 D KeyguardUpdateMonitor: received broadcast android.intent.action.BATTERY_CHANGED
04-01 21:48:15.711  2862  2862 D NetworkSpeedTracker: receive actionandroid.intent.action.BATTERY_CHANGED
04-01 21:48:15.711  2862  2862 D NetworkSpeedTracker: onReceive ACTION_BATTERY_CHANGED mBatteryLevel = 37;mIsCharging =true
04-01 21:48:15.712  4115  4115 I BatteryInfoReceiver: ACTION_BATTERY_CHANGED
04-01 21:48:15.713  6036  6536 D PowerCheckerService: onBatteryChanged, mBatteryLevel = 37, status = 2, level = 37, plug = 2, scale = 100
04-01 21:48:15.716  2862  2862 D DeviceStatisticsService: chargerType=2 batteryLevel=37 totalBatteryCapacity=4956700
04-01 21:48:15.721  2539  2539 D KeyguardUpdateMonitor: received broadcast android.intent.action.BATTERY_CHANGED
04-01 21:48:15.722  2862  2862 D NetworkSpeedTracker: receive actionandroid.intent.action.BATTERY_CHANGED
04-01 21:48:15.722  2862  2862 D NetworkSpeedTracker: onReceive ACTION_BATTERY_CHANGED mBatteryLevel = 37;mIsCharging =true
04-01 21:48:15.724  4115  4115 I BatteryInfoReceiver: ACTION_BATTERY_CHANGED
04-01 21:48:15.726  6036  6536 D PowerCheckerService: onBatteryChanged, mBatteryLevel = 37, status = 2, level = 37, plug = 2, scale = 100
04-01 21:48:15.726  2862  2862 D DeviceStatisticsService: chargerType=2 batteryLevel=37 totalBatteryCapacity=4956700
04-01 21:48:15.748   796   796 W health@2.0-serv: type=1400 audit(0.0:1038327): avc: denied { read } for name="type" dev="sysfs" ino=55635 scontext=u:r:hal_health_default:s0 tcontext=u:object_r:sysfs:s0 tclass=file permissive=0
04-01 21:48:15.756  2539  2539 D KeyguardUpdateMonitor: received broadcast android.intent.action.BATTERY_CHANGED
04-01 21:48:15.757  2862  2862 D NetworkSpeedTracker: receive actionandroid.intent.action.BATTERY_CHANGED
04-01 21:48:15.757  2862  2862 D NetworkSpeedTracker: onReceive ACTION_BATTERY_CHANGED mBatteryLevel = 37;mIsCharging =true
04-01 21:48:15.756   796   796 W health@2.0-serv: type=1400 audit(0.0:1038328): avc: denied { read } for name="type" dev="sysfs" ino=55635 scontext=u:r:hal_health_default:s0 tcontext=u:object_r:sysfs:s0 tclass=file permissive=0
04-01 21:48:15.759  4115  4115 I BatteryInfoReceiver: ACTION_BATTERY_CHANGED
04-01 21:48:15.761  6036  6536 D PowerCheckerService: onBatteryChanged, mBatteryLevel = 37, status = 2, level = 37, plug = 2, scale = 100
04-01 21:48:15.763  2862  2862 D DeviceStatisticsService: chargerType=2 batteryLevel=37 totalBatteryCapacity=4956700
04-01 21:48:15.774  2539  2539 D KeyguardUpdateMonitor: received broadcast android.intent.action.BATTERY_CHANGED
04-01 21:48:15.775  2862  2862 D NetworkSpeedTracker: receive actionandroid.intent.action.BATTERY_CHANGED
04-01 21:48:15.775  2862  2862 D NetworkSpeedTracker: onReceive ACTION_BATTERY_CHANGED mBatteryLevel = 37;mIsCharging =true
04-01 21:48:15.777  4115  4115 I BatteryInfoReceiver: ACTION_BATTERY_CHANGED
04-01 21:48:15.778  6036  6536 D PowerCheckerService: onBatteryChanged, mBatteryLevel = 37, status = 2, level = 37, plug = 2, scale = 100
04-01 21:48:15.780  2862  2862 D DeviceStatisticsService: chargerType=2 batteryLevel=37 totalBatteryCapacity=4956700
04-01 21:48:15.796   796   796 W health@2.0-serv: type=1400 audit(0.0:1038329): avc: denied { read } for name="type" dev="sysfs" ino=55635 scontext=u:r:hal_health_default:s0 tcontext=u:object_r:sysfs:s0 tclass=file permissive=0
04-01 21:48:15.802  2539  2539 D KeyguardUpdateMonitor: received broadcast android.intent.action.BATTERY_CHANGED
04-01 21:48:15.802  2862  2862 D NetworkSpeedTracker: receive actionandroid.intent.action.BATTERY_CHANGED
04-01 21:48:15.802  2862  2862 D NetworkSpeedTracker: onReceive ACTION_BATTERY_CHANGED mBatteryLevel = 37;mIsCharging =true
04-01 21:48:15.800   796   796 W health@2.0-serv: type=1400 audit(0.0:1038330): avc: denied { read } for name="type" dev="sysfs" ino=55635 scontext=u:r:hal_health_default:s0 tcontext=u:object_r:sysfs:s0 tclass=file permissive=0
04-01 21:48:15.805  4115  4115 I BatteryInfoReceiver: ACTION_BATTERY_CHANGED
04-01 21:48:15.806  6036  6536 D PowerCheckerService: onBatteryChanged, mBatteryLevel = 37, status = 2, level = 37, plug = 2, scale = 100
04-01 21:48:15.809  2862  2862 D DeviceStatisticsService: chargerType=2 batteryLevel=37 totalBatteryCapacity=4956700
04-01 21:48:15.816  2539  2539 D KeyguardUpdateMonitor: received broadcast android.intent.action.BATTERY_CHANGED
04-01 21:48:15.816  2862  2862 D NetworkSpeedTracker: receive actionandroid.intent.action.BATTERY_CHANGED
04-01 21:48:15.816  2862  2862 D NetworkSpeedTracker: onReceive ACTION_BATTERY_CHANGED mBatteryLevel = 37;mIsCharging =true
04-01 21:48:15.817  4115  4115 I BatteryInfoReceiver: ACTION_BATTERY_CHANGED
04-01 21:48:15.818  6036  6536 D PowerCheckerService: onBatteryChanged, mBatteryLevel = 37, status = 2, level = 37, plug = 2, scale = 100
04-01 21:48:15.822  2862  2862 D DeviceStatisticsService: chargerType=2 batteryLevel=37 totalBatteryCapacity=4956700
04-01 21:48:15.836   796   796 W health@2.0-serv: type=1400 audit(0.0:1038331): avc: denied { read } for name="type" dev="sysfs" ino=55635 scontext=u:r:hal_health_default:s0 tcontext=u:object_r:sysfs:s0 tclass=file permissive=0
04-01 21:48:15.844  2539  2539 D KeyguardUpdateMonitor: received broadcast android.intent.action.BATTERY_CHANGED
04-01 21:48:15.845  2862  2862 D NetworkSpeedTracker: receive actionandroid.intent.action.BATTERY_CHANGED
04-01 21:48:15.845  2862  2862 D NetworkSpeedTracker: onReceive ACTION_BATTERY_CHANGED mBatteryLevel = 37;mIsCharging =true
04-01 21:48:15.846  4115  4115 I BatteryInfoReceiver: ACTION_BATTERY_CHANGED
04-01 21:48:15.848  6036  6536 D PowerCheckerService: onBatteryChanged, mBatteryLevel = 37, status = 2, level = 37, plug = 2, scale = 100
04-01 21:48:15.850  2862  2862 D DeviceStatisticsService: chargerType=2 batteryLevel=37 totalBatteryCapacity=4956700
04-01 21:48:15.856  2539  2539 D KeyguardUpdateMonitor: received broadcast android.intent.action.BATTERY_CHANGED
04-01 21:48:15.857  2862  2862 D NetworkSpeedTracker: receive actionandroid.intent.action.BATTERY_CHANGED
04-01 21:48:15.857  2862  2862 D NetworkSpeedTracker: onReceive ACTION_BATTERY_CHANGED mBatteryLevel = 37;mIsCharging =true
04-01 21:48:15.859  6036  6536 D PowerCheckerService: onBatteryChanged, mBatteryLevel = 37, status = 2, level = 37, plug = 2, scale = 100
04-01 21:48:15.859  4115  4115 I BatteryInfoReceiver: ACTION_BATTERY_CHANGED
04-01 21:48:15.861  2862  2862 D DeviceStatisticsService: chargerType=2 batteryLevel=37 totalBatteryCapacity=4956700
04-01 21:48:15.903  2539  2539 D KeyguardUpdateMonitor: received broadcast android.intent.action.BATTERY_CHANGED
04-01 21:48:15.904  2862  2862 D NetworkSpeedTracker: receive actionandroid.intent.action.BATTERY_CHANGED
04-01 21:48:15.904  2862  2862 D NetworkSpeedTracker: onReceive ACTION_BATTERY_CHANGED mBatteryLevel = 37;mIsCharging =true
04-01 21:48:15.906  4115  4115 I BatteryInfoReceiver: ACTION_BATTERY_CHANGED
04-01 21:48:15.908  6036  6536 D PowerCheckerService: onBatteryChanged, mBatteryLevel = 37, status = 2, level = 37, plug = 2, scale = 100
04-01 21:48:15.911  2862  2862 D DeviceStatisticsService: chargerType=2 batteryLevel=37 totalBatteryCapacity=4956700
04-01 21:48:15.913  1571  2434 D NtpTrustedTime: currentTimeMillis() cache hit
04-01 21:48:15.914   677  2633 I netd    : trafficSwapActiveStatsMap() <0.73ms>
04-01 21:48:15.919   677  2633 I netd    : tetherGetStats() <1.89ms>
04-01 21:48:15.920  2539  2539 D KeyguardUpdateMonitor: received broadcast android.intent.action.BATTERY_CHANGED
04-01 21:48:15.921  2862  2862 D NetworkSpeedTracker: receive actionandroid.intent.action.BATTERY_CHANGED
04-01 21:48:15.921  2862  2862 D NetworkSpeedTracker: onReceive ACTION_BATTERY_CHANGED mBatteryLevel = 37;mIsCharging =true
04-01 21:48:15.923  4115  4115 I BatteryInfoReceiver: ACTION_BATTERY_CHANGED
04-01 21:48:15.926  6036  6536 D PowerCheckerService: onBatteryChanged, mBatteryLevel = 37, status = 2, level = 37, plug = 2, scale = 100
04-01 21:48:15.928  2862  2862 D DeviceStatisticsService: chargerType=2 batteryLevel=37 totalBatteryCapacity=4956700
04-01 21:48:15.932  2539  2539 D KeyguardUpdateMonitor: received broadcast android.intent.action.BATTERY_CHANGED
04-01 21:48:15.933  2862  2862 D NetworkSpeedTracker: receive actionandroid.intent.action.BATTERY_CHANGED
04-01 21:48:15.933  2862  2862 D NetworkSpeedTracker: onReceive ACTION_BATTERY_CHANGED mBatteryLevel = 37;mIsCharging =true
04-01 21:48:15.935  4115  4115 I BatteryInfoReceiver: ACTION_BATTERY_CHANGED
04-01 21:48:15.936  6036  6536 D PowerCheckerService: onBatteryChanged, mBatteryLevel = 37, status = 2, level = 37, plug = 2, scale = 100
04-01 21:48:15.940  2862  2862 D DeviceStatisticsService: chargerType=2 batteryLevel=37 totalBatteryCapacity=4956700
04-01 21:48:15.940  1571  2434 D NtpTrustedTime: currentTimeMillis() cache hit
04-01 21:48:15.943  4115  5747 I TrafficManageService: mina mTrafficStatsReceiver onReceive
04-01 21:48:15.943   677  2633 I netd    : bandwidthSetGlobalAlert(131072) <0.13ms>
04-01 21:48:15.951  2539  2539 D KeyguardUpdateMonitor: received broadcast android.intent.action.BATTERY_CHANGED
04-01 21:48:15.952  2862  2862 D NetworkSpeedTracker: receive actionandroid.intent.action.BATTERY_CHANGED
04-01 21:48:15.952  2862  2862 D NetworkSpeedTracker: onReceive ACTION_BATTERY_CHANGED mBatteryLevel = 37;mIsCharging =true
04-01 21:48:15.953  4115  4115 I BatteryInfoReceiver: ACTION_BATTERY_CHANGED
04-01 21:48:15.953  6036  6536 D PowerCheckerService: onBatteryChanged, mBatteryLevel = 37, status = 2, level = 37, plug = 2, scale = 100
04-01 21:48:15.955  2862  2862 D DeviceStatisticsService: chargerType=2 batteryLevel=37 totalBatteryCapacity=4956700
04-01 21:48:15.973  2539  2539 D KeyguardUpdateMonitor: received broadcast android.intent.action.BATTERY_CHANGED
04-01 21:48:15.974  2862  2862 D NetworkSpeedTracker: receive actionandroid.intent.action.BATTERY_CHANGED
04-01 21:48:15.974  2862  2862 D NetworkSpeedTracker: onReceive ACTION_BATTERY_CHANGED mBatteryLevel = 37;mIsCharging =true
04-01 21:48:15.975  4115  4115 I BatteryInfoReceiver: ACTION_BATTERY_CHANGED
04-01 21:48:15.976  6036  6536 D PowerCheckerService: onBatteryChanged, mBatteryLevel = 37, status = 2, level = 37, plug = 2, scale = 100
04-01 21:48:15.980  2862  2862 D DeviceStatisticsService: chargerType=2 batteryLevel=37 totalBatteryCapacity=4956700
04-01 21:48:15.984  2539  2539 D KeyguardUpdateMonitor: received broadcast android.intent.action.BATTERY_CHANGED
04-01 21:48:15.984  2862  2862 D NetworkSpeedTracker: receive actionandroid.intent.action.BATTERY_CHANGED
04-01 21:48:15.984  2862  2862 D NetworkSpeedTracker: onReceive ACTION_BATTERY_CHANGED mBatteryLevel = 37;mIsCharging =true
04-01 21:48:15.986  4115  4115 I BatteryInfoReceiver: ACTION_BATTERY_CHANGED
04-01 21:48:15.986  6036  6536 D PowerCheckerService: onBatteryChanged, mBatteryLevel = 37, status = 2, level = 37, plug = 2, scale = 100
04-01 21:48:15.990  2862  2862 D DeviceStatisticsService: chargerType=2 batteryLevel=37 totalBatteryCapacity=4956700
04-01 21:48:16.021  2539  2539 D KeyguardUpdateMonitor: received broadcast android.intent.action.BATTERY_CHANGED
04-01 21:48:16.022  2862  2862 D NetworkSpeedTracker: receive actionandroid.intent.action.BATTERY_CHANGED
04-01 21:48:16.022  2862  2862 D NetworkSpeedTracker: onReceive ACTION_BATTERY_CHANGED mBatteryLevel = 37;mIsCharging =true
04-01 21:48:16.023  4115  4115 I BatteryInfoReceiver: ACTION_BATTERY_CHANGED
04-01 21:48:16.024  6036  6536 D PowerCheckerService: onBatteryChanged, mBatteryLevel = 37, status = 2, level = 37, plug = 2, scale = 100
04-01 21:48:16.028  2862  2862 D DeviceStatisticsService: chargerType=2 batteryLevel=37 totalBatteryCapacity=4956700
04-01 21:48:16.030  2539  2539 D KeyguardUpdateMonitor: received broadcast android.intent.action.BATTERY_CHANGED
04-01 21:48:16.030  2862  2862 D NetworkSpeedTracker: receive actionandroid.intent.action.BATTERY_CHANGED
04-01 21:48:16.030  2862  2862 D NetworkSpeedTracker: onReceive ACTION_BATTERY_CHANGED mBatteryLevel = 37;mIsCharging =true
04-01 21:48:16.032  6036  6536 D PowerCheckerService: onBatteryChanged, mBatteryLevel = 37, status = 2, level = 37, plug = 2, scale = 100
04-01 21:48:16.032  4115  4115 I BatteryInfoReceiver: ACTION_BATTERY_CHANGED
04-01 21:48:16.038  2862  2862 D DeviceStatisticsService: chargerType=2 batteryLevel=37 totalBatteryCapacity=4956700
04-01 21:48:16.039  7646  7679 I appium  : channel read: POST /wd/hub/session/990abf69-c84d-42c6-ab46-ab211f360779/element
04-01 21:48:16.040  7646  7679 I appium  : FindElement command
04-01 21:48:16.044  7646  7679 I appium  : method: 'xpath', selector: '//android.widget.FrameLayout[1]/android.widget.FrameLayout[1]/android.widget.FrameLayout[1]/android.widget.LinearLayout[1]', contextId: ''
04-01 21:48:16.045  7646  7679 I appium  : Waiting up to 10000ms for the device to idle
04-01 21:48:16.047  7646  7679 I appium  : The following attributes will be included to the page source: []
04-01 21:48:16.068  2539  2539 D KeyguardUpdateMonitor: received broadcast android.intent.action.BATTERY_CHANGED
04-01 21:48:16.069  2862  2862 D NetworkSpeedTracker: receive actionandroid.intent.action.BATTERY_CHANGED
04-01 21:48:16.069  2862  2862 D NetworkSpeedTracker: onReceive ACTION_BATTERY_CHANGED mBatteryLevel = 37;mIsCharging =true
04-01 21:48:16.070  4115  4115 I BatteryInfoReceiver: ACTION_BATTERY_CHANGED
04-01 21:48:16.071  6036  6536 D PowerCheckerService: onBatteryChanged, mBatteryLevel = 37, status = 2, level = 37, plug = 2, scale = 100
04-01 21:48:16.078  2862  2862 D DeviceStatisticsService: chargerType=2 batteryLevel=37 totalBatteryCapacity=4956700
04-01 21:48:16.081  2539  2539 D KeyguardUpdateMonitor: received broadcast android.intent.action.BATTERY_CHANGED
04-01 21:48:16.082  2862  2862 D NetworkSpeedTracker: receive actionandroid.intent.action.BATTERY_CHANGED
04-01 21:48:16.082  2862  2862 D NetworkSpeedTracker: onReceive ACTION_BATTERY_CHANGED mBatteryLevel = 37;mIsCharging =true
04-01 21:48:16.084  4115  4115 I BatteryInfoReceiver: ACTION_BATTERY_CHANGED
04-01 21:48:16.085  2862  2862 D DeviceStatisticsService: chargerType=2 batteryLevel=37 totalBatteryCapacity=4956700
04-01 21:48:16.091  6036  6536 D PowerCheckerService: onBatteryChanged, mBatteryLevel = 37, status = 2, level = 37, plug = 2, scale = 100
04-01 21:48:16.107  2539  2539 D KeyguardUpdateMonitor: received broadcast android.intent.action.BATTERY_CHANGED
04-01 21:48:16.108  2862  2862 D NetworkSpeedTracker: receive actionandroid.intent.action.BATTERY_CHANGED
04-01 21:48:16.108  2862  2862 D NetworkSpeedTracker: onReceive ACTION_BATTERY_CHANGED mBatteryLevel = 37;mIsCharging =true
04-01 21:48:16.109  4115  4115 I BatteryInfoReceiver: ACTION_BATTERY_CHANGED
04-01 21:48:16.110  6036  6536 D PowerCheckerService: onBatteryChanged, mBatteryLevel = 37, status = 2, level = 37, plug = 2, scale = 100
04-01 21:48:16.120  2862  2862 D DeviceStatisticsService: chargerType=2 batteryLevel=37 totalBatteryCapacity=4956700
04-01 21:48:16.123  2539  2539 D KeyguardUpdateMonitor: received broadcast android.intent.action.BATTERY_CHANGED
04-01 21:48:16.125  2862  2862 D NetworkSpeedTracker: receive actionandroid.intent.action.BATTERY_CHANGED
04-01 21:48:16.125  2862  2862 D NetworkSpeedTracker: onReceive ACTION_BATTERY_CHANGED mBatteryLevel = 37;mIsCharging =true
04-01 21:48:16.126  4115  4115 I BatteryInfoReceiver: ACTION_BATTERY_CHANGED
04-01 21:48:16.127  6036  6536 D PowerCheckerService: onBatteryChanged, mBatteryLevel = 37, status = 2, level = 37, plug = 2, scale = 100
04-01 21:48:16.130  2862  2862 D DeviceStatisticsService: chargerType=2 batteryLevel=37 totalBatteryCapacity=4956700
04-01 21:48:16.148  7646  7679 I appium  : Took 1ms to retrieve 0 matches for '//android.widget.FrameLayout[1]/android.widget.FrameLayout[1]/android.widget.FrameLayout[1]/android.widget.LinearLayout[1]' XPath query
04-01 21:48:16.151  7646  7679 I appium  : AppiumResponse: {"sessionId":"990abf69-c84d-42c6-ab46-ab211f360779","value":{"error":"no such element","message":"An element could not be located on the page using the given search parameters","stacktrace":"io.appium.uiautomator2.common.exceptions.ElementNotFoundException: An element could not be located on the page using the given search parameters\n\tat io.appium.uiautomator2.handler.FindElement.findElement(FindElement.java:91)\n\tat io.appium.uiautomator2.handler.FindElement.safeHandle(FindElement.java:68)\n\tat io.appium.uiautomator2.handler.request.SafeRequestHandler.handle(SafeRequestHandler.java:41)\n\tat io.appium.uiautomator2.server.AppiumServlet.handleRequest(AppiumServlet.java:261)\n\tat io.appium.uiautomator2.server.AppiumServlet.handleHttpRequest(AppiumServlet.java:255)\n\tat io.appium.uiautomator2.http.ServerHandler.channelRead(ServerHandler.java:68)\n\tat io.netty.channel.AbstractChannelHandlerContext.invokeChannelRead(AbstractChannelHandlerContext.java:366)\n\tat io.netty.channel.AbstractChannelHandlerContext.invokeChannelRead(AbstractChannelHandlerContext.java:352)\n\tat io.netty.channel.AbstractChannelHandlerContext.fireChannelRead(AbstractChannelHandlerContext.java:345)\n\tat io.netty.handler.codec.MessageToMessageDecoder.channelRead(MessageToMessageDecoder.java:102)\n\tat io.netty.channel.AbstractChannelHandlerContext.invokeChannelRead(AbstractChannelHandlerContext.java:366)\n\tat io.netty.channel.AbstractChannelHandlerContext.invokeChannelRead(AbstractChannelHandlerContext.java:352)\n\tat io.netty.channel.AbstractChannelHandlerContext.fireChannelRead(AbstractChannelHandlerContext.java:345)\n\tat io.netty.channel.CombinedChannelDuplexHandler$DelegatingChannelHandlerContext.fireChannelRead(CombinedChannelDuplexHandler.java:435)\n\tat io.netty.handler.codec.ByteToMessageDecoder.fireChannelRead(ByteToMessageDecoder.java:293)\n\tat io.netty.handler.codec.ByteToMessageDecoder.channelRead(ByteToMessageDecoder.java:267)\n\tat io.netty.channel.CombinedChannelDuplexHandler.channelRead(CombinedChannelDuplexHandler.java:250)\n\tat io.netty.channel.AbstractChannelHandlerContext.invokeChannelRead(AbstractChannelHandlerContext.java:366)\n\tat io.netty.channel.AbstractChannelHandlerContext.invokeChannelRead(AbstractChannelHandlerContext.java:352)\n\tat io.netty.channel.AbstractChannelHandlerContext.fireChannelRead(AbstractChannelHandlerContext.java:345)\n\tat io.netty.handler.timeout.IdleStateHandler.channelRead(IdleStateHandler.java:266)\n\tat io.netty.channel.AbstractChannelHandlerContext.invokeChannelRead(AbstractChannelHandlerContext.java:366)\n\tat io.netty.channel.AbstractChannelHandlerContext.invokeChannelRead(AbstractChannelHandlerContext.java:352)\n\tat io.netty.channel.AbstractChannelHandlerContext.fireChannelRead(AbstractChannelHandlerContext.java:345)\n\tat io.netty.channel.DefaultChannelPipeline$HeadContext.channelRead(DefaultChannelPipeline.java:1294)\n\tat io.netty.channel.AbstractChannelHandlerContext.invokeChannelRead(AbstractChannelHandlerContext.java:366)\n\tat io.netty.channel.AbstractChannelHandlerContext.invokeChannelRead(AbstractChannelHandlerContext.java:352)\n\tat io.netty.channel.DefaultChannelPipeline.fireChannelRead(DefaultChannelPipeline.java:911)\n\tat io.netty.channel.nio.AbstractNioByteChannel$NioByteUnsafe.read(AbstractNioByteChannel.java:131)\n\tat io.netty.channel.nio.NioEventLoop.processSelectedKey(NioEventLoop.java:611)\n\tat io.netty.channel.nio.NioEventLoop.processSelectedKeysOptimized(NioEventLoop.java:552)\n\tat io.netty.channel.nio.NioEventLoop.processSelectedKeys(NioEventLoop.java:466)\n\tat io.netty.channel.nio.NioEventLoop.run(NioEventLoop.java:438)\n\tat io.netty.util.concurrent.SingleThreadEventExecutor$2.run(SingleThreadEventExecutor.java:140)\n\tat io.netty.util.concurrent.DefaultThreadFactory$DefaultRunnableDecorator.run(DefaultThreadFactory.java:144)\n\tat java.lang.Thread.run(Thread.java:919)\n"}}
04-01 21:48:16.153  2539  2539 D KeyguardUpdateMonitor: received broadcast android.intent.action.BATTERY_CHANGED
04-01 21:48:16.154  2862  2862 D NetworkSpeedTracker: receive actionandroid.intent.action.BATTERY_CHANGED
04-01 21:48:16.154  2862  2862 D NetworkSpeedTracker: onReceive ACTION_BATTERY_CHANGED mBatteryLevel = 37;mIsCharging =true
04-01 21:48:16.155  4115  4115 I BatteryInfoReceiver: ACTION_BATTERY_CHANGED
04-01 21:48:16.159  6036  6536 D PowerCheckerService: onBatteryChanged, mBatteryLevel = 37, status = 2, level = 37, plug = 2, scale = 100
04-01 21:48:16.161  2862  2862 D DeviceStatisticsService: chargerType=2 batteryLevel=37 totalBatteryCapacity=4956700
04-01 21:48:16.161  2862  2862 D NetworkSpeedTracker: receive actionandroid.intent.action.BATTERY_CHANGED
04-01 21:48:16.161  2862  2862 D NetworkSpeedTracker: onReceive ACTION_BATTERY_CHANGED mBatteryLevel = 37;mIsCharging =true
04-01 21:48:16.163  2539  2539 D KeyguardUpdateMonitor: received broadcast android.intent.action.BATTERY_CHANGED
04-01 21:48:16.165  2862  2862 D DeviceStatisticsService: chargerType=2 batteryLevel=37 totalBatteryCapacity=4956700
04-01 21:48:16.165  6036  6536 D PowerCheckerService: onBatteryChanged, mBatteryLevel = 37, status = 2, level = 37, plug = 2, scale = 100
04-01 21:48:16.166  4115  4115 I BatteryInfoReceiver: ACTION_BATTERY_CHANGED
04-01 21:48:16.203  4115  4115 I BatteryInfoReceiver: ACTION_BATTERY_CHANGED
04-01 21:48:16.204  6036  6536 D PowerCheckerService: onBatteryChanged, mBatteryLevel = 37, status = 2, level = 37, plug = 2, scale = 100
04-01 21:48:16.204  2862  2862 D NetworkSpeedTracker: receive actionandroid.intent.action.BATTERY_CHANGED
04-01 21:48:16.204  2862  2862 D NetworkSpeedTracker: onReceive ACTION_BATTERY_CHANGED mBatteryLevel = 37;mIsCharging =true
04-01 21:48:16.204  2539  2539 D KeyguardUpdateMonitor: received broadcast android.intent.action.BATTERY_CHANGED
04-01 21:48:16.208  2862  2862 D DeviceStatisticsService: chargerType=2 batteryLevel=37 totalBatteryCapacity=4956700
04-01 21:48:16.215  2539  2539 D KeyguardUpdateMonitor: received broadcast android.intent.action.BATTERY_CHANGED
04-01 21:48:16.216  2862  2862 D NetworkSpeedTracker: receive actionandroid.intent.action.BATTERY_CHANGED
04-01 21:48:16.216  2862  2862 D NetworkSpeedTracker: onReceive ACTION_BATTERY_CHANGED mBatteryLevel = 37;mIsCharging =true
04-01 21:48:16.218  4115  4115 I BatteryInfoReceiver: ACTION_BATTERY_CHANGED
04-01 21:48:16.218  6036  6536 D PowerCheckerService: onBatteryChanged, mBatteryLevel = 37, status = 2, level = 37, plug = 2, scale = 100
04-01 21:48:16.223  2862  2862 D DeviceStatisticsService: chargerType=2 batteryLevel=37 totalBatteryCapacity=4956700
04-01 21:48:16.238  2539  2539 D KeyguardUpdateMonitor: received broadcast android.intent.action.BATTERY_CHANGED
04-01 21:48:16.239  2862  2862 D NetworkSpeedTracker: receive actionandroid.intent.action.BATTERY_CHANGED
04-01 21:48:16.239  2862  2862 D NetworkSpeedTracker: onReceive ACTION_BATTERY_CHANGED mBatteryLevel = 37;mIsCharging =true
04-01 21:48:16.241  4115  4115 I BatteryInfoReceiver: ACTION_BATTERY_CHANGED
04-01 21:48:16.241  6036  6536 D PowerCheckerService: onBatteryChanged, mBatteryLevel = 37, status = 2, level = 37, plug = 2, scale = 100
04-01 21:48:16.246  2862  2862 D DeviceStatisticsService: chargerType=2 batteryLevel=37 totalBatteryCapacity=4956700
04-01 21:48:16.254  2539  2539 D KeyguardUpdateMonitor: received broadcast android.intent.action.BATTERY_CHANGED
04-01 21:48:16.254  2862  2862 D NetworkSpeedTracker: receive actionandroid.intent.action.BATTERY_CHANGED
04-01 21:48:16.255  2862  2862 D NetworkSpeedTracker: onReceive ACTION_BATTERY_CHANGED mBatteryLevel = 37;mIsCharging =true
04-01 21:48:16.256  4115  4115 I BatteryInfoReceiver: ACTION_BATTERY_CHANGED
04-01 21:48:16.257  6036  6536 D PowerCheckerService: onBatteryChanged, mBatteryLevel = 37, status = 2, level = 37, plug = 2, scale = 100
04-01 21:48:16.259  2862  2862 D DeviceStatisticsService: chargerType=2 batteryLevel=37 totalBatteryCapacity=4956700
04-01 21:48:16.283  2539  2539 D KeyguardUpdateMonitor: received broadcast android.intent.action.BATTERY_CHANGED
04-01 21:48:16.284  2862  2862 D NetworkSpeedTracker: receive actionandroid.intent.action.BATTERY_CHANGED
04-01 21:48:16.284  2862  2862 D NetworkSpeedTracker: onReceive ACTION_BATTERY_CHANGED mBatteryLevel = 37;mIsCharging =true
04-01 21:48:16.286  4115  4115 I BatteryInfoReceiver: ACTION_BATTERY_CHANGED
04-01 21:48:16.287  6036  6536 D PowerCheckerService: onBatteryChanged, mBatteryLevel = 37, status = 2, level = 37, plug = 2, scale = 100
04-01 21:48:16.299  2862  2862 D DeviceStatisticsService: chargerType=2 batteryLevel=37 totalBatteryCapacity=4956700
04-01 21:48:16.300  2539  2539 D KeyguardUpdateMonitor: received broadcast android.intent.action.BATTERY_CHANGED
04-01 21:48:16.301  2862  2862 D NetworkSpeedTracker: receive actionandroid.intent.action.BATTERY_CHANGED
04-01 21:48:16.301  2862  2862 D NetworkSpeedTracker: onReceive ACTION_BATTERY_CHANGED mBatteryLevel = 37;mIsCharging =true
04-01 21:48:16.302  4115  4115 I BatteryInfoReceiver: ACTION_BATTERY_CHANGED
04-01 21:48:16.304  6036  6536 D PowerCheckerService: onBatteryChanged, mBatteryLevel = 37, status = 2, level = 37, plug = 2, scale = 100
04-01 21:48:16.308  2862  2862 D DeviceStatisticsService: chargerType=2 batteryLevel=37 totalBatteryCapacity=4956700
04-01 21:48:16.327  2539  2539 D KeyguardUpdateMonitor: received broadcast android.intent.action.BATTERY_CHANGED
04-01 21:48:16.328  2862  2862 D NetworkSpeedTracker: receive actionandroid.intent.action.BATTERY_CHANGED
04-01 21:48:16.328  2862  2862 D NetworkSpeedTracker: onReceive ACTION_BATTERY_CHANGED mBatteryLevel = 37;mIsCharging =true
04-01 21:48:16.331  4115  4115 I BatteryInfoReceiver: ACTION_BATTERY_CHANGED
04-01 21:48:16.333  6036  6536 D PowerCheckerService: onBatteryChanged, mBatteryLevel = 37, status = 2, level = 37, plug = 2, scale = 100
04-01 21:48:16.335  2862  2862 D DeviceStatisticsService: chargerType=2 batteryLevel=37 totalBatteryCapacity=4956700
04-01 21:48:16.338  2539  2539 D KeyguardUpdateMonitor: received broadcast android.intent.action.BATTERY_CHANGED
04-01 21:48:16.339  2862  2862 D NetworkSpeedTracker: receive actionandroid.intent.action.BATTERY_CHANGED
04-01 21:48:16.339  2862  2862 D NetworkSpeedTracker: onReceive ACTION_BATTERY_CHANGED mBatteryLevel = 37;mIsCharging =true
04-01 21:48:16.340  4115  4115 I BatteryInfoReceiver: ACTION_BATTERY_CHANGED
04-01 21:48:16.340  6036  6536 D PowerCheckerService: onBatteryChanged, mBatteryLevel = 37, status = 2, level = 37, plug = 2, scale = 100
04-01 21:48:16.342  2862  2862 D DeviceStatisticsService: chargerType=2 batteryLevel=37 totalBatteryCapacity=4956700
04-01 21:48:16.376  2539  2539 D KeyguardUpdateMonitor: received broadcast android.intent.action.BATTERY_CHANGED
04-01 21:48:16.376  2862  2862 D NetworkSpeedTracker: receive actionandroid.intent.action.BATTERY_CHANGED
04-01 21:48:16.376  2862  2862 D NetworkSpeedTracker: onReceive ACTION_BATTERY_CHANGED mBatteryLevel = 37;mIsCharging =true
04-01 21:48:16.377  4115  4115 I BatteryInfoReceiver: ACTION_BATTERY_CHANGED
04-01 21:48:16.379  6036  6536 D PowerCheckerService: onBatteryChanged, mBatteryLevel = 37, status = 2, level = 37, plug = 2, scale = 100
04-01 21:48:16.383  2862  2862 D DeviceStatisticsService: chargerType=2 batteryLevel=37 totalBatteryCapacity=4956700
04-01 21:48:16.390  2539  2539 D KeyguardUpdateMonitor: received broadcast android.intent.action.BATTERY_CHANGED
04-01 21:48:16.391  2862  2862 D NetworkSpeedTracker: receive actionandroid.intent.action.BATTERY_CHANGED
04-01 21:48:16.391  2862  2862 D NetworkSpeedTracker: onReceive ACTION_BATTERY_CHANGED mBatteryLevel = 37;mIsCharging =true
04-01 21:48:16.392  4115  4115 I BatteryInfoReceiver: ACTION_BATTERY_CHANGED
04-01 21:48:16.393  6036  6536 D PowerCheckerService: onBatteryChanged, mBatteryLevel = 37, status = 2, level = 37, plug = 2, scale = 100
04-01 21:48:16.401  2862  2862 D DeviceStatisticsService: chargerType=2 batteryLevel=37 totalBatteryCapacity=4956700
04-01 21:48:16.422  2539  2539 D KeyguardUpdateMonitor: received broadcast android.intent.action.BATTERY_CHANGED
04-01 21:48:16.423  2862  2862 D NetworkSpeedTracker: receive actionandroid.intent.action.BATTERY_CHANGED
04-01 21:48:16.423  2862  2862 D NetworkSpeedTracker: onReceive ACTION_BATTERY_CHANGED mBatteryLevel = 37;mIsCharging =true
04-01 21:48:16.425  4115  4115 I BatteryInfoReceiver: ACTION_BATTERY_CHANGED
04-01 21:48:16.426  6036  6536 D PowerCheckerService: onBatteryChanged, mBatteryLevel = 37, status = 2, level = 37, plug = 2, scale = 100
04-01 21:48:16.433  2862  2862 D DeviceStatisticsService: chargerType=2 batteryLevel=37 totalBatteryCapacity=4956700
04-01 21:48:16.436  2539  2539 D KeyguardUpdateMonitor: received broadcast android.intent.action.BATTERY_CHANGED
04-01 21:48:16.437  2862  2862 D NetworkSpeedTracker: receive actionandroid.intent.action.BATTERY_CHANGED
04-01 21:48:16.438  2862  2862 D NetworkSpeedTracker: onReceive ACTION_BATTERY_CHANGED mBatteryLevel = 37;mIsCharging =true
04-01 21:48:16.443  6036  6536 D PowerCheckerService: onBatteryChanged, mBatteryLevel = 37, status = 2, level = 37, plug = 2, scale = 100
04-01 21:48:16.443  4115  4115 I BatteryInfoReceiver: ACTION_BATTERY_CHANGED
04-01 21:48:16.444  2862  2862 D DeviceStatisticsService: chargerType=2 batteryLevel=37 totalBatteryCapacity=4956700
04-01 21:48:16.462  2539  2539 D KeyguardUpdateMonitor: received broadcast android.intent.action.BATTERY_CHANGED
04-01 21:48:16.463  2862  2862 D NetworkSpeedTracker: receive actionandroid.intent.action.BATTERY_CHANGED
04-01 21:48:16.463  2862  2862 D NetworkSpeedTracker: onReceive ACTION_BATTERY_CHANGED mBatteryLevel = 37;mIsCharging =true
04-01 21:48:16.464  4115  4115 I BatteryInfoReceiver: ACTION_BATTERY_CHANGED
04-01 21:48:16.465  6036  6536 D PowerCheckerService: onBatteryChanged, mBatteryLevel = 37, status = 2, level = 37, plug = 2, scale = 100
