04-13 10:29:50.126  6036  6536 D PowerCheckerService: onBatteryChanged, mBatteryLevel = 34, status = 2, level = 34, plug = 2, scale = 100
04-13 10:29:50.127  4115  4115 I BatteryInfoReceiver: ACTION_BATTERY_CHANGED
04-13 10:29:50.128  2862  2862 D DeviceStatisticsService: chargerType=2 batteryLevel=34 totalBatteryCapacity=4185000
04-13 10:29:50.159  4115  4115 I BatteryInfoReceiver: ACTION_BATTERY_CHANGED
04-13 10:29:50.159  2862  2862 D NetworkSpeedTracker: receive actionandroid.intent.action.BATTERY_CHANGED
04-13 10:29:50.159  2862  2862 D NetworkSpeedTracker: onReceive ACTION_BATTERY_CHANGED mBatteryLevel = 34;mIsCharging =true
04-13 10:29:50.160  6036  6536 D PowerCheckerService: onBatteryChanged, mBatteryLevel = 34, status = 2, level = 34, plug = 2, scale = 100
04-13 10:29:50.162  2539  2539 D KeyguardUpdateMonitor: received broadcast android.intent.action.BATTERY_CHANGED
04-13 10:29:50.166  2862  2862 D DeviceStatisticsService: chargerType=2 batteryLevel=34 totalBatteryCapacity=4185000
04-13 10:29:50.169   805 15815 I WifiHAL : event received NL80211_CMD_VENDOR, vendor_id = 0x1374, subcmd = 0x6a
04-13 10:29:50.169  2539  2539 D KeyguardUpdateMonitor: received broadcast android.intent.action.BATTERY_CHANGED
04-13 10:29:50.169  2862  2862 D NetworkSpeedTracker: receive actionandroid.intent.action.BATTERY_CHANGED
04-13 10:29:50.169  2862  2862 D NetworkSpeedTracker: onReceive ACTION_BATTERY_CHANGED mBatteryLevel = 34;mIsCharging =true
04-13 10:29:50.169  1193  1193 I cnss-daemon: nl80211 response handler invoked
04-13 10:29:50.169  1193  1193 I cnss-daemon: nl80211_response_handler: cmd 103, vendorID 4980, subcmd 106  received
04-13 10:29:50.170  4115  4115 I BatteryInfoReceiver: ACTION_BATTERY_CHANGED
04-13 10:29:50.172  6036  6536 D PowerCheckerService: onBatteryChanged, mBatteryLevel = 34, status = 2, level = 34, plug = 2, scale = 100
04-13 10:29:50.174  2862  2862 D DeviceStatisticsService: chargerType=2 batteryLevel=34 totalBatteryCapacity=4185000
04-13 10:29:50.198  2862  2862 D NetworkSpeedTracker: receive actionandroid.intent.action.BATTERY_CHANGED
04-13 10:29:50.198  2862  2862 D NetworkSpeedTracker: onReceive ACTION_BATTERY_CHANGED mBatteryLevel = 34;mIsCharging =true
04-13 10:29:50.199  2539  2539 D KeyguardUpdateMonitor: received broadcast android.intent.action.BATTERY_CHANGED
04-13 10:29:50.199  4115  4115 I BatteryInfoReceiver: ACTION_BATTERY_CHANGED
04-13 10:29:50.200  6036  6536 D PowerCheckerService: onBatteryChanged, mBatteryLevel = 34, status = 2, level = 34, plug = 2, scale = 100
04-13 10:29:50.205  2862  2862 D DeviceStatisticsService: chargerType=2 batteryLevel=34 totalBatteryCapacity=4185000
04-13 10:29:50.208  2539  2539 D KeyguardUpdateMonitor: received broadcast android.intent.action.BATTERY_CHANGED
04-13 10:29:50.209  2862  2862 D NetworkSpeedTracker: receive actionandroid.intent.action.BATTERY_CHANGED
04-13 10:29:50.209  2862  2862 D NetworkSpeedTracker: onReceive ACTION_BATTERY_CHANGED mBatteryLevel = 34;mIsCharging =true
04-13 10:29:50.210  4115  4115 I BatteryInfoReceiver: ACTION_BATTERY_CHANGED
04-13 10:29:50.211  6036  6536 D PowerCheckerService: onBatteryChanged, mBatteryLevel = 34, status = 2, level = 34, plug = 2, scale = 100
04-13 10:29:50.214  2862  2862 D DeviceStatisticsService: chargerType=2 batteryLevel=34 totalBatteryCapacity=4185000
04-13 10:29:50.242  2862  2862 D NetworkSpeedTracker: receive actionandroid.intent.action.BATTERY_CHANGED
04-13 10:29:50.242  2862  2862 D NetworkSpeedTracker: onReceive ACTION_BATTERY_CHANGED mBatteryLevel = 34;mIsCharging =true
04-13 10:29:50.242  2539  2539 D KeyguardUpdateMonitor: received broadcast android.intent.action.BATTERY_CHANGED
04-13 10:29:50.245  4115  4115 I BatteryInfoReceiver: ACTION_BATTERY_CHANGED
04-13 10:29:50.245  6036  6536 D PowerCheckerService: onBatteryChanged, mBatteryLevel = 34, status = 2, level = 34, plug = 2, scale = 100
04-13 10:29:50.254  2862  2862 D DeviceStatisticsService: chargerType=2 batteryLevel=34 totalBatteryCapacity=4185000
04-13 10:29:50.256  2539  2539 D KeyguardUpdateMonitor: received broadcast android.intent.action.BATTERY_CHANGED
04-13 10:29:50.257  2862  2862 D NetworkSpeedTracker: receive actionandroid.intent.action.BATTERY_CHANGED
04-13 10:29:50.257  2862  2862 D NetworkSpeedTracker: onReceive ACTION_BATTERY_CHANGED mBatteryLevel = 34;mIsCharging =true
04-13 10:29:50.258  4115  4115 I BatteryInfoReceiver: ACTION_BATTERY_CHANGED
04-13 10:29:50.259  6036  6536 D PowerCheckerService: onBatteryChanged, mBatteryLevel = 34, status = 2, level = 34, plug = 2, scale = 100
04-13 10:29:50.261  2862  2862 D DeviceStatisticsService: chargerType=2 batteryLevel=34 totalBatteryCapacity=4185000
04-13 10:29:50.283  2539  2539 D KeyguardUpdateMonitor: received broadcast android.intent.action.BATTERY_CHANGED
04-13 10:29:50.284  2862  2862 D NetworkSpeedTracker: receive actionandroid.intent.action.BATTERY_CHANGED
04-13 10:29:50.284  2862  2862 D NetworkSpeedTracker: onReceive ACTION_BATTERY_CHANGED mBatteryLevel = 34;mIsCharging =true
04-13 10:29:50.286  6036  6536 D PowerCheckerService: onBatteryChanged, mBatteryLevel = 34, status = 2, level = 34, plug = 2, scale = 100
04-13 10:29:50.286  4115  4115 I BatteryInfoReceiver: ACTION_BATTERY_CHANGED
04-13 10:29:50.289  2862  2862 D DeviceStatisticsService: chargerType=2 batteryLevel=34 totalBatteryCapacity=4185000
04-13 10:29:50.294  2862  2862 D NetworkSpeedTracker: receive actionandroid.intent.action.BATTERY_CHANGED
04-13 10:29:50.294  2862  2862 D NetworkSpeedTracker: onReceive ACTION_BATTERY_CHANGED mBatteryLevel = 34;mIsCharging =true
04-13 10:29:50.294  2539  2539 D KeyguardUpdateMonitor: received broadcast android.intent.action.BATTERY_CHANGED
04-13 10:29:50.297  6036  6536 D PowerCheckerService: onBatteryChanged, mBatteryLevel = 34, status = 2, level = 34, plug = 2, scale = 100
04-13 10:29:50.298  4115  4115 I BatteryInfoReceiver: ACTION_BATTERY_CHANGED
04-13 10:29:50.303  2862  2862 D DeviceStatisticsService: chargerType=2 batteryLevel=34 totalBatteryCapacity=4185000
04-13 10:29:50.331  2862  2862 D NetworkSpeedTracker: receive actionandroid.intent.action.BATTERY_CHANGED
04-13 10:29:50.332  2862  2862 D NetworkSpeedTracker: onReceive ACTION_BATTERY_CHANGED mBatteryLevel = 34;mIsCharging =true
04-13 10:29:50.333  4115  4115 I BatteryInfoReceiver: ACTION_BATTERY_CHANGED
04-13 10:29:50.333  6036  6536 D PowerCheckerService: onBatteryChanged, mBatteryLevel = 34, status = 2, level = 34, plug = 2, scale = 100
04-13 10:29:50.333  2539  2539 D KeyguardUpdateMonitor: received broadcast android.intent.action.BATTERY_CHANGED
04-13 10:29:50.354  2862  2862 D DeviceStatisticsService: chargerType=2 batteryLevel=34 totalBatteryCapacity=4185000
04-13 10:29:50.356  2539  2539 D KeyguardUpdateMonitor: received broadcast android.intent.action.BATTERY_CHANGED
04-13 10:29:50.357  2862  2862 D NetworkSpeedTracker: receive actionandroid.intent.action.BATTERY_CHANGED
04-13 10:29:50.357  2862  2862 D NetworkSpeedTracker: onReceive ACTION_BATTERY_CHANGED mBatteryLevel = 34;mIsCharging =true
04-13 10:29:50.361  6036  6536 D PowerCheckerService: onBatteryChanged, mBatteryLevel = 34, status = 2, level = 34, plug = 2, scale = 100
04-13 10:29:50.362  4115  4115 I BatteryInfoReceiver: ACTION_BATTERY_CHANGED
04-13 10:29:50.365  1193  1193 I cnss-daemon: nl80211 response handler invoked
04-13 10:29:50.365  1193  1193 I cnss-daemon: nl80211_response_handler: cmd 103, vendorID 4980, subcmd 107  received
04-13 10:29:50.365   805 15815 I WifiHAL : event received NL80211_CMD_VENDOR, vendor_id = 0x1374, subcmd = 0x6b
04-13 10:29:50.371   796   796 W health@2.0-serv: type=1400 audit(0.0:2304055): avc: denied { read } for name="type" dev="sysfs" ino=55635 scontext=u:r:hal_health_default:s0 tcontext=u:object_r:sysfs:s0 tclass=file permissive=0
04-13 10:29:50.377  2862  2862 D DeviceStatisticsService: chargerType=2 batteryLevel=34 totalBatteryCapacity=4185000
04-13 10:29:50.382  2539  2539 D KeyguardUpdateMonitor: received broadcast android.intent.action.BATTERY_CHANGED
04-13 10:29:50.382  2862  2862 D NetworkSpeedTracker: receive actionandroid.intent.action.BATTERY_CHANGED
04-13 10:29:50.382  2862  2862 D NetworkSpeedTracker: onReceive ACTION_BATTERY_CHANGED mBatteryLevel = 34;mIsCharging =true
04-13 10:29:50.385  4115  4115 I BatteryInfoReceiver: ACTION_BATTERY_CHANGED
04-13 10:29:50.385  6036  6536 D PowerCheckerService: onBatteryChanged, mBatteryLevel = 34, status = 2, level = 34, plug = 2, scale = 100
04-13 10:29:50.379   796   796 W health@2.0-serv: type=1400 audit(0.0:2304056): avc: denied { read } for name="type" dev="sysfs" ino=55635 scontext=u:r:hal_health_default:s0 tcontext=u:object_r:sysfs:s0 tclass=file permissive=0
04-13 10:29:50.388  2862  2862 D DeviceStatisticsService: chargerType=2 batteryLevel=34 totalBatteryCapacity=4185000
04-13 10:29:50.391  2539  2539 D KeyguardUpdateMonitor: received broadcast android.intent.action.BATTERY_CHANGED
04-13 10:29:50.393  4115  4115 I BatteryInfoReceiver: ACTION_BATTERY_CHANGED
04-13 10:29:50.394  2862  2862 D NetworkSpeedTracker: receive actionandroid.intent.action.BATTERY_CHANGED
04-13 10:29:50.394  2862  2862 D NetworkSpeedTracker: onReceive ACTION_BATTERY_CHANGED mBatteryLevel = 34;mIsCharging =true
04-13 10:29:50.399  6036  6536 D PowerCheckerService: onBatteryChanged, mBatteryLevel = 34, status = 2, level = 34, plug = 2, scale = 100
04-13 10:29:50.400  2862  2862 D DeviceStatisticsService: chargerType=2 batteryLevel=34 totalBatteryCapacity=4185000
04-13 10:29:50.407   796   796 W health@2.0-serv: type=1400 audit(0.0:2304057): avc: denied { read } for name="type" dev="sysfs" ino=55635 scontext=u:r:hal_health_default:s0 tcontext=u:object_r:sysfs:s0 tclass=file permissive=0
04-13 10:29:50.417  2539  2539 D KeyguardUpdateMonitor: received broadcast android.intent.action.BATTERY_CHANGED
04-13 10:29:50.419  2862  2862 D NetworkSpeedTracker: receive actionandroid.intent.action.BATTERY_CHANGED
04-13 10:29:50.419  2862  2862 D NetworkSpeedTracker: onReceive ACTION_BATTERY_CHANGED mBatteryLevel = 34;mIsCharging =true
04-13 10:29:50.419  4115  4115 I BatteryInfoReceiver: ACTION_BATTERY_CHANGED
04-13 10:29:50.422  6036  6536 D PowerCheckerService: onBatteryChanged, mBatteryLevel = 34, status = 2, level = 34, plug = 2, scale = 100
04-13 10:29:50.419   796   796 W health@2.0-serv: type=1400 audit(0.0:2304058): avc: denied { read } for name="type" dev="sysfs" ino=55635 scontext=u:r:hal_health_default:s0 tcontext=u:object_r:sysfs:s0 tclass=file permissive=0
04-13 10:29:50.425  2862  2862 D DeviceStatisticsService: chargerType=2 batteryLevel=34 totalBatteryCapacity=4185000
04-13 10:29:50.428 17974 18133 E FirebaseInstanceId: Failed to get FIS auth token
04-13 10:29:50.428 17974 18133 E FirebaseInstanceId: java.util.concurrent.ExecutionException: com.google.firebase.installations.FirebaseInstallationsException: Firebase Installations Service is unavailable. Please try again later.
04-13 10:29:50.428 17974 18133 E FirebaseInstanceId: 	at awez.g(PG:2)
04-13 10:29:50.428 17974 18133 E FirebaseInstanceId: 	at awez.d(PG:6)
04-13 10:29:50.428 17974 18133 E FirebaseInstanceId: 	at benv.a(PG:9)
04-13 10:29:50.428 17974 18133 E FirebaseInstanceId: 	at benh.a(Unknown Source:11)
04-13 10:29:50.428 17974 18133 E FirebaseInstanceId: 	at awdv.run(PG:1)
04-13 10:29:50.428 17974 18133 E FirebaseInstanceId: 	at java.util.concurrent.ThreadPoolExecutor.runWorker(ThreadPoolExecutor.java:1167)
04-13 10:29:50.428 17974 18133 E FirebaseInstanceId: 	at java.util.concurrent.ThreadPoolExecutor$Worker.run(ThreadPoolExecutor.java:641)
04-13 10:29:50.428 17974 18133 E FirebaseInstanceId: 	at aule.run(Unknown Source:6)
04-13 10:29:50.428 17974 18133 E FirebaseInstanceId: 	at java.lang.Thread.run(Thread.java:919)
04-13 10:29:50.428 17974 18133 E FirebaseInstanceId: Caused by: com.google.firebase.installations.FirebaseInstallationsException: Firebase Installations Service is unavailable. Please try again later.
04-13 10:29:50.428 17974 18133 E FirebaseInstanceId: 	at beox.b(PG:22)
04-13 10:29:50.428 17974 18133 E FirebaseInstanceId: 	at beog.run(Unknown Source:26)
04-13 10:29:50.428 17974 18133 E FirebaseInstanceId: 	at java.util.concurrent.ThreadPoolExecutor.runWorker(ThreadPoolExecutor.java:1167)
04-13 10:29:50.428 17974 18133 E FirebaseInstanceId: 	at java.util.concurrent.ThreadPoolExecutor$Worker.run(ThreadPoolExecutor.java:641)
04-13 10:29:50.428 17974 18133 E FirebaseInstanceId: 	... 1 more
04-13 10:29:50.432   677 18215 E ResolverController: No valid NAT64 prefix (579, <unspecified>/0)
04-13 10:29:50.434  2539  2539 D KeyguardUpdateMonitor: received broadcast android.intent.action.BATTERY_CHANGED
04-13 10:29:50.434  2862  2862 D NetworkSpeedTracker: receive actionandroid.intent.action.BATTERY_CHANGED
04-13 10:29:50.434  2862  2862 D NetworkSpeedTracker: onReceive ACTION_BATTERY_CHANGED mBatteryLevel = 34;mIsCharging =true
04-13 10:29:50.436  6036  6536 D PowerCheckerService: onBatteryChanged, mBatteryLevel = 34, status = 2, level = 34, plug = 2, scale = 100
04-13 10:29:50.436  4115  4115 I BatteryInfoReceiver: ACTION_BATTERY_CHANGED
04-13 10:29:50.437  2862  2862 D DeviceStatisticsService: chargerType=2 batteryLevel=34 totalBatteryCapacity=4185000
04-13 10:29:50.440   821 10603 I /vendor/bin/hw/vendor.qti.hardware.servicetracker@1.1-service: bindService is called for service : com.google.android.gms/.gcm.PushMessagingRegistrarProxy and for client com.android.vending
04-13 10:29:50.440   821 10603 I /vendor/bin/hw/vendor.qti.hardware.servicetracker@1.1-service: total connections for service : com.google.android.gms/.gcm.PushMessagingRegistrarProxyare :1
04-13 10:29:50.440   821 10603 I /vendor/bin/hw/vendor.qti.hardware.servicetracker@1.1-service: total connections for client : com.android.vendingare :1
04-13 10:29:50.443  1571  2425 D CompatibilityInfo: mCompatibilityFlags - 0
04-13 10:29:50.443  1571  2425 D CompatibilityInfo: applicationDensity - 440
04-13 10:29:50.443  1571  2425 D CompatibilityInfo: applicationScale - 1.0
04-13 10:29:50.445   821 10603 I /vendor/bin/hw/vendor.qti.hardware.servicetracker@1.1-service: startService() is called for servicecom.google.android.gms/.gcm.PushMessagingRegistrarProxy
04-13 10:29:50.455   796   796 W health@2.0-serv: type=1400 audit(0.0:2304059): avc: denied { read } for name="type" dev="sysfs" ino=55635 scontext=u:r:hal_health_default:s0 tcontext=u:object_r:sysfs:s0 tclass=file permissive=0
04-13 10:29:50.462  2862  2862 D NetworkSpeedTracker: receive actionandroid.intent.action.BATTERY_CHANGED
04-13 10:29:50.462  2862  2862 D NetworkSpeedTracker: onReceive ACTION_BATTERY_CHANGED mBatteryLevel = 34;mIsCharging =true
04-13 10:29:50.463  2539  2539 D KeyguardUpdateMonitor: received broadcast android.intent.action.BATTERY_CHANGED
04-13 10:29:50.464  4115  4115 I BatteryInfoReceiver: ACTION_BATTERY_CHANGED
04-13 10:29:50.464  6036  6536 D PowerCheckerService: onBatteryChanged, mBatteryLevel = 34, status = 2, level = 34, plug = 2, scale = 100
04-13 10:29:50.468  2862  2862 D DeviceStatisticsService: chargerType=2 batteryLevel=34 totalBatteryCapacity=4185000
04-13 10:29:50.471  2862  2862 D NetworkSpeedTracker: receive actionandroid.intent.action.BATTERY_CHANGED
04-13 10:29:50.471  2862  2862 D NetworkSpeedTracker: onReceive ACTION_BATTERY_CHANGED mBatteryLevel = 34;mIsCharging =true
04-13 10:29:50.471  2539  2539 D KeyguardUpdateMonitor: received broadcast android.intent.action.BATTERY_CHANGED
04-13 10:29:50.472  4115  4115 I BatteryInfoReceiver: ACTION_BATTERY_CHANGED
04-13 10:29:50.472  6036  6536 D PowerCheckerService: onBatteryChanged, mBatteryLevel = 34, status = 2, level = 34, plug = 2, scale = 100
04-13 10:29:50.475  2862  2862 D DeviceStatisticsService: chargerType=2 batteryLevel=34 totalBatteryCapacity=4185000
04-13 10:29:50.482   821 10603 I /vendor/bin/hw/vendor.qti.hardware.servicetracker@1.1-service: bindService is called for service : com.google.android.gms/.gcm.http.GoogleHttpService and for client com.google.android.gms.persistent
04-13 10:29:50.482   821 10603 I /vendor/bin/hw/vendor.qti.hardware.servicetracker@1.1-service: total connections for service : com.google.android.gms/.gcm.http.GoogleHttpServiceare :1
04-13 10:29:50.482   821 10603 I /vendor/bin/hw/vendor.qti.hardware.servicetracker@1.1-service: total connections for client : com.google.android.gms.persistentare :7
04-13 10:29:50.484  1571  5871 D CompatibilityInfo: mCompatibilityFlags - 0
04-13 10:29:50.485  1571  5871 D CompatibilityInfo: applicationDensity - 440
04-13 10:29:50.485  1571  5871 D CompatibilityInfo: applicationScale - 1.0
04-13 10:29:50.485   821 10603 I /vendor/bin/hw/vendor.qti.hardware.servicetracker@1.1-service: startService() is called for servicecom.google.android.gms/.gcm.http.GoogleHttpService
04-13 10:29:50.492   677 18218 E ResolverController: No valid NAT64 prefix (579, <unspecified>/0)
04-13 10:29:50.504  2539  2539 D KeyguardUpdateMonitor: received broadcast android.intent.action.BATTERY_CHANGED
04-13 10:29:50.506  2862  2862 D NetworkSpeedTracker: receive actionandroid.intent.action.BATTERY_CHANGED
04-13 10:29:50.506  2862  2862 D NetworkSpeedTracker: onReceive ACTION_BATTERY_CHANGED mBatteryLevel = 34;mIsCharging =true
04-13 10:29:50.506  4115  4115 I BatteryInfoReceiver: ACTION_BATTERY_CHANGED
04-13 10:29:50.507  6036  6536 D PowerCheckerService: onBatteryChanged, mBatteryLevel = 34, status = 2, level = 34, plug = 2, scale = 100
04-13 10:29:50.510  2862  2862 D DeviceStatisticsService: chargerType=2 batteryLevel=34 totalBatteryCapacity=4185000
04-13 10:29:50.514  2539  2539 D KeyguardUpdateMonitor: received broadcast android.intent.action.BATTERY_CHANGED
04-13 10:29:50.515  2862  2862 D NetworkSpeedTracker: receive actionandroid.intent.action.BATTERY_CHANGED
04-13 10:29:50.515  2862  2862 D NetworkSpeedTracker: onReceive ACTION_BATTERY_CHANGED mBatteryLevel = 34;mIsCharging =true
04-13 10:29:50.516  4115  4115 I BatteryInfoReceiver: ACTION_BATTERY_CHANGED
04-13 10:29:50.517  6036  6536 D PowerCheckerService: onBatteryChanged, mBatteryLevel = 34, status = 2, level = 34, plug = 2, scale = 100
04-13 10:29:50.518  2862  2862 D DeviceStatisticsService: chargerType=2 batteryLevel=34 totalBatteryCapacity=4185000
04-13 10:29:50.559  2539  2539 D KeyguardUpdateMonitor: received broadcast android.intent.action.BATTERY_CHANGED
04-13 10:29:50.560  2862  2862 D NetworkSpeedTracker: receive actionandroid.intent.action.BATTERY_CHANGED
04-13 10:29:50.560  2862  2862 D NetworkSpeedTracker: onReceive ACTION_BATTERY_CHANGED mBatteryLevel = 34;mIsCharging =true
04-13 10:29:50.561  4115  4115 I BatteryInfoReceiver: ACTION_BATTERY_CHANGED
04-13 10:29:50.562  6036  6536 D PowerCheckerService: onBatteryChanged, mBatteryLevel = 34, status = 2, level = 34, plug = 2, scale = 100
04-13 10:29:50.563  2862  2862 D DeviceStatisticsService: chargerType=2 batteryLevel=34 totalBatteryCapacity=4185000
04-13 10:29:50.570  2539  2539 D KeyguardUpdateMonitor: received broadcast android.intent.action.BATTERY_CHANGED
04-13 10:29:50.572  2862  2862 D NetworkSpeedTracker: receive actionandroid.intent.action.BATTERY_CHANGED
04-13 10:29:50.572  2862  2862 D NetworkSpeedTracker: onReceive ACTION_BATTERY_CHANGED mBatteryLevel = 34;mIsCharging =true
04-13 10:29:50.573  4115  4115 I BatteryInfoReceiver: ACTION_BATTERY_CHANGED
04-13 10:29:50.573  6036  6536 D PowerCheckerService: onBatteryChanged, mBatteryLevel = 34, status = 2, level = 34, plug = 2, scale = 100
04-13 10:29:50.575  2862  2862 D DeviceStatisticsService: chargerType=2 batteryLevel=34 totalBatteryCapacity=4185000
04-13 10:29:50.595  2539  2539 D KeyguardUpdateMonitor: received broadcast android.intent.action.BATTERY_CHANGED
04-13 10:29:50.597  2862  2862 D NetworkSpeedTracker: receive actionandroid.intent.action.BATTERY_CHANGED
04-13 10:29:50.598  2862  2862 D NetworkSpeedTracker: onReceive ACTION_BATTERY_CHANGED mBatteryLevel = 34;mIsCharging =true
04-13 10:29:50.598  6036  6536 D PowerCheckerService: onBatteryChanged, mBatteryLevel = 34, status = 2, level = 34, plug = 2, scale = 100
04-13 10:29:50.603  4115  4115 I BatteryInfoReceiver: ACTION_BATTERY_CHANGED
04-13 10:29:50.606  2862  2862 D DeviceStatisticsService: chargerType=2 batteryLevel=34 totalBatteryCapacity=4185000
04-13 10:29:50.615  2539  2539 D KeyguardUpdateMonitor: received broadcast android.intent.action.BATTERY_CHANGED
04-13 10:29:50.616  2862  2862 D NetworkSpeedTracker: receive actionandroid.intent.action.BATTERY_CHANGED
04-13 10:29:50.616  2862  2862 D NetworkSpeedTracker: onReceive ACTION_BATTERY_CHANGED mBatteryLevel = 34;mIsCharging =true
04-13 10:29:50.617  4115  4115 I BatteryInfoReceiver: ACTION_BATTERY_CHANGED
04-13 10:29:50.618  6036  6536 D PowerCheckerService: onBatteryChanged, mBatteryLevel = 34, status = 2, level = 34, plug = 2, scale = 100
04-13 10:29:50.620  2862  2862 D DeviceStatisticsService: chargerType=2 batteryLevel=34 totalBatteryCapacity=4185000
04-13 10:29:50.642  2539  2539 D KeyguardUpdateMonitor: received broadcast android.intent.action.BATTERY_CHANGED
04-13 10:29:50.642  2862  2862 D NetworkSpeedTracker: receive actionandroid.intent.action.BATTERY_CHANGED
04-13 10:29:50.643  2862  2862 D NetworkSpeedTracker: onReceive ACTION_BATTERY_CHANGED mBatteryLevel = 34;mIsCharging =true
04-13 10:29:50.644  4115  4115 I BatteryInfoReceiver: ACTION_BATTERY_CHANGED
04-13 10:29:50.644  6036  6536 D PowerCheckerService: onBatteryChanged, mBatteryLevel = 34, status = 2, level = 34, plug = 2, scale = 100
04-13 10:29:50.655  2862  2862 D DeviceStatisticsService: chargerType=2 batteryLevel=34 totalBatteryCapacity=4185000
04-13 10:29:50.658  2539  2539 D KeyguardUpdateMonitor: received broadcast android.intent.action.BATTERY_CHANGED
04-13 10:29:50.659  2862  2862 D NetworkSpeedTracker: receive actionandroid.intent.action.BATTERY_CHANGED
04-13 10:29:50.659  2862  2862 D NetworkSpeedTracker: onReceive ACTION_BATTERY_CHANGED mBatteryLevel = 34;mIsCharging =true
04-13 10:29:50.661  4115  4115 I BatteryInfoReceiver: ACTION_BATTERY_CHANGED
04-13 10:29:50.662  6036  6536 D PowerCheckerService: onBatteryChanged, mBatteryLevel = 34, status = 2, level = 34, plug = 2, scale = 100
04-13 10:29:50.664  2862  2862 D DeviceStatisticsService: chargerType=2 batteryLevel=34 totalBatteryCapacity=4185000
04-13 10:29:50.686  2539  2539 D KeyguardUpdateMonitor: received broadcast android.intent.action.BATTERY_CHANGED
04-13 10:29:50.687  2862  2862 D NetworkSpeedTracker: receive actionandroid.intent.action.BATTERY_CHANGED
04-13 10:29:50.687  2862  2862 D NetworkSpeedTracker: onReceive ACTION_BATTERY_CHANGED mBatteryLevel = 34;mIsCharging =true
04-13 10:29:50.688  4115  4115 I BatteryInfoReceiver: ACTION_BATTERY_CHANGED
04-13 10:29:50.689  6036  6536 D PowerCheckerService: onBatteryChanged, mBatteryLevel = 34, status = 2, level = 34, plug = 2, scale = 100
04-13 10:29:50.691  2862  2862 D DeviceStatisticsService: chargerType=2 batteryLevel=34 totalBatteryCapacity=4185000
04-13 10:29:50.697  2539  2539 D KeyguardUpdateMonitor: received broadcast android.intent.action.BATTERY_CHANGED
04-13 10:29:50.698  2862  2862 D NetworkSpeedTracker: receive actionandroid.intent.action.BATTERY_CHANGED
04-13 10:29:50.699  2862  2862 D NetworkSpeedTracker: onReceive ACTION_BATTERY_CHANGED mBatteryLevel = 34;mIsCharging =true
04-13 10:29:50.700  4115  4115 I BatteryInfoReceiver: ACTION_BATTERY_CHANGED
04-13 10:29:50.701  6036  6536 D PowerCheckerService: onBatteryChanged, mBatteryLevel = 34, status = 2, level = 34, plug = 2, scale = 100
04-13 10:29:50.702  2862  2862 D DeviceStatisticsService: chargerType=2 batteryLevel=34 totalBatteryCapacity=4185000
04-13 10:29:50.712  1193  1193 I cnss-daemon: nl80211 response handler invoked
04-13 10:29:50.712  1193  1193 I cnss-daemon: nl80211_response_handler: cmd 103, vendorID 4980, subcmd 106  received
04-13 10:29:50.712   805 15815 I WifiHAL : event received NL80211_CMD_VENDOR, vendor_id = 0x1374, subcmd = 0x6a
04-13 10:29:50.726  2539  2539 D KeyguardUpdateMonitor: received broadcast android.intent.action.BATTERY_CHANGED
04-13 10:29:50.727  2862  2862 D NetworkSpeedTracker: receive actionandroid.intent.action.BATTERY_CHANGED
04-13 10:29:50.727  2862  2862 D NetworkSpeedTracker: onReceive ACTION_BATTERY_CHANGED mBatteryLevel = 34;mIsCharging =true
04-13 10:29:50.729  6036  6536 D PowerCheckerService: onBatteryChanged, mBatteryLevel = 34, status = 2, level = 34, plug = 2, scale = 100
04-13 10:29:50.730  4115  4115 I BatteryInfoReceiver: ACTION_BATTERY_CHANGED
04-13 10:29:50.731  2862  2862 D DeviceStatisticsService: chargerType=2 batteryLevel=34 totalBatteryCapacity=4185000
04-13 10:29:50.737  2539  2539 D KeyguardUpdateMonitor: received broadcast android.intent.action.BATTERY_CHANGED
04-13 10:29:50.738  2862  2862 D NetworkSpeedTracker: receive actionandroid.intent.action.BATTERY_CHANGED
04-13 10:29:50.738  2862  2862 D NetworkSpeedTracker: onReceive ACTION_BATTERY_CHANGED mBatteryLevel = 34;mIsCharging =true
04-13 10:29:50.739  4115  4115 I BatteryInfoReceiver: ACTION_BATTERY_CHANGED
04-13 10:29:50.741  6036  6536 D PowerCheckerService: onBatteryChanged, mBatteryLevel = 34, status = 2, level = 34, plug = 2, scale = 100
04-13 10:29:50.741  2862  2862 D DeviceStatisticsService: chargerType=2 batteryLevel=34 totalBatteryCapacity=4185000
04-13 10:29:50.781  2539  2539 D KeyguardUpdateMonitor: received broadcast android.intent.action.BATTERY_CHANGED
04-13 10:29:50.783  2862  2862 D NetworkSpeedTracker: receive actionandroid.intent.action.BATTERY_CHANGED
04-13 10:29:50.784  2862  2862 D NetworkSpeedTracker: onReceive ACTION_BATTERY_CHANGED mBatteryLevel = 34;mIsCharging =true
04-13 10:29:50.785  4115  4115 I BatteryInfoReceiver: ACTION_BATTERY_CHANGED
04-13 10:29:50.787  6036  6536 D PowerCheckerService: onBatteryChanged, mBatteryLevel = 34, status = 2, level = 34, plug = 2, scale = 100
04-13 10:29:50.789  2862  2862 D DeviceStatisticsService: chargerType=2 batteryLevel=34 totalBatteryCapacity=4185000
04-13 10:29:50.797  2539  2539 D KeyguardUpdateMonitor: received broadcast android.intent.action.BATTERY_CHANGED
04-13 10:29:50.798  2862  2862 D NetworkSpeedTracker: receive actionandroid.intent.action.BATTERY_CHANGED
04-13 10:29:50.798  2862  2862 D NetworkSpeedTracker: onReceive ACTION_BATTERY_CHANGED mBatteryLevel = 34;mIsCharging =true
04-13 10:29:50.800  4115  4115 I BatteryInfoReceiver: ACTION_BATTERY_CHANGED
04-13 10:29:50.800  6036  6536 D PowerCheckerService: onBatteryChanged, mBatteryLevel = 34, status = 2, level = 34, plug = 2, scale = 100
04-13 10:29:50.802  2862  2862 D DeviceStatisticsService: chargerType=2 batteryLevel=34 totalBatteryCapacity=4185000
04-13 10:29:50.812 17389 17421 I appium  : AppiumResponse: {"sessionId":"5cc5c1a0-c5e6-42d1-ac8c-5f3c05c7b0f3","value":null}
04-13 10:29:50.820  2539  2539 D KeyguardUpdateMonitor: received broadcast android.intent.action.BATTERY_CHANGED
04-13 10:29:50.822  4115  4115 I BatteryInfoReceiver: ACTION_BATTERY_CHANGED
04-13 10:29:50.823  6036  6536 D PowerCheckerService: onBatteryChanged, mBatteryLevel = 34, status = 2, level = 34, plug = 2, scale = 100
04-13 10:29:50.827  2862  2862 D NetworkSpeedTracker: receive actionandroid.intent.action.BATTERY_CHANGED
04-13 10:29:50.827 17389 17421 I appium  : channel read: POST /wd/hub/session/5cc5c1a0-c5e6-42d1-ac8c-5f3c05c7b0f3/element
04-13 10:29:50.827  2862  2862 D NetworkSpeedTracker: onReceive ACTION_BATTERY_CHANGED mBatteryLevel = 34;mIsCharging =true
04-13 10:29:50.828 17389 17421 I appium  : FindElement command
04-13 10:29:50.831  2539  2539 D KeyguardUpdateMonitor: received broadcast android.intent.action.BATTERY_CHANGED
04-13 10:29:50.831  2539  3046 D MobileSignalController: updateDataType mSelectedDataTypeIcon[0]=2131232923, mSelectedDataActivityIndex=6
04-13 10:29:50.831  2539  3046 D TelephonyIcons: getSignalStrengthIcon: slot=0, inetCondition=1, level=5, roaming=false, signalstrength=SignalStrength:{mCdma=CellSignalStrengthCdma: cdmaDbm=2147483647 cdmaEcio=2147483647 evdoDbm=2147483647 evdoEcio=2147483647 evdoSnr=2147483647 miuiLevel=0 level=0,mGsm=CellSignalStrengthGsm: rssi=2147483647 ber=2147483647 mTa=2147483647 miuiLevel=0 mLevel=0,mWcdma=CellSignalStrengthWcdma: ss=2147483647 ber=2147483647 rscp=2147483647 ecno=2147483647 miuiLevel=0 level=0,mTdscdma=CellSignalStrengthTdscdma: rssi=2147483647 ber=2147483647 rscp=2147483647 miuiLevel=0 level=0,mLte=CellSignalStrengthLte: rssi=-53 rsrp=-79 rsrq=-8 rssnr=250 cqi=2147483647 ta=2147483647 miuiLevel=5 level=4,mNr=CellSignalStrengthNr:{ csiRsrp = 2147483647 csiRsrq = 2147483647 csiSinr = 2147483647 ssRsrp = 2147483647 ssRsrq = 2147483647 ssSinr = 2147483647 miuiLevel = 0 level = 0 },primary=CellSignalStrengthLte}
04-13 10:29:50.831  2539  3046 D TelephonyIcons: getDataActivity, slot=0, activity=2
04-13 10:29:50.831 17389 17421 I appium  : method: 'xpath', selector: '//*[@text="zxvbn"]', contextId: ''
04-13 10:29:50.832 17389 17421 I appium  : Waiting up to 10000ms for the device to idle
04-13 10:29:50.834  6036  6536 D PowerCheckerService: onBatteryChanged, mBatteryLevel = 34, status = 2, level = 34, plug = 2, scale = 100
04-13 10:29:50.834 17389 17421 I appium  : The following attributes will be included to the page source: [text]
04-13 10:29:50.834  2539  3046 D TelephonyIcons: null signal icon name: drawable/stat_sys_signal_null
04-13 10:29:50.835  2539  3046 D TelephonyIcons: getDataTypeIcon sub=0
04-13 10:29:50.835  4115  4115 I BatteryInfoReceiver: ACTION_BATTERY_CHANGED
04-13 10:29:50.836  2862  2862 D DeviceStatisticsService: chargerType=2 batteryLevel=34 totalBatteryCapacity=4185000
04-13 10:29:50.836  2862  2862 D DynamicSarService: PhoneStateListener.onDataActivity: direction=2
04-13 10:29:50.836  2862  2862 D DynamicSarService: modem or radio power state change,messageType: 128 state: 2
04-13 10:29:50.836  2862  2862 D NetworkSpeedTracker: receive actionandroid.intent.action.BATTERY_CHANGED
04-13 10:29:50.836  2862  2862 D NetworkSpeedTracker: onReceive ACTION_BATTERY_CHANGED mBatteryLevel = 34;mIsCharging =true
04-13 10:29:50.836  2539  2539 D SignalClusterView: updateMobileTypeImage  0
04-13 10:29:50.837  2862  2862 D DeviceStatisticsService: chargerType=2 batteryLevel=34 totalBatteryCapacity=4185000
04-13 10:29:50.843  2539  2539 D SignalClusterView: updateMobileTypeImage  0
04-13 10:29:50.856  2539  2539 I chatty  : uid=1000(system) com.android.systemui identical 4 lines
04-13 10:29:50.857  2539  2539 D SignalClusterView: updateMobileTypeImage  0
04-13 10:29:50.871  2862  2862 D NetworkSpeedTracker: receive actionandroid.intent.action.BATTERY_CHANGED
04-13 10:29:50.871  2862  2862 D NetworkSpeedTracker: onReceive ACTION_BATTERY_CHANGED mBatteryLevel = 34;mIsCharging =true
04-13 10:29:50.872  4115  4115 I BatteryInfoReceiver: ACTION_BATTERY_CHANGED
04-13 10:29:50.874  6036  6536 D PowerCheckerService: onBatteryChanged, mBatteryLevel = 34, status = 2, level = 34, plug = 2, scale = 100
04-13 10:29:50.878 17389 17421 I appium  : Took 4ms to retrieve 0 matches for '//*[@text="zxvbn"]' XPath query
04-13 10:29:50.880  2862  2862 D DeviceStatisticsService: chargerType=2 batteryLevel=34 totalBatteryCapacity=4185000
04-13 10:29:50.881 17389 17421 I appium  : AppiumResponse: {"sessionId":"5cc5c1a0-c5e6-42d1-ac8c-5f3c05c7b0f3","value":{"error":"no such element","message":"An element could not be located on the page using the given search parameters","stacktrace":"io.appium.uiautomator2.common.exceptions.ElementNotFoundException: An element could not be located on the page using the given search parameters\n\tat io.appium.uiautomator2.handler.FindElement.findElement(FindElement.java:91)\n\tat io.appium.uiautomator2.handler.FindElement.safeHandle(FindElement.java:68)\n\tat io.appium.uiautomator2.handler.request.SafeRequestHandler.handle(SafeRequestHandler.java:41)\n\tat io.appium.uiautomator2.server.AppiumServlet.handleRequest(AppiumServlet.java:261)\n\tat io.appium.uiautomator2.server.AppiumServlet.handleHttpRequest(AppiumServlet.java:255)\n\tat io.appium.uiautomator2.http.ServerHandler.channelRead(ServerHandler.java:68)\n\tat io.netty.channel.AbstractChannelHandlerContext.invokeChannelRead(AbstractChannelHandlerContext.java:366)\n\tat io.netty.channel.AbstractChannelHandlerContext.invokeChannelRead(AbstractChannelHandlerContext.java:352)\n\tat io.netty.channel.AbstractChannelHandlerContext.fireChannelRead(AbstractChannelHandlerContext.java:345)\n\tat io.netty.handler.codec.MessageToMessageDecoder.channelRead(MessageToMessageDecoder.java:102)\n\tat io.netty.channel.AbstractChannelHandlerContext.invokeChannelRead(AbstractChannelHandlerContext.java:366)\n\tat io.netty.channel.AbstractChannelHandlerContext.invokeChannelRead(AbstractChannelHandlerContext.java:352)\n\tat io.netty.channel.AbstractChannelHandlerContext.fireChannelRead(AbstractChannelHandlerContext.java:345)\n\tat io.netty.channel.CombinedChannelDuplexHandler$DelegatingChannelHandlerContext.fireChannelRead(CombinedChannelDuplexHandler.java:435)\n\tat io.netty.handler.codec.ByteToMessageDecoder.fireChannelRead(ByteToMessageDecoder.java:293)\n\tat io.netty.handler.codec.ByteToMessageDecoder.channelRead(ByteToMessageDecoder.java:267)\n\tat io.netty.channel.CombinedChannelDuplexHandler.channelRead(CombinedChannelDuplexHandler.java:250)\n\tat io.netty.channel.AbstractChannelHandlerContext.invokeChannelRead(AbstractChannelHandlerContext.java:366)\n\tat io.netty.channel.AbstractChannelHandlerContext.invokeChannelRead(AbstractChannelHandlerContext.java:352)\n\tat io.netty.channel.AbstractChannelHandlerContext.fireChannelRead(AbstractChannelHandlerContext.java:345)\n\tat io.netty.handler.timeout.IdleStateHandler.channelRead(IdleStateHandler.java:266)\n\tat io.netty.channel.AbstractChannelHandlerContext.invokeChannelRead(AbstractChannelHandlerContext.java:366)\n\tat io.netty.channel.AbstractChannelHandlerContext.invokeChannelRead(AbstractChannelHandlerContext.java:352)\n\tat io.netty.channel.AbstractChannelHandlerContext.fireChannelRead(AbstractChannelHandlerContext.java:345)\n\tat io.netty.channel.DefaultChannelPipeline$HeadContext.channelRead(DefaultChannelPipeline.java:1294)\n\tat io.netty.channel.AbstractChannelHandlerContext.invokeChannelRead(AbstractChannelHandlerContext.java:366)\n\tat io.netty.channel.AbstractChannelHandlerContext.invokeChannelRead(AbstractChannelHandlerContext.java:352)\n\tat io.netty.channel.DefaultChannelPipeline.fireChannelRead(DefaultChannelPipeline.java:911)\n\tat io.netty.channel.nio.AbstractNioByteChannel$NioByteUnsafe.read(AbstractNioByteChannel.java:131)\n\tat io.netty.channel.nio.NioEventLoop.processSelectedKey(NioEventLoop.java:611)\n\tat io.netty.channel.nio.NioEventLoop.processSelectedKeysOptimized(NioEventLoop.java:552)\n\tat io.netty.channel.nio.NioEventLoop.processSelectedKeys(NioEventLoop.java:466)\n\tat io.netty.channel.nio.NioEventLoop.run(NioEventLoop.java:438)\n\tat io.netty.util.concurrent.SingleThreadEventExecutor$2.run(SingleThreadEventExecutor.java:140)\n\tat io.netty.util.concurrent.DefaultThreadFactory$DefaultRunnableDecorator.run(DefaultThreadFactory.java:144)\n\tat java.lang.Thread.run(Thread.java:919)\n"}}
04-13 10:29:50.881  2539  2539 D KeyguardUpdateMonitor: received broadcast android.intent.action.BATTERY_CHANGED
04-13 10:29:50.881  2862  2862 D NetworkSpeedTracker: receive actionandroid.intent.action.BATTERY_CHANGED
04-13 10:29:50.882  2539  2539 D KeyguardUpdateMonitor: received broadcast android.intent.action.BATTERY_CHANGED
04-13 10:29:50.882  2862  2862 D NetworkSpeedTracker: onReceive ACTION_BATTERY_CHANGED mBatteryLevel = 34;mIsCharging =true
04-13 10:29:50.883  4115  4115 I BatteryInfoReceiver: ACTION_BATTERY_CHANGED
04-13 10:29:50.884  6036  6536 D PowerCheckerService: onBatteryChanged, mBatteryLevel = 34, status = 2, level = 34, plug = 2, scale = 100
04-13 10:29:50.885  2862  2862 D DeviceStatisticsService: chargerType=2 batteryLevel=34 totalBatteryCapacity=4185000
04-13 10:29:50.899 17389 17421 I appium  : channel read: POST /wd/hub/session/5cc5c1a0-c5e6-42d1-ac8c-5f3c05c7b0f3/touch/perform
04-13 10:29:50.900 17389 17421 I appium  : Swipe command
04-13 10:29:50.906  2539  2539 D KeyguardUpdateMonitor: received broadcast android.intent.action.BATTERY_CHANGED
04-13 10:29:50.907  2862  2862 D NetworkSpeedTracker: receive actionandroid.intent.action.BATTERY_CHANGED
04-13 10:29:50.907  2862  2862 D NetworkSpeedTracker: onReceive ACTION_BATTERY_CHANGED mBatteryLevel = 34;mIsCharging =true
04-13 10:29:50.908  4115  4115 I BatteryInfoReceiver: ACTION_BATTERY_CHANGED
04-13 10:29:50.908  6036  6536 D PowerCheckerService: onBatteryChanged, mBatteryLevel = 34, status = 2, level = 34, plug = 2, scale = 100
04-13 10:29:50.909   805 15815 I WifiHAL : event received NL80211_CMD_VENDOR, vendor_id = 0x1374, subcmd = 0x6b
04-13 10:29:50.910  1193  1193 I cnss-daemon: nl80211 response handler invoked
04-13 10:29:50.910  1193  1193 I cnss-daemon: nl80211_response_handler: cmd 103, vendorID 4980, subcmd 107  received
04-13 10:29:50.911  1571  2412 D MIUIInput: [MotionEvent] publisher action=0x4, 626074560, channel '29e26ec NavigationBar (server)'
04-13 10:29:50.911  1571  2412 D MIUIInput: [MotionEvent] publisher action=0x4, 626074560, channel 'eafa6ff StatusBar (server)'
04-13 10:29:50.911 17458 17458 D ViewRootImpl: [TouchInput][ViewRootImpl] MotionEvent { action=ACTION_DOWN, id[0]=0, pointerCount=1, eventTime=626074560, downTime=626074560 } moveCount:0
04-13 10:29:50.912  1571  2412 D MIUIInput: [MotionEvent] publisher action=0x0, 626074560, channel '683ae08 com.milink.service/com.milink.ui.activity.DisplayDialogActivity (server)'
04-13 10:29:50.913  2862  2862 D DeviceStatisticsService: chargerType=2 batteryLevel=34 totalBatteryCapacity=4185000
04-13 10:29:50.918  2539  2539 D KeyguardUpdateMonitor: received broadcast android.intent.action.BATTERY_CHANGED
04-13 10:29:50.919  2862  2862 D NetworkSpeedTracker: receive actionandroid.intent.action.BATTERY_CHANGED
04-13 10:29:50.919  2862  2862 D NetworkSpeedTracker: onReceive ACTION_BATTERY_CHANGED mBatteryLevel = 34;mIsCharging =true
04-13 10:29:50.920  4115  4115 I BatteryInfoReceiver: ACTION_BATTERY_CHANGED
04-13 10:29:50.921  6036  6536 D PowerCheckerService: onBatteryChanged, mBatteryLevel = 34, status = 2, level = 34, plug = 2, scale = 100
04-13 10:29:50.922  2862  2862 D DeviceStatisticsService: chargerType=2 batteryLevel=34 totalBatteryCapacity=4185000
04-13 10:29:50.967  2539  2539 D KeyguardUpdateMonitor: received broadcast android.intent.action.BATTERY_CHANGED
04-13 10:29:50.967  2862  2862 D NetworkSpeedTracker: receive actionandroid.intent.action.BATTERY_CHANGED
04-13 10:29:50.967  2862  2862 D NetworkSpeedTracker: onReceive ACTION_BATTERY_CHANGED mBatteryLevel = 34;mIsCharging =true
04-13 10:29:50.968  4115  4115 I BatteryInfoReceiver: ACTION_BATTERY_CHANGED
04-13 10:29:50.968  6036  6536 D PowerCheckerService: onBatteryChanged, mBatteryLevel = 34, status = 2, level = 34, plug = 2, scale = 100
04-13 10:29:50.973  2862  2862 D DeviceStatisticsService: chargerType=2 batteryLevel=34 totalBatteryCapacity=4185000
04-13 10:29:50.996  2862  2862 D NetworkSpeedTracker: receive actionandroid.intent.action.BATTERY_CHANGED
04-13 10:29:50.996  2862  2862 D NetworkSpeedTracker: onReceive ACTION_BATTERY_CHANGED mBatteryLevel = 34;mIsCharging =true
04-13 10:29:50.997  2539  2539 D KeyguardUpdateMonitor: received broadcast android.intent.action.BATTERY_CHANGED
04-13 10:29:50.998  6036  6536 D PowerCheckerService: onBatteryChanged, mBatteryLevel = 34, status = 2, level = 34, plug = 2, scale = 100
04-13 10:29:51.005  4115  4115 I BatteryInfoReceiver: ACTION_BATTERY_CHANGED
04-13 10:29:51.010  2862  2862 D DeviceStatisticsService: chargerType=2 batteryLevel=34 totalBatteryCapacity=4185000
04-13 10:29:51.012  2539  2539 D KeyguardUpdateMonitor: received broadcast android.intent.action.BATTERY_CHANGED
04-13 10:29:51.013  2862  2862 D NetworkSpeedTracker: receive actionandroid.intent.action.BATTERY_CHANGED
04-13 10:29:51.013  2862  2862 D NetworkSpeedTracker: onReceive ACTION_BATTERY_CHANGED mBatteryLevel = 34;mIsCharging =true
04-13 10:29:51.014  4115  4115 I BatteryInfoReceiver: ACTION_BATTERY_CHANGED
04-13 10:29:51.015  6036  6536 D PowerCheckerService: onBatteryChanged, mBatteryLevel = 34, status = 2, level = 34, plug = 2, scale = 100
04-13 10:29:51.017  2862  2862 D DeviceStatisticsService: chargerType=2 batteryLevel=34 totalBatteryCapacity=4185000
04-13 10:29:51.040  2539  2539 D KeyguardUpdateMonitor: received broadcast android.intent.action.BATTERY_CHANGED
04-13 10:29:51.041  2862  2862 D NetworkSpeedTracker: receive actionandroid.intent.action.BATTERY_CHANGED
04-13 10:29:51.041  2862  2862 D NetworkSpeedTracker: onReceive ACTION_BATTERY_CHANGED mBatteryLevel = 34;mIsCharging =true
04-13 10:29:51.042  6036  6536 D PowerCheckerService: onBatteryChanged, mBatteryLevel = 34, status = 2, level = 34, plug = 2, scale = 100
04-13 10:29:51.043  4115  4115 I BatteryInfoReceiver: ACTION_BATTERY_CHANGED
04-13 10:29:51.047  1193  1193 I cnss-daemon: nl80211 response handler invoked
04-13 10:29:51.047  1193  1193 I cnss-daemon: nl80211_response_handler: cmd 103, vendorID 4980, subcmd 106  received
04-13 10:29:51.047   805 15815 I WifiHAL : event received NL80211_CMD_VENDOR, vendor_id = 0x1374, subcmd = 0x6a
04-13 10:29:51.055  2862  2862 D DeviceStatisticsService: chargerType=2 batteryLevel=34 totalBatteryCapacity=4185000
04-13 10:29:51.057  2539  2539 D KeyguardUpdateMonitor: received broadcast android.intent.action.BATTERY_CHANGED
04-13 10:29:51.058  2862  2862 D NetworkSpeedTracker: receive actionandroid.intent.action.BATTERY_CHANGED
04-13 10:29:51.058  2862  2862 D NetworkSpeedTracker: onReceive ACTION_BATTERY_CHANGED mBatteryLevel = 34;mIsCharging =true
04-13 10:29:51.059  4115  4115 I BatteryInfoReceiver: ACTION_BATTERY_CHANGED
04-13 10:29:51.060  6036  6536 D PowerCheckerService: onBatteryChanged, mBatteryLevel = 34, status = 2, level = 34, plug = 2, scale = 100
04-13 10:29:51.062  2862  2862 D DeviceStatisticsService: chargerType=2 batteryLevel=34 totalBatteryCapacity=4185000
04-13 10:29:51.082  2539  2539 D KeyguardUpdateMonitor: received broadcast android.intent.action.BATTERY_CHANGED
04-13 10:29:51.082  2862  2862 D NetworkSpeedTracker: receive actionandroid.intent.action.BATTERY_CHANGED
04-13 10:29:51.082  2862  2862 D NetworkSpeedTracker: onReceive ACTION_BATTERY_CHANGED mBatteryLevel = 34;mIsCharging =true
04-13 10:29:51.084  4115  4115 I BatteryInfoReceiver: ACTION_BATTERY_CHANGED
04-13 10:29:51.086  6036  6536 D PowerCheckerService: onBatteryChanged, mBatteryLevel = 34, status = 2, level = 34, plug = 2, scale = 100
04-13 10:29:51.093  2862  2862 D DeviceStatisticsService: chargerType=2 batteryLevel=34 totalBatteryCapacity=4185000
04-13 10:29:51.096  2539  2539 D KeyguardUpdateMonitor: received broadcast android.intent.action.BATTERY_CHANGED
04-13 10:29:51.096  2862  2862 D NetworkSpeedTracker: receive actionandroid.intent.action.BATTERY_CHANGED
04-13 10:29:51.096  2862  2862 D NetworkSpeedTracker: onReceive ACTION_BATTERY_CHANGED mBatteryLevel = 34;mIsCharging =true
04-13 10:29:51.097  4115  4115 I BatteryInfoReceiver: ACTION_BATTERY_CHANGED
04-13 10:29:51.097  6036  6536 D PowerCheckerService: onBatteryChanged, mBatteryLevel = 34, status = 2, level = 34, plug = 2, scale = 100
04-13 10:29:51.100  2862  2862 D DeviceStatisticsService: chargerType=2 batteryLevel=34 totalBatteryCapacity=4185000
04-13 10:29:51.128  2539  2539 D KeyguardUpdateMonitor: received broadcast android.intent.action.BATTERY_CHANGED
04-13 10:29:51.129  2862  2862 D NetworkSpeedTracker: receive actionandroid.intent.action.BATTERY_CHANGED
04-13 10:29:51.130  2862  2862 D NetworkSpeedTracker: onReceive ACTION_BATTERY_CHANGED mBatteryLevel = 34;mIsCharging =true
04-13 10:29:51.130  4115  4115 I BatteryInfoReceiver: ACTION_BATTERY_CHANGED
04-13 10:29:51.132  6036  6536 D PowerCheckerService: onBatteryChanged, mBatteryLevel = 34, status = 2, level = 34, plug = 2, scale = 100
04-13 10:29:51.134  2862  2862 D DeviceStatisticsService: chargerType=2 batteryLevel=34 totalBatteryCapacity=4185000
04-13 10:29:51.142  2539  2539 D KeyguardUpdateMonitor: received broadcast android.intent.action.BATTERY_CHANGED
04-13 10:29:51.142  2862  2862 D NetworkSpeedTracker: receive actionandroid.intent.action.BATTERY_CHANGED
04-13 10:29:51.142  2862  2862 D NetworkSpeedTracker: onReceive ACTION_BATTERY_CHANGED mBatteryLevel = 34;mIsCharging =true
04-13 10:29:51.143  4115  4115 I BatteryInfoReceiver: ACTION_BATTERY_CHANGED
04-13 10:29:51.144  6036  6536 D PowerCheckerService: onBatteryChanged, mBatteryLevel = 34, status = 2, level = 34, plug = 2, scale = 100
04-13 10:29:51.147  2862  2862 D DeviceStatisticsService: chargerType=2 batteryLevel=34 totalBatteryCapacity=4185000
04-13 10:29:51.172  2539  2539 D KeyguardUpdateMonitor: received broadcast android.intent.action.BATTERY_CHANGED
04-13 10:29:51.174  2862  2862 D NetworkSpeedTracker: receive actionandroid.intent.action.BATTERY_CHANGED
04-13 10:29:51.174  2862  2862 D NetworkSpeedTracker: onReceive ACTION_BATTERY_CHANGED mBatteryLevel = 34;mIsCharging =true
04-13 10:29:51.176  4115  4115 I BatteryInfoReceiver: ACTION_BATTERY_CHANGED
04-13 10:29:51.176  6036  6536 D PowerCheckerService: onBatteryChanged, mBatteryLevel = 34, status = 2, level = 34, plug = 2, scale = 100
04-13 10:29:51.177  2862  2862 D DeviceStatisticsService: chargerType=2 batteryLevel=34 totalBatteryCapacity=4185000
04-13 10:29:51.181  2862  2862 D NetworkSpeedTracker: receive actionandroid.intent.action.BATTERY_CHANGED
04-13 10:29:51.181  2539  2539 D KeyguardUpdateMonitor: received broadcast android.intent.action.BATTERY_CHANGED
04-13 10:29:51.181  2862  2862 D NetworkSpeedTracker: onReceive ACTION_BATTERY_CHANGED mBatteryLevel = 34;mIsCharging =true
04-13 10:29:51.182  6036  6536 D PowerCheckerService: onBatteryChanged, mBatteryLevel = 34, status = 2, level = 34, plug = 2, scale = 100
04-13 10:29:51.183  4115  4115 I BatteryInfoReceiver: ACTION_BATTERY_CHANGED
04-13 10:29:51.184  2862  2862 D DeviceStatisticsService: chargerType=2 batteryLevel=34 totalBatteryCapacity=4185000
04-13 10:29:51.216  2539  2539 D KeyguardUpdateMonitor: received broadcast android.intent.action.BATTERY_CHANGED
04-13 10:29:51.218  2862  2862 D NetworkSpeedTracker: receive actionandroid.intent.action.BATTERY_CHANGED
04-13 10:29:51.218  2862  2862 D NetworkSpeedTracker: onReceive ACTION_BATTERY_CHANGED mBatteryLevel = 34;mIsCharging =true
04-13 10:29:51.220  6036  6536 D PowerCheckerService: onBatteryChanged, mBatteryLevel = 34, status = 2, level = 34, plug = 2, scale = 100
04-13 10:29:51.221  4115  4115 I BatteryInfoReceiver: ACTION_BATTERY_CHANGED
04-13 10:29:51.231  2862  2862 D DeviceStatisticsService: chargerType=2 batteryLevel=34 totalBatteryCapacity=4185000
04-13 10:29:51.234  2539  2539 D KeyguardUpdateMonitor: received broadcast android.intent.action.BATTERY_CHANGED
04-13 10:29:51.234  2862  2862 D NetworkSpeedTracker: receive actionandroid.intent.action.BATTERY_CHANGED
04-13 10:29:51.234  2862  2862 D NetworkSpeedTracker: onReceive ACTION_BATTERY_CHANGED mBatteryLevel = 34;mIsCharging =true
04-13 10:29:51.238   805 15815 I WifiHAL : event received NL80211_CMD_VENDOR, vendor_id = 0x1374, subcmd = 0x6b
04-13 10:29:51.238  2862  2862 D DeviceStatisticsService: chargerType=2 batteryLevel=34 totalBatteryCapacity=4185000
04-13 10:29:51.239  4115  4115 I BatteryInfoReceiver: ACTION_BATTERY_CHANGED
04-13 10:29:51.240  6036  6536 D PowerCheckerService: onBatteryChanged, mBatteryLevel = 34, status = 2, level = 34, plug = 2, scale = 100
04-13 10:29:51.241  1193  1193 I cnss-daemon: nl80211 response handler invoked
04-13 10:29:51.241  1193  1193 I cnss-daemon: nl80211_response_handler: cmd 103, vendorID 4980, subcmd 107  received
04-13 10:29:51.264  2539  2539 D KeyguardUpdateMonitor: received broadcast android.intent.action.BATTERY_CHANGED
04-13 10:29:51.264  2862  2862 D NetworkSpeedTracker: receive actionandroid.intent.action.BATTERY_CHANGED
04-13 10:29:51.264  2862  2862 D NetworkSpeedTracker: onReceive ACTION_BATTERY_CHANGED mBatteryLevel = 34;mIsCharging =true
04-13 10:29:51.266  6036  6536 D PowerCheckerService: onBatteryChanged, mBatteryLevel = 34, status = 2, level = 34, plug = 2, scale = 100
04-13 10:29:51.267  4115  4115 I BatteryInfoReceiver: ACTION_BATTERY_CHANGED
04-13 10:29:51.268  2862  2862 D DeviceStatisticsService: chargerType=2 batteryLevel=34 totalBatteryCapacity=4185000
04-13 10:29:51.272  2539  2539 D KeyguardUpdateMonitor: received broadcast android.intent.action.BATTERY_CHANGED
04-13 10:29:51.273  2862  2862 D NetworkSpeedTracker: receive actionandroid.intent.action.BATTERY_CHANGED
04-13 10:29:51.273  2862  2862 D NetworkSpeedTracker: onReceive ACTION_BATTERY_CHANGED mBatteryLevel = 34;mIsCharging =true
04-13 10:29:51.273  4115  4115 I BatteryInfoReceiver: ACTION_BATTERY_CHANGED
04-13 10:29:51.274  6036  6536 D PowerCheckerService: onBatteryChanged, mBatteryLevel = 34, status = 2, level = 34, plug = 2, scale = 100
04-13 10:29:51.276  2862  2862 D DeviceStatisticsService: chargerType=2 batteryLevel=34 totalBatteryCapacity=4185000
04-13 10:29:51.278   872  1945 W HWComposer: Ignoring duplicate VSYNC event from HWC for display 19260462429673857 (t=626074932917000)
04-13 10:29:51.286   872  1945 W HWComposer: Ignoring duplicate VSYNC event from HWC for display 19260462429673857 (t=626074941163000)
04-13 10:29:51.295   872  1945 W HWComposer: Ignoring duplicate VSYNC event from HWC for display 19260462429673857 (t=626074949472000)
04-13 10:29:51.303  2539  2539 D KeyguardUpdateMonitor: received broadcast android.intent.action.BATTERY_CHANGED
04-13 10:29:51.303   872  1945 W HWComposer: Ignoring duplicate VSYNC event from HWC for display 19260462429673857 (t=626074957737000)
04-13 10:29:51.304  2862  2862 D NetworkSpeedTracker: receive actionandroid.intent.action.BATTERY_CHANGED
