04-13 10:29:48.879  4115  4115 I BatteryInfoReceiver: ACTION_BATTERY_CHANGED
04-13 10:29:48.880  6036  6536 D PowerCheckerService: onBatteryChanged, mBatteryLevel = 34, status = 2, level = 34, plug = 2, scale = 100
04-13 10:29:48.885  2862  2862 D DeviceStatisticsService: chargerType=2 batteryLevel=34 totalBatteryCapacity=4185000
04-13 10:29:48.912  2862  2862 D NetworkSpeedTracker: receive actionandroid.intent.action.BATTERY_CHANGED
04-13 10:29:48.912  2862  2862 D NetworkSpeedTracker: onReceive ACTION_BATTERY_CHANGED mBatteryLevel = 34;mIsCharging =true
04-13 10:29:48.912  2539  2539 D KeyguardUpdateMonitor: received broadcast android.intent.action.BATTERY_CHANGED
04-13 10:29:48.914  4115  4115 I BatteryInfoReceiver: ACTION_BATTERY_CHANGED
04-13 10:29:48.917  6036  6536 D PowerCheckerService: onBatteryChanged, mBatteryLevel = 34, status = 2, level = 34, plug = 2, scale = 100
04-13 10:29:48.919  2862  2862 D DeviceStatisticsService: chargerType=2 batteryLevel=34 totalBatteryCapacity=4185000
04-13 10:29:48.928  2539  2539 D KeyguardUpdateMonitor: received broadcast android.intent.action.BATTERY_CHANGED
04-13 10:29:48.929  2862  2862 D NetworkSpeedTracker: receive actionandroid.intent.action.BATTERY_CHANGED
04-13 10:29:48.929  2862  2862 D NetworkSpeedTracker: onReceive ACTION_BATTERY_CHANGED mBatteryLevel = 34;mIsCharging =true
04-13 10:29:48.930  4115  4115 I BatteryInfoReceiver: ACTION_BATTERY_CHANGED
04-13 10:29:48.933  6036  6536 D PowerCheckerService: onBatteryChanged, mBatteryLevel = 34, status = 2, level = 34, plug = 2, scale = 100
04-13 10:29:48.935  2862  2862 D DeviceStatisticsService: chargerType=2 batteryLevel=34 totalBatteryCapacity=4185000
04-13 10:29:48.955  2539  2539 D KeyguardUpdateMonitor: received broadcast android.intent.action.BATTERY_CHANGED
04-13 10:29:48.955  2862  2862 D NetworkSpeedTracker: receive actionandroid.intent.action.BATTERY_CHANGED
04-13 10:29:48.956  2862  2862 D NetworkSpeedTracker: onReceive ACTION_BATTERY_CHANGED mBatteryLevel = 34;mIsCharging =true
04-13 10:29:48.956  4115  4115 I BatteryInfoReceiver: ACTION_BATTERY_CHANGED
04-13 10:29:48.958  6036  6536 D PowerCheckerService: onBatteryChanged, mBatteryLevel = 34, status = 2, level = 34, plug = 2, scale = 100
04-13 10:29:48.963  2862  2862 D DeviceStatisticsService: chargerType=2 batteryLevel=34 totalBatteryCapacity=4185000
04-13 10:29:48.971  2539  2539 D KeyguardUpdateMonitor: received broadcast android.intent.action.BATTERY_CHANGED
04-13 10:29:48.972  2862  2862 D NetworkSpeedTracker: receive actionandroid.intent.action.BATTERY_CHANGED
04-13 10:29:48.972  2862  2862 D NetworkSpeedTracker: onReceive ACTION_BATTERY_CHANGED mBatteryLevel = 34;mIsCharging =true
04-13 10:29:48.975  6036  6536 D PowerCheckerService: onBatteryChanged, mBatteryLevel = 34, status = 2, level = 34, plug = 2, scale = 100
04-13 10:29:48.975  4115  4115 I BatteryInfoReceiver: ACTION_BATTERY_CHANGED
04-13 10:29:48.976  2862  2862 D DeviceStatisticsService: chargerType=2 batteryLevel=34 totalBatteryCapacity=4185000
04-13 10:29:48.999  2539  2539 D KeyguardUpdateMonitor: received broadcast android.intent.action.BATTERY_CHANGED
04-13 10:29:49.000  2862  2862 D NetworkSpeedTracker: receive actionandroid.intent.action.BATTERY_CHANGED
04-13 10:29:49.000  2862  2862 D NetworkSpeedTracker: onReceive ACTION_BATTERY_CHANGED mBatteryLevel = 34;mIsCharging =true
04-13 10:29:49.001  4115  4115 I BatteryInfoReceiver: ACTION_BATTERY_CHANGED
04-13 10:29:49.002  6036  6536 D PowerCheckerService: onBatteryChanged, mBatteryLevel = 34, status = 2, level = 34, plug = 2, scale = 100
04-13 10:29:49.011  2862  2862 D DeviceStatisticsService: chargerType=2 batteryLevel=34 totalBatteryCapacity=4185000
04-13 10:29:49.013  2539  2539 D KeyguardUpdateMonitor: received broadcast android.intent.action.BATTERY_CHANGED
04-13 10:29:49.013  2862  2862 D NetworkSpeedTracker: receive actionandroid.intent.action.BATTERY_CHANGED
04-13 10:29:49.013  2862  2862 D NetworkSpeedTracker: onReceive ACTION_BATTERY_CHANGED mBatteryLevel = 34;mIsCharging =true
04-13 10:29:49.015  4115  4115 I BatteryInfoReceiver: ACTION_BATTERY_CHANGED
04-13 10:29:49.015  6036  6536 D PowerCheckerService: onBatteryChanged, mBatteryLevel = 34, status = 2, level = 34, plug = 2, scale = 100
04-13 10:29:49.017  2862  2862 D DeviceStatisticsService: chargerType=2 batteryLevel=34 totalBatteryCapacity=4185000
04-13 10:29:49.053  1193  1193 I cnss-daemon: nl80211 response handler invoked
04-13 10:29:49.053  1193  1193 I cnss-daemon: nl80211_response_handler: cmd 103, vendorID 4980, subcmd 107  received
04-13 10:29:49.054   805 15815 I WifiHAL : event received NL80211_CMD_VENDOR, vendor_id = 0x1374, subcmd = 0x6b
04-13 10:29:49.054 15731 15731 I wpa_supplicant: P2P-DEVICE-FOUND 8e:c6:81:3c:89:30 p2p_dev_addr=8c:c6:81:3c:89:31 pri_dev_type=7-0050F200-0 name='sz-00115657' config_methods=0x88 dev_capab=0x25 group_capab=0x8b wfd_dev_info=0x00111c440006 vendor_elems=1 new=0
04-13 10:29:49.055 15731 15731 I wpa_supplicant: P2P-DEVICE-FOUND fa:4f:ad:aa:f5:82 p2p_dev_addr=fa:4f:ad:aa:f5:82 pri_dev_type=10-0050F204-5 name='TCL 55D8-86B1' config_methods=0x188 dev_capab=0x25 group_capab=0x0 wfd_dev_info=0x00111c440032 vendor_elems=1 new=0
04-13 10:29:49.055  2539  2539 D KeyguardUpdateMonitor: received broadcast android.intent.action.BATTERY_CHANGED
04-13 10:29:49.057  4115  4115 I BatteryInfoReceiver: ACTION_BATTERY_CHANGED
04-13 10:29:49.058  6036  6536 D PowerCheckerService: onBatteryChanged, mBatteryLevel = 34, status = 2, level = 34, plug = 2, scale = 100
04-13 10:29:49.059  2862  2862 D NetworkSpeedTracker: receive actionandroid.intent.action.BATTERY_CHANGED
04-13 10:29:49.059  2862  2862 D NetworkSpeedTracker: onReceive ACTION_BATTERY_CHANGED mBatteryLevel = 34;mIsCharging =true
04-13 10:29:49.065  2862  2862 D DeviceStatisticsService: chargerType=2 batteryLevel=34 totalBatteryCapacity=4185000
04-13 10:29:49.068  2862  2862 D NetworkSpeedTracker: receive actionandroid.intent.action.BATTERY_CHANGED
04-13 10:29:49.068  2539  2539 D KeyguardUpdateMonitor: received broadcast android.intent.action.BATTERY_CHANGED
04-13 10:29:49.068  2862  2862 D NetworkSpeedTracker: onReceive ACTION_BATTERY_CHANGED mBatteryLevel = 34;mIsCharging =true
04-13 10:29:49.070  4115  4115 I BatteryInfoReceiver: ACTION_BATTERY_CHANGED
04-13 10:29:49.071  6036  6536 D PowerCheckerService: onBatteryChanged, mBatteryLevel = 34, status = 2, level = 34, plug = 2, scale = 100
04-13 10:29:49.073  2862  2862 D DeviceStatisticsService: chargerType=2 batteryLevel=34 totalBatteryCapacity=4185000
04-13 10:29:49.086  2539  2539 D KeyguardUpdateMonitor: received broadcast android.intent.action.BATTERY_CHANGED
04-13 10:29:49.086  2862  2862 D NetworkSpeedTracker: receive actionandroid.intent.action.BATTERY_CHANGED
04-13 10:29:49.086  2862  2862 D NetworkSpeedTracker: onReceive ACTION_BATTERY_CHANGED mBatteryLevel = 34;mIsCharging =true
04-13 10:29:49.087  4115  4115 I BatteryInfoReceiver: ACTION_BATTERY_CHANGED
04-13 10:29:49.089  6036  6536 D PowerCheckerService: onBatteryChanged, mBatteryLevel = 34, status = 2, level = 34, plug = 2, scale = 100
04-13 10:29:49.095  2862  2862 D DeviceStatisticsService: chargerType=2 batteryLevel=34 totalBatteryCapacity=4185000
04-13 10:29:49.097  2539  2539 D KeyguardUpdateMonitor: received broadcast android.intent.action.BATTERY_CHANGED
04-13 10:29:49.097  2862  2862 D NetworkSpeedTracker: receive actionandroid.intent.action.BATTERY_CHANGED
04-13 10:29:49.098  2862  2862 D NetworkSpeedTracker: onReceive ACTION_BATTERY_CHANGED mBatteryLevel = 34;mIsCharging =true
04-13 10:29:49.099  4115  4115 I BatteryInfoReceiver: ACTION_BATTERY_CHANGED
04-13 10:29:49.099  6036  6536 D PowerCheckerService: onBatteryChanged, mBatteryLevel = 34, status = 2, level = 34, plug = 2, scale = 100
04-13 10:29:49.100  2862  2862 D DeviceStatisticsService: chargerType=2 batteryLevel=34 totalBatteryCapacity=4185000
04-13 10:29:49.135  2539  2539 D KeyguardUpdateMonitor: received broadcast android.intent.action.BATTERY_CHANGED
04-13 10:29:49.136  2862  2862 D NetworkSpeedTracker: receive actionandroid.intent.action.BATTERY_CHANGED
04-13 10:29:49.136  2862  2862 D NetworkSpeedTracker: onReceive ACTION_BATTERY_CHANGED mBatteryLevel = 34;mIsCharging =true
04-13 10:29:49.137  4115  4115 I BatteryInfoReceiver: ACTION_BATTERY_CHANGED
04-13 10:29:49.138  6036  6536 D PowerCheckerService: onBatteryChanged, mBatteryLevel = 34, status = 2, level = 34, plug = 2, scale = 100
04-13 10:29:49.145   821 10603 I /vendor/bin/hw/vendor.qti.hardware.servicetracker@1.1-service: unbindService is called for service : com.google.android.gms/.measurement.service.MeasurementBrokerService and for client com.android.vending
04-13 10:29:49.145   821 10603 I /vendor/bin/hw/vendor.qti.hardware.servicetracker@1.1-service: size of service connections for service: com.google.android.gms/.measurement.service.MeasurementBrokerServiceafter removal is 0
04-13 10:29:49.145   821 10603 I /vendor/bin/hw/vendor.qti.hardware.servicetracker@1.1-service: size of client connections for client: com.android.vendingafter removal is 1
04-13 10:29:49.146   821 10603 I /vendor/bin/hw/vendor.qti.hardware.servicetracker@1.1-service: destroyService is called for service : com.google.android.gms/.measurement.service.MeasurementBrokerService
04-13 10:29:49.150  2862  2862 D DeviceStatisticsService: chargerType=2 batteryLevel=34 totalBatteryCapacity=4185000
04-13 10:29:49.154  2539  2539 D KeyguardUpdateMonitor: received broadcast android.intent.action.BATTERY_CHANGED
04-13 10:29:49.155  2862  2862 D NetworkSpeedTracker: receive actionandroid.intent.action.BATTERY_CHANGED
04-13 10:29:49.155  2862  2862 D NetworkSpeedTracker: onReceive ACTION_BATTERY_CHANGED mBatteryLevel = 34;mIsCharging =true
04-13 10:29:49.156  4115  4115 I BatteryInfoReceiver: ACTION_BATTERY_CHANGED
04-13 10:29:49.157  6036  6536 D PowerCheckerService: onBatteryChanged, mBatteryLevel = 34, status = 2, level = 34, plug = 2, scale = 100
04-13 10:29:49.159  2862  2862 D DeviceStatisticsService: chargerType=2 batteryLevel=34 totalBatteryCapacity=4185000
04-13 10:29:49.181  2862  2862 D NetworkSpeedTracker: receive actionandroid.intent.action.BATTERY_CHANGED
04-13 10:29:49.181  2862  2862 D NetworkSpeedTracker: onReceive ACTION_BATTERY_CHANGED mBatteryLevel = 34;mIsCharging =true
04-13 10:29:49.182  2539  2539 D KeyguardUpdateMonitor: received broadcast android.intent.action.BATTERY_CHANGED
04-13 10:29:49.183  6036  6536 D PowerCheckerService: onBatteryChanged, mBatteryLevel = 34, status = 2, level = 34, plug = 2, scale = 100
04-13 10:29:49.184  4115  4115 I BatteryInfoReceiver: ACTION_BATTERY_CHANGED
04-13 10:29:49.187  2862  2862 D DeviceStatisticsService: chargerType=2 batteryLevel=34 totalBatteryCapacity=4185000
04-13 10:29:49.192  2539  2539 D KeyguardUpdateMonitor: received broadcast android.intent.action.BATTERY_CHANGED
04-13 10:29:49.192  2862  2862 D NetworkSpeedTracker: receive actionandroid.intent.action.BATTERY_CHANGED
04-13 10:29:49.192  2862  2862 D NetworkSpeedTracker: onReceive ACTION_BATTERY_CHANGED mBatteryLevel = 34;mIsCharging =true
04-13 10:29:49.194  4115  4115 I BatteryInfoReceiver: ACTION_BATTERY_CHANGED
04-13 10:29:49.194  6036  6536 D PowerCheckerService: onBatteryChanged, mBatteryLevel = 34, status = 2, level = 34, plug = 2, scale = 100
04-13 10:29:49.196  2862  2862 D DeviceStatisticsService: chargerType=2 batteryLevel=34 totalBatteryCapacity=4185000
04-13 10:29:49.222  2539  2539 D KeyguardUpdateMonitor: received broadcast android.intent.action.BATTERY_CHANGED
04-13 10:29:49.222  2862  2862 D NetworkSpeedTracker: receive actionandroid.intent.action.BATTERY_CHANGED
04-13 10:29:49.223  2862  2862 D NetworkSpeedTracker: onReceive ACTION_BATTERY_CHANGED mBatteryLevel = 34;mIsCharging =true
04-13 10:29:49.224  6036  6536 D PowerCheckerService: onBatteryChanged, mBatteryLevel = 34, status = 2, level = 34, plug = 2, scale = 100
04-13 10:29:49.224  4115  4115 I BatteryInfoReceiver: ACTION_BATTERY_CHANGED
04-13 10:29:49.226  2862  2862 D DeviceStatisticsService: chargerType=2 batteryLevel=34 totalBatteryCapacity=4185000
04-13 10:29:49.232  2539  2539 D KeyguardUpdateMonitor: received broadcast android.intent.action.BATTERY_CHANGED
04-13 10:29:49.233  2862  2862 D NetworkSpeedTracker: receive actionandroid.intent.action.BATTERY_CHANGED
04-13 10:29:49.233  2862  2862 D NetworkSpeedTracker: onReceive ACTION_BATTERY_CHANGED mBatteryLevel = 34;mIsCharging =true
04-13 10:29:49.235  4115  4115 I BatteryInfoReceiver: ACTION_BATTERY_CHANGED
04-13 10:29:49.236  6036  6536 D PowerCheckerService: onBatteryChanged, mBatteryLevel = 34, status = 2, level = 34, plug = 2, scale = 100
04-13 10:29:49.240  2862  2862 D DeviceStatisticsService: chargerType=2 batteryLevel=34 totalBatteryCapacity=4185000
04-13 10:29:49.265  2539  2539 D KeyguardUpdateMonitor: received broadcast android.intent.action.BATTERY_CHANGED
04-13 10:29:49.266  2862  2862 D NetworkSpeedTracker: receive actionandroid.intent.action.BATTERY_CHANGED
04-13 10:29:49.266  2862  2862 D NetworkSpeedTracker: onReceive ACTION_BATTERY_CHANGED mBatteryLevel = 34;mIsCharging =true
04-13 10:29:49.267  4115  4115 I BatteryInfoReceiver: ACTION_BATTERY_CHANGED
04-13 10:29:49.268  6036  6536 D PowerCheckerService: onBatteryChanged, mBatteryLevel = 34, status = 2, level = 34, plug = 2, scale = 100
04-13 10:29:49.272  2862  2862 D DeviceStatisticsService: chargerType=2 batteryLevel=34 totalBatteryCapacity=4185000
04-13 10:29:49.277  2539  2539 D KeyguardUpdateMonitor: received broadcast android.intent.action.BATTERY_CHANGED
04-13 10:29:49.278  2862  2862 D NetworkSpeedTracker: receive actionandroid.intent.action.BATTERY_CHANGED
04-13 10:29:49.278  2862  2862 D NetworkSpeedTracker: onReceive ACTION_BATTERY_CHANGED mBatteryLevel = 34;mIsCharging =true
04-13 10:29:49.279  4115  4115 I BatteryInfoReceiver: ACTION_BATTERY_CHANGED
04-13 10:29:49.282  2862  2862 D DeviceStatisticsService: chargerType=2 batteryLevel=34 totalBatteryCapacity=4185000
04-13 10:29:49.283  6036  6536 D PowerCheckerService: onBatteryChanged, mBatteryLevel = 34, status = 2, level = 34, plug = 2, scale = 100
04-13 10:29:49.292  1193  1193 I cnss-daemon: nl80211 response handler invoked
04-13 10:29:49.292  1193  1193 I cnss-daemon: nl80211_response_handler: cmd 103, vendorID 4980, subcmd 106  received
04-13 10:29:49.292   805 15815 I WifiHAL : event received NL80211_CMD_VENDOR, vendor_id = 0x1374, subcmd = 0x6a
04-13 10:29:49.311  2539  2539 D KeyguardUpdateMonitor: received broadcast android.intent.action.BATTERY_CHANGED
04-13 10:29:49.312  2862  2862 D NetworkSpeedTracker: receive actionandroid.intent.action.BATTERY_CHANGED
04-13 10:29:49.312  2862  2862 D NetworkSpeedTracker: onReceive ACTION_BATTERY_CHANGED mBatteryLevel = 34;mIsCharging =true
04-13 10:29:49.313  4115  4115 I BatteryInfoReceiver: ACTION_BATTERY_CHANGED
04-13 10:29:49.316  6036  6536 D PowerCheckerService: onBatteryChanged, mBatteryLevel = 34, status = 2, level = 34, plug = 2, scale = 100
04-13 10:29:49.316  2862  2862 D DeviceStatisticsService: chargerType=2 batteryLevel=34 totalBatteryCapacity=4185000
04-13 10:29:49.322  2539  2539 D KeyguardUpdateMonitor: received broadcast android.intent.action.BATTERY_CHANGED
04-13 10:29:49.323  2862  2862 D NetworkSpeedTracker: receive actionandroid.intent.action.BATTERY_CHANGED
04-13 10:29:49.324  2862  2862 D NetworkSpeedTracker: onReceive ACTION_BATTERY_CHANGED mBatteryLevel = 34;mIsCharging =true
04-13 10:29:49.325  4115  4115 I BatteryInfoReceiver: ACTION_BATTERY_CHANGED
04-13 10:29:49.325  6036  6536 D PowerCheckerService: onBatteryChanged, mBatteryLevel = 34, status = 2, level = 34, plug = 2, scale = 100
04-13 10:29:49.327  2862  2862 D DeviceStatisticsService: chargerType=2 batteryLevel=34 totalBatteryCapacity=4185000
04-13 10:29:49.347   796   796 W health@2.0-serv: type=1400 audit(0.0:2304009): avc: denied { read } for name="type" dev="sysfs" ino=55635 scontext=u:r:hal_health_default:s0 tcontext=u:object_r:sysfs:s0 tclass=file permissive=0
04-13 10:29:49.354  2539  2539 D KeyguardUpdateMonitor: received broadcast android.intent.action.BATTERY_CHANGED
04-13 10:29:49.355  2862  2862 D NetworkSpeedTracker: receive actionandroid.intent.action.BATTERY_CHANGED
04-13 10:29:49.355  2862  2862 D NetworkSpeedTracker: onReceive ACTION_BATTERY_CHANGED mBatteryLevel = 34;mIsCharging =true
04-13 10:29:49.355   796   796 W health@2.0-serv: type=1400 audit(0.0:2304010): avc: denied { read } for name="type" dev="sysfs" ino=55635 scontext=u:r:hal_health_default:s0 tcontext=u:object_r:sysfs:s0 tclass=file permissive=0
04-13 10:29:49.356  4115  4115 I BatteryInfoReceiver: ACTION_BATTERY_CHANGED
04-13 10:29:49.357  6036  6536 D PowerCheckerService: onBatteryChanged, mBatteryLevel = 34, status = 2, level = 34, plug = 2, scale = 100
04-13 10:29:49.358  2862  2862 D DeviceStatisticsService: chargerType=2 batteryLevel=34 totalBatteryCapacity=4185000
04-13 10:29:49.363  2539  2539 D KeyguardUpdateMonitor: received broadcast android.intent.action.BATTERY_CHANGED
04-13 10:29:49.364  2862  2862 D NetworkSpeedTracker: receive actionandroid.intent.action.BATTERY_CHANGED
04-13 10:29:49.364  2862  2862 D NetworkSpeedTracker: onReceive ACTION_BATTERY_CHANGED mBatteryLevel = 34;mIsCharging =true
04-13 10:29:49.365  4115  4115 I BatteryInfoReceiver: ACTION_BATTERY_CHANGED
04-13 10:29:49.366  6036  6536 D PowerCheckerService: onBatteryChanged, mBatteryLevel = 34, status = 2, level = 34, plug = 2, scale = 100
04-13 10:29:49.367  2862  2862 D DeviceStatisticsService: chargerType=2 batteryLevel=34 totalBatteryCapacity=4185000
04-13 10:29:49.391   796   796 W health@2.0-serv: type=1400 audit(0.0:2304011): avc: denied { read } for name="type" dev="sysfs" ino=55635 scontext=u:r:hal_health_default:s0 tcontext=u:object_r:sysfs:s0 tclass=file permissive=0
04-13 10:29:49.404  2539  2539 D KeyguardUpdateMonitor: received broadcast android.intent.action.BATTERY_CHANGED
04-13 10:29:49.404  2862  2862 D NetworkSpeedTracker: receive actionandroid.intent.action.BATTERY_CHANGED
04-13 10:29:49.405  2862  2862 D NetworkSpeedTracker: onReceive ACTION_BATTERY_CHANGED mBatteryLevel = 34;mIsCharging =true
04-13 10:29:49.403   796   796 W health@2.0-serv: type=1400 audit(0.0:2304012): avc: denied { read } for name="type" dev="sysfs" ino=55635 scontext=u:r:hal_health_default:s0 tcontext=u:object_r:sysfs:s0 tclass=file permissive=0
04-13 10:29:49.407  4115  4115 I BatteryInfoReceiver: ACTION_BATTERY_CHANGED
04-13 10:29:49.409  6036  6536 D PowerCheckerService: onBatteryChanged, mBatteryLevel = 34, status = 2, level = 34, plug = 2, scale = 100
04-13 10:29:49.410  2862  2862 D DeviceStatisticsService: chargerType=2 batteryLevel=34 totalBatteryCapacity=4185000
04-13 10:29:49.419  2539  2539 D KeyguardUpdateMonitor: received broadcast android.intent.action.BATTERY_CHANGED
04-13 10:29:49.419  2862  2862 D NetworkSpeedTracker: receive actionandroid.intent.action.BATTERY_CHANGED
04-13 10:29:49.419  2862  2862 D NetworkSpeedTracker: onReceive ACTION_BATTERY_CHANGED mBatteryLevel = 34;mIsCharging =true
04-13 10:29:49.422  4115  4115 I BatteryInfoReceiver: ACTION_BATTERY_CHANGED
04-13 10:29:49.422  6036  6536 D PowerCheckerService: onBatteryChanged, mBatteryLevel = 34, status = 2, level = 34, plug = 2, scale = 100
04-13 10:29:49.424  2862  2862 D DeviceStatisticsService: chargerType=2 batteryLevel=34 totalBatteryCapacity=4185000
04-13 10:29:49.447   796   796 W health@2.0-serv: type=1400 audit(0.0:2304013): avc: denied { read } for name="type" dev="sysfs" ino=55635 scontext=u:r:hal_health_default:s0 tcontext=u:object_r:sysfs:s0 tclass=file permissive=0
04-13 10:29:49.462  2539  2539 D KeyguardUpdateMonitor: received broadcast android.intent.action.BATTERY_CHANGED
04-13 10:29:49.463  2862  2862 D NetworkSpeedTracker: receive actionandroid.intent.action.BATTERY_CHANGED
04-13 10:29:49.463  2862  2862 D NetworkSpeedTracker: onReceive ACTION_BATTERY_CHANGED mBatteryLevel = 34;mIsCharging =true
04-13 10:29:49.464  4115  4115 I BatteryInfoReceiver: ACTION_BATTERY_CHANGED
04-13 10:29:49.466  6036  6536 D PowerCheckerService: onBatteryChanged, mBatteryLevel = 34, status = 2, level = 34, plug = 2, scale = 100
04-13 10:29:49.468  2862  2862 D DeviceStatisticsService: chargerType=2 batteryLevel=34 totalBatteryCapacity=4185000
04-13 10:29:49.484   805 15815 I WifiHAL : event received NL80211_CMD_VENDOR, vendor_id = 0x1374, subcmd = 0x6b
04-13 10:29:49.488  2539  2539 D KeyguardUpdateMonitor: received broadcast android.intent.action.BATTERY_CHANGED
04-13 10:29:49.489  1193  1193 I cnss-daemon: nl80211 response handler invoked
04-13 10:29:49.489  1193  1193 I cnss-daemon: nl80211_response_handler: cmd 103, vendorID 4980, subcmd 107  received
04-13 10:29:49.489  2862  2862 D NetworkSpeedTracker: receive actionandroid.intent.action.BATTERY_CHANGED
04-13 10:29:49.490  2862  2862 D NetworkSpeedTracker: onReceive ACTION_BATTERY_CHANGED mBatteryLevel = 34;mIsCharging =true
04-13 10:29:49.491  4115  4115 I BatteryInfoReceiver: ACTION_BATTERY_CHANGED
04-13 10:29:49.494  6036  6536 D PowerCheckerService: onBatteryChanged, mBatteryLevel = 34, status = 2, level = 34, plug = 2, scale = 100
04-13 10:29:49.498  2862  2862 D DeviceStatisticsService: chargerType=2 batteryLevel=34 totalBatteryCapacity=4185000
04-13 10:29:49.503  2539  2539 D KeyguardUpdateMonitor: received broadcast android.intent.action.BATTERY_CHANGED
04-13 10:29:49.504  2862  2862 D NetworkSpeedTracker: receive actionandroid.intent.action.BATTERY_CHANGED
04-13 10:29:49.504  2862  2862 D NetworkSpeedTracker: onReceive ACTION_BATTERY_CHANGED mBatteryLevel = 34;mIsCharging =true
04-13 10:29:49.505  4115  4115 I BatteryInfoReceiver: ACTION_BATTERY_CHANGED
04-13 10:29:49.507  6036  6536 D PowerCheckerService: onBatteryChanged, mBatteryLevel = 34, status = 2, level = 34, plug = 2, scale = 100
04-13 10:29:49.509  2862  2862 D DeviceStatisticsService: chargerType=2 batteryLevel=34 totalBatteryCapacity=4185000
04-13 10:29:49.531  2539  2539 D KeyguardUpdateMonitor: received broadcast android.intent.action.BATTERY_CHANGED
04-13 10:29:49.531  2862  2862 D NetworkSpeedTracker: receive actionandroid.intent.action.BATTERY_CHANGED
04-13 10:29:49.532  2862  2862 D NetworkSpeedTracker: onReceive ACTION_BATTERY_CHANGED mBatteryLevel = 34;mIsCharging =true
04-13 10:29:49.535  4115  4115 I BatteryInfoReceiver: ACTION_BATTERY_CHANGED
04-13 10:29:49.538  6036  6536 D PowerCheckerService: onBatteryChanged, mBatteryLevel = 34, status = 2, level = 34, plug = 2, scale = 100
04-13 10:29:49.550  2862  2862 D DeviceStatisticsService: chargerType=2 batteryLevel=34 totalBatteryCapacity=4185000
04-13 10:29:49.553  2539  2539 D KeyguardUpdateMonitor: received broadcast android.intent.action.BATTERY_CHANGED
04-13 10:29:49.554  2862  2862 D NetworkSpeedTracker: receive actionandroid.intent.action.BATTERY_CHANGED
04-13 10:29:49.555  2862  2862 D NetworkSpeedTracker: onReceive ACTION_BATTERY_CHANGED mBatteryLevel = 34;mIsCharging =true
04-13 10:29:49.556  4115  4115 I BatteryInfoReceiver: ACTION_BATTERY_CHANGED
04-13 10:29:49.557  6036  6536 D PowerCheckerService: onBatteryChanged, mBatteryLevel = 34, status = 2, level = 34, plug = 2, scale = 100
04-13 10:29:49.559  2862  2862 D DeviceStatisticsService: chargerType=2 batteryLevel=34 totalBatteryCapacity=4185000
04-13 10:29:49.569 17389 17421 I appium  : The following attributes will be included to the page source: [text]
04-13 10:29:49.578  2539  2539 D KeyguardUpdateMonitor: received broadcast android.intent.action.BATTERY_CHANGED
04-13 10:29:49.579  2862  2862 D NetworkSpeedTracker: receive actionandroid.intent.action.BATTERY_CHANGED
04-13 10:29:49.579  2862  2862 D NetworkSpeedTracker: onReceive ACTION_BATTERY_CHANGED mBatteryLevel = 34;mIsCharging =true
04-13 10:29:49.583  6036  6536 D PowerCheckerService: onBatteryChanged, mBatteryLevel = 34, status = 2, level = 34, plug = 2, scale = 100
04-13 10:29:49.584  2862  2862 D DeviceStatisticsService: chargerType=2 batteryLevel=34 totalBatteryCapacity=4185000
04-13 10:29:49.588  4115  4115 I BatteryInfoReceiver: ACTION_BATTERY_CHANGED
04-13 10:29:49.592  2539  2539 D KeyguardUpdateMonitor: received broadcast android.intent.action.BATTERY_CHANGED
04-13 10:29:49.594  4115  4115 I BatteryInfoReceiver: ACTION_BATTERY_CHANGED
04-13 10:29:49.599  2862  2862 D NetworkSpeedTracker: receive actionandroid.intent.action.BATTERY_CHANGED
04-13 10:29:49.599  2862  2862 D NetworkSpeedTracker: onReceive ACTION_BATTERY_CHANGED mBatteryLevel = 34;mIsCharging =true
04-13 10:29:49.599  6036  6536 D PowerCheckerService: onBatteryChanged, mBatteryLevel = 34, status = 2, level = 34, plug = 2, scale = 100
04-13 10:29:49.600  2862  2862 D DeviceStatisticsService: chargerType=2 batteryLevel=34 totalBatteryCapacity=4185000
04-13 10:29:49.623  2539  2539 D KeyguardUpdateMonitor: received broadcast android.intent.action.BATTERY_CHANGED
04-13 10:29:49.624  2862  2862 D NetworkSpeedTracker: receive actionandroid.intent.action.BATTERY_CHANGED
04-13 10:29:49.624  2862  2862 D NetworkSpeedTracker: onReceive ACTION_BATTERY_CHANGED mBatteryLevel = 34;mIsCharging =true
04-13 10:29:49.625  4115  4115 I BatteryInfoReceiver: ACTION_BATTERY_CHANGED
04-13 10:29:49.626  6036  6536 D PowerCheckerService: onBatteryChanged, mBatteryLevel = 34, status = 2, level = 34, plug = 2, scale = 100
04-13 10:29:49.627  2862  2862 D DeviceStatisticsService: chargerType=2 batteryLevel=34 totalBatteryCapacity=4185000
04-13 10:29:49.632 17389 17421 I appium  : Took 2ms to retrieve 0 matches for '//*[@text="zxvbn"]' XPath query
04-13 10:29:49.633  2539  2539 D KeyguardUpdateMonitor: received broadcast android.intent.action.BATTERY_CHANGED
04-13 10:29:49.634  2862  2862 D NetworkSpeedTracker: receive actionandroid.intent.action.BATTERY_CHANGED
04-13 10:29:49.634  2862  2862 D NetworkSpeedTracker: onReceive ACTION_BATTERY_CHANGED mBatteryLevel = 34;mIsCharging =true
04-13 10:29:49.634 17389 17421 I appium  : AppiumResponse: {"sessionId":"5cc5c1a0-c5e6-42d1-ac8c-5f3c05c7b0f3","value":{"error":"no such element","message":"An element could not be located on the page using the given search parameters","stacktrace":"io.appium.uiautomator2.common.exceptions.ElementNotFoundException: An element could not be located on the page using the given search parameters\n\tat io.appium.uiautomator2.handler.FindElement.findElement(FindElement.java:91)\n\tat io.appium.uiautomator2.handler.FindElement.safeHandle(FindElement.java:68)\n\tat io.appium.uiautomator2.handler.request.SafeRequestHandler.handle(SafeRequestHandler.java:41)\n\tat io.appium.uiautomator2.server.AppiumServlet.handleRequest(AppiumServlet.java:261)\n\tat io.appium.uiautomator2.server.AppiumServlet.handleHttpRequest(AppiumServlet.java:255)\n\tat io.appium.uiautomator2.http.ServerHandler.channelRead(ServerHandler.java:68)\n\tat io.netty.channel.AbstractChannelHandlerContext.invokeChannelRead(AbstractChannelHandlerContext.java:366)\n\tat io.netty.channel.AbstractChannelHandlerContext.invokeChannelRead(AbstractChannelHandlerContext.java:352)\n\tat io.netty.channel.AbstractChannelHandlerContext.fireChannelRead(AbstractChannelHandlerContext.java:345)\n\tat io.netty.handler.codec.MessageToMessageDecoder.channelRead(MessageToMessageDecoder.java:102)\n\tat io.netty.channel.AbstractChannelHandlerContext.invokeChannelRead(AbstractChannelHandlerContext.java:366)\n\tat io.netty.channel.AbstractChannelHandlerContext.invokeChannelRead(AbstractChannelHandlerContext.java:352)\n\tat io.netty.channel.AbstractChannelHandlerContext.fireChannelRead(AbstractChannelHandlerContext.java:345)\n\tat io.netty.channel.CombinedChannelDuplexHandler$DelegatingChannelHandlerContext.fireChannelRead(CombinedChannelDuplexHandler.java:435)\n\tat io.netty.handler.codec.ByteToMessageDecoder.fireChannelRead(ByteToMessageDecoder.java:293)\n\tat io.netty.handler.codec.ByteToMessageDecoder.channelRead(ByteToMessageDecoder.java:267)\n\tat io.netty.channel.CombinedChannelDuplexHandler.channelRead(CombinedChannelDuplexHandler.java:250)\n\tat io.netty.channel.AbstractChannelHandlerContext.invokeChannelRead(AbstractChannelHandlerContext.java:366)\n\tat io.netty.channel.AbstractChannelHandlerContext.invokeChannelRead(AbstractChannelHandlerContext.java:352)\n\tat io.netty.channel.AbstractChannelHandlerContext.fireChannelRead(AbstractChannelHandlerContext.java:345)\n\tat io.netty.handler.timeout.IdleStateHandler.channelRead(IdleStateHandler.java:266)\n\tat io.netty.channel.AbstractChannelHandlerContext.invokeChannelRead(AbstractChannelHandlerContext.java:366)\n\tat io.netty.channel.AbstractChannelHandlerContext.invokeChannelRead(AbstractChannelHandlerContext.java:352)\n\tat io.netty.channel.AbstractChannelHandlerContext.fireChannelRead(AbstractChannelHandlerContext.java:345)\n\tat io.netty.channel.DefaultChannelPipeline$HeadContext.channelRead(DefaultChannelPipeline.java:1294)\n\tat io.netty.channel.AbstractChannelHandlerContext.invokeChannelRead(AbstractChannelHandlerContext.java:366)\n\tat io.netty.channel.AbstractChannelHandlerContext.invokeChannelRead(AbstractChannelHandlerContext.java:352)\n\tat io.netty.channel.DefaultChannelPipeline.fireChannelRead(DefaultChannelPipeline.java:911)\n\tat io.netty.channel.nio.AbstractNioByteChannel$NioByteUnsafe.read(AbstractNioByteChannel.java:131)\n\tat io.netty.channel.nio.NioEventLoop.processSelectedKey(NioEventLoop.java:611)\n\tat io.netty.channel.nio.NioEventLoop.processSelectedKeysOptimized(NioEventLoop.java:552)\n\tat io.netty.channel.nio.NioEventLoop.processSelectedKeys(NioEventLoop.java:466)\n\tat io.netty.channel.nio.NioEventLoop.run(NioEventLoop.java:438)\n\tat io.netty.util.concurrent.SingleThreadEventExecutor$2.run(SingleThreadEventExecutor.java:140)\n\tat io.netty.util.concurrent.DefaultThreadFactory$DefaultRunnableDecorator.run(DefaultThreadFactory.java:144)\n\tat java.lang.Thread.run(Thread.java:919)\n"}}
04-13 10:29:49.635  4115  4115 I BatteryInfoReceiver: ACTION_BATTERY_CHANGED
04-13 10:29:49.636  6036  6536 D PowerCheckerService: onBatteryChanged, mBatteryLevel = 34, status = 2, level = 34, plug = 2, scale = 100
04-13 10:29:49.638  2862  2862 D DeviceStatisticsService: chargerType=2 batteryLevel=34 totalBatteryCapacity=4185000
04-13 10:29:49.652 17389 17421 I appium  : channel read: POST /wd/hub/session/5cc5c1a0-c5e6-42d1-ac8c-5f3c05c7b0f3/touch/perform
04-13 10:29:49.652 17389 17421 I appium  : Swipe command
04-13 10:29:49.662  1571  2412 D MIUIInput: [MotionEvent] publisher action=0x4, 626073313, channel '29e26ec NavigationBar (server)'
04-13 10:29:49.662  1571  2412 D MIUIInput: [MotionEvent] publisher action=0x4, 626073313, channel 'eafa6ff StatusBar (server)'
04-13 10:29:49.663  1571  2412 D MIUIInput: [MotionEvent] publisher action=0x0, 626073313, channel '683ae08 com.milink.service/com.milink.ui.activity.DisplayDialogActivity (server)'
04-13 10:29:49.663 17458 17458 D ViewRootImpl: [TouchInput][ViewRootImpl] MotionEvent { action=ACTION_DOWN, id[0]=0, pointerCount=1, eventTime=626073313, downTime=626073313 } moveCount:0
04-13 10:29:49.663  2539  2539 D KeyguardUpdateMonitor: received broadcast android.intent.action.BATTERY_CHANGED
04-13 10:29:49.665  2862  2862 D NetworkSpeedTracker: receive actionandroid.intent.action.BATTERY_CHANGED
04-13 10:29:49.665  2862  2862 D NetworkSpeedTracker: onReceive ACTION_BATTERY_CHANGED mBatteryLevel = 34;mIsCharging =true
04-13 10:29:49.667  4115  4115 I BatteryInfoReceiver: ACTION_BATTERY_CHANGED
04-13 10:29:49.667  6036  6536 D PowerCheckerService: onBatteryChanged, mBatteryLevel = 34, status = 2, level = 34, plug = 2, scale = 100
04-13 10:29:49.670  2862  2862 D DeviceStatisticsService: chargerType=2 batteryLevel=34 totalBatteryCapacity=4185000
04-13 10:29:49.674   821 10603 I /vendor/bin/hw/vendor.qti.hardware.servicetracker@1.1-service: unbindService is called for service : com.google.android.gms/.usagereporting.service.UsageReportingService and for client com.android.vending
04-13 10:29:49.674   821 10603 I /vendor/bin/hw/vendor.qti.hardware.servicetracker@1.1-service: size of service connections for service: com.google.android.gms/.usagereporting.service.UsageReportingServiceafter removal is 1
04-13 10:29:49.674   821 10603 I /vendor/bin/hw/vendor.qti.hardware.servicetracker@1.1-service: size of client connections for client: com.android.vendingafter removal is 0
04-13 10:29:49.678  2539  2539 D KeyguardUpdateMonitor: received broadcast android.intent.action.BATTERY_CHANGED
04-13 10:29:49.679  2862  2862 D NetworkSpeedTracker: receive actionandroid.intent.action.BATTERY_CHANGED
04-13 10:29:49.679  2862  2862 D NetworkSpeedTracker: onReceive ACTION_BATTERY_CHANGED mBatteryLevel = 34;mIsCharging =true
04-13 10:29:49.680  4115  4115 I BatteryInfoReceiver: ACTION_BATTERY_CHANGED
04-13 10:29:49.680  6036  6536 D PowerCheckerService: onBatteryChanged, mBatteryLevel = 34, status = 2, level = 34, plug = 2, scale = 100
04-13 10:29:49.683  2862  2862 D DeviceStatisticsService: chargerType=2 batteryLevel=34 totalBatteryCapacity=4185000
04-13 10:29:49.707  2539  2539 D KeyguardUpdateMonitor: received broadcast android.intent.action.BATTERY_CHANGED
04-13 10:29:49.707  2862  2862 D NetworkSpeedTracker: receive actionandroid.intent.action.BATTERY_CHANGED
04-13 10:29:49.707  2862  2862 D NetworkSpeedTracker: onReceive ACTION_BATTERY_CHANGED mBatteryLevel = 34;mIsCharging =true
04-13 10:29:49.708  6036  6536 D PowerCheckerService: onBatteryChanged, mBatteryLevel = 34, status = 2, level = 34, plug = 2, scale = 100
04-13 10:29:49.713  4115  4115 I BatteryInfoReceiver: ACTION_BATTERY_CHANGED
04-13 10:29:49.717  2862  2862 D DeviceStatisticsService: chargerType=2 batteryLevel=34 totalBatteryCapacity=4185000
04-13 10:29:49.722  4115  4115 I BatteryInfoReceiver: ACTION_BATTERY_CHANGED
04-13 10:29:49.722  2862  2862 D NetworkSpeedTracker: receive actionandroid.intent.action.BATTERY_CHANGED
04-13 10:29:49.722  2862  2862 D NetworkSpeedTracker: onReceive ACTION_BATTERY_CHANGED mBatteryLevel = 34;mIsCharging =true
04-13 10:29:49.724  2539  2539 D KeyguardUpdateMonitor: received broadcast android.intent.action.BATTERY_CHANGED
04-13 10:29:49.725  6036  6536 D PowerCheckerService: onBatteryChanged, mBatteryLevel = 34, status = 2, level = 34, plug = 2, scale = 100
04-13 10:29:49.726  2862  2862 D DeviceStatisticsService: chargerType=2 batteryLevel=34 totalBatteryCapacity=4185000
04-13 10:29:49.740 17608 17675 I hpplay-java: [Thread-8]:ProtocolCreater:magic-number:PTBL
04-13 10:29:49.740 17608 17675 I hpplay-java: xor-key:0000
04-13 10:29:49.740 17608 17675 I hpplay-java: {"type":"search","ver":"32831","sign":"","md5":""}
04-13 10:29:49.741 17608 17675 I hpplay-java: [Thread-8]:LelinkBrowseRunnable:send data ==> 1000 waite 8000
04-13 10:29:49.757  2539  2539 D KeyguardUpdateMonitor: received broadcast android.intent.action.BATTERY_CHANGED
04-13 10:29:49.757  2862  2862 D NetworkSpeedTracker: receive actionandroid.intent.action.BATTERY_CHANGED
04-13 10:29:49.758  2862  2862 D NetworkSpeedTracker: onReceive ACTION_BATTERY_CHANGED mBatteryLevel = 34;mIsCharging =true
04-13 10:29:49.758  6036  6536 D PowerCheckerService: onBatteryChanged, mBatteryLevel = 34, status = 2, level = 34, plug = 2, scale = 100
04-13 10:29:49.760  4115  4115 I BatteryInfoReceiver: ACTION_BATTERY_CHANGED
04-13 10:29:49.766  2862  2862 D DeviceStatisticsService: chargerType=2 batteryLevel=34 totalBatteryCapacity=4185000
04-13 10:29:49.767  2539  2539 D KeyguardUpdateMonitor: received broadcast android.intent.action.BATTERY_CHANGED
04-13 10:29:49.768  2862  2862 D NetworkSpeedTracker: receive actionandroid.intent.action.BATTERY_CHANGED
04-13 10:29:49.768  2862  2862 D NetworkSpeedTracker: onReceive ACTION_BATTERY_CHANGED mBatteryLevel = 34;mIsCharging =true
04-13 10:29:49.769  4115  4115 I BatteryInfoReceiver: ACTION_BATTERY_CHANGED
04-13 10:29:49.769  6036  6536 D PowerCheckerService: onBatteryChanged, mBatteryLevel = 34, status = 2, level = 34, plug = 2, scale = 100
04-13 10:29:49.771  2862  2862 D DeviceStatisticsService: chargerType=2 batteryLevel=34 totalBatteryCapacity=4185000
04-13 10:29:49.799  2539  2539 D KeyguardUpdateMonitor: received broadcast android.intent.action.BATTERY_CHANGED
04-13 10:29:49.799  2862  2862 D NetworkSpeedTracker: receive actionandroid.intent.action.BATTERY_CHANGED
04-13 10:29:49.799  2862  2862 D NetworkSpeedTracker: onReceive ACTION_BATTERY_CHANGED mBatteryLevel = 34;mIsCharging =true
04-13 10:29:49.800  4115  4115 I BatteryInfoReceiver: ACTION_BATTERY_CHANGED
04-13 10:29:49.801  6036  6536 D PowerCheckerService: onBatteryChanged, mBatteryLevel = 34, status = 2, level = 34, plug = 2, scale = 100
04-13 10:29:49.807  2862  2862 D DeviceStatisticsService: chargerType=2 batteryLevel=34 totalBatteryCapacity=4185000
04-13 10:29:49.809  2539  2539 D KeyguardUpdateMonitor: received broadcast android.intent.action.BATTERY_CHANGED
04-13 10:29:49.809  2862  2862 D NetworkSpeedTracker: receive actionandroid.intent.action.BATTERY_CHANGED
04-13 10:29:49.809  2862  2862 D NetworkSpeedTracker: onReceive ACTION_BATTERY_CHANGED mBatteryLevel = 34;mIsCharging =true
04-13 10:29:49.810  4115  4115 I BatteryInfoReceiver: ACTION_BATTERY_CHANGED
04-13 10:29:49.811  6036  6536 D PowerCheckerService: onBatteryChanged, mBatteryLevel = 34, status = 2, level = 34, plug = 2, scale = 100
04-13 10:29:49.812  2862  2862 D DeviceStatisticsService: chargerType=2 batteryLevel=34 totalBatteryCapacity=4185000
04-13 10:29:49.820  2862  2862 D DynamicSarService: PhoneStateListener.onDataActivity: direction=3
04-13 10:29:49.820  2862  2862 D DynamicSarService: modem or radio power state change,messageType: 128 state: 3
04-13 10:29:49.824  2539  3046 D MobileSignalController: updateDataType mSelectedDataTypeIcon[0]=2131232923, mSelectedDataActivityIndex=6
04-13 10:29:49.824  2539  3046 D TelephonyIcons: getSignalStrengthIcon: slot=0, inetCondition=1, level=5, roaming=false, signalstrength=SignalStrength:{mCdma=CellSignalStrengthCdma: cdmaDbm=2147483647 cdmaEcio=2147483647 evdoDbm=2147483647 evdoEcio=2147483647 evdoSnr=2147483647 miuiLevel=0 level=0,mGsm=CellSignalStrengthGsm: rssi=2147483647 ber=2147483647 mTa=2147483647 miuiLevel=0 mLevel=0,mWcdma=CellSignalStrengthWcdma: ss=2147483647 ber=2147483647 rscp=2147483647 ecno=2147483647 miuiLevel=0 level=0,mTdscdma=CellSignalStrengthTdscdma: rssi=2147483647 ber=2147483647 rscp=2147483647 miuiLevel=0 level=0,mLte=CellSignalStrengthLte: rssi=-53 rsrp=-79 rsrq=-8 rssnr=250 cqi=2147483647 ta=2147483647 miuiLevel=5 level=4,mNr=CellSignalStrengthNr:{ csiRsrp = 2147483647 csiRsrq = 2147483647 csiSinr = 2147483647 ssRsrp = 2147483647 ssRsrq = 2147483647 ssSinr = 2147483647 miuiLevel = 0 level = 0 },primary=CellSignalStrengthLte}
04-13 10:29:49.825  2539  3046 D TelephonyIcons: getDataActivity, slot=0, activity=3
04-13 10:29:49.827  2539  3046 D TelephonyIcons: null signal icon name: drawable/stat_sys_signal_null
04-13 10:29:49.828  2539  3046 D TelephonyIcons: getDataTypeIcon sub=0
04-13 10:29:49.829  2539  2539 D SignalClusterView: updateMobileTypeImage  0
04-13 10:29:49.831  1193  1193 I cnss-daemon: nl80211 response handler invoked
04-13 10:29:49.831  1193  1193 I cnss-daemon: nl80211_response_handler: cmd 103, vendorID 4980, subcmd 106  received
04-13 10:29:49.831   805 15815 I WifiHAL : event received NL80211_CMD_VENDOR, vendor_id = 0x1374, subcmd = 0x6a
04-13 10:29:49.838  2539  2539 D SignalClusterView: updateMobileTypeImage  0
04-13 10:29:49.839  2862  2862 D NetworkSpeedTracker: receive actionandroid.intent.action.BATTERY_CHANGED
04-13 10:29:49.839  2862  2862 D NetworkSpeedTracker: onReceive ACTION_BATTERY_CHANGED mBatteryLevel = 34;mIsCharging =true
04-13 10:29:49.839  2539  2539 D SignalClusterView: updateMobileTypeImage  0
04-13 10:29:49.840  4115  4115 I BatteryInfoReceiver: ACTION_BATTERY_CHANGED
04-13 10:29:49.840  2539  2539 D SignalClusterView: updateMobileTypeImage  0
04-13 10:29:49.841  6036  6536 D PowerCheckerService: onBatteryChanged, mBatteryLevel = 34, status = 2, level = 34, plug = 2, scale = 100
04-13 10:29:49.843  2862  2862 D DeviceStatisticsService: chargerType=2 batteryLevel=34 totalBatteryCapacity=4185000
04-13 10:29:49.847  2539  2539 D SignalClusterView: updateMobileTypeImage  0
04-13 10:29:49.848  2539  2539 I chatty  : uid=1000(system) com.android.systemui identical 1 line
04-13 10:29:49.849  2539  2539 D SignalClusterView: updateMobileTypeImage  0
04-13 10:29:49.853  2539  2539 D KeyguardUpdateMonitor: received broadcast android.intent.action.BATTERY_CHANGED
04-13 10:29:49.856  2862  2862 D NetworkSpeedTracker: receive actionandroid.intent.action.BATTERY_CHANGED
04-13 10:29:49.856  2862  2862 D NetworkSpeedTracker: onReceive ACTION_BATTERY_CHANGED mBatteryLevel = 34;mIsCharging =true
04-13 10:29:49.857  4115  4115 I BatteryInfoReceiver: ACTION_BATTERY_CHANGED
04-13 10:29:49.858  6036  6536 D PowerCheckerService: onBatteryChanged, mBatteryLevel = 34, status = 2, level = 34, plug = 2, scale = 100
04-13 10:29:49.859  2862  2862 D DeviceStatisticsService: chargerType=2 batteryLevel=34 totalBatteryCapacity=4185000
04-13 10:29:49.866  2539  2539 D KeyguardUpdateMonitor: received broadcast android.intent.action.BATTERY_CHANGED
04-13 10:29:49.883  2539  2539 D KeyguardUpdateMonitor: received broadcast android.intent.action.BATTERY_CHANGED
04-13 10:29:49.884  2862  2862 D NetworkSpeedTracker: receive actionandroid.intent.action.BATTERY_CHANGED
04-13 10:29:49.884  2862  2862 D NetworkSpeedTracker: onReceive ACTION_BATTERY_CHANGED mBatteryLevel = 34;mIsCharging =true
04-13 10:29:49.885  4115  4115 I BatteryInfoReceiver: ACTION_BATTERY_CHANGED
04-13 10:29:49.887  6036  6536 D PowerCheckerService: onBatteryChanged, mBatteryLevel = 34, status = 2, level = 34, plug = 2, scale = 100
04-13 10:29:49.889  2862  2862 D DeviceStatisticsService: chargerType=2 batteryLevel=34 totalBatteryCapacity=4185000
04-13 10:29:49.899  2539  2539 D KeyguardUpdateMonitor: received broadcast android.intent.action.BATTERY_CHANGED
04-13 10:29:49.900  2862  2862 D NetworkSpeedTracker: receive actionandroid.intent.action.BATTERY_CHANGED
04-13 10:29:49.900  2862  2862 D NetworkSpeedTracker: onReceive ACTION_BATTERY_CHANGED mBatteryLevel = 34;mIsCharging =true
04-13 10:29:49.903  2862  2862 D DeviceStatisticsService: chargerType=2 batteryLevel=34 totalBatteryCapacity=4185000
04-13 10:29:49.903  4115  4115 I BatteryInfoReceiver: ACTION_BATTERY_CHANGED
04-13 10:29:49.904  6036  6536 D PowerCheckerService: onBatteryChanged, mBatteryLevel = 34, status = 2, level = 34, plug = 2, scale = 100
04-13 10:29:49.934  4115  4115 I BatteryInfoReceiver: ACTION_BATTERY_CHANGED
04-13 10:29:49.934  2862  2862 D NetworkSpeedTracker: receive actionandroid.intent.action.BATTERY_CHANGED
04-13 10:29:49.934  2862  2862 D NetworkSpeedTracker: onReceive ACTION_BATTERY_CHANGED mBatteryLevel = 34;mIsCharging =true
04-13 10:29:49.935  6036  6536 D PowerCheckerService: onBatteryChanged, mBatteryLevel = 34, status = 2, level = 34, plug = 2, scale = 100
04-13 10:29:49.936  2539  2539 D KeyguardUpdateMonitor: received broadcast android.intent.action.BATTERY_CHANGED
04-13 10:29:49.940  2862  2862 D DeviceStatisticsService: chargerType=2 batteryLevel=34 totalBatteryCapacity=4185000
04-13 10:29:49.943  2539  2539 D KeyguardUpdateMonitor: received broadcast android.intent.action.BATTERY_CHANGED
04-13 10:29:49.943  2862  2862 D NetworkSpeedTracker: receive actionandroid.intent.action.BATTERY_CHANGED
04-13 10:29:49.944  2862  2862 D NetworkSpeedTracker: onReceive ACTION_BATTERY_CHANGED mBatteryLevel = 34;mIsCharging =true
04-13 10:29:49.946  4115  4115 I BatteryInfoReceiver: ACTION_BATTERY_CHANGED
04-13 10:29:49.946  6036  6536 D PowerCheckerService: onBatteryChanged, mBatteryLevel = 34, status = 2, level = 34, plug = 2, scale = 100
04-13 10:29:49.947  2862  2862 D DeviceStatisticsService: chargerType=2 batteryLevel=34 totalBatteryCapacity=4185000
04-13 10:29:49.975  2862  2862 D NetworkSpeedTracker: receive actionandroid.intent.action.BATTERY_CHANGED
04-13 10:29:49.976  2862  2862 D NetworkSpeedTracker: onReceive ACTION_BATTERY_CHANGED mBatteryLevel = 34;mIsCharging =true
04-13 10:29:49.975  2539  2539 D KeyguardUpdateMonitor: received broadcast android.intent.action.BATTERY_CHANGED
04-13 10:29:49.976  4115  4115 I BatteryInfoReceiver: ACTION_BATTERY_CHANGED
04-13 10:29:49.979  6036  6536 D PowerCheckerService: onBatteryChanged, mBatteryLevel = 34, status = 2, level = 34, plug = 2, scale = 100
04-13 10:29:49.986  2862  2862 D DeviceStatisticsService: chargerType=2 batteryLevel=34 totalBatteryCapacity=4185000
04-13 10:29:49.989  2539  2539 D KeyguardUpdateMonitor: received broadcast android.intent.action.BATTERY_CHANGED
04-13 10:29:49.990  2862  2862 D NetworkSpeedTracker: receive actionandroid.intent.action.BATTERY_CHANGED
04-13 10:29:49.990  2862  2862 D NetworkSpeedTracker: onReceive ACTION_BATTERY_CHANGED mBatteryLevel = 34;mIsCharging =true
04-13 10:29:49.991  4115  4115 I BatteryInfoReceiver: ACTION_BATTERY_CHANGED
04-13 10:29:49.992  6036  6536 D PowerCheckerService: onBatteryChanged, mBatteryLevel = 34, status = 2, level = 34, plug = 2, scale = 100
04-13 10:29:49.994  2862  2862 D DeviceStatisticsService: chargerType=2 batteryLevel=34 totalBatteryCapacity=4185000
04-13 10:29:50.022  2539  2539 D KeyguardUpdateMonitor: received broadcast android.intent.action.BATTERY_CHANGED
04-13 10:29:50.023  4115  4115 I BatteryInfoReceiver: ACTION_BATTERY_CHANGED
04-13 10:29:50.023  2862  2862 D NetworkSpeedTracker: receive actionandroid.intent.action.BATTERY_CHANGED
04-13 10:29:50.023  2862  2862 D NetworkSpeedTracker: onReceive ACTION_BATTERY_CHANGED mBatteryLevel = 34;mIsCharging =true
04-13 10:29:50.024  6036  6536 D PowerCheckerService: onBatteryChanged, mBatteryLevel = 34, status = 2, level = 34, plug = 2, scale = 100
04-13 10:29:50.026  2862  2862 D DeviceStatisticsService: chargerType=2 batteryLevel=34 totalBatteryCapacity=4185000
04-13 10:29:50.028   805 15815 I WifiHAL : event received NL80211_CMD_VENDOR, vendor_id = 0x1374, subcmd = 0x6b
04-13 10:29:50.031  1193  1193 I cnss-daemon: nl80211 response handler invoked
04-13 10:29:50.031  1193  1193 I cnss-daemon: nl80211_response_handler: cmd 103, vendorID 4980, subcmd 107  received
04-13 10:29:50.031  2539  2539 D KeyguardUpdateMonitor: received broadcast android.intent.action.BATTERY_CHANGED
04-13 10:29:50.032  2862  2862 D NetworkSpeedTracker: receive actionandroid.intent.action.BATTERY_CHANGED
04-13 10:29:50.032  2862  2862 D NetworkSpeedTracker: onReceive ACTION_BATTERY_CHANGED mBatteryLevel = 34;mIsCharging =true
04-13 10:29:50.032 15731 15731 I wpa_supplicant: P2P-DEVICE-FOUND de:72:23:d3:26:34 p2p_dev_addr=de:72:23:d3:26:34 pri_dev_type=10-0050F204-5 name='TV' config_methods=0x88 dev_capab=0x25 group_capab=0x0 wfd_dev_info=0x00111c440032 vendor_elems=1 new=0
04-13 10:29:50.036  4115  4115 I BatteryInfoReceiver: ACTION_BATTERY_CHANGED
04-13 10:29:50.037  6036  6536 D PowerCheckerService: onBatteryChanged, mBatteryLevel = 34, status = 2, level = 34, plug = 2, scale = 100
04-13 10:29:50.037  2862  2862 D DeviceStatisticsService: chargerType=2 batteryLevel=34 totalBatteryCapacity=4185000
04-13 10:29:50.055  1571  2412 D MIUIInput: [MotionEvent] publisher action=0x1, 626073707, channel '683ae08 com.milink.service/com.milink.ui.activity.DisplayDialogActivity (server)'
04-13 10:29:50.055 17458 17458 D ViewRootImpl: [TouchInput][ViewRootImpl] MotionEvent { action=ACTION_UP, id[0]=0, pointerCount=1, eventTime=626073707, downTime=626073313 } moveCount:24
04-13 10:29:50.065  2539  2539 D KeyguardUpdateMonitor: received broadcast android.intent.action.BATTERY_CHANGED
04-13 10:29:50.065  2862  2862 D NetworkSpeedTracker: receive actionandroid.intent.action.BATTERY_CHANGED
04-13 10:29:50.066  2862  2862 D NetworkSpeedTracker: onReceive ACTION_BATTERY_CHANGED mBatteryLevel = 34;mIsCharging =true
04-13 10:29:50.066  4115  4115 I BatteryInfoReceiver: ACTION_BATTERY_CHANGED
04-13 10:29:50.068  6036  6536 D PowerCheckerService: onBatteryChanged, mBatteryLevel = 34, status = 2, level = 34, plug = 2, scale = 100
04-13 10:29:50.068  2862  2862 D DeviceStatisticsService: chargerType=2 batteryLevel=34 totalBatteryCapacity=4185000
04-13 10:29:50.075  2539  2539 D KeyguardUpdateMonitor: received broadcast android.intent.action.BATTERY_CHANGED
04-13 10:29:50.075  2862  2862 D NetworkSpeedTracker: receive actionandroid.intent.action.BATTERY_CHANGED
04-13 10:29:50.075  2862  2862 D NetworkSpeedTracker: onReceive ACTION_BATTERY_CHANGED mBatteryLevel = 34;mIsCharging =true
04-13 10:29:50.076  4115  4115 I BatteryInfoReceiver: ACTION_BATTERY_CHANGED
04-13 10:29:50.078  2862  2862 D DeviceStatisticsService: chargerType=2 batteryLevel=34 totalBatteryCapacity=4185000
04-13 10:29:50.078  6036  6536 D PowerCheckerService: onBatteryChanged, mBatteryLevel = 34, status = 2, level = 34, plug = 2, scale = 100
04-13 10:29:50.107  2539  2539 D KeyguardUpdateMonitor: received broadcast android.intent.action.BATTERY_CHANGED
04-13 10:29:50.110  4115  4115 I BatteryInfoReceiver: ACTION_BATTERY_CHANGED
04-13 10:29:50.111  6036  6536 D PowerCheckerService: onBatteryChanged, mBatteryLevel = 34, status = 2, level = 34, plug = 2, scale = 100
04-13 10:29:50.111  2862  2862 D NetworkSpeedTracker: receive actionandroid.intent.action.BATTERY_CHANGED
04-13 10:29:50.111  2862  2862 D NetworkSpeedTracker: onReceive ACTION_BATTERY_CHANGED mBatteryLevel = 34;mIsCharging =true
04-13 10:29:50.121  2862  2862 D DeviceStatisticsService: chargerType=2 batteryLevel=34 totalBatteryCapacity=4185000
04-13 10:29:50.123  2539  2539 D KeyguardUpdateMonitor: received broadcast android.intent.action.BATTERY_CHANGED
04-13 10:29:50.123  2862  2862 D NetworkSpeedTracker: receive actionandroid.intent.action.BATTERY_CHANGED
04-13 10:29:50.124  2862  2862 D NetworkSpeedTracker: onReceive ACTION_BATTERY_CHANGED mBatteryLevel = 34;mIsCharging =true
