04-13 10:29:53.585  2862  2862 D NetworkSpeedTracker: receive actionandroid.intent.action.BATTERY_CHANGED
04-13 10:29:53.585  2862  2862 D NetworkSpeedTracker: onReceive ACTION_BATTERY_CHANGED mBatteryLevel = 34;mIsCharging =true
04-13 10:29:53.585 17389 17421 I appium  : Swipe command
04-13 10:29:53.586  4115  4115 I BatteryInfoReceiver: ACTION_BATTERY_CHANGED
04-13 10:29:53.587  6036  6536 D PowerCheckerService: onBatteryChanged, mBatteryLevel = 34, status = 2, level = 34, plug = 2, scale = 100
04-13 10:29:53.588  2862  2862 D DeviceStatisticsService: chargerType=2 batteryLevel=34 totalBatteryCapacity=4185000
04-13 10:29:53.599  1571  2412 D MIUIInput: [MotionEvent] publisher action=0x4, 626077250, channel '29e26ec NavigationBar (server)'
04-13 10:29:53.599  1571  2412 D MIUIInput: [MotionEvent] publisher action=0x4, 626077250, channel 'eafa6ff StatusBar (server)'
04-13 10:29:53.599  1571  2412 D MIUIInput: [MotionEvent] publisher action=0x0, 626077250, channel '683ae08 com.milink.service/com.milink.ui.activity.DisplayDialogActivity (server)'
04-13 10:29:53.599 17458 17458 D ViewRootImpl: [TouchInput][ViewRootImpl] MotionEvent { action=ACTION_DOWN, id[0]=0, pointerCount=1, eventTime=626077250, downTime=626077250 } moveCount:0
04-13 10:29:53.615  2539  2539 D KeyguardUpdateMonitor: received broadcast android.intent.action.BATTERY_CHANGED
04-13 10:29:53.615  2862  2862 D NetworkSpeedTracker: receive actionandroid.intent.action.BATTERY_CHANGED
04-13 10:29:53.615  2862  2862 D NetworkSpeedTracker: onReceive ACTION_BATTERY_CHANGED mBatteryLevel = 34;mIsCharging =true
04-13 10:29:53.616  4115  4115 I BatteryInfoReceiver: ACTION_BATTERY_CHANGED
04-13 10:29:53.618  6036  6536 D PowerCheckerService: onBatteryChanged, mBatteryLevel = 34, status = 2, level = 34, plug = 2, scale = 100
04-13 10:29:53.619  2862  2862 D DeviceStatisticsService: chargerType=2 batteryLevel=34 totalBatteryCapacity=4185000
04-13 10:29:53.624  2539  2539 D KeyguardUpdateMonitor: received broadcast android.intent.action.BATTERY_CHANGED
04-13 10:29:53.625  2862  2862 D NetworkSpeedTracker: receive actionandroid.intent.action.BATTERY_CHANGED
04-13 10:29:53.625  2862  2862 D NetworkSpeedTracker: onReceive ACTION_BATTERY_CHANGED mBatteryLevel = 34;mIsCharging =true
04-13 10:29:53.626  1193  1193 I cnss-daemon: nl80211 response handler invoked
04-13 10:29:53.626  1193  1193 I cnss-daemon: nl80211_response_handler: cmd 103, vendorID 4980, subcmd 107  received
04-13 10:29:53.626   805 15815 I WifiHAL : event received NL80211_CMD_VENDOR, vendor_id = 0x1374, subcmd = 0x6b
04-13 10:29:53.627  6036  6536 D PowerCheckerService: onBatteryChanged, mBatteryLevel = 34, status = 2, level = 34, plug = 2, scale = 100
04-13 10:29:53.628  4115  4115 I BatteryInfoReceiver: ACTION_BATTERY_CHANGED
04-13 10:29:53.630  2862  2862 D DeviceStatisticsService: chargerType=2 batteryLevel=34 totalBatteryCapacity=4185000
04-13 10:29:53.673  2539  2539 D KeyguardUpdateMonitor: received broadcast android.intent.action.BATTERY_CHANGED
04-13 10:29:53.673  2862  2862 D NetworkSpeedTracker: receive actionandroid.intent.action.BATTERY_CHANGED
04-13 10:29:53.674  2862  2862 D NetworkSpeedTracker: onReceive ACTION_BATTERY_CHANGED mBatteryLevel = 34;mIsCharging =true
04-13 10:29:53.674  4115  4115 I BatteryInfoReceiver: ACTION_BATTERY_CHANGED
04-13 10:29:53.676  6036  6536 D PowerCheckerService: onBatteryChanged, mBatteryLevel = 34, status = 2, level = 34, plug = 2, scale = 100
04-13 10:29:53.680  2862  2862 D DeviceStatisticsService: chargerType=2 batteryLevel=34 totalBatteryCapacity=4185000
04-13 10:29:53.707  4115  4115 I BatteryInfoReceiver: ACTION_BATTERY_CHANGED
04-13 10:29:53.710  6036  6536 D PowerCheckerService: onBatteryChanged, mBatteryLevel = 34, status = 2, level = 34, plug = 2, scale = 100
04-13 10:29:53.710  2862  2862 D NetworkSpeedTracker: receive actionandroid.intent.action.BATTERY_CHANGED
04-13 10:29:53.710  2862  2862 D NetworkSpeedTracker: onReceive ACTION_BATTERY_CHANGED mBatteryLevel = 34;mIsCharging =true
04-13 10:29:53.712  2539  2539 D KeyguardUpdateMonitor: received broadcast android.intent.action.BATTERY_CHANGED
04-13 10:29:53.715  2862  2862 D DeviceStatisticsService: chargerType=2 batteryLevel=34 totalBatteryCapacity=4185000
04-13 10:29:53.718  2539  2539 D KeyguardUpdateMonitor: received broadcast android.intent.action.BATTERY_CHANGED
04-13 10:29:53.719  2862  2862 D NetworkSpeedTracker: receive actionandroid.intent.action.BATTERY_CHANGED
04-13 10:29:53.719  2862  2862 D NetworkSpeedTracker: onReceive ACTION_BATTERY_CHANGED mBatteryLevel = 34;mIsCharging =true
04-13 10:29:53.722  4115  4115 I BatteryInfoReceiver: ACTION_BATTERY_CHANGED
04-13 10:29:53.723  6036  6536 D PowerCheckerService: onBatteryChanged, mBatteryLevel = 34, status = 2, level = 34, plug = 2, scale = 100
04-13 10:29:53.724  2862  2862 D DeviceStatisticsService: chargerType=2 batteryLevel=34 totalBatteryCapacity=4185000
04-13 10:29:53.748  2539  2539 D KeyguardUpdateMonitor: received broadcast android.intent.action.BATTERY_CHANGED
04-13 10:29:53.749  2862  2862 D NetworkSpeedTracker: receive actionandroid.intent.action.BATTERY_CHANGED
04-13 10:29:53.749  2862  2862 D NetworkSpeedTracker: onReceive ACTION_BATTERY_CHANGED mBatteryLevel = 34;mIsCharging =true
04-13 10:29:53.749  4115  4115 I BatteryInfoReceiver: ACTION_BATTERY_CHANGED
04-13 10:29:53.751  6036  6536 D PowerCheckerService: onBatteryChanged, mBatteryLevel = 34, status = 2, level = 34, plug = 2, scale = 100
04-13 10:29:53.757  2862  2862 D DeviceStatisticsService: chargerType=2 batteryLevel=34 totalBatteryCapacity=4185000
04-13 10:29:53.762  1193  1193 I cnss-daemon: nl80211 response handler invoked
04-13 10:29:53.762  1193  1193 I cnss-daemon: nl80211_response_handler: cmd 103, vendorID 4980, subcmd 106  received
04-13 10:29:53.762   805 15815 I WifiHAL : event received NL80211_CMD_VENDOR, vendor_id = 0x1374, subcmd = 0x6a
04-13 10:29:53.762  2862  2862 D NetworkSpeedTracker: receive actionandroid.intent.action.BATTERY_CHANGED
04-13 10:29:53.762  2862  2862 D NetworkSpeedTracker: onReceive ACTION_BATTERY_CHANGED mBatteryLevel = 34;mIsCharging =true
04-13 10:29:53.763  2539  2539 D KeyguardUpdateMonitor: received broadcast android.intent.action.BATTERY_CHANGED
04-13 10:29:53.763  4115  4115 I BatteryInfoReceiver: ACTION_BATTERY_CHANGED
04-13 10:29:53.765  6036  6536 D PowerCheckerService: onBatteryChanged, mBatteryLevel = 34, status = 2, level = 34, plug = 2, scale = 100
04-13 10:29:53.770  2862  2862 D DeviceStatisticsService: chargerType=2 batteryLevel=34 totalBatteryCapacity=4185000
04-13 10:29:53.793  2539  2539 D KeyguardUpdateMonitor: received broadcast android.intent.action.BATTERY_CHANGED
04-13 10:29:53.793  2862  2862 D NetworkSpeedTracker: receive actionandroid.intent.action.BATTERY_CHANGED
04-13 10:29:53.794  2862  2862 D NetworkSpeedTracker: onReceive ACTION_BATTERY_CHANGED mBatteryLevel = 34;mIsCharging =true
04-13 10:29:53.795  4115  4115 I BatteryInfoReceiver: ACTION_BATTERY_CHANGED
04-13 10:29:53.795  6036  6536 D PowerCheckerService: onBatteryChanged, mBatteryLevel = 34, status = 2, level = 34, plug = 2, scale = 100
04-13 10:29:53.801  2862  2862 D DeviceStatisticsService: chargerType=2 batteryLevel=34 totalBatteryCapacity=4185000
04-13 10:29:53.804  2539  2539 D KeyguardUpdateMonitor: received broadcast android.intent.action.BATTERY_CHANGED
04-13 10:29:53.804  2862  2862 D NetworkSpeedTracker: receive actionandroid.intent.action.BATTERY_CHANGED
04-13 10:29:53.805  2862  2862 D NetworkSpeedTracker: onReceive ACTION_BATTERY_CHANGED mBatteryLevel = 34;mIsCharging =true
04-13 10:29:53.805  4115  4115 I BatteryInfoReceiver: ACTION_BATTERY_CHANGED
04-13 10:29:53.808  6036  6536 D PowerCheckerService: onBatteryChanged, mBatteryLevel = 34, status = 2, level = 34, plug = 2, scale = 100
04-13 10:29:53.808  2862  2862 D DeviceStatisticsService: chargerType=2 batteryLevel=34 totalBatteryCapacity=4185000
04-13 10:29:53.839  2539  2539 D KeyguardUpdateMonitor: received broadcast android.intent.action.BATTERY_CHANGED
04-13 10:29:53.840  2862  2862 D NetworkSpeedTracker: receive actionandroid.intent.action.BATTERY_CHANGED
04-13 10:29:53.840  2862  2862 D NetworkSpeedTracker: onReceive ACTION_BATTERY_CHANGED mBatteryLevel = 34;mIsCharging =true
04-13 10:29:53.842  6036  6536 D PowerCheckerService: onBatteryChanged, mBatteryLevel = 34, status = 2, level = 34, plug = 2, scale = 100
04-13 10:29:53.843  4115  4115 I BatteryInfoReceiver: ACTION_BATTERY_CHANGED
04-13 10:29:53.856  2539  3046 D MobileSignalController: updateDataType mSelectedDataTypeIcon[0]=2131232923, mSelectedDataActivityIndex=6
04-13 10:29:53.856  2539  3046 D TelephonyIcons: getSignalStrengthIcon: slot=0, inetCondition=1, level=5, roaming=false, signalstrength=SignalStrength:{mCdma=CellSignalStrengthCdma: cdmaDbm=2147483647 cdmaEcio=2147483647 evdoDbm=2147483647 evdoEcio=2147483647 evdoSnr=2147483647 miuiLevel=0 level=0,mGsm=CellSignalStrengthGsm: rssi=2147483647 ber=2147483647 mTa=2147483647 miuiLevel=0 mLevel=0,mWcdma=CellSignalStrengthWcdma: ss=2147483647 ber=2147483647 rscp=2147483647 ecno=2147483647 miuiLevel=0 level=0,mTdscdma=CellSignalStrengthTdscdma: rssi=2147483647 ber=2147483647 rscp=2147483647 miuiLevel=0 level=0,mLte=CellSignalStrengthLte: rssi=-53 rsrp=-79 rsrq=-8 rssnr=250 cqi=2147483647 ta=2147483647 miuiLevel=5 level=4,mNr=CellSignalStrengthNr:{ csiRsrp = 2147483647 csiRsrq = 2147483647 csiSinr = 2147483647 ssRsrp = 2147483647 ssRsrq = 2147483647 ssSinr = 2147483647 miuiLevel = 0 level = 0 },primary=CellSignalStrengthLte}
04-13 10:29:53.856  2539  3046 D TelephonyIcons: getDataActivity, slot=0, activity=2
04-13 10:29:53.860  2539  3046 D TelephonyIcons: null signal icon name: drawable/stat_sys_signal_null
04-13 10:29:53.861  2539  3046 D TelephonyIcons: getDataTypeIcon sub=0
04-13 10:29:53.863  2539  2539 D SignalClusterView: updateMobileTypeImage  0
04-13 10:29:53.866  2862  2862 D DeviceStatisticsService: chargerType=2 batteryLevel=34 totalBatteryCapacity=4185000
04-13 10:29:53.866  2862  2862 D DynamicSarService: PhoneStateListener.onDataActivity: direction=2
04-13 10:29:53.866  2862  2862 D DynamicSarService: modem or radio power state change,messageType: 128 state: 2
04-13 10:29:53.870  2539  2539 D SignalClusterView: updateMobileTypeImage  0
04-13 10:29:53.870  6036  6536 D PowerCheckerService: onBatteryChanged, mBatteryLevel = 34, status = 2, level = 34, plug = 2, scale = 100
04-13 10:29:53.872  2862  2862 D NetworkSpeedTracker: receive actionandroid.intent.action.BATTERY_CHANGED
04-13 10:29:53.872  2862  2862 D NetworkSpeedTracker: onReceive ACTION_BATTERY_CHANGED mBatteryLevel = 34;mIsCharging =true
04-13 10:29:53.872  4115  4115 I BatteryInfoReceiver: ACTION_BATTERY_CHANGED
04-13 10:29:53.878  2539  2539 D SignalClusterView: updateMobileTypeImage  0
04-13 10:29:53.879  2539  2539 D SignalClusterView: updateMobileTypeImage  0
04-13 10:29:53.882  2862  2862 D DeviceStatisticsService: chargerType=2 batteryLevel=34 totalBatteryCapacity=4185000
04-13 10:29:53.884  2862  2862 D NetworkSpeedTracker: receive actionandroid.intent.action.BATTERY_CHANGED
04-13 10:29:53.884  2862  2862 D NetworkSpeedTracker: onReceive ACTION_BATTERY_CHANGED mBatteryLevel = 34;mIsCharging =true
04-13 10:29:53.886  2539  2539 D SignalClusterView: updateMobileTypeImage  0
04-13 10:29:53.886  6036  6536 D PowerCheckerService: onBatteryChanged, mBatteryLevel = 34, status = 2, level = 34, plug = 2, scale = 100
04-13 10:29:53.887  2539  2539 D SignalClusterView: updateMobileTypeImage  0
04-13 10:29:53.888  2862  2862 D DeviceStatisticsService: chargerType=2 batteryLevel=34 totalBatteryCapacity=4185000
04-13 10:29:53.889  2539  2539 D SignalClusterView: updateMobileTypeImage  0
04-13 10:29:53.891   821 10603 I /vendor/bin/hw/vendor.qti.hardware.servicetracker@1.1-service: unbindService is called for service : com.google.android.gms/.usagereporting.service.UsageReportingService and for client com.google.android.gms
04-13 10:29:53.891   821 10603 I /vendor/bin/hw/vendor.qti.hardware.servicetracker@1.1-service: size of service connections for service: com.google.android.gms/.usagereporting.service.UsageReportingServiceafter removal is 0
04-13 10:29:53.891   821 10603 I /vendor/bin/hw/vendor.qti.hardware.servicetracker@1.1-service: size of client connections for client: com.google.android.gmsafter removal is 1
04-13 10:29:53.892   821 10603 I /vendor/bin/hw/vendor.qti.hardware.servicetracker@1.1-service: destroyService is called for service : com.google.android.gms/.usagereporting.service.UsageReportingService
04-13 10:29:53.893  2539  2539 D KeyguardUpdateMonitor: received broadcast android.intent.action.BATTERY_CHANGED
04-13 10:29:53.893  2539  2539 D KeyguardUpdateMonitor: received broadcast android.intent.action.BATTERY_CHANGED
04-13 10:29:53.898  2862  2862 D NetworkSpeedTracker: receive actionandroid.intent.action.BATTERY_CHANGED
04-13 10:29:53.898  2862  2862 D NetworkSpeedTracker: onReceive ACTION_BATTERY_CHANGED mBatteryLevel = 34;mIsCharging =true
04-13 10:29:53.899  4115  4115 I BatteryInfoReceiver: ACTION_BATTERY_CHANGED
04-13 10:29:53.900  6036  6536 D PowerCheckerService: onBatteryChanged, mBatteryLevel = 34, status = 2, level = 34, plug = 2, scale = 100
04-13 10:29:53.901  2862  2862 D DeviceStatisticsService: chargerType=2 batteryLevel=34 totalBatteryCapacity=4185000
04-13 10:29:53.902  4115  4115 I BatteryInfoReceiver: ACTION_BATTERY_CHANGED
04-13 10:29:53.906  2539  2539 D KeyguardUpdateMonitor: received broadcast android.intent.action.BATTERY_CHANGED
04-13 10:29:53.925  2539  2539 D KeyguardUpdateMonitor: received broadcast android.intent.action.BATTERY_CHANGED
04-13 10:29:53.925  2862  2862 D NetworkSpeedTracker: receive actionandroid.intent.action.BATTERY_CHANGED
04-13 10:29:53.926  2862  2862 D NetworkSpeedTracker: onReceive ACTION_BATTERY_CHANGED mBatteryLevel = 34;mIsCharging =true
04-13 10:29:53.926  4115  4115 I BatteryInfoReceiver: ACTION_BATTERY_CHANGED
04-13 10:29:53.927  6036  6536 D PowerCheckerService: onBatteryChanged, mBatteryLevel = 34, status = 2, level = 34, plug = 2, scale = 100
04-13 10:29:53.929  2862  2862 D DeviceStatisticsService: chargerType=2 batteryLevel=34 totalBatteryCapacity=4185000
04-13 10:29:53.932  2539  2539 D KeyguardUpdateMonitor: received broadcast android.intent.action.BATTERY_CHANGED
04-13 10:29:53.932  2862  2862 D NetworkSpeedTracker: receive actionandroid.intent.action.BATTERY_CHANGED
04-13 10:29:53.933  2862  2862 D NetworkSpeedTracker: onReceive ACTION_BATTERY_CHANGED mBatteryLevel = 34;mIsCharging =true
04-13 10:29:53.935  4115  4115 I BatteryInfoReceiver: ACTION_BATTERY_CHANGED
04-13 10:29:53.935  6036  6536 D PowerCheckerService: onBatteryChanged, mBatteryLevel = 34, status = 2, level = 34, plug = 2, scale = 100
04-13 10:29:53.936  2862  2862 D DeviceStatisticsService: chargerType=2 batteryLevel=34 totalBatteryCapacity=4185000
04-13 10:29:53.957  1193  1193 I cnss-daemon: nl80211 response handler invoked
04-13 10:29:53.957  1193  1193 I cnss-daemon: nl80211_response_handler: cmd 103, vendorID 4980, subcmd 107  received
04-13 10:29:53.957   805 15815 I WifiHAL : event received NL80211_CMD_VENDOR, vendor_id = 0x1374, subcmd = 0x6b
04-13 10:29:53.972  2539  2539 D KeyguardUpdateMonitor: received broadcast android.intent.action.BATTERY_CHANGED
04-13 10:29:53.973  2862  2862 D NetworkSpeedTracker: receive actionandroid.intent.action.BATTERY_CHANGED
04-13 10:29:53.973  2862  2862 D NetworkSpeedTracker: onReceive ACTION_BATTERY_CHANGED mBatteryLevel = 34;mIsCharging =true
04-13 10:29:53.973  4115  4115 I BatteryInfoReceiver: ACTION_BATTERY_CHANGED
04-13 10:29:53.975  6036  6536 D PowerCheckerService: onBatteryChanged, mBatteryLevel = 34, status = 2, level = 34, plug = 2, scale = 100
04-13 10:29:53.982  2862  2862 D DeviceStatisticsService: chargerType=2 batteryLevel=34 totalBatteryCapacity=4185000
04-13 10:29:53.983  4115  4115 I BatteryInfoReceiver: ACTION_BATTERY_CHANGED
04-13 10:29:53.984  6036  6536 D PowerCheckerService: onBatteryChanged, mBatteryLevel = 34, status = 2, level = 34, plug = 2, scale = 100
04-13 10:29:53.984  2862  2862 D NetworkSpeedTracker: receive actionandroid.intent.action.BATTERY_CHANGED
04-13 10:29:53.986  2862  2862 D NetworkSpeedTracker: onReceive ACTION_BATTERY_CHANGED mBatteryLevel = 34;mIsCharging =true
04-13 10:29:53.986  2539  2539 D KeyguardUpdateMonitor: received broadcast android.intent.action.BATTERY_CHANGED
04-13 10:29:53.990  2862  2862 D DeviceStatisticsService: chargerType=2 batteryLevel=34 totalBatteryCapacity=4185000
04-13 10:29:53.991  1571  2412 D MIUIInput: [MotionEvent] publisher action=0x1, 626077642, channel '683ae08 com.milink.service/com.milink.ui.activity.DisplayDialogActivity (server)'
04-13 10:29:53.991 17458 17458 D ViewRootImpl: [TouchInput][ViewRootImpl] MotionEvent { action=ACTION_UP, id[0]=0, pointerCount=1, eventTime=626077642, downTime=626077250 } moveCount:24
04-13 10:29:54.014  2862  2862 D NetworkSpeedTracker: receive actionandroid.intent.action.BATTERY_CHANGED
04-13 10:29:54.014  2539  2539 D KeyguardUpdateMonitor: received broadcast android.intent.action.BATTERY_CHANGED
04-13 10:29:54.014  2862  2862 D NetworkSpeedTracker: onReceive ACTION_BATTERY_CHANGED mBatteryLevel = 34;mIsCharging =true
04-13 10:29:54.016  4115  4115 I BatteryInfoReceiver: ACTION_BATTERY_CHANGED
04-13 10:29:54.018  6036  6536 D PowerCheckerService: onBatteryChanged, mBatteryLevel = 34, status = 2, level = 34, plug = 2, scale = 100
04-13 10:29:54.022  2862  2862 D DeviceStatisticsService: chargerType=2 batteryLevel=34 totalBatteryCapacity=4185000
04-13 10:29:54.025  2539  2539 D KeyguardUpdateMonitor: received broadcast android.intent.action.BATTERY_CHANGED
04-13 10:29:54.026  2862  2862 D NetworkSpeedTracker: receive actionandroid.intent.action.BATTERY_CHANGED
04-13 10:29:54.026  2862  2862 D NetworkSpeedTracker: onReceive ACTION_BATTERY_CHANGED mBatteryLevel = 34;mIsCharging =true
04-13 10:29:54.027  4115  4115 I BatteryInfoReceiver: ACTION_BATTERY_CHANGED
04-13 10:29:54.028  6036  6536 D PowerCheckerService: onBatteryChanged, mBatteryLevel = 34, status = 2, level = 34, plug = 2, scale = 100
04-13 10:29:54.030  2862  2862 D DeviceStatisticsService: chargerType=2 batteryLevel=34 totalBatteryCapacity=4185000
04-13 10:29:54.069  2539  2539 D KeyguardUpdateMonitor: received broadcast android.intent.action.BATTERY_CHANGED
04-13 10:29:54.069  2862  2862 D NetworkSpeedTracker: receive actionandroid.intent.action.BATTERY_CHANGED
04-13 10:29:54.069  2862  2862 D NetworkSpeedTracker: onReceive ACTION_BATTERY_CHANGED mBatteryLevel = 34;mIsCharging =true
04-13 10:29:54.071  4115  4115 I BatteryInfoReceiver: ACTION_BATTERY_CHANGED
04-13 10:29:54.074  6036  6536 D PowerCheckerService: onBatteryChanged, mBatteryLevel = 34, status = 2, level = 34, plug = 2, scale = 100
04-13 10:29:54.074  2862  2862 D DeviceStatisticsService: chargerType=2 batteryLevel=34 totalBatteryCapacity=4185000
04-13 10:29:54.079  2862  2862 D NetworkSpeedTracker: receive actionandroid.intent.action.BATTERY_CHANGED
04-13 10:29:54.080  2862  2862 D NetworkSpeedTracker: onReceive ACTION_BATTERY_CHANGED mBatteryLevel = 34;mIsCharging =true
04-13 10:29:54.081  6036  6536 D PowerCheckerService: onBatteryChanged, mBatteryLevel = 34, status = 2, level = 34, plug = 2, scale = 100
04-13 10:29:54.082  4115  4115 I BatteryInfoReceiver: ACTION_BATTERY_CHANGED
04-13 10:29:54.083  2539  2539 D KeyguardUpdateMonitor: received broadcast android.intent.action.BATTERY_CHANGED
04-13 10:29:54.084  2862  2862 D DeviceStatisticsService: chargerType=2 batteryLevel=34 totalBatteryCapacity=4185000
04-13 10:29:54.104  2539  2539 D KeyguardUpdateMonitor: received broadcast android.intent.action.BATTERY_CHANGED
04-13 10:29:54.105  2862  2862 D NetworkSpeedTracker: receive actionandroid.intent.action.BATTERY_CHANGED
04-13 10:29:54.106  2862  2862 D NetworkSpeedTracker: onReceive ACTION_BATTERY_CHANGED mBatteryLevel = 34;mIsCharging =true
04-13 10:29:54.107  6036  6536 D PowerCheckerService: onBatteryChanged, mBatteryLevel = 34, status = 2, level = 34, plug = 2, scale = 100
04-13 10:29:54.108  4115  4115 I BatteryInfoReceiver: ACTION_BATTERY_CHANGED
04-13 10:29:54.111  2862  2862 D DeviceStatisticsService: chargerType=2 batteryLevel=34 totalBatteryCapacity=4185000
04-13 10:29:54.115  2539  2539 D KeyguardUpdateMonitor: received broadcast android.intent.action.BATTERY_CHANGED
04-13 10:29:54.116  2862  2862 D NetworkSpeedTracker: receive actionandroid.intent.action.BATTERY_CHANGED
04-13 10:29:54.116  2862  2862 D NetworkSpeedTracker: onReceive ACTION_BATTERY_CHANGED mBatteryLevel = 34;mIsCharging =true
04-13 10:29:54.117  4115  4115 I BatteryInfoReceiver: ACTION_BATTERY_CHANGED
04-13 10:29:54.118  6036  6536 D PowerCheckerService: onBatteryChanged, mBatteryLevel = 34, status = 2, level = 34, plug = 2, scale = 100
04-13 10:29:54.119  2862  2862 D DeviceStatisticsService: chargerType=2 batteryLevel=34 totalBatteryCapacity=4185000
04-13 10:29:54.145  2539  2539 D KeyguardUpdateMonitor: received broadcast android.intent.action.BATTERY_CHANGED
04-13 10:29:54.147  2862  2862 D NetworkSpeedTracker: receive actionandroid.intent.action.BATTERY_CHANGED
04-13 10:29:54.147  4115  4115 I BatteryInfoReceiver: ACTION_BATTERY_CHANGED
04-13 10:29:54.147  2862  2862 D NetworkSpeedTracker: onReceive ACTION_BATTERY_CHANGED mBatteryLevel = 34;mIsCharging =true
04-13 10:29:54.148  6036  6536 D PowerCheckerService: onBatteryChanged, mBatteryLevel = 34, status = 2, level = 34, plug = 2, scale = 100
04-13 10:29:54.168  2862  2862 D DeviceStatisticsService: chargerType=2 batteryLevel=34 totalBatteryCapacity=4185000
04-13 10:29:54.172  2539  2539 D KeyguardUpdateMonitor: received broadcast android.intent.action.BATTERY_CHANGED
04-13 10:29:54.173  2862  2862 D NetworkSpeedTracker: receive actionandroid.intent.action.BATTERY_CHANGED
04-13 10:29:54.173  2862  2862 D NetworkSpeedTracker: onReceive ACTION_BATTERY_CHANGED mBatteryLevel = 34;mIsCharging =true
04-13 10:29:54.174  4115  4115 I BatteryInfoReceiver: ACTION_BATTERY_CHANGED
04-13 10:29:54.175  6036  6536 D PowerCheckerService: onBatteryChanged, mBatteryLevel = 34, status = 2, level = 34, plug = 2, scale = 100
04-13 10:29:54.177  2862  2862 D DeviceStatisticsService: chargerType=2 batteryLevel=34 totalBatteryCapacity=4185000
04-13 10:29:54.190  2539  2539 D KeyguardUpdateMonitor: received broadcast android.intent.action.BATTERY_CHANGED
04-13 10:29:54.191  2862  2862 D NetworkSpeedTracker: receive actionandroid.intent.action.BATTERY_CHANGED
04-13 10:29:54.191  2862  2862 D NetworkSpeedTracker: onReceive ACTION_BATTERY_CHANGED mBatteryLevel = 34;mIsCharging =true
04-13 10:29:54.193  4115  4115 I BatteryInfoReceiver: ACTION_BATTERY_CHANGED
04-13 10:29:54.193  6036  6536 D PowerCheckerService: onBatteryChanged, mBatteryLevel = 34, status = 2, level = 34, plug = 2, scale = 100
04-13 10:29:54.197  1193  1193 I cnss-daemon: nl80211 response handler invoked
04-13 10:29:54.197  1193  1193 I cnss-daemon: nl80211_response_handler: cmd 103, vendorID 4980, subcmd 106  received
04-13 10:29:54.198   805 15815 I WifiHAL : event received NL80211_CMD_VENDOR, vendor_id = 0x1374, subcmd = 0x6a
04-13 10:29:54.200  2862  2862 D DeviceStatisticsService: chargerType=2 batteryLevel=34 totalBatteryCapacity=4185000
04-13 10:29:54.209  2539  2539 D KeyguardUpdateMonitor: received broadcast android.intent.action.BATTERY_CHANGED
04-13 10:29:54.209  4115  4115 I BatteryInfoReceiver: ACTION_BATTERY_CHANGED
04-13 10:29:54.209  2862  2862 D NetworkSpeedTracker: receive actionandroid.intent.action.BATTERY_CHANGED
04-13 10:29:54.210  2862  2862 D NetworkSpeedTracker: onReceive ACTION_BATTERY_CHANGED mBatteryLevel = 34;mIsCharging =true
04-13 10:29:54.210  6036  6536 D PowerCheckerService: onBatteryChanged, mBatteryLevel = 34, status = 2, level = 34, plug = 2, scale = 100
04-13 10:29:54.212  2862  2862 D DeviceStatisticsService: chargerType=2 batteryLevel=34 totalBatteryCapacity=4185000
04-13 10:29:54.238  2539  2539 D KeyguardUpdateMonitor: received broadcast android.intent.action.BATTERY_CHANGED
04-13 10:29:54.239  2862  2862 D NetworkSpeedTracker: receive actionandroid.intent.action.BATTERY_CHANGED
04-13 10:29:54.239  2862  2862 D NetworkSpeedTracker: onReceive ACTION_BATTERY_CHANGED mBatteryLevel = 34;mIsCharging =true
04-13 10:29:54.239  4115  4115 I BatteryInfoReceiver: ACTION_BATTERY_CHANGED
04-13 10:29:54.241  6036  6536 D PowerCheckerService: onBatteryChanged, mBatteryLevel = 34, status = 2, level = 34, plug = 2, scale = 100
04-13 10:29:54.244  2862  2862 D DeviceStatisticsService: chargerType=2 batteryLevel=34 totalBatteryCapacity=4185000
04-13 10:29:54.249  2539  2539 D KeyguardUpdateMonitor: received broadcast android.intent.action.BATTERY_CHANGED
04-13 10:29:54.250  2862  2862 D NetworkSpeedTracker: receive actionandroid.intent.action.BATTERY_CHANGED
04-13 10:29:54.250  2862  2862 D NetworkSpeedTracker: onReceive ACTION_BATTERY_CHANGED mBatteryLevel = 34;mIsCharging =true
04-13 10:29:54.252  4115  4115 I BatteryInfoReceiver: ACTION_BATTERY_CHANGED
04-13 10:29:54.253  2862  2862 D DeviceStatisticsService: chargerType=2 batteryLevel=34 totalBatteryCapacity=4185000
04-13 10:29:54.254  6036  6536 D PowerCheckerService: onBatteryChanged, mBatteryLevel = 34, status = 2, level = 34, plug = 2, scale = 100
04-13 10:29:54.280  2539  2539 D KeyguardUpdateMonitor: received broadcast android.intent.action.BATTERY_CHANGED
04-13 10:29:54.281  2862  2862 D NetworkSpeedTracker: receive actionandroid.intent.action.BATTERY_CHANGED
04-13 10:29:54.282  2862  2862 D NetworkSpeedTracker: onReceive ACTION_BATTERY_CHANGED mBatteryLevel = 34;mIsCharging =true
04-13 10:29:54.284  4115  4115 I BatteryInfoReceiver: ACTION_BATTERY_CHANGED
04-13 10:29:54.286  2862  2862 D DeviceStatisticsService: chargerType=2 batteryLevel=34 totalBatteryCapacity=4185000
04-13 10:29:54.286  6036  6536 D PowerCheckerService: onBatteryChanged, mBatteryLevel = 34, status = 2, level = 34, plug = 2, scale = 100
04-13 10:29:54.291  2539  2539 D KeyguardUpdateMonitor: received broadcast android.intent.action.BATTERY_CHANGED
04-13 10:29:54.292  2862  2862 D NetworkSpeedTracker: receive actionandroid.intent.action.BATTERY_CHANGED
04-13 10:29:54.292  2862  2862 D NetworkSpeedTracker: onReceive ACTION_BATTERY_CHANGED mBatteryLevel = 34;mIsCharging =true
04-13 10:29:54.293  4115  4115 I BatteryInfoReceiver: ACTION_BATTERY_CHANGED
04-13 10:29:54.294  6036  6536 D PowerCheckerService: onBatteryChanged, mBatteryLevel = 34, status = 2, level = 34, plug = 2, scale = 100
04-13 10:29:54.296  2862  2862 D DeviceStatisticsService: chargerType=2 batteryLevel=34 totalBatteryCapacity=4185000
04-13 10:29:54.326  2539  2539 D KeyguardUpdateMonitor: received broadcast android.intent.action.BATTERY_CHANGED
04-13 10:29:54.327  2862  2862 D NetworkSpeedTracker: receive actionandroid.intent.action.BATTERY_CHANGED
04-13 10:29:54.327  2862  2862 D NetworkSpeedTracker: onReceive ACTION_BATTERY_CHANGED mBatteryLevel = 34;mIsCharging =true
04-13 10:29:54.330  4115  4115 I BatteryInfoReceiver: ACTION_BATTERY_CHANGED
04-13 10:29:54.331  6036  6536 D PowerCheckerService: onBatteryChanged, mBatteryLevel = 34, status = 2, level = 34, plug = 2, scale = 100
04-13 10:29:54.337  2862  2862 D DeviceStatisticsService: chargerType=2 batteryLevel=34 totalBatteryCapacity=4185000
04-13 10:29:54.341  2539  2539 D KeyguardUpdateMonitor: received broadcast android.intent.action.BATTERY_CHANGED
04-13 10:29:54.343  2862  2862 D NetworkSpeedTracker: receive actionandroid.intent.action.BATTERY_CHANGED
04-13 10:29:54.343  2862  2862 D NetworkSpeedTracker: onReceive ACTION_BATTERY_CHANGED mBatteryLevel = 34;mIsCharging =true
04-13 10:29:54.344  4115  4115 I BatteryInfoReceiver: ACTION_BATTERY_CHANGED
04-13 10:29:54.345  2862  2862 D DeviceStatisticsService: chargerType=2 batteryLevel=34 totalBatteryCapacity=4185000
04-13 10:29:54.347  6036  6536 D PowerCheckerService: onBatteryChanged, mBatteryLevel = 34, status = 2, level = 34, plug = 2, scale = 100
04-13 10:29:54.375  2539  2539 D KeyguardUpdateMonitor: received broadcast android.intent.action.BATTERY_CHANGED
04-13 10:29:54.375  2862  2862 D NetworkSpeedTracker: receive actionandroid.intent.action.BATTERY_CHANGED
04-13 10:29:54.376  2862  2862 D NetworkSpeedTracker: onReceive ACTION_BATTERY_CHANGED mBatteryLevel = 34;mIsCharging =true
04-13 10:29:54.376  4115  4115 I BatteryInfoReceiver: ACTION_BATTERY_CHANGED
04-13 10:29:54.378  6036  6536 D PowerCheckerService: onBatteryChanged, mBatteryLevel = 34, status = 2, level = 34, plug = 2, scale = 100
04-13 10:29:54.382  2862  2862 D DeviceStatisticsService: chargerType=2 batteryLevel=34 totalBatteryCapacity=4185000
04-13 10:29:54.387  2539  2539 D KeyguardUpdateMonitor: received broadcast android.intent.action.BATTERY_CHANGED
04-13 10:29:54.387  2862  2862 D NetworkSpeedTracker: receive actionandroid.intent.action.BATTERY_CHANGED
04-13 10:29:54.388  2862  2862 D NetworkSpeedTracker: onReceive ACTION_BATTERY_CHANGED mBatteryLevel = 34;mIsCharging =true
04-13 10:29:54.388  4115  4115 I BatteryInfoReceiver: ACTION_BATTERY_CHANGED
04-13 10:29:54.390  6036  6536 D PowerCheckerService: onBatteryChanged, mBatteryLevel = 34, status = 2, level = 34, plug = 2, scale = 100
04-13 10:29:54.392  2862  2862 D DeviceStatisticsService: chargerType=2 batteryLevel=34 totalBatteryCapacity=4185000
04-13 10:29:54.397   805 15815 I WifiHAL : event received NL80211_CMD_VENDOR, vendor_id = 0x1374, subcmd = 0x6b
04-13 10:29:54.397  1193  1193 I cnss-daemon: nl80211 response handler invoked
04-13 10:29:54.397  1193  1193 I cnss-daemon: nl80211_response_handler: cmd 103, vendorID 4980, subcmd 107  received
04-13 10:29:54.415  2539  2539 D KeyguardUpdateMonitor: received broadcast android.intent.action.BATTERY_CHANGED
04-13 10:29:54.415  2862  2862 D NetworkSpeedTracker: receive actionandroid.intent.action.BATTERY_CHANGED
04-13 10:29:54.415  2862  2862 D NetworkSpeedTracker: onReceive ACTION_BATTERY_CHANGED mBatteryLevel = 34;mIsCharging =true
04-13 10:29:54.416  4115  4115 I BatteryInfoReceiver: ACTION_BATTERY_CHANGED
04-13 10:29:54.418  6036  6536 D PowerCheckerService: onBatteryChanged, mBatteryLevel = 34, status = 2, level = 34, plug = 2, scale = 100
04-13 10:29:54.420  2862  2862 D DeviceStatisticsService: chargerType=2 batteryLevel=34 totalBatteryCapacity=4185000
04-13 10:29:54.424  2539  2539 D KeyguardUpdateMonitor: received broadcast android.intent.action.BATTERY_CHANGED
04-13 10:29:54.425  2862  2862 D NetworkSpeedTracker: receive actionandroid.intent.action.BATTERY_CHANGED
04-13 10:29:54.425  2862  2862 D NetworkSpeedTracker: onReceive ACTION_BATTERY_CHANGED mBatteryLevel = 34;mIsCharging =true
04-13 10:29:54.426  4115  4115 I BatteryInfoReceiver: ACTION_BATTERY_CHANGED
04-13 10:29:54.427  6036  6536 D PowerCheckerService: onBatteryChanged, mBatteryLevel = 34, status = 2, level = 34, plug = 2, scale = 100
04-13 10:29:54.430  2862  2862 D DeviceStatisticsService: chargerType=2 batteryLevel=34 totalBatteryCapacity=4185000
04-13 10:29:54.447   796   796 W health@2.0-serv: type=1400 audit(0.0:2304239): avc: denied { read } for name="type" dev="sysfs" ino=55635 scontext=u:r:hal_health_default:s0 tcontext=u:object_r:sysfs:s0 tclass=file permissive=0
04-13 10:29:54.457  2539  2539 D KeyguardUpdateMonitor: received broadcast android.intent.action.BATTERY_CHANGED
04-13 10:29:54.458  2862  2862 D NetworkSpeedTracker: receive actionandroid.intent.action.BATTERY_CHANGED
04-13 10:29:54.458  2862  2862 D NetworkSpeedTracker: onReceive ACTION_BATTERY_CHANGED mBatteryLevel = 34;mIsCharging =true
04-13 10:29:54.459  4115  4115 I BatteryInfoReceiver: ACTION_BATTERY_CHANGED
04-13 10:29:54.460  6036  6536 D PowerCheckerService: onBatteryChanged, mBatteryLevel = 34, status = 2, level = 34, plug = 2, scale = 100
04-13 10:29:54.463   796   796 W health@2.0-serv: type=1400 audit(0.0:2304240): avc: denied { read } for name="type" dev="sysfs" ino=55635 scontext=u:r:hal_health_default:s0 tcontext=u:object_r:sysfs:s0 tclass=file permissive=0
04-13 10:29:54.468  2862  2862 D DeviceStatisticsService: chargerType=2 batteryLevel=34 totalBatteryCapacity=4185000
04-13 10:29:54.474  2539  2539 D KeyguardUpdateMonitor: received broadcast android.intent.action.BATTERY_CHANGED
04-13 10:29:54.474  2862  2862 D NetworkSpeedTracker: receive actionandroid.intent.action.BATTERY_CHANGED
04-13 10:29:54.474  2862  2862 D NetworkSpeedTracker: onReceive ACTION_BATTERY_CHANGED mBatteryLevel = 34;mIsCharging =true
04-13 10:29:54.475  4115  4115 I BatteryInfoReceiver: ACTION_BATTERY_CHANGED
04-13 10:29:54.476  6036  6536 D PowerCheckerService: onBatteryChanged, mBatteryLevel = 34, status = 2, level = 34, plug = 2, scale = 100
04-13 10:29:54.477  2862  2862 D DeviceStatisticsService: chargerType=2 batteryLevel=34 totalBatteryCapacity=4185000
04-13 10:29:54.495   796   796 W health@2.0-serv: type=1400 audit(0.0:2304241): avc: denied { read } for name="type" dev="sysfs" ino=55635 scontext=u:r:hal_health_default:s0 tcontext=u:object_r:sysfs:s0 tclass=file permissive=0
04-13 10:29:54.504  2539  2539 D KeyguardUpdateMonitor: received broadcast android.intent.action.BATTERY_CHANGED
04-13 10:29:54.504  2862  2862 D NetworkSpeedTracker: receive actionandroid.intent.action.BATTERY_CHANGED
04-13 10:29:54.504  2862  2862 D NetworkSpeedTracker: onReceive ACTION_BATTERY_CHANGED mBatteryLevel = 34;mIsCharging =true
04-13 10:29:54.505  4115  4115 I BatteryInfoReceiver: ACTION_BATTERY_CHANGED
04-13 10:29:54.503   796   796 W health@2.0-serv: type=1400 audit(0.0:2304242): avc: denied { read } for name="type" dev="sysfs" ino=55635 scontext=u:r:hal_health_default:s0 tcontext=u:object_r:sysfs:s0 tclass=file permissive=0
04-13 10:29:54.507  6036  6536 D PowerCheckerService: onBatteryChanged, mBatteryLevel = 34, status = 2, level = 34, plug = 2, scale = 100
04-13 10:29:54.511  2862  2862 D DeviceStatisticsService: chargerType=2 batteryLevel=34 totalBatteryCapacity=4185000
04-13 10:29:54.514  2539  2539 D KeyguardUpdateMonitor: received broadcast android.intent.action.BATTERY_CHANGED
04-13 10:29:54.515  2862  2862 D NetworkSpeedTracker: receive actionandroid.intent.action.BATTERY_CHANGED
04-13 10:29:54.515  2862  2862 D NetworkSpeedTracker: onReceive ACTION_BATTERY_CHANGED mBatteryLevel = 34;mIsCharging =true
04-13 10:29:54.517  6036  6536 D PowerCheckerService: onBatteryChanged, mBatteryLevel = 34, status = 2, level = 34, plug = 2, scale = 100
04-13 10:29:54.520  2862  2862 D DeviceStatisticsService: chargerType=2 batteryLevel=34 totalBatteryCapacity=4185000
04-13 10:29:54.522  4115  4115 I BatteryInfoReceiver: ACTION_BATTERY_CHANGED
04-13 10:29:54.524 17974 18115 E PlayCommon: [66681] baqg.h(173): Failed to connect to server for log upload.
04-13 10:29:54.539   796   796 W health@2.0-serv: type=1400 audit(0.0:2304243): avc: denied { read } for name="type" dev="sysfs" ino=55635 scontext=u:r:hal_health_default:s0 tcontext=u:object_r:sysfs:s0 tclass=file permissive=0
04-13 10:29:54.549  2862  2862 D NetworkSpeedTracker: receive actionandroid.intent.action.BATTERY_CHANGED
04-13 10:29:54.549  2862  2862 D NetworkSpeedTracker: onReceive ACTION_BATTERY_CHANGED mBatteryLevel = 34;mIsCharging =true
04-13 10:29:54.550  4115  4115 I BatteryInfoReceiver: ACTION_BATTERY_CHANGED
04-13 10:29:54.550  2539  2539 D KeyguardUpdateMonitor: received broadcast android.intent.action.BATTERY_CHANGED
04-13 10:29:54.551  6036  6536 D PowerCheckerService: onBatteryChanged, mBatteryLevel = 34, status = 2, level = 34, plug = 2, scale = 100
04-13 10:29:54.555  2862  2862 D DeviceStatisticsService: chargerType=2 batteryLevel=34 totalBatteryCapacity=4185000
04-13 10:29:54.559  2539  2539 D KeyguardUpdateMonitor: received broadcast android.intent.action.BATTERY_CHANGED
04-13 10:29:54.560  4115  4115 I BatteryInfoReceiver: ACTION_BATTERY_CHANGED
04-13 10:29:54.564  6036  6536 D PowerCheckerService: onBatteryChanged, mBatteryLevel = 34, status = 2, level = 34, plug = 2, scale = 100
04-13 10:29:54.565  2862  2862 D NetworkSpeedTracker: receive actionandroid.intent.action.BATTERY_CHANGED
04-13 10:29:54.566  2862  2862 D NetworkSpeedTracker: onReceive ACTION_BATTERY_CHANGED mBatteryLevel = 34;mIsCharging =true
04-13 10:29:54.568   821 10603 I /vendor/bin/hw/vendor.qti.hardware.servicetracker@1.1-service: unbindService is called for service : com.google.android.gms/.chimera.PersistentDirectBootAwareApiService and for client com.google.android.gms.persistent
04-13 10:29:54.568   821 10603 I /vendor/bin/hw/vendor.qti.hardware.servicetracker@1.1-service: size of service connections for service: com.google.android.gms/.chimera.PersistentDirectBootAwareApiServiceafter removal is 1
04-13 10:29:54.568   821 10603 I /vendor/bin/hw/vendor.qti.hardware.servicetracker@1.1-service: size of client connections for client: com.google.android.gms.persistentafter removal is 5
04-13 10:29:54.569  2862  2862 D DeviceStatisticsService: chargerType=2 batteryLevel=34 totalBatteryCapacity=4185000
04-13 10:29:54.591  2862  2862 D NetworkSpeedTracker: receive actionandroid.intent.action.BATTERY_CHANGED
04-13 10:29:54.591  2862  2862 D NetworkSpeedTracker: onReceive ACTION_BATTERY_CHANGED mBatteryLevel = 34;mIsCharging =true
04-13 10:29:54.592  6036  6536 D PowerCheckerService: onBatteryChanged, mBatteryLevel = 34, status = 2, level = 34, plug = 2, scale = 100
04-13 10:29:54.592  4115  4115 I BatteryInfoReceiver: ACTION_BATTERY_CHANGED
04-13 10:29:54.592  2539  2539 D KeyguardUpdateMonitor: received broadcast android.intent.action.BATTERY_CHANGED
04-13 10:29:54.600  2862  2862 D DeviceStatisticsService: chargerType=2 batteryLevel=34 totalBatteryCapacity=4185000
04-13 10:29:54.603  2539  2539 D KeyguardUpdateMonitor: received broadcast android.intent.action.BATTERY_CHANGED
04-13 10:29:54.604  2862  2862 D NetworkSpeedTracker: receive actionandroid.intent.action.BATTERY_CHANGED
04-13 10:29:54.604  2862  2862 D NetworkSpeedTracker: onReceive ACTION_BATTERY_CHANGED mBatteryLevel = 34;mIsCharging =true
04-13 10:29:54.605  4115  4115 I BatteryInfoReceiver: ACTION_BATTERY_CHANGED
04-13 10:29:54.606  6036  6536 D PowerCheckerService: onBatteryChanged, mBatteryLevel = 34, status = 2, level = 34, plug = 2, scale = 100
04-13 10:29:54.607  2862  2862 D DeviceStatisticsService: chargerType=2 batteryLevel=34 totalBatteryCapacity=4185000
04-13 10:29:54.639  2539  2539 D KeyguardUpdateMonitor: received broadcast android.intent.action.BATTERY_CHANGED
04-13 10:29:54.640  2862  2862 D NetworkSpeedTracker: receive actionandroid.intent.action.BATTERY_CHANGED
04-13 10:29:54.640  2862  2862 D NetworkSpeedTracker: onReceive ACTION_BATTERY_CHANGED mBatteryLevel = 34;mIsCharging =true
04-13 10:29:54.642  6036  6536 D PowerCheckerService: onBatteryChanged, mBatteryLevel = 34, status = 2, level = 34, plug = 2, scale = 100
04-13 10:29:54.642  4115  4115 I BatteryInfoReceiver: ACTION_BATTERY_CHANGED
04-13 10:29:54.646  2862  2862 D DeviceStatisticsService: chargerType=2 batteryLevel=34 totalBatteryCapacity=4185000
04-13 10:29:54.651   834  1045 I DisplayFeatureHal: get frame stat: 100
04-13 10:29:54.652  2539  2539 D KeyguardUpdateMonitor: received broadcast android.intent.action.BATTERY_CHANGED
04-13 10:29:54.653  2862  2862 D NetworkSpeedTracker: receive actionandroid.intent.action.BATTERY_CHANGED
04-13 10:29:54.653  2862  2862 D NetworkSpeedTracker: onReceive ACTION_BATTERY_CHANGED mBatteryLevel = 34;mIsCharging =true
04-13 10:29:54.654  4115  4115 I BatteryInfoReceiver: ACTION_BATTERY_CHANGED
04-13 10:29:54.656  2862  2862 D DeviceStatisticsService: chargerType=2 batteryLevel=34 totalBatteryCapacity=4185000
04-13 10:29:54.657  6036  6536 D PowerCheckerService: onBatteryChanged, mBatteryLevel = 34, status = 2, level = 34, plug = 2, scale = 100
04-13 10:29:54.678  2539  2539 D KeyguardUpdateMonitor: received broadcast android.intent.action.BATTERY_CHANGED
04-13 10:29:54.679  2862  2862 D NetworkSpeedTracker: receive actionandroid.intent.action.BATTERY_CHANGED
04-13 10:29:54.680  2862  2862 D NetworkSpeedTracker: onReceive ACTION_BATTERY_CHANGED mBatteryLevel = 34;mIsCharging =true
04-13 10:29:54.681  6036  6536 D PowerCheckerService: onBatteryChanged, mBatteryLevel = 34, status = 2, level = 34, plug = 2, scale = 100
04-13 10:29:54.683  2862  2862 D DeviceStatisticsService: chargerType=2 batteryLevel=34 totalBatteryCapacity=4185000
04-13 10:29:54.685  4115  4115 I BatteryInfoReceiver: ACTION_BATTERY_CHANGED
04-13 10:29:54.698  2539  2539 D KeyguardUpdateMonitor: received broadcast android.intent.action.BATTERY_CHANGED
04-13 10:29:54.699  2862  2862 D NetworkSpeedTracker: receive actionandroid.intent.action.BATTERY_CHANGED
04-13 10:29:54.699  2862  2862 D NetworkSpeedTracker: onReceive ACTION_BATTERY_CHANGED mBatteryLevel = 34;mIsCharging =true
04-13 10:29:54.700  4115  4115 I BatteryInfoReceiver: ACTION_BATTERY_CHANGED
04-13 10:29:54.701  6036  6536 D PowerCheckerService: onBatteryChanged, mBatteryLevel = 34, status = 2, level = 34, plug = 2, scale = 100
04-13 10:29:54.704  2862  2862 D DeviceStatisticsService: chargerType=2 batteryLevel=34 totalBatteryCapacity=4185000
04-13 10:29:54.723  2539  2539 D KeyguardUpdateMonitor: received broadcast android.intent.action.BATTERY_CHANGED
04-13 10:29:54.723  2862  2862 D NetworkSpeedTracker: receive actionandroid.intent.action.BATTERY_CHANGED
04-13 10:29:54.723  2862  2862 D NetworkSpeedTracker: onReceive ACTION_BATTERY_CHANGED mBatteryLevel = 34;mIsCharging =true
04-13 10:29:54.723  4115  4115 I BatteryInfoReceiver: ACTION_BATTERY_CHANGED
04-13 10:29:54.724  6036  6536 D PowerCheckerService: onBatteryChanged, mBatteryLevel = 34, status = 2, level = 34, plug = 2, scale = 100
04-13 10:29:54.730  2862  2862 D DeviceStatisticsService: chargerType=2 batteryLevel=34 totalBatteryCapacity=4185000
04-13 10:29:54.732  2862  2862 D NetworkSpeedTracker: receive actionandroid.intent.action.BATTERY_CHANGED
04-13 10:29:54.732  2862  2862 D NetworkSpeedTracker: onReceive ACTION_BATTERY_CHANGED mBatteryLevel = 34;mIsCharging =true
04-13 10:29:54.733  2539  2539 D KeyguardUpdateMonitor: received broadcast android.intent.action.BATTERY_CHANGED
04-13 10:29:54.734  4115  4115 I BatteryInfoReceiver: ACTION_BATTERY_CHANGED
04-13 10:29:54.735  6036  6536 D PowerCheckerService: onBatteryChanged, mBatteryLevel = 34, status = 2, level = 34, plug = 2, scale = 100
04-13 10:29:54.735  2862  2862 D DeviceStatisticsService: chargerType=2 batteryLevel=34 totalBatteryCapacity=4185000
04-13 10:29:54.739  1193  1193 I cnss-daemon: nl80211 response handler invoked
04-13 10:29:54.739  1193  1193 I cnss-daemon: nl80211_response_handler: cmd 103, vendorID 4980, subcmd 106  received
04-13 10:29:54.739   805 15815 I WifiHAL : event received NL80211_CMD_VENDOR, vendor_id = 0x1374, subcmd = 0x6a
04-13 10:29:54.763 17389 17421 I appium  : AppiumResponse: {"sessionId":"5cc5c1a0-c5e6-42d1-ac8c-5f3c05c7b0f3","value":null}
04-13 10:29:54.775  2539  2539 D KeyguardUpdateMonitor: received broadcast android.intent.action.BATTERY_CHANGED
04-13 10:29:54.775  2862  2862 D NetworkSpeedTracker: receive actionandroid.intent.action.BATTERY_CHANGED
04-13 10:29:54.775  2862  2862 D NetworkSpeedTracker: onReceive ACTION_BATTERY_CHANGED mBatteryLevel = 34;mIsCharging =true
04-13 10:29:54.777  4115  4115 I BatteryInfoReceiver: ACTION_BATTERY_CHANGED
04-13 10:29:54.777  6036  6536 D PowerCheckerService: onBatteryChanged, mBatteryLevel = 34, status = 2, level = 34, plug = 2, scale = 100
04-13 10:29:54.778 17389 17421 I appium  : channel read: POST /wd/hub/session/5cc5c1a0-c5e6-42d1-ac8c-5f3c05c7b0f3/element
04-13 10:29:54.779  2862  2862 D DeviceStatisticsService: chargerType=2 batteryLevel=34 totalBatteryCapacity=4185000
04-13 10:29:54.781 17389 17421 I appium  : FindElement command
04-13 10:29:54.783 17389 17421 I appium  : method: 'xpath', selector: '//*[@text="zxvbn"]', contextId: ''
04-13 10:29:54.784 17389 17421 I appium  : Waiting up to 10000ms for the device to idle
04-13 10:29:54.787  2539  2539 D KeyguardUpdateMonitor: received broadcast android.intent.action.BATTERY_CHANGED
04-13 10:29:54.787  2862  2862 D NetworkSpeedTracker: receive actionandroid.intent.action.BATTERY_CHANGED
04-13 10:29:54.787  2862  2862 D NetworkSpeedTracker: onReceive ACTION_BATTERY_CHANGED mBatteryLevel = 34;mIsCharging =true
04-13 10:29:54.788  6036  6536 D PowerCheckerService: onBatteryChanged, mBatteryLevel = 34, status = 2, level = 34, plug = 2, scale = 100
04-13 10:29:54.789  4115  4115 I BatteryInfoReceiver: ACTION_BATTERY_CHANGED
04-13 10:29:54.791  2862  2862 D DeviceStatisticsService: chargerType=2 batteryLevel=34 totalBatteryCapacity=4185000
04-13 10:29:54.811  2539  2539 D KeyguardUpdateMonitor: received broadcast android.intent.action.BATTERY_CHANGED
04-13 10:29:54.812  2862  2862 D NetworkSpeedTracker: receive actionandroid.intent.action.BATTERY_CHANGED
04-13 10:29:54.812  2862  2862 D NetworkSpeedTracker: onReceive ACTION_BATTERY_CHANGED mBatteryLevel = 34;mIsCharging =true
04-13 10:29:54.813  4115  4115 I BatteryInfoReceiver: ACTION_BATTERY_CHANGED
04-13 10:29:54.814  6036  6536 D PowerCheckerService: onBatteryChanged, mBatteryLevel = 34, status = 2, level = 34, plug = 2, scale = 100
04-13 10:29:54.817  2862  2862 D DeviceStatisticsService: chargerType=2 batteryLevel=34 totalBatteryCapacity=4185000
04-13 10:29:54.820  2539  2539 D KeyguardUpdateMonitor: received broadcast android.intent.action.BATTERY_CHANGED
04-13 10:29:54.821  2862  2862 D NetworkSpeedTracker: receive actionandroid.intent.action.BATTERY_CHANGED
04-13 10:29:54.821  2862  2862 D NetworkSpeedTracker: onReceive ACTION_BATTERY_CHANGED mBatteryLevel = 34;mIsCharging =true
04-13 10:29:54.821  4115  4115 I BatteryInfoReceiver: ACTION_BATTERY_CHANGED
04-13 10:29:54.822  6036  6536 D PowerCheckerService: onBatteryChanged, mBatteryLevel = 34, status = 2, level = 34, plug = 2, scale = 100
04-13 10:29:54.824  2862  2862 D DeviceStatisticsService: chargerType=2 batteryLevel=34 totalBatteryCapacity=4185000
04-13 10:29:54.858  2539  2539 D KeyguardUpdateMonitor: received broadcast android.intent.action.BATTERY_CHANGED
04-13 10:29:54.859  2862  2862 D NetworkSpeedTracker: receive actionandroid.intent.action.BATTERY_CHANGED
04-13 10:29:54.860  2862  2862 D NetworkSpeedTracker: onReceive ACTION_BATTERY_CHANGED mBatteryLevel = 34;mIsCharging =true
04-13 10:29:54.860  4115  4115 I BatteryInfoReceiver: ACTION_BATTERY_CHANGED
04-13 10:29:54.862  6036  6536 D PowerCheckerService: onBatteryChanged, mBatteryLevel = 34, status = 2, level = 34, plug = 2, scale = 100
04-13 10:29:54.870  2862  2862 D DeviceStatisticsService: chargerType=2 batteryLevel=34 totalBatteryCapacity=4185000
04-13 10:29:54.873  2862  2862 D NetworkSpeedTracker: receive actionandroid.intent.action.BATTERY_CHANGED
04-13 10:29:54.873  2862  2862 D NetworkSpeedTracker: onReceive ACTION_BATTERY_CHANGED mBatteryLevel = 34;mIsCharging =true
04-13 10:29:54.875  2539  2539 D KeyguardUpdateMonitor: received broadcast android.intent.action.BATTERY_CHANGED
04-13 10:29:54.875  4115  4115 I BatteryInfoReceiver: ACTION_BATTERY_CHANGED
04-13 10:29:54.877  6036  6536 D PowerCheckerService: onBatteryChanged, mBatteryLevel = 34, status = 2, level = 34, plug = 2, scale = 100
04-13 10:29:54.878  2862  2862 D DeviceStatisticsService: chargerType=2 batteryLevel=34 totalBatteryCapacity=4185000
04-13 10:29:54.899  2539  2539 D KeyguardUpdateMonitor: received broadcast android.intent.action.BATTERY_CHANGED
04-13 10:29:54.900  2862  2862 D NetworkSpeedTracker: receive actionandroid.intent.action.BATTERY_CHANGED
04-13 10:29:54.900  2862  2862 D NetworkSpeedTracker: onReceive ACTION_BATTERY_CHANGED mBatteryLevel = 34;mIsCharging =true
04-13 10:29:54.901  4115  4115 I BatteryInfoReceiver: ACTION_BATTERY_CHANGED
04-13 10:29:54.906  6036  6536 D PowerCheckerService: onBatteryChanged, mBatteryLevel = 34, status = 2, level = 34, plug = 2, scale = 100
04-13 10:29:54.911  2862  2862 D DeviceStatisticsService: chargerType=2 batteryLevel=34 totalBatteryCapacity=4185000
04-13 10:29:54.914  2539  2539 D KeyguardUpdateMonitor: received broadcast android.intent.action.BATTERY_CHANGED
04-13 10:29:54.915  2862  2862 D NetworkSpeedTracker: receive actionandroid.intent.action.BATTERY_CHANGED
04-13 10:29:54.915  4115  4115 I BatteryInfoReceiver: ACTION_BATTERY_CHANGED
04-13 10:29:54.915  2862  2862 D NetworkSpeedTracker: onReceive ACTION_BATTERY_CHANGED mBatteryLevel = 34;mIsCharging =true
04-13 10:29:54.918  2862  2862 D DeviceStatisticsService: chargerType=2 batteryLevel=34 totalBatteryCapacity=4185000
04-13 10:29:54.918  6036  6536 D PowerCheckerService: onBatteryChanged, mBatteryLevel = 34, status = 2, level = 34, plug = 2, scale = 100
04-13 10:29:54.941  1193  1193 I cnss-daemon: nl80211 response handler invoked
04-13 10:29:54.941  1193  1193 I cnss-daemon: nl80211_response_handler: cmd 103, vendorID 4980, subcmd 107  received
04-13 10:29:54.942   805 15815 I WifiHAL : event received NL80211_CMD_VENDOR, vendor_id = 0x1374, subcmd = 0x6b
04-13 10:29:54.946  2539  2539 D KeyguardUpdateMonitor: received broadcast android.intent.action.BATTERY_CHANGED
04-13 10:29:54.948  2862  2862 D NetworkSpeedTracker: receive actionandroid.intent.action.BATTERY_CHANGED
04-13 10:29:54.948  2862  2862 D NetworkSpeedTracker: onReceive ACTION_BATTERY_CHANGED mBatteryLevel = 34;mIsCharging =true
04-13 10:29:54.950  6036  6536 D PowerCheckerService: onBatteryChanged, mBatteryLevel = 34, status = 2, level = 34, plug = 2, scale = 100
04-13 10:29:54.954  4115  4115 I BatteryInfoReceiver: ACTION_BATTERY_CHANGED
04-13 10:29:54.961  2862  2862 D DeviceStatisticsService: chargerType=2 batteryLevel=34 totalBatteryCapacity=4185000
04-13 10:29:54.963  2539  2539 D KeyguardUpdateMonitor: received broadcast android.intent.action.BATTERY_CHANGED
04-13 10:29:54.964  2862  2862 D NetworkSpeedTracker: receive actionandroid.intent.action.BATTERY_CHANGED
