04-13 11:11:58.780  2862  2862 D DeviceStatisticsService: chargerType=2 batteryLevel=34 totalBatteryCapacity=4320000
04-13 11:11:58.809  2539  2539 D KeyguardUpdateMonitor: received broadcast android.intent.action.BATTERY_CHANGED
04-13 11:11:58.810  2862  2862 D NetworkSpeedTracker: receive actionandroid.intent.action.BATTERY_CHANGED
04-13 11:11:58.810  2862  2862 D NetworkSpeedTracker: onReceive ACTION_BATTERY_CHANGED mBatteryLevel = 34;mIsCharging =true
04-13 11:11:58.812  6036  6536 D PowerCheckerService: onBatteryChanged, mBatteryLevel = 34, status = 2, level = 34, plug = 2, scale = 100
04-13 11:11:58.812  4115  4115 I BatteryInfoReceiver: ACTION_BATTERY_CHANGED
04-13 11:11:58.816  2862  2862 D DeviceStatisticsService: chargerType=2 batteryLevel=34 totalBatteryCapacity=4320000
04-13 11:11:58.821  2539  2539 D KeyguardUpdateMonitor: received broadcast android.intent.action.BATTERY_CHANGED
04-13 11:11:58.822  2862  2862 D NetworkSpeedTracker: receive actionandroid.intent.action.BATTERY_CHANGED
04-13 11:11:58.822  2862  2862 D NetworkSpeedTracker: onReceive ACTION_BATTERY_CHANGED mBatteryLevel = 34;mIsCharging =true
04-13 11:11:58.823  4115  4115 I BatteryInfoReceiver: ACTION_BATTERY_CHANGED
04-13 11:11:58.823  6036  6536 D PowerCheckerService: onBatteryChanged, mBatteryLevel = 34, status = 2, level = 34, plug = 2, scale = 100
04-13 11:11:58.825  2862  2862 D DeviceStatisticsService: chargerType=2 batteryLevel=34 totalBatteryCapacity=4320000
04-13 11:11:58.859  2539  2539 D KeyguardUpdateMonitor: received broadcast android.intent.action.BATTERY_CHANGED
04-13 11:11:58.861  2862  2862 D NetworkSpeedTracker: receive actionandroid.intent.action.BATTERY_CHANGED
04-13 11:11:58.861  2862  2862 D NetworkSpeedTracker: onReceive ACTION_BATTERY_CHANGED mBatteryLevel = 34;mIsCharging =true
04-13 11:11:58.863  4115  4115 I BatteryInfoReceiver: ACTION_BATTERY_CHANGED
04-13 11:11:58.866  6036  6536 D PowerCheckerService: onBatteryChanged, mBatteryLevel = 34, status = 2, level = 34, plug = 2, scale = 100
04-13 11:11:58.870  2862  2862 D DeviceStatisticsService: chargerType=2 batteryLevel=34 totalBatteryCapacity=4320000
04-13 11:11:58.875  2539  2539 D KeyguardUpdateMonitor: received broadcast android.intent.action.BATTERY_CHANGED
04-13 11:11:58.876  2862  2862 D NetworkSpeedTracker: receive actionandroid.intent.action.BATTERY_CHANGED
04-13 11:11:58.876  2862  2862 D NetworkSpeedTracker: onReceive ACTION_BATTERY_CHANGED mBatteryLevel = 34;mIsCharging =true
04-13 11:11:58.877  4115  4115 I BatteryInfoReceiver: ACTION_BATTERY_CHANGED
04-13 11:11:58.878  6036  6536 D PowerCheckerService: onBatteryChanged, mBatteryLevel = 34, status = 2, level = 34, plug = 2, scale = 100
04-13 11:11:58.880  2862  2862 D DeviceStatisticsService: chargerType=2 batteryLevel=34 totalBatteryCapacity=4320000
04-13 11:11:58.896  2539  2539 D KeyguardUpdateMonitor: received broadcast android.intent.action.BATTERY_CHANGED
04-13 11:11:58.897  2862  2862 D NetworkSpeedTracker: receive actionandroid.intent.action.BATTERY_CHANGED
04-13 11:11:58.898  2862  2862 D NetworkSpeedTracker: onReceive ACTION_BATTERY_CHANGED mBatteryLevel = 34;mIsCharging =true
04-13 11:11:58.898  4115  4115 I BatteryInfoReceiver: ACTION_BATTERY_CHANGED
04-13 11:11:58.899  6036  6536 D PowerCheckerService: onBatteryChanged, mBatteryLevel = 34, status = 2, level = 34, plug = 2, scale = 100
04-13 11:11:58.901  2862  2862 D DeviceStatisticsService: chargerType=2 batteryLevel=34 totalBatteryCapacity=4320000
04-13 11:11:58.911  2539  2539 D KeyguardUpdateMonitor: received broadcast android.intent.action.BATTERY_CHANGED
04-13 11:11:58.912  2862  2862 D NetworkSpeedTracker: receive actionandroid.intent.action.BATTERY_CHANGED
04-13 11:11:58.912  2862  2862 D NetworkSpeedTracker: onReceive ACTION_BATTERY_CHANGED mBatteryLevel = 34;mIsCharging =true
04-13 11:11:58.913  4115  4115 I BatteryInfoReceiver: ACTION_BATTERY_CHANGED
04-13 11:11:58.915  6036  6536 D PowerCheckerService: onBatteryChanged, mBatteryLevel = 34, status = 2, level = 34, plug = 2, scale = 100
04-13 11:11:58.916  2862  2862 D DeviceStatisticsService: chargerType=2 batteryLevel=34 totalBatteryCapacity=4320000
04-13 11:11:58.947  2539  2539 D KeyguardUpdateMonitor: received broadcast android.intent.action.BATTERY_CHANGED
04-13 11:11:58.948  2862  2862 D NetworkSpeedTracker: receive actionandroid.intent.action.BATTERY_CHANGED
04-13 11:11:58.948  2862  2862 D NetworkSpeedTracker: onReceive ACTION_BATTERY_CHANGED mBatteryLevel = 34;mIsCharging =true
04-13 11:11:58.949  4115  4115 I BatteryInfoReceiver: ACTION_BATTERY_CHANGED
04-13 11:11:58.950  6036  6536 D PowerCheckerService: onBatteryChanged, mBatteryLevel = 34, status = 2, level = 34, plug = 2, scale = 100
04-13 11:11:58.952  2862  2862 D DeviceStatisticsService: chargerType=2 batteryLevel=34 totalBatteryCapacity=4320000
04-13 11:11:58.990  2539  2539 D KeyguardUpdateMonitor: received broadcast android.intent.action.BATTERY_CHANGED
04-13 11:11:58.991  2862  2862 D NetworkSpeedTracker: receive actionandroid.intent.action.BATTERY_CHANGED
04-13 11:11:58.991  2862  2862 D NetworkSpeedTracker: onReceive ACTION_BATTERY_CHANGED mBatteryLevel = 34;mIsCharging =true
04-13 11:11:58.993  4115  4115 I BatteryInfoReceiver: ACTION_BATTERY_CHANGED
04-13 11:11:58.997  6036  6536 D PowerCheckerService: onBatteryChanged, mBatteryLevel = 34, status = 2, level = 34, plug = 2, scale = 100
04-13 11:11:59.001  2862  2862 D DeviceStatisticsService: chargerType=2 batteryLevel=34 totalBatteryCapacity=4320000
04-13 11:11:59.011  2539  2539 D KeyguardUpdateMonitor: received broadcast android.intent.action.BATTERY_CHANGED
04-13 11:11:59.012  2862  2862 D NetworkSpeedTracker: receive actionandroid.intent.action.BATTERY_CHANGED
04-13 11:11:59.012  2862  2862 D NetworkSpeedTracker: onReceive ACTION_BATTERY_CHANGED mBatteryLevel = 34;mIsCharging =true
04-13 11:11:59.014  4115  4115 I BatteryInfoReceiver: ACTION_BATTERY_CHANGED
04-13 11:11:59.016  6036  6536 D PowerCheckerService: onBatteryChanged, mBatteryLevel = 34, status = 2, level = 34, plug = 2, scale = 100
04-13 11:11:59.018  2862  2862 D DeviceStatisticsService: chargerType=2 batteryLevel=34 totalBatteryCapacity=4320000
04-13 11:11:59.036  2539  2539 D KeyguardUpdateMonitor: received broadcast android.intent.action.BATTERY_CHANGED
04-13 11:11:59.036  2862  2862 D NetworkSpeedTracker: receive actionandroid.intent.action.BATTERY_CHANGED
04-13 11:11:59.036  2862  2862 D NetworkSpeedTracker: onReceive ACTION_BATTERY_CHANGED mBatteryLevel = 34;mIsCharging =true
04-13 11:11:59.037  4115  4115 I BatteryInfoReceiver: ACTION_BATTERY_CHANGED
04-13 11:11:59.038  6036  6536 D PowerCheckerService: onBatteryChanged, mBatteryLevel = 34, status = 2, level = 34, plug = 2, scale = 100
04-13 11:11:59.040  2862  2862 D DeviceStatisticsService: chargerType=2 batteryLevel=34 totalBatteryCapacity=4320000
04-13 11:11:59.044  2539  2539 D KeyguardUpdateMonitor: received broadcast android.intent.action.BATTERY_CHANGED
04-13 11:11:59.045  2862  2862 D NetworkSpeedTracker: receive actionandroid.intent.action.BATTERY_CHANGED
04-13 11:11:59.045  2862  2862 D NetworkSpeedTracker: onReceive ACTION_BATTERY_CHANGED mBatteryLevel = 34;mIsCharging =true
04-13 11:11:59.046  4115  4115 I BatteryInfoReceiver: ACTION_BATTERY_CHANGED
04-13 11:11:59.047  6036  6536 D PowerCheckerService: onBatteryChanged, mBatteryLevel = 34, status = 2, level = 34, plug = 2, scale = 100
04-13 11:11:59.047  2862  2862 D DeviceStatisticsService: chargerType=2 batteryLevel=34 totalBatteryCapacity=4320000
04-13 11:11:59.071   796   796 W health@2.0-serv: type=1400 audit(0.0:2418462): avc: denied { read } for name="type" dev="sysfs" ino=55635 scontext=u:r:hal_health_default:s0 tcontext=u:object_r:sysfs:s0 tclass=file permissive=0
04-13 11:11:59.081  2539  2539 D KeyguardUpdateMonitor: received broadcast android.intent.action.BATTERY_CHANGED
04-13 11:11:59.081  2862  2862 D NetworkSpeedTracker: receive actionandroid.intent.action.BATTERY_CHANGED
04-13 11:11:59.081  2862  2862 D NetworkSpeedTracker: onReceive ACTION_BATTERY_CHANGED mBatteryLevel = 34;mIsCharging =true
04-13 11:11:59.083   796   796 W health@2.0-serv: type=1400 audit(0.0:2418463): avc: denied { read } for name="type" dev="sysfs" ino=55635 scontext=u:r:hal_health_default:s0 tcontext=u:object_r:sysfs:s0 tclass=file permissive=0
04-13 11:11:59.087  4115  4115 I BatteryInfoReceiver: ACTION_BATTERY_CHANGED
04-13 11:11:59.088  6036  6536 D PowerCheckerService: onBatteryChanged, mBatteryLevel = 34, status = 2, level = 34, plug = 2, scale = 100
04-13 11:11:59.090  2862  2862 D DeviceStatisticsService: chargerType=2 batteryLevel=34 totalBatteryCapacity=4320000
04-13 11:11:59.095  2539  2539 D KeyguardUpdateMonitor: received broadcast android.intent.action.BATTERY_CHANGED
04-13 11:11:59.096  2862  2862 D NetworkSpeedTracker: receive actionandroid.intent.action.BATTERY_CHANGED
04-13 11:11:59.096  2862  2862 D NetworkSpeedTracker: onReceive ACTION_BATTERY_CHANGED mBatteryLevel = 34;mIsCharging =true
04-13 11:11:59.097  4115  4115 I BatteryInfoReceiver: ACTION_BATTERY_CHANGED
04-13 11:11:59.098  6036  6536 D PowerCheckerService: onBatteryChanged, mBatteryLevel = 34, status = 2, level = 34, plug = 2, scale = 100
04-13 11:11:59.100  2862  2862 D DeviceStatisticsService: chargerType=2 batteryLevel=34 totalBatteryCapacity=4320000
04-13 11:11:59.123   796   796 W health@2.0-serv: type=1400 audit(0.0:2418464): avc: denied { read } for name="type" dev="sysfs" ino=55635 scontext=u:r:hal_health_default:s0 tcontext=u:object_r:sysfs:s0 tclass=file permissive=0
04-13 11:11:59.132  2539  2539 D KeyguardUpdateMonitor: received broadcast android.intent.action.BATTERY_CHANGED
04-13 11:11:59.132  2862  2862 D NetworkSpeedTracker: receive actionandroid.intent.action.BATTERY_CHANGED
04-13 11:11:59.132  2862  2862 D NetworkSpeedTracker: onReceive ACTION_BATTERY_CHANGED mBatteryLevel = 34;mIsCharging =true
04-13 11:11:59.133  4115  4115 I BatteryInfoReceiver: ACTION_BATTERY_CHANGED
04-13 11:11:59.131   796   796 W health@2.0-serv: type=1400 audit(0.0:2418465): avc: denied { read } for name="type" dev="sysfs" ino=55635 scontext=u:r:hal_health_default:s0 tcontext=u:object_r:sysfs:s0 tclass=file permissive=0
04-13 11:11:59.134  6036  6536 D PowerCheckerService: onBatteryChanged, mBatteryLevel = 34, status = 2, level = 34, plug = 2, scale = 100
04-13 11:11:59.136  2862  2862 D DeviceStatisticsService: chargerType=2 batteryLevel=34 totalBatteryCapacity=4320000
04-13 11:11:59.142  2539  2539 D KeyguardUpdateMonitor: received broadcast android.intent.action.BATTERY_CHANGED
04-13 11:11:59.143  2862  2862 D NetworkSpeedTracker: receive actionandroid.intent.action.BATTERY_CHANGED
04-13 11:11:59.143  2862  2862 D NetworkSpeedTracker: onReceive ACTION_BATTERY_CHANGED mBatteryLevel = 34;mIsCharging =true
04-13 11:11:59.144  4115  4115 I BatteryInfoReceiver: ACTION_BATTERY_CHANGED
04-13 11:11:59.145  6036  6536 D PowerCheckerService: onBatteryChanged, mBatteryLevel = 34, status = 2, level = 34, plug = 2, scale = 100
04-13 11:11:59.146  2862  2862 D DeviceStatisticsService: chargerType=2 batteryLevel=34 totalBatteryCapacity=4320000
04-13 11:11:59.155   796   796 W health@2.0-serv: type=1400 audit(0.0:2418466): avc: denied { read } for name="type" dev="sysfs" ino=55635 scontext=u:r:hal_health_default:s0 tcontext=u:object_r:sysfs:s0 tclass=file permissive=0
04-13 11:11:59.163  2539  2539 D KeyguardUpdateMonitor: received broadcast android.intent.action.BATTERY_CHANGED
04-13 11:11:59.164  2862  2862 D NetworkSpeedTracker: receive actionandroid.intent.action.BATTERY_CHANGED
04-13 11:11:59.164  2862  2862 D NetworkSpeedTracker: onReceive ACTION_BATTERY_CHANGED mBatteryLevel = 34;mIsCharging =true
04-13 11:11:59.165  4115  4115 I BatteryInfoReceiver: ACTION_BATTERY_CHANGED
04-13 11:11:59.166  6036  6536 D PowerCheckerService: onBatteryChanged, mBatteryLevel = 34, status = 2, level = 34, plug = 2, scale = 100
04-13 11:11:59.169  2862  2862 D DeviceStatisticsService: chargerType=2 batteryLevel=34 totalBatteryCapacity=4320000
04-13 11:11:59.173  2539  2539 D KeyguardUpdateMonitor: received broadcast android.intent.action.BATTERY_CHANGED
04-13 11:11:59.173  2862  2862 D NetworkSpeedTracker: receive actionandroid.intent.action.BATTERY_CHANGED
04-13 11:11:59.173  2862  2862 D NetworkSpeedTracker: onReceive ACTION_BATTERY_CHANGED mBatteryLevel = 34;mIsCharging =true
04-13 11:11:59.175  4115  4115 I BatteryInfoReceiver: ACTION_BATTERY_CHANGED
04-13 11:11:59.175  6036  6536 D PowerCheckerService: onBatteryChanged, mBatteryLevel = 34, status = 2, level = 34, plug = 2, scale = 100
04-13 11:11:59.177  2862  2862 D DeviceStatisticsService: chargerType=2 batteryLevel=34 totalBatteryCapacity=4320000
04-13 11:11:59.209  2539  2539 D KeyguardUpdateMonitor: received broadcast android.intent.action.BATTERY_CHANGED
04-13 11:11:59.209  2862  2862 D NetworkSpeedTracker: receive actionandroid.intent.action.BATTERY_CHANGED
04-13 11:11:59.210  2862  2862 D NetworkSpeedTracker: onReceive ACTION_BATTERY_CHANGED mBatteryLevel = 34;mIsCharging =true
04-13 11:11:59.211  4115  4115 I BatteryInfoReceiver: ACTION_BATTERY_CHANGED
04-13 11:11:59.213  6036  6536 D PowerCheckerService: onBatteryChanged, mBatteryLevel = 34, status = 2, level = 34, plug = 2, scale = 100
04-13 11:11:59.220  2862  2862 D DeviceStatisticsService: chargerType=2 batteryLevel=34 totalBatteryCapacity=4320000
04-13 11:11:59.223  2539  2539 D KeyguardUpdateMonitor: received broadcast android.intent.action.BATTERY_CHANGED
04-13 11:11:59.225  2862  2862 D NetworkSpeedTracker: receive actionandroid.intent.action.BATTERY_CHANGED
04-13 11:11:59.225  2862  2862 D NetworkSpeedTracker: onReceive ACTION_BATTERY_CHANGED mBatteryLevel = 34;mIsCharging =true
04-13 11:11:59.227  4115  4115 I BatteryInfoReceiver: ACTION_BATTERY_CHANGED
04-13 11:11:59.227  6036  6536 D PowerCheckerService: onBatteryChanged, mBatteryLevel = 34, status = 2, level = 34, plug = 2, scale = 100
04-13 11:11:59.229  2862  2862 D DeviceStatisticsService: chargerType=2 batteryLevel=34 totalBatteryCapacity=4320000
04-13 11:11:59.254  2539  2539 D KeyguardUpdateMonitor: received broadcast android.intent.action.BATTERY_CHANGED
04-13 11:11:59.255  2862  2862 D NetworkSpeedTracker: receive actionandroid.intent.action.BATTERY_CHANGED
04-13 11:11:59.255  2862  2862 D NetworkSpeedTracker: onReceive ACTION_BATTERY_CHANGED mBatteryLevel = 34;mIsCharging =true
04-13 11:11:59.257  4115  4115 I BatteryInfoReceiver: ACTION_BATTERY_CHANGED
04-13 11:11:59.258  6036  6536 D PowerCheckerService: onBatteryChanged, mBatteryLevel = 34, status = 2, level = 34, plug = 2, scale = 100
04-13 11:11:59.264  2862  2862 D DeviceStatisticsService: chargerType=2 batteryLevel=34 totalBatteryCapacity=4320000
04-13 11:11:59.267  2539  2539 D KeyguardUpdateMonitor: received broadcast android.intent.action.BATTERY_CHANGED
04-13 11:11:59.268  2862  2862 D NetworkSpeedTracker: receive actionandroid.intent.action.BATTERY_CHANGED
04-13 11:11:59.268  2862  2862 D NetworkSpeedTracker: onReceive ACTION_BATTERY_CHANGED mBatteryLevel = 34;mIsCharging =true
04-13 11:11:59.269  4115  4115 I BatteryInfoReceiver: ACTION_BATTERY_CHANGED
04-13 11:11:59.270  6036  6536 D PowerCheckerService: onBatteryChanged, mBatteryLevel = 34, status = 2, level = 34, plug = 2, scale = 100
04-13 11:11:59.275  2862  2862 D DeviceStatisticsService: chargerType=2 batteryLevel=34 totalBatteryCapacity=4320000
04-13 11:11:59.300  2539  2539 D KeyguardUpdateMonitor: received broadcast android.intent.action.BATTERY_CHANGED
04-13 11:11:59.300  2862  2862 D NetworkSpeedTracker: receive actionandroid.intent.action.BATTERY_CHANGED
04-13 11:11:59.300  2862  2862 D NetworkSpeedTracker: onReceive ACTION_BATTERY_CHANGED mBatteryLevel = 34;mIsCharging =true
04-13 11:11:59.302  4115  4115 I BatteryInfoReceiver: ACTION_BATTERY_CHANGED
04-13 11:11:59.304  6036  6536 D PowerCheckerService: onBatteryChanged, mBatteryLevel = 34, status = 2, level = 34, plug = 2, scale = 100
04-13 11:11:59.304  2862  2862 D DeviceStatisticsService: chargerType=2 batteryLevel=34 totalBatteryCapacity=4320000
04-13 11:11:59.312  2539  2539 D KeyguardUpdateMonitor: received broadcast android.intent.action.BATTERY_CHANGED
04-13 11:11:59.313  2862  2862 D NetworkSpeedTracker: receive actionandroid.intent.action.BATTERY_CHANGED
04-13 11:11:59.313  2862  2862 D NetworkSpeedTracker: onReceive ACTION_BATTERY_CHANGED mBatteryLevel = 34;mIsCharging =true
04-13 11:11:59.315  4115  4115 I BatteryInfoReceiver: ACTION_BATTERY_CHANGED
04-13 11:11:59.316  6036  6536 D PowerCheckerService: onBatteryChanged, mBatteryLevel = 34, status = 2, level = 34, plug = 2, scale = 100
04-13 11:11:59.318  2862  2862 D DeviceStatisticsService: chargerType=2 batteryLevel=34 totalBatteryCapacity=4320000
04-13 11:11:59.345  2539  2539 D KeyguardUpdateMonitor: received broadcast android.intent.action.BATTERY_CHANGED
04-13 11:11:59.345  2862  2862 D NetworkSpeedTracker: receive actionandroid.intent.action.BATTERY_CHANGED
04-13 11:11:59.345  2862  2862 D NetworkSpeedTracker: onReceive ACTION_BATTERY_CHANGED mBatteryLevel = 34;mIsCharging =true
04-13 11:11:59.348  4115  4115 I BatteryInfoReceiver: ACTION_BATTERY_CHANGED
04-13 11:11:59.349  6036  6536 D PowerCheckerService: onBatteryChanged, mBatteryLevel = 34, status = 2, level = 34, plug = 2, scale = 100
04-13 11:11:59.353  2862  2862 D DeviceStatisticsService: chargerType=2 batteryLevel=34 totalBatteryCapacity=4320000
04-13 11:11:59.358  2539  2539 D KeyguardUpdateMonitor: received broadcast android.intent.action.BATTERY_CHANGED
04-13 11:11:59.359  2862  2862 D NetworkSpeedTracker: receive actionandroid.intent.action.BATTERY_CHANGED
04-13 11:11:59.359  2862  2862 D NetworkSpeedTracker: onReceive ACTION_BATTERY_CHANGED mBatteryLevel = 34;mIsCharging =true
04-13 11:11:59.360  4115  4115 I BatteryInfoReceiver: ACTION_BATTERY_CHANGED
04-13 11:11:59.361  6036  6536 D PowerCheckerService: onBatteryChanged, mBatteryLevel = 34, status = 2, level = 34, plug = 2, scale = 100
04-13 11:11:59.363  2862  2862 D DeviceStatisticsService: chargerType=2 batteryLevel=34 totalBatteryCapacity=4320000
04-13 11:11:59.387  2539  2539 D KeyguardUpdateMonitor: received broadcast android.intent.action.BATTERY_CHANGED
04-13 11:11:59.388  2862  2862 D NetworkSpeedTracker: receive actionandroid.intent.action.BATTERY_CHANGED
04-13 11:11:59.388  2862  2862 D NetworkSpeedTracker: onReceive ACTION_BATTERY_CHANGED mBatteryLevel = 34;mIsCharging =true
04-13 11:11:59.389  4115  4115 I BatteryInfoReceiver: ACTION_BATTERY_CHANGED
04-13 11:11:59.390  6036  6536 D PowerCheckerService: onBatteryChanged, mBatteryLevel = 34, status = 2, level = 34, plug = 2, scale = 100
04-13 11:11:59.395  2862  2862 D DeviceStatisticsService: chargerType=2 batteryLevel=34 totalBatteryCapacity=4320000
04-13 11:11:59.399  2539  2539 D KeyguardUpdateMonitor: received broadcast android.intent.action.BATTERY_CHANGED
04-13 11:11:59.400  2862  2862 D NetworkSpeedTracker: receive actionandroid.intent.action.BATTERY_CHANGED
04-13 11:11:59.400  2862  2862 D NetworkSpeedTracker: onReceive ACTION_BATTERY_CHANGED mBatteryLevel = 34;mIsCharging =true
04-13 11:11:59.402  6036  6536 D PowerCheckerService: onBatteryChanged, mBatteryLevel = 34, status = 2, level = 34, plug = 2, scale = 100
04-13 11:11:59.403  4115  4115 I BatteryInfoReceiver: ACTION_BATTERY_CHANGED
04-13 11:11:59.403  2862  2862 D DeviceStatisticsService: chargerType=2 batteryLevel=34 totalBatteryCapacity=4320000
04-13 11:11:59.436  2539  2539 D KeyguardUpdateMonitor: received broadcast android.intent.action.BATTERY_CHANGED
04-13 11:11:59.437  2862  2862 D NetworkSpeedTracker: receive actionandroid.intent.action.BATTERY_CHANGED
04-13 11:11:59.437  2862  2862 D NetworkSpeedTracker: onReceive ACTION_BATTERY_CHANGED mBatteryLevel = 34;mIsCharging =true
04-13 11:11:59.438  4115  4115 I BatteryInfoReceiver: ACTION_BATTERY_CHANGED
04-13 11:11:59.441  6036  6536 D PowerCheckerService: onBatteryChanged, mBatteryLevel = 34, status = 2, level = 34, plug = 2, scale = 100
04-13 11:11:59.441  2862  2862 D DeviceStatisticsService: chargerType=2 batteryLevel=34 totalBatteryCapacity=4320000
04-13 11:11:59.452  2862  2862 D NetworkSpeedTracker: receive actionandroid.intent.action.BATTERY_CHANGED
04-13 11:11:59.452  2862  2862 D NetworkSpeedTracker: onReceive ACTION_BATTERY_CHANGED mBatteryLevel = 34;mIsCharging =true
04-13 11:11:59.453  2539  2539 D KeyguardUpdateMonitor: received broadcast android.intent.action.BATTERY_CHANGED
04-13 11:11:59.454  4115  4115 I BatteryInfoReceiver: ACTION_BATTERY_CHANGED
04-13 11:11:59.455  6036  6536 D PowerCheckerService: onBatteryChanged, mBatteryLevel = 34, status = 2, level = 34, plug = 2, scale = 100
04-13 11:11:59.463  2862  2862 D DeviceStatisticsService: chargerType=2 batteryLevel=34 totalBatteryCapacity=4320000
04-13 11:11:59.477  2539  2539 D KeyguardUpdateMonitor: received broadcast android.intent.action.BATTERY_CHANGED
04-13 11:11:59.478  2862  2862 D NetworkSpeedTracker: receive actionandroid.intent.action.BATTERY_CHANGED
04-13 11:11:59.478  2862  2862 D NetworkSpeedTracker: onReceive ACTION_BATTERY_CHANGED mBatteryLevel = 34;mIsCharging =true
04-13 11:11:59.479  4115  4115 I BatteryInfoReceiver: ACTION_BATTERY_CHANGED
04-13 11:11:59.480  6036  6536 D PowerCheckerService: onBatteryChanged, mBatteryLevel = 34, status = 2, level = 34, plug = 2, scale = 100
04-13 11:11:59.484  2862  2862 D DeviceStatisticsService: chargerType=2 batteryLevel=34 totalBatteryCapacity=4320000
04-13 11:11:59.488  2539  2539 D KeyguardUpdateMonitor: received broadcast android.intent.action.BATTERY_CHANGED
04-13 11:11:59.489  2862  2862 D NetworkSpeedTracker: receive actionandroid.intent.action.BATTERY_CHANGED
04-13 11:11:59.489  2862  2862 D NetworkSpeedTracker: onReceive ACTION_BATTERY_CHANGED mBatteryLevel = 34;mIsCharging =true
04-13 11:11:59.490  4115  4115 I BatteryInfoReceiver: ACTION_BATTERY_CHANGED
04-13 11:11:59.491  6036  6536 D PowerCheckerService: onBatteryChanged, mBatteryLevel = 34, status = 2, level = 34, plug = 2, scale = 100
04-13 11:11:59.493  2862  2862 D DeviceStatisticsService: chargerType=2 batteryLevel=34 totalBatteryCapacity=4320000
04-13 11:11:59.521  2539  2539 D KeyguardUpdateMonitor: received broadcast android.intent.action.BATTERY_CHANGED
04-13 11:11:59.521  2862  2862 D NetworkSpeedTracker: receive actionandroid.intent.action.BATTERY_CHANGED
04-13 11:11:59.521  2862  2862 D NetworkSpeedTracker: onReceive ACTION_BATTERY_CHANGED mBatteryLevel = 34;mIsCharging =true
04-13 11:11:59.522  4115  4115 I BatteryInfoReceiver: ACTION_BATTERY_CHANGED
04-13 11:11:59.523  6036  6536 D PowerCheckerService: onBatteryChanged, mBatteryLevel = 34, status = 2, level = 34, plug = 2, scale = 100
04-13 11:11:59.533  2862  2862 D DeviceStatisticsService: chargerType=2 batteryLevel=34 totalBatteryCapacity=4320000
04-13 11:11:59.536  2539  2539 D KeyguardUpdateMonitor: received broadcast android.intent.action.BATTERY_CHANGED
04-13 11:11:59.537  2862  2862 D NetworkSpeedTracker: receive actionandroid.intent.action.BATTERY_CHANGED
04-13 11:11:59.537  2862  2862 D NetworkSpeedTracker: onReceive ACTION_BATTERY_CHANGED mBatteryLevel = 34;mIsCharging =true
04-13 11:11:59.539  4115  4115 I BatteryInfoReceiver: ACTION_BATTERY_CHANGED
04-13 11:11:59.542  6036  6536 D PowerCheckerService: onBatteryChanged, mBatteryLevel = 34, status = 2, level = 34, plug = 2, scale = 100
04-13 11:11:59.543  2862  2862 D DeviceStatisticsService: chargerType=2 batteryLevel=34 totalBatteryCapacity=4320000
04-13 11:11:59.565  2539  2539 D KeyguardUpdateMonitor: received broadcast android.intent.action.BATTERY_CHANGED
04-13 11:11:59.565  2862  2862 D NetworkSpeedTracker: receive actionandroid.intent.action.BATTERY_CHANGED
04-13 11:11:59.566  2862  2862 D NetworkSpeedTracker: onReceive ACTION_BATTERY_CHANGED mBatteryLevel = 34;mIsCharging =true
04-13 11:11:59.568  4115  4115 I BatteryInfoReceiver: ACTION_BATTERY_CHANGED
04-13 11:11:59.569  6036  6536 D PowerCheckerService: onBatteryChanged, mBatteryLevel = 34, status = 2, level = 34, plug = 2, scale = 100
04-13 11:11:59.574  2862  2862 D DeviceStatisticsService: chargerType=2 batteryLevel=34 totalBatteryCapacity=4320000
04-13 11:11:59.576  2539  2539 D KeyguardUpdateMonitor: received broadcast android.intent.action.BATTERY_CHANGED
04-13 11:11:59.577  2862  2862 D NetworkSpeedTracker: receive actionandroid.intent.action.BATTERY_CHANGED
04-13 11:11:59.577  2862  2862 D NetworkSpeedTracker: onReceive ACTION_BATTERY_CHANGED mBatteryLevel = 34;mIsCharging =true
04-13 11:11:59.578  4115  4115 I BatteryInfoReceiver: ACTION_BATTERY_CHANGED
04-13 11:11:59.580  6036  6536 D PowerCheckerService: onBatteryChanged, mBatteryLevel = 34, status = 2, level = 34, plug = 2, scale = 100
04-13 11:11:59.581  2862  2862 D DeviceStatisticsService: chargerType=2 batteryLevel=34 totalBatteryCapacity=4320000
04-13 11:11:59.610  2539  2539 D KeyguardUpdateMonitor: received broadcast android.intent.action.BATTERY_CHANGED
04-13 11:11:59.611  4115  4115 I BatteryInfoReceiver: ACTION_BATTERY_CHANGED
04-13 11:11:59.614  6036  6536 D PowerCheckerService: onBatteryChanged, mBatteryLevel = 34, status = 2, level = 34, plug = 2, scale = 100
04-13 11:11:59.617  2862  2862 D NetworkSpeedTracker: receive actionandroid.intent.action.BATTERY_CHANGED
04-13 11:11:59.617  2862  2862 D NetworkSpeedTracker: onReceive ACTION_BATTERY_CHANGED mBatteryLevel = 34;mIsCharging =true
04-13 11:11:59.620  2862  2862 D DeviceStatisticsService: chargerType=2 batteryLevel=34 totalBatteryCapacity=4320000
04-13 11:11:59.623  2539  2539 D KeyguardUpdateMonitor: received broadcast android.intent.action.BATTERY_CHANGED
04-13 11:11:59.624  2862  2862 D NetworkSpeedTracker: receive actionandroid.intent.action.BATTERY_CHANGED
04-13 11:11:59.624  2862  2862 D NetworkSpeedTracker: onReceive ACTION_BATTERY_CHANGED mBatteryLevel = 34;mIsCharging =true
04-13 11:11:59.625  4115  4115 I BatteryInfoReceiver: ACTION_BATTERY_CHANGED
04-13 11:11:59.626  6036  6536 D PowerCheckerService: onBatteryChanged, mBatteryLevel = 34, status = 2, level = 34, plug = 2, scale = 100
04-13 11:11:59.627  2862  2862 D DeviceStatisticsService: chargerType=2 batteryLevel=34 totalBatteryCapacity=4320000
04-13 11:11:59.654  2539  2539 D KeyguardUpdateMonitor: received broadcast android.intent.action.BATTERY_CHANGED
04-13 11:11:59.656  2862  2862 D NetworkSpeedTracker: receive actionandroid.intent.action.BATTERY_CHANGED
04-13 11:11:59.656  2862  2862 D NetworkSpeedTracker: onReceive ACTION_BATTERY_CHANGED mBatteryLevel = 34;mIsCharging =true
04-13 11:11:59.656  4115  4115 I BatteryInfoReceiver: ACTION_BATTERY_CHANGED
04-13 11:11:59.657  6036  6536 D PowerCheckerService: onBatteryChanged, mBatteryLevel = 34, status = 2, level = 34, plug = 2, scale = 100
04-13 11:11:59.663  2862  2862 D DeviceStatisticsService: chargerType=2 batteryLevel=34 totalBatteryCapacity=4320000
04-13 11:11:59.667  2539  2539 D KeyguardUpdateMonitor: received broadcast android.intent.action.BATTERY_CHANGED
04-13 11:11:59.668  2862  2862 D NetworkSpeedTracker: receive actionandroid.intent.action.BATTERY_CHANGED
04-13 11:11:59.668  2862  2862 D NetworkSpeedTracker: onReceive ACTION_BATTERY_CHANGED mBatteryLevel = 34;mIsCharging =true
04-13 11:11:59.669  4115  4115 I BatteryInfoReceiver: ACTION_BATTERY_CHANGED
04-13 11:11:59.669  6036  6536 D PowerCheckerService: onBatteryChanged, mBatteryLevel = 34, status = 2, level = 34, plug = 2, scale = 100
04-13 11:11:59.672  2862  2862 D DeviceStatisticsService: chargerType=2 batteryLevel=34 totalBatteryCapacity=4320000
04-13 11:11:59.698  2539  2539 D KeyguardUpdateMonitor: received broadcast android.intent.action.BATTERY_CHANGED
04-13 11:11:59.699  2862  2862 D NetworkSpeedTracker: receive actionandroid.intent.action.BATTERY_CHANGED
04-13 11:11:59.699  2862  2862 D NetworkSpeedTracker: onReceive ACTION_BATTERY_CHANGED mBatteryLevel = 34;mIsCharging =true
04-13 11:11:59.701  4115  4115 I BatteryInfoReceiver: ACTION_BATTERY_CHANGED
04-13 11:11:59.702  6036  6536 D PowerCheckerService: onBatteryChanged, mBatteryLevel = 34, status = 2, level = 34, plug = 2, scale = 100
04-13 11:11:59.705  2862  2862 D DeviceStatisticsService: chargerType=2 batteryLevel=34 totalBatteryCapacity=4320000
04-13 11:11:59.709  2862  2862 D NetworkSpeedTracker: receive actionandroid.intent.action.BATTERY_CHANGED
04-13 11:11:59.709  2862  2862 D NetworkSpeedTracker: onReceive ACTION_BATTERY_CHANGED mBatteryLevel = 34;mIsCharging =true
04-13 11:11:59.711  4115  4115 I BatteryInfoReceiver: ACTION_BATTERY_CHANGED
04-13 11:11:59.711  2539  2539 D KeyguardUpdateMonitor: received broadcast android.intent.action.BATTERY_CHANGED
04-13 11:11:59.712  6036  6536 D PowerCheckerService: onBatteryChanged, mBatteryLevel = 34, status = 2, level = 34, plug = 2, scale = 100
04-13 11:11:59.714  2862  2862 D DeviceStatisticsService: chargerType=2 batteryLevel=34 totalBatteryCapacity=4320000
04-13 11:11:59.742  2862  2862 D NetworkSpeedTracker: receive actionandroid.intent.action.BATTERY_CHANGED
04-13 11:11:59.742  2862  2862 D NetworkSpeedTracker: onReceive ACTION_BATTERY_CHANGED mBatteryLevel = 34;mIsCharging =true
04-13 11:11:59.743  4115  4115 I BatteryInfoReceiver: ACTION_BATTERY_CHANGED
04-13 11:11:59.743  2539  2539 D KeyguardUpdateMonitor: received broadcast android.intent.action.BATTERY_CHANGED
04-13 11:11:59.744  6036  6536 D PowerCheckerService: onBatteryChanged, mBatteryLevel = 34, status = 2, level = 34, plug = 2, scale = 100
04-13 11:11:59.749  2862  2862 D DeviceStatisticsService: chargerType=2 batteryLevel=34 totalBatteryCapacity=4320000
04-13 11:11:59.751  2539  2539 D KeyguardUpdateMonitor: received broadcast android.intent.action.BATTERY_CHANGED
04-13 11:11:59.751  2862  2862 D NetworkSpeedTracker: receive actionandroid.intent.action.BATTERY_CHANGED
04-13 11:11:59.751  2862  2862 D NetworkSpeedTracker: onReceive ACTION_BATTERY_CHANGED mBatteryLevel = 34;mIsCharging =true
04-13 11:11:59.752  4115  4115 I BatteryInfoReceiver: ACTION_BATTERY_CHANGED
04-13 11:11:59.753  6036  6536 D PowerCheckerService: onBatteryChanged, mBatteryLevel = 34, status = 2, level = 34, plug = 2, scale = 100
04-13 11:11:59.755  2862  2862 D DeviceStatisticsService: chargerType=2 batteryLevel=34 totalBatteryCapacity=4320000
04-13 11:11:59.788  2539  2539 D KeyguardUpdateMonitor: received broadcast android.intent.action.BATTERY_CHANGED
04-13 11:11:59.788  2862  2862 D NetworkSpeedTracker: receive actionandroid.intent.action.BATTERY_CHANGED
04-13 11:11:59.788  2862  2862 D NetworkSpeedTracker: onReceive ACTION_BATTERY_CHANGED mBatteryLevel = 34;mIsCharging =true
04-13 11:11:59.790  4115  4115 I BatteryInfoReceiver: ACTION_BATTERY_CHANGED
04-13 11:11:59.791  6036  6536 D PowerCheckerService: onBatteryChanged, mBatteryLevel = 34, status = 2, level = 34, plug = 2, scale = 100
04-13 11:11:59.796  2862  2862 D DeviceStatisticsService: chargerType=2 batteryLevel=34 totalBatteryCapacity=4320000
04-13 11:11:59.798  2539  2539 D KeyguardUpdateMonitor: received broadcast android.intent.action.BATTERY_CHANGED
04-13 11:11:59.800  4115  4115 I BatteryInfoReceiver: ACTION_BATTERY_CHANGED
04-13 11:11:59.801  2862  2862 D NetworkSpeedTracker: receive actionandroid.intent.action.BATTERY_CHANGED
04-13 11:11:59.801  2862  2862 D NetworkSpeedTracker: onReceive ACTION_BATTERY_CHANGED mBatteryLevel = 34;mIsCharging =true
04-13 11:11:59.802  6036  6536 D PowerCheckerService: onBatteryChanged, mBatteryLevel = 34, status = 2, level = 34, plug = 2, scale = 100
04-13 11:11:59.802  2862  2862 D DeviceStatisticsService: chargerType=2 batteryLevel=34 totalBatteryCapacity=4320000
04-13 11:11:59.833   813  1035 I SDM     : CompManager::ProcessIdleTimeout: QIPL idle time
04-13 11:11:59.833   813  1035 I SDM     : HWEventsDRM::HandleIdleTimeout: Received Enter Idle event
04-13 11:11:59.838  2539  2539 D KeyguardUpdateMonitor: received broadcast android.intent.action.BATTERY_CHANGED
04-13 11:11:59.839  2862  2862 D NetworkSpeedTracker: receive actionandroid.intent.action.BATTERY_CHANGED
04-13 11:11:59.839  2862  2862 D NetworkSpeedTracker: onReceive ACTION_BATTERY_CHANGED mBatteryLevel = 34;mIsCharging =true
04-13 11:11:59.841  4115  4115 I BatteryInfoReceiver: ACTION_BATTERY_CHANGED
04-13 11:11:59.841  6036  6536 D PowerCheckerService: onBatteryChanged, mBatteryLevel = 34, status = 2, level = 34, plug = 2, scale = 100
04-13 11:11:59.843  2862  2862 D DeviceStatisticsService: chargerType=2 batteryLevel=34 totalBatteryCapacity=4320000
04-13 11:11:59.850  1571  1707 W BroadcastQueue: Background execution not allowed: receiving Intent { act=android.intent.action.INPUT_METHOD_CHANGED flg=0x20000010 (has extras) } to com.baidu.input_mi/com.baidu.input.switchguide.InputMethodChangedReceiver
04-13 11:11:59.854  1571  1707 I ActivityManager: Killing 19889:com.android.providers.calendar/u0a67 (adj 999): empty #17
04-13 11:11:59.858   821 10603 I /vendor/bin/hw/vendor.qti.hardware.servicetracker@1.1-service: unbindService is called for service : com.baidu.input_mi/.ImeService and for client system
04-13 11:11:59.860   821 10603 I /vendor/bin/hw/vendor.qti.hardware.servicetracker@1.1-service: unbindService is called for service : com.baidu.input_mi/.ImeService and for client system
04-13 11:11:59.860   821 10603 I /vendor/bin/hw/vendor.qti.hardware.servicetracker@1.1-service: size of service connections for service: com.baidu.input_mi/.ImeServiceafter removal is 0
04-13 11:11:59.860   821 10603 I /vendor/bin/hw/vendor.qti.hardware.servicetracker@1.1-service: size of client connections for client: systemafter removal is 14
04-13 11:11:59.860   821 10603 I /vendor/bin/hw/vendor.qti.hardware.servicetracker@1.1-service: destroyService is called for service : com.baidu.input_mi/.ImeService
04-13 11:11:59.861   821 10603 I /vendor/bin/hw/vendor.qti.hardware.servicetracker@1.1-service: bindService is called for service : io.appium.settings/.UnicodeIME and for client system
04-13 11:11:59.862   821 10603 I /vendor/bin/hw/vendor.qti.hardware.servicetracker@1.1-service: total connections for service : io.appium.settings/.UnicodeIMEare :1
04-13 11:11:59.862   821 10603 I /vendor/bin/hw/vendor.qti.hardware.servicetracker@1.1-service: total connections for client : systemare :15
04-13 11:11:59.863  1571  2945 D CompatibilityInfo: mCompatibilityFlags - 0
04-13 11:11:59.863  1571  2945 D CompatibilityInfo: applicationDensity - 440
04-13 11:11:59.863  1571  2945 D CompatibilityInfo: applicationScale - 1.0
04-13 11:11:59.863   821 10603 I /vendor/bin/hw/vendor.qti.hardware.servicetracker@1.1-service: startService() is called for serviceio.appium.settings/.UnicodeIME
04-13 11:11:59.865  1571  2437 I MiuiNetworkPolicy: updateUidState uid = 10231, uidState = 11
04-13 11:11:59.865  1571  2437 I MiuiNetworkPolicy: updateUidState uid = 10309, uidState = 8
04-13 11:11:59.868   821 10603 I /vendor/bin/hw/vendor.qti.hardware.servicetracker@1.1-service: bindService is called for service : io.appium.settings/.UnicodeIME and for client system
04-13 11:11:59.868   821 10603 I /vendor/bin/hw/vendor.qti.hardware.servicetracker@1.1-service: total connections for service : io.appium.settings/.UnicodeIMEare :1
04-13 11:11:59.868   821 10603 I /vendor/bin/hw/vendor.qti.hardware.servicetracker@1.1-service: total connections for client : systemare :15
04-13 11:11:59.872  1571  2437 I MiuiNetworkPolicy: updateUidState uid = 10309, uidState = 3
04-13 11:11:59.874 22584 22584 I Facemoji: LatinManager=>onDestroy
04-13 11:11:59.874  6036  6342 I IMECheckManager: getSelectedInputMethod, ime is io.appium.settings/.UnicodeIME
04-13 11:11:59.875  6036  6342 I IMECheckManager: InputMethodObserver, userId is 0, ime = io.appium.settings/.UnicodeIME
04-13 11:11:59.877  6036  6342 I IMECheckManager: getSelectedInputMethod, ime is io.appium.settings/.UnicodeIME
04-13 11:11:59.877  6036  6342 I IMECheckManager: updateCurrentIME, userId is 0, ime is io.appium.settings/.UnicodeIME, pkg is io.appium.settings, uid is 10309
04-13 11:11:59.877  6036  6342 I ActiveStateController: Ime outdated, uid is 10231
04-13 11:11:59.877  6036  6496 I PowerKeeperConfigureManager: userId is 0, Ime outdated, uid is 10231
04-13 11:11:59.880  2862  2862 D NetworkSpeedTracker: receive actionandroid.intent.action.BATTERY_CHANGED
04-13 11:11:59.881  2862  2862 D NetworkSpeedTracker: onReceive ACTION_BATTERY_CHANGED mBatteryLevel = 34;mIsCharging =true
04-13 11:11:59.882  2539  2539 D KeyguardUpdateMonitor: received broadcast android.intent.action.BATTERY_CHANGED
04-13 11:11:59.882  4115  4115 I BatteryInfoReceiver: ACTION_BATTERY_CHANGED
04-13 11:11:59.883  6036  6536 D PowerCheckerService: onBatteryChanged, mBatteryLevel = 34, status = 2, level = 34, plug = 2, scale = 100
04-13 11:11:59.883  6036  6342 I ActiveStateController: Ime update, uid is 10309
04-13 11:11:59.887   813  1036 I SDM     : DisplayBuiltIn::SetRefreshRate: current period = 20654167, last period = 20695677, exit idle mode !
04-13 11:11:59.892  2862  2862 D DeviceStatisticsService: chargerType=2 batteryLevel=34 totalBatteryCapacity=4320000
04-13 11:11:59.898  6036  6496 I PowerKeeperConfigureManager: userId is 0, Ime update, uid is 10309
04-13 11:11:59.900  2862  2862 D NetworkSpeedTracker: receive actionandroid.intent.action.BATTERY_CHANGED
04-13 11:11:59.900  2862  2862 D NetworkSpeedTracker: onReceive ACTION_BATTERY_CHANGED mBatteryLevel = 34;mIsCharging =true
04-13 11:11:59.901  4115  4115 I BatteryInfoReceiver: ACTION_BATTERY_CHANGED
04-13 11:11:59.902  6036  6536 D PowerCheckerService: onBatteryChanged, mBatteryLevel = 34, status = 2, level = 34, plug = 2, scale = 100
04-13 11:11:59.903 16058 16058 I UnicodeIME: onStartInput
04-13 11:11:59.904  2862  2862 D DeviceStatisticsService: chargerType=2 batteryLevel=34 totalBatteryCapacity=4320000
04-13 11:11:59.905  2539 13380 D KeyguardViewMediator: setKeyguardEnabled(true)
04-13 11:11:59.908  6036  6536 D PowerCheckerService: onBatteryChanged, mBatteryLevel = 34, status = 2, level = 34, plug = 2, scale = 100
04-13 11:11:59.911  4115  4115 I BatteryInfoReceiver: ACTION_BATTERY_CHANGED
04-13 11:11:59.913  2539  2539 D KeyguardUpdateMonitor: received broadcast android.intent.action.BATTERY_CHANGED
04-13 11:11:59.913  2862  2862 D NetworkSpeedTracker: receive actionandroid.intent.action.BATTERY_CHANGED
04-13 11:11:59.913  2862  2862 D NetworkSpeedTracker: onReceive ACTION_BATTERY_CHANGED mBatteryLevel = 34;mIsCharging =true
04-13 11:11:59.913  2539  2539 D KeyguardUpdateMonitor: received broadcast android.intent.action.BATTERY_CHANGED
04-13 11:11:59.917  6396  6396 E adbd    : failed to connect to socket 'tcp:6790': Connection refused
04-13 11:11:59.918  2539  2539 D KeyguardUpdateMonitor: received broadcast android.intent.action.BATTERY_CHANGED
04-13 11:11:59.918  6036  6296 D WakelockManagerService: updateWakelockBlockedUid, uid = 10309, tag = null, isBlocked = false
04-13 11:11:59.920  4115  4115 I BatteryInfoReceiver: ACTION_BATTERY_CHANGED
04-13 11:11:59.921  6036  6536 D PowerCheckerService: onBatteryChanged, mBatteryLevel = 34, status = 2, level = 34, plug = 2, scale = 100
04-13 11:11:59.924 22584 22584 I .baidu.input_m: System.exit called, status: 0
04-13 11:11:59.924 22584 22584 I AndroidRuntime: VM exiting with result code 0, cleanup skipped.
04-13 11:11:59.932  2862  2862 D DeviceStatisticsService: chargerType=2 batteryLevel=34 totalBatteryCapacity=4320000
04-13 11:11:59.932  2862  2862 D NetworkSpeedTracker: receive actionandroid.intent.action.BATTERY_CHANGED
04-13 11:11:59.933  2862  2862 D NetworkSpeedTracker: onReceive ACTION_BATTERY_CHANGED mBatteryLevel = 34;mIsCharging =true
04-13 11:11:59.934  2862  2862 D DeviceStatisticsService: chargerType=2 batteryLevel=34 totalBatteryCapacity=4320000
04-13 11:11:59.934  2862  2862 D NetworkSpeedTracker: receive actionandroid.intent.action.BATTERY_CHANGED
04-13 11:11:59.934  2862  2862 D NetworkSpeedTracker: onReceive ACTION_BATTERY_CHANGED mBatteryLevel = 34;mIsCharging =true
04-13 11:11:59.934  2539  2539 D KeyguardUpdateMonitor: received broadcast android.intent.action.BATTERY_CHANGED
04-13 11:11:59.935  4115  4115 I BatteryInfoReceiver: ACTION_BATTERY_CHANGED
04-13 11:11:59.936  6036  6536 D PowerCheckerService: onBatteryChanged, mBatteryLevel = 34, status = 2, level = 34, plug = 2, scale = 100
04-13 11:11:59.938  2862  2862 D DeviceStatisticsService: chargerType=2 batteryLevel=34 totalBatteryCapacity=4320000
04-13 11:11:59.942   678   678 I Zygote  : Process 19889 exited due to signal 9 (Killed)
04-13 11:11:59.944  1571  1712 I libprocessgroup: Successfully killed process cgroup uid 10067 pid 19889 in 88ms
04-13 11:11:59.944   821 10603 I /vendor/bin/hw/vendor.qti.hardware.servicetracker@1.1-service: killProcess is called for pid : 19889
04-13 11:11:59.950  1571  2437 I MiuiNetworkPolicy: removeUidState uid = 10067
04-13 11:11:59.961  2539  2539 D KeyguardUpdateMonitor: received broadcast android.intent.action.BATTERY_CHANGED
04-13 11:11:59.962  2862  2862 D NetworkSpeedTracker: receive actionandroid.intent.action.BATTERY_CHANGED
04-13 11:11:59.962  2862  2862 D NetworkSpeedTracker: onReceive ACTION_BATTERY_CHANGED mBatteryLevel = 34;mIsCharging =true
04-13 11:11:59.963  4115  4115 I BatteryInfoReceiver: ACTION_BATTERY_CHANGED
04-13 11:11:59.963  6036  6536 D PowerCheckerService: onBatteryChanged, mBatteryLevel = 34, status = 2, level = 34, plug = 2, scale = 100
04-13 11:11:59.968  2862  2862 D DeviceStatisticsService: chargerType=2 batteryLevel=34 totalBatteryCapacity=4320000
04-13 11:11:59.970  2539  2539 D KeyguardUpdateMonitor: received broadcast android.intent.action.BATTERY_CHANGED
04-13 11:11:59.971  2862  2862 D NetworkSpeedTracker: receive actionandroid.intent.action.BATTERY_CHANGED
04-13 11:11:59.971  2862  2862 D NetworkSpeedTracker: onReceive ACTION_BATTERY_CHANGED mBatteryLevel = 34;mIsCharging =true
04-13 11:11:59.972  4115  4115 I BatteryInfoReceiver: ACTION_BATTERY_CHANGED
04-13 11:11:59.972  6036  6536 D PowerCheckerService: onBatteryChanged, mBatteryLevel = 34, status = 2, level = 34, plug = 2, scale = 100
04-13 11:11:59.974  2862  2862 D DeviceStatisticsService: chargerType=2 batteryLevel=34 totalBatteryCapacity=4320000
04-13 11:11:59.992  1571  4117 I ActivityManager: Process com.baidu.input_mi (pid 22584) has died: fore SVC
04-13 11:11:59.993   678   678 I Zygote  : Process 22584 exited cleanly (0)
04-13 11:11:59.996   821 10603 I /vendor/bin/hw/vendor.qti.hardware.servicetracker@1.1-service: killProcess is called for pid : 22584
04-13 11:11:59.997  1571  1712 I libprocessgroup: Successfully killed process cgroup uid 10231 pid 22584 in 5ms
04-13 11:12:00.001  1571  2437 I MiuiNetworkPolicy: removeUidState uid = 10231
04-13 11:12:00.003  2539  2539 D KeyguardUpdateMonitor: handleTimeUpdate
04-13 11:12:00.005  2862  2862 D NetworkSpeedTracker: receive actionandroid.intent.action.BATTERY_CHANGED
04-13 11:12:00.006  2862  2862 D NetworkSpeedTracker: onReceive ACTION_BATTERY_CHANGED mBatteryLevel = 34;mIsCharging =true
04-13 11:12:00.007  4115  4115 I BatteryInfoReceiver: ACTION_BATTERY_CHANGED
04-13 11:12:00.008  6036  6536 D PowerCheckerService: onBatteryChanged, mBatteryLevel = 34, status = 2, level = 34, plug = 2, scale = 100
04-13 11:12:00.008   872  2203 D BufferQueueLayer: SaveSurface: Launcher new frame Arrived
04-13 11:12:00.011  2862  2862 D DeviceStatisticsService: chargerType=2 batteryLevel=34 totalBatteryCapacity=4320000
04-13 11:12:00.015  1571  2425 I ActivityManager: Force stopping io.appium.uiautomator2.server.test appid=10291 user=0: from process:22823
04-13 11:12:00.015  1571  2425 I AutoStartManagerService: MIUILOG- Reject RestartService packageName :io.appium.uiautomator2.server.test uid : 10291
04-13 11:12:00.017   872  1026 D BufferQueueLayer: SaveSurface: Launcher new frame Arrived
04-13 11:12:00.017  2539  2539 D KeyguardUpdateMonitor: received broadcast android.intent.action.BATTERY_CHANGED
04-13 11:12:00.024  1571  1571 W RemoteDisplayProvider: Ignoring remote display provider service because it does not have the REMOTE_DISPLAY_PROVIDER permission: com.google.android.gms/com.google.android.gms.cast.media.CastRemoteDisplayProviderService
04-13 11:12:00.027 15755 15755 D AggregateListener: notifyAction action:android.intent.action.PACKAGE_RESTARTED
04-13 11:12:00.027  1571  1707 W BroadcastQueue: Background execution not allowed: receiving Intent { act=android.intent.action.PACKAGE_RESTARTED dat=package:io.appium.uiautomator2.server.test flg=0x10 (has extras) } to com.jingdong.app.mall/.broadcastReceiver.AppStateRecevier
04-13 11:12:00.027 15755 15755 D AggregateListener: onPackageRestarted packageName:io.appium.uiautomator2.server.test
04-13 11:12:00.028  2862  2862 D CarrierSvcBindHelper: No carrier app for: 0
04-13 11:12:00.032  2862  2862 E PhoneInterfaceManager: [PhoneIntfMgr] getCarrierPackageNamesForIntent: No UICC
04-13 11:12:00.032  2862  2862 D CarrierSvcBindHelper: No carrier app for: 1
04-13 11:12:00.037  2539  2539 D KeyguardUpdateMonitor: received broadcast android.intent.action.BATTERY_CHANGED
04-13 11:12:00.037  2862  2862 D NetworkSpeedTracker: receive actionandroid.intent.action.BATTERY_CHANGED
04-13 11:12:00.038  2862  2862 D NetworkSpeedTracker: onReceive ACTION_BATTERY_CHANGED mBatteryLevel = 34;mIsCharging =true
04-13 11:12:00.038  4115  4115 I BatteryInfoReceiver: ACTION_BATTERY_CHANGED
04-13 11:12:00.038 19832 19832 E RegisteredServicesCache: Skipping application component ComponentInfo{com.autonavi.minimap/com.alibaba.ariver.commonability.device.jsapi.nfc.service.TinyAppHostApduService}: it must request the permission android.permission.NFC
04-13 11:12:00.039 19832 19832 E RegisteredServicesCache: Skipping application component ComponentInfo{com.autonavi.minimap/com.alipay.mobile.aompdevice.nfc.service.TinyAppHostApduService}: it must request the permission android.permission.NFC
04-13 11:12:00.039  6036  6536 D PowerCheckerService: onBatteryChanged, mBatteryLevel = 34, status = 2, level = 34, plug = 2, scale = 100
04-13 11:12:00.042  2862  2862 D DeviceStatisticsService: chargerType=2 batteryLevel=34 totalBatteryCapacity=4320000
04-13 11:12:00.049 19832 19832 E RegisteredServicesCache: Skipping application component ComponentInfo{com.taobao.taobao/com.alibaba.ariver.commonability.device.jsapi.nfc.service.TinyAppHostApduService}: it must request the permission android.permission.NFC
04-13 11:12:00.053  2539  2539 D KeyguardUpdateMonitor: received broadcast android.intent.action.BATTERY_CHANGED
04-13 11:12:00.053  2862  2862 D NetworkSpeedTracker: receive actionandroid.intent.action.BATTERY_CHANGED
04-13 11:12:00.053  2862  2862 D NetworkSpeedTracker: onReceive ACTION_BATTERY_CHANGED mBatteryLevel = 34;mIsCharging =true
04-13 11:12:00.054  4115  4115 I BatteryInfoReceiver: ACTION_BATTERY_CHANGED
04-13 11:12:00.055  6036  6536 D PowerCheckerService: onBatteryChanged, mBatteryLevel = 34, status = 2, level = 34, plug = 2, scale = 100
04-13 11:12:00.061 19832 19832 D RegisteredServicesCache:  Reading service state data always from file
04-13 11:12:00.062  2862  2862 D DeviceStatisticsService: chargerType=2 batteryLevel=34 totalBatteryCapacity=4320000
04-13 11:12:00.062 19832 19832 D RegisteredServicesCache: ServiceStateFileVersion=1.0
04-13 11:12:00.062 19832 19832 E RegisteredServicesCache: Next Tag=services
04-13 11:12:00.063 19832 19832 E RegisteredServicesCache: 1invalidateCache:WriteServiceStateToFile
04-13 11:12:00.063 19832 19832 E RegisteredServicesCache:  Writing service state Data Always
04-13 11:12:00.065  2539  2539 D KeyguardUpdateMonitor: received broadcast android.intent.action.BATTERY_CHANGED
04-13 11:12:00.066  2862  2862 D NetworkSpeedTracker: receive actionandroid.intent.action.BATTERY_CHANGED
04-13 11:12:00.066  2862  2862 D NetworkSpeedTracker: onReceive ACTION_BATTERY_CHANGED mBatteryLevel = 34;mIsCharging =true
04-13 11:12:00.067  6396  6396 E adbd    : failed to connect to socket 'tcp:6790': Connection refused
04-13 11:12:00.067  4115  4115 I BatteryInfoReceiver: ACTION_BATTERY_CHANGED
04-13 11:12:00.068  6036  6536 D PowerCheckerService: onBatteryChanged, mBatteryLevel = 34, status = 2, level = 34, plug = 2, scale = 100
04-13 11:12:00.069 19832 19832 D CardEmulationManager: Current default: ComponentInfo{com.eg.android.AlipayGphone/com.alipay.android.phone.offlinepay.nfc.CardService}
04-13 11:12:00.069 19832 19832 D RegisteredAidCache: onServicesUpdated
04-13 11:12:00.070 19832 19832 D RegisteredAidCache: generateServiceMap component: ComponentInfo{com.eg.android.AlipayGphone/com.alibaba.ariver.commonability.device.jsapi.nfc.service.TinyAppHostApduService}
04-13 11:12:00.070 19832 19832 D RegisteredAidCache: generateServiceMap component: ComponentInfo{com.eg.android.AlipayGphone/com.alipay.android.phone.offlinepay.nfc.CardService}
04-13 11:12:00.070 19832 19832 D RegisteredAidCache: generateServiceMap component: ComponentInfo{com.eg.android.AlipayGphone/com.alipay.mobile.aompdevice.nfc.service.TinyAppHostApduService}
04-13 11:12:00.070 19832 19832 D RegisteredAidCache: generateServiceMap component: ComponentInfo{com.google.android.gms/com.google.android.gms.tapandpay.hce.service.TpHceService}
04-13 11:12:00.070  2862  2862 D DeviceStatisticsService: chargerType=2 batteryLevel=34 totalBatteryCapacity=4320000
04-13 11:12:00.071 19832 19832 D RegisteredAidCache: generateServiceMap component: ComponentInfo{com.jingdong.app.mall/com.jdpaysdk.payment.quickpass.server.QuickPassNFCServer}
04-13 11:12:00.071 19832 19832 D RegisteredAidCache: generateServiceMap component: ComponentInfo{com.tencent.mm/com.tencent.mm.plugin.appbrand.jsapi.nfc.hce.HCEService}
04-13 11:12:00.071 19832 19832 D RegisteredAidCache: generateServiceMap component: ComponentInfo{com.tencent.mtt/com.tencent.mm.plugin.appbrand.jsapi.nfc.hce.HCEService}
04-13 11:12:00.071 19832 19832 D RegisteredAidCache: generateServiceMap component: ComponentInfo{com.tencent.qqlive/com.tencent.mm.plugin.appbrand.jsapi.nfc.hce.HCEService}
