04-13 11:12:00.071 19832 19832 D RegisteredAidCache: generateServiceMap component: ComponentInfo{com.tencent.wework/com.tencent.mm.plugin.appbrand.jsapi.nfc.hce.HCEService}
04-13 11:12:00.071 19832 19832 D RegisteredAidCache: generateServiceMap component: ComponentInfo{com.youku.phone/com.alibaba.ariver.commonability.device.jsapi.nfc.service.TinyAppHostApduService}
04-13 11:12:00.071 19832 19832 D RegisteredAidCache: generateServiceMap component: ComponentInfo{com.youku.phone/com.alipay.mobile.aompdevice.nfc.service.TinyAppHostApduService}
04-13 11:12:00.071 19832 19832 D RegisteredAidCache: generateServiceMap component: ComponentInfo{com.chinamworld.bocmbci/com.boc.bocsoft.mobile.bocmobile.buss.equickpay.service.BocopApduService}
04-13 11:12:00.071 19832 19832 D RegisteredAidCache: generateAidCacheLocked: starting with aid 325041592E5359532E4444463031
04-13 11:12:00.071 19832 19832 D RegisteredAidCache: Exact AID, resolving.
04-13 11:12:00.071 19832 19832 D RegisteredAidCache: resolveAidLocked: (Ignoring handling service ComponentInfo{com.google.android.gms/com.google.android.gms.tapandpay.hce.service.TpHceService} because it's not the payment default.)
04-13 11:12:00.072 19832 19832 D RegisteredAidCache: resolveAidLocked: (Ignoring handling service ComponentInfo{com.jingdong.app.mall/com.jdpaysdk.payment.quickpass.server.QuickPassNFCServer} because it's not the payment default.)
04-13 11:12:00.072 19832 19832 D RegisteredAidCache: resolveAidLocked: (Ignoring handling service ComponentInfo{com.chinamworld.bocmbci/com.boc.bocsoft.mobile.bocmobile.buss.equickpay.service.BocopApduService} because it's not the payment default.)
04-13 11:12:00.072 19832 19832 D RegisteredAidCache: resolveAidLocked: DECISION: routing to all matching services
04-13 11:12:00.072 19832 19832 D RegisteredAidCache: AIDs: [325041592E5359532E4444463031] were resolved.
04-13 11:12:00.072 19832 19832 D RegisteredAidCache: generateAidCacheLocked: starting with aid A000000003
04-13 11:12:00.072 19832 19832 D RegisteredAidCache: Exact AID, resolving.
04-13 11:12:00.072 19832 19832 D RegisteredAidCache: resolveAidLocked: (Ignoring handling service ComponentInfo{com.google.android.gms/com.google.android.gms.tapandpay.hce.service.TpHceService} because it's not the payment default.)
04-13 11:12:00.072 19832 19832 D RegisteredAidCache: resolveAidLocked: DECISION: routing to all matching services
04-13 11:12:00.072 19832 19832 D RegisteredAidCache: AIDs: [A000000003] were resolved.
04-13 11:12:00.072 19832 19832 D RegisteredAidCache: generateAidCacheLocked: starting with aid A00000000307010001
04-13 11:12:00.072 19832 19832 D RegisteredAidCache: Exact AID, resolving.
04-13 11:12:00.072 19832 19832 D RegisteredAidCache: resolveAidLocked: (Ignoring handling service ComponentInfo{com.google.android.gms/com.google.android.gms.tapandpay.hce.service.TpHceService} because it's not the payment default.)
04-13 11:12:00.072 19832 19832 D RegisteredAidCache: resolveAidLocked: DECISION: routing to all matching services
04-13 11:12:00.072 19832 19832 D RegisteredAidCache: AIDs: [A00000000307010001] were resolved.
04-13 11:12:00.072 19832 19832 D RegisteredAidCache: generateAidCacheLocked: starting with aid A0000000031010
04-13 11:12:00.072 19832 19832 D RegisteredAidCache: Exact AID, resolving.
04-13 11:12:00.072 19832 19832 D RegisteredAidCache: resolveAidLocked: (Ignoring handling service ComponentInfo{com.google.android.gms/com.google.android.gms.tapandpay.hce.service.TpHceService} because it's not the payment default.)
04-13 11:12:00.072 19832 19832 D RegisteredAidCache: resolveAidLocked: (Ignoring handling service ComponentInfo{com.chinamworld.bocmbci/com.boc.bocsoft.mobile.bocmobile.buss.equickpay.service.BocopApduService} because it's not the payment default.)
04-13 11:12:00.072 19832 19832 D RegisteredAidCache: resolveAidLocked: DECISION: routing to all matching services
04-13 11:12:00.072 19832 19832 D RegisteredAidCache: AIDs: [A0000000031010] were resolved.
04-13 11:12:00.072 19832 19832 D RegisteredAidCache: generateAidCacheLocked: starting with aid A0000000032010
04-13 11:12:00.072 19832 19832 D RegisteredAidCache: Exact AID, resolving.
04-13 11:12:00.072 19832 19832 D RegisteredAidCache: resolveAidLocked: (Ignoring handling service ComponentInfo{com.google.android.gms/com.google.android.gms.tapandpay.hce.service.TpHceService} because it's not the payment default.)
04-13 11:12:00.072 19832 19832 D RegisteredAidCache: resolveAidLocked: DECISION: routing to all matching services
04-13 11:12:00.072 19832 19832 D RegisteredAidCache: AIDs: [A0000000032010] were resolved.
04-13 11:12:00.072 19832 19832 D RegisteredAidCache: generateAidCacheLocked: starting with aid A0000000032020
04-13 11:12:00.072 19832 19832 D RegisteredAidCache: Exact AID, resolving.
04-13 11:12:00.072 19832 19832 D RegisteredAidCache: resolveAidLocked: (Ignoring handling service ComponentInfo{com.google.android.gms/com.google.android.gms.tapandpay.hce.service.TpHceService} because it's not the payment default.)
04-13 11:12:00.072 19832 19832 D RegisteredAidCache: resolveAidLocked: DECISION: routing to all matching services
04-13 11:12:00.072 19832 19832 D RegisteredAidCache: AIDs: [A0000000032020] were resolved.
04-13 11:12:00.072 19832 19832 D RegisteredAidCache: generateAidCacheLocked: starting with aid A000000004
04-13 11:12:00.072 19832 19832 D RegisteredAidCache: Exact AID, resolving.
04-13 11:12:00.072 19832 19832 D RegisteredAidCache: resolveAidLocked: (Ignoring handling service ComponentInfo{com.google.android.gms/com.google.android.gms.tapandpay.hce.service.TpHceService} because it's not the payment default.)
04-13 11:12:00.072 19832 19832 D RegisteredAidCache: resolveAidLocked: DECISION: routing to all matching services
04-13 11:12:00.072 19832 19832 D RegisteredAidCache: AIDs: [A000000004] were resolved.
04-13 11:12:00.072 19832 19832 D RegisteredAidCache: generateAidCacheLocked: starting with aid A0000000041010
04-13 11:12:00.073 19832 19832 D RegisteredAidCache: Exact AID, resolving.
04-13 11:12:00.073 19832 19832 D RegisteredAidCache: resolveAidLocked: (Ignoring handling service ComponentInfo{com.google.android.gms/com.google.android.gms.tapandpay.hce.service.TpHceService} because it's not the payment default.)
04-13 11:12:00.073 19832 19832 D RegisteredAidCache: resolveAidLocked: (Ignoring handling service ComponentInfo{com.chinamworld.bocmbci/com.boc.bocsoft.mobile.bocmobile.buss.equickpay.service.BocopApduService} because it's not the payment default.)
04-13 11:12:00.073 19832 19832 D RegisteredAidCache: resolveAidLocked: DECISION: routing to all matching services
04-13 11:12:00.073 19832 19832 D RegisteredAidCache: AIDs: [A0000000041010] were resolved.
04-13 11:12:00.073 19832 19832 D RegisteredAidCache: generateAidCacheLocked: starting with aid A0000000042203
04-13 11:12:00.073 19832 19832 D RegisteredAidCache: Exact AID, resolving.
04-13 11:12:00.073 19832 19832 D RegisteredAidCache: resolveAidLocked: (Ignoring handling service ComponentInfo{com.google.android.gms/com.google.android.gms.tapandpay.hce.service.TpHceService} because it's not the payment default.)
04-13 11:12:00.073 19832 19832 D RegisteredAidCache: resolveAidLocked: DECISION: routing to all matching services
04-13 11:12:00.073 19832 19832 D RegisteredAidCache: AIDs: [A0000000042203] were resolved.
04-13 11:12:00.073 19832 19832 D RegisteredAidCache: generateAidCacheLocked: starting with aid A0000000043060
04-13 11:12:00.073 19832 19832 D RegisteredAidCache: Exact AID, resolving.
04-13 11:12:00.073 19832 19832 D RegisteredAidCache: resolveAidLocked: (Ignoring handling service ComponentInfo{com.google.android.gms/com.google.android.gms.tapandpay.hce.service.TpHceService} because it's not the payment default.)
04-13 11:12:00.073 19832 19832 D RegisteredAidCache: resolveAidLocked: DECISION: routing to all matching services
04-13 11:12:00.073 19832 19832 D RegisteredAidCache: AIDs: [A0000000043060] were resolved.
04-13 11:12:00.073 19832 19832 D RegisteredAidCache: generateAidCacheLocked: starting with aid A0000000049100
04-13 11:12:00.073 19832 19832 D RegisteredAidCache: Exact AID, resolving.
04-13 11:12:00.073 19832 19832 D RegisteredAidCache: resolveAidLocked: (Ignoring handling service ComponentInfo{com.google.android.gms/com.google.android.gms.tapandpay.hce.service.TpHceService} because it's not the payment default.)
04-13 11:12:00.073 19832 19832 D RegisteredAidCache: resolveAidLocked: DECISION: routing to all matching services
04-13 11:12:00.073 19832 19832 D RegisteredAidCache: AIDs: [A0000000049100] were resolved.
04-13 11:12:00.073 19832 19832 D RegisteredAidCache: generateAidCacheLocked: starting with aid A000000025
04-13 11:12:00.073 19832 19832 D RegisteredAidCache: Exact AID, resolving.
04-13 11:12:00.073 19832 19832 D RegisteredAidCache: resolveAidLocked: (Ignoring handling service ComponentInfo{com.google.android.gms/com.google.android.gms.tapandpay.hce.service.TpHceService} because it's not the payment default.)
04-13 11:12:00.073 19832 19832 D RegisteredAidCache: resolveAidLocked: DECISION: routing to all matching services
04-13 11:12:00.073 19832 19832 D RegisteredAidCache: AIDs: [A000000025] were resolved.
04-13 11:12:00.073 19832 19832 D RegisteredAidCache: generateAidCacheLocked: starting with aid A0000000250000
04-13 11:12:00.073 19832 19832 D RegisteredAidCache: Exact AID, resolving.
04-13 11:12:00.073 19832 19832 D RegisteredAidCache: resolveAidLocked: (Ignoring handling service ComponentInfo{com.google.android.gms/com.google.android.gms.tapandpay.hce.service.TpHceService} because it's not the payment default.)
04-13 11:12:00.073 19832 19832 D RegisteredAidCache: resolveAidLocked: DECISION: routing to all matching services
04-13 11:12:00.073 19832 19832 D RegisteredAidCache: AIDs: [A0000000250000] were resolved.
04-13 11:12:00.073 19832 19832 D RegisteredAidCache: generateAidCacheLocked: starting with aid A00000002501
04-13 11:12:00.074 19832 19832 D RegisteredAidCache: Exact AID, resolving.
04-13 11:12:00.074 19832 19832 D RegisteredAidCache: resolveAidLocked: (Ignoring handling service ComponentInfo{com.google.android.gms/com.google.android.gms.tapandpay.hce.service.TpHceService} because it's not the payment default.)
04-13 11:12:00.074 19832 19832 D RegisteredAidCache: resolveAidLocked: DECISION: routing to all matching services
04-13 11:12:00.074 19832 19832 D RegisteredAidCache: AIDs: [A00000002501] were resolved.
04-13 11:12:00.074 19832 19832 D RegisteredAidCache: generateAidCacheLocked: starting with aid A000000025010801
04-13 11:12:00.074 19832 19832 D RegisteredAidCache: Exact AID, resolving.
04-13 11:12:00.074 19832 19832 D RegisteredAidCache: resolveAidLocked: (Ignoring handling service ComponentInfo{com.google.android.gms/com.google.android.gms.tapandpay.hce.service.TpHceService} because it's not the payment default.)
04-13 11:12:00.074 19832 19832 D RegisteredAidCache: resolveAidLocked: DECISION: routing to all matching services
04-13 11:12:00.074 19832 19832 D RegisteredAidCache: AIDs: [A000000025010801] were resolved.
04-13 11:12:00.074 19832 19832 D RegisteredAidCache: generateAidCacheLocked: starting with aid A000000025011001
04-13 11:12:00.074 19832 19832 D RegisteredAidCache: Exact AID, resolving.
04-13 11:12:00.074 19832 19832 D RegisteredAidCache: resolveAidLocked: (Ignoring handling service ComponentInfo{com.google.android.gms/com.google.android.gms.tapandpay.hce.service.TpHceService} because it's not the payment default.)
04-13 11:12:00.074 19832 19832 D RegisteredAidCache: resolveAidLocked: DECISION: routing to all matching services
04-13 11:12:00.074 19832 19832 D RegisteredAidCache: AIDs: [A000000025011001] were resolved.
04-13 11:12:00.074 19832 19832 D RegisteredAidCache: generateAidCacheLocked: starting with aid A00000002502
04-13 11:12:00.074 19832 19832 D RegisteredAidCache: Exact AID, resolving.
04-13 11:12:00.074 19832 19832 D RegisteredAidCache: resolveAidLocked: (Ignoring handling service ComponentInfo{com.google.android.gms/com.google.android.gms.tapandpay.hce.service.TpHceService} because it's not the payment default.)
04-13 11:12:00.074 19832 19832 D RegisteredAidCache: resolveAidLocked: DECISION: routing to all matching services
04-13 11:12:00.074 19832 19832 D RegisteredAidCache: AIDs: [A00000002502] were resolved.
04-13 11:12:00.074 19832 19832 D RegisteredAidCache: generateAidCacheLocked: starting with aid A000000025021001
04-13 11:12:00.074 19832 19832 D RegisteredAidCache: Exact AID, resolving.
04-13 11:12:00.074 19832 19832 D RegisteredAidCache: resolveAidLocked: (Ignoring handling service ComponentInfo{com.google.android.gms/com.google.android.gms.tapandpay.hce.service.TpHceService} because it's not the payment default.)
04-13 11:12:00.074 19832 19832 D RegisteredAidCache: resolveAidLocked: DECISION: routing to all matching services
04-13 11:12:00.074 19832 19832 D RegisteredAidCache: AIDs: [A000000025021001] were resolved.
04-13 11:12:00.074 19832 19832 D RegisteredAidCache: generateAidCacheLocked: starting with aid A0000000980840
04-13 11:12:00.074 19832 19832 D RegisteredAidCache: Exact AID, resolving.
04-13 11:12:00.074 19832 19832 D RegisteredAidCache: resolveAidLocked: (Ignoring handling service ComponentInfo{com.google.android.gms/com.google.android.gms.tapandpay.hce.service.TpHceService} because it's not the payment default.)
04-13 11:12:00.074 19832 19832 D RegisteredAidCache: resolveAidLocked: DECISION: routing to all matching services
04-13 11:12:00.074 19832 19832 D RegisteredAidCache: AIDs: [A0000000980840] were resolved.
04-13 11:12:00.074 19832 19832 D RegisteredAidCache: generateAidCacheLocked: starting with aid A0000001523010
04-13 11:12:00.074 19832 19832 D RegisteredAidCache: Exact AID, resolving.
04-13 11:12:00.074 19832 19832 D RegisteredAidCache: resolveAidLocked: (Ignoring handling service ComponentInfo{com.google.android.gms/com.google.android.gms.tapandpay.hce.service.TpHceService} because it's not the payment default.)
04-13 11:12:00.074 19832 19832 D RegisteredAidCache: resolveAidLocked: DECISION: routing to all matching services
04-13 11:12:00.074 19832 19832 D RegisteredAidCache: AIDs: [A0000001523010] were resolved.
04-13 11:12:00.074 19832 19832 D RegisteredAidCache: generateAidCacheLocked: starting with aid A0000001524010
04-13 11:12:00.074 19832 19832 D RegisteredAidCache: Exact AID, resolving.
04-13 11:12:00.074 19832 19832 D RegisteredAidCache: resolveAidLocked: (Ignoring handling service ComponentInfo{com.google.android.gms/com.google.android.gms.tapandpay.hce.service.TpHceService} because it's not the payment default.)
04-13 11:12:00.075 19832 19832 D RegisteredAidCache: resolveAidLocked: DECISION: routing to all matching services
04-13 11:12:00.075 19832 19832 D RegisteredAidCache: AIDs: [A0000001524010] were resolved.
04-13 11:12:00.075 19832 19832 D RegisteredAidCache: generateAidCacheLocked: starting with aid A0000002771010
04-13 11:12:00.075 19832 19832 D RegisteredAidCache: Exact AID, resolving.
04-13 11:12:00.075 19832 19832 D RegisteredAidCache: resolveAidLocked: (Ignoring handling service ComponentInfo{com.google.android.gms/com.google.android.gms.tapandpay.hce.service.TpHceService} because it's not the payment default.)
04-13 11:12:00.075 19832 19832 D RegisteredAidCache: resolveAidLocked: DECISION: routing to all matching services
04-13 11:12:00.075 19832 19832 D RegisteredAidCache: AIDs: [A0000002771010] were resolved.
04-13 11:12:00.075 19832 19832 D RegisteredAidCache: generateAidCacheLocked: starting with aid A0000003241010
04-13 11:12:00.075 19832 19832 D RegisteredAidCache: Exact AID, resolving.
04-13 11:12:00.075 19832 19832 D RegisteredAidCache: resolveAidLocked: (Ignoring handling service ComponentInfo{com.google.android.gms/com.google.android.gms.tapandpay.hce.service.TpHceService} because it's not the payment default.)
04-13 11:12:00.075 19832 19832 D RegisteredAidCache: resolveAidLocked: DECISION: routing to all matching services
04-13 11:12:00.075 19832 19832 D RegisteredAidCache: AIDs: [A0000003241010] were resolved.
04-13 11:12:00.075 19832 19832 D RegisteredAidCache: generateAidCacheLocked: starting with aid A000000333010101
04-13 11:12:00.075 19832 19832 D RegisteredAidCache: Exact AID, resolving.
04-13 11:12:00.075 19832 19832 D RegisteredAidCache: resolveAidLocked: (Ignoring handling service ComponentInfo{com.jingdong.app.mall/com.jdpaysdk.payment.quickpass.server.QuickPassNFCServer} because it's not the payment default.)
04-13 11:12:00.075 19832 19832 D RegisteredAidCache: resolveAidLocked: (Ignoring handling service ComponentInfo{com.chinamworld.bocmbci/com.boc.bocsoft.mobile.bocmobile.buss.equickpay.service.BocopApduService} because it's not the payment default.)
04-13 11:12:00.075 19832 19832 D RegisteredAidCache: resolveAidLocked: DECISION: routing to all matching services
04-13 11:12:00.075 19832 19832 D RegisteredAidCache: AIDs: [A000000333010101] were resolved.
04-13 11:12:00.075 19832 19832 D RegisteredAidCache: generateAidCacheLocked: starting with aid A000000333010102
04-13 11:12:00.075 19832 19832 D RegisteredAidCache: Exact AID, resolving.
04-13 11:12:00.075 19832 19832 D RegisteredAidCache: resolveAidLocked: (Ignoring handling service ComponentInfo{com.jingdong.app.mall/com.jdpaysdk.payment.quickpass.server.QuickPassNFCServer} because it's not the payment default.)
04-13 11:12:00.075 19832 19832 D RegisteredAidCache: resolveAidLocked: (Ignoring handling service ComponentInfo{com.chinamworld.bocmbci/com.boc.bocsoft.mobile.bocmobile.buss.equickpay.service.BocopApduService} because it's not the payment default.)
04-13 11:12:00.075 19832 19832 D RegisteredAidCache: resolveAidLocked: DECISION: routing to all matching services
04-13 11:12:00.075 19832 19832 D RegisteredAidCache: AIDs: [A000000333010102] were resolved.
04-13 11:12:00.075 19832 19832 D RegisteredAidCache: generateAidCacheLocked: starting with aid A000000333010103
04-13 11:12:00.075 19832 19832 D RegisteredAidCache: Exact AID, resolving.
04-13 11:12:00.075 19832 19832 D RegisteredAidCache: resolveAidLocked: (Ignoring handling service ComponentInfo{com.jingdong.app.mall/com.jdpaysdk.payment.quickpass.server.QuickPassNFCServer} because it's not the payment default.)
04-13 11:12:00.075 19832 19832 D RegisteredAidCache: resolveAidLocked: DECISION: routing to all matching services
04-13 11:12:00.075 19832 19832 D RegisteredAidCache: AIDs: [A000000333010103] were resolved.
04-13 11:12:00.075 19832 19832 D RegisteredAidCache: generateAidCacheLocked: starting with aid A00000038410
04-13 11:12:00.075 19832 19832 D RegisteredAidCache: Exact AID, resolving.
04-13 11:12:00.075 19832 19832 D RegisteredAidCache: resolveAidLocked: (Ignoring handling service ComponentInfo{com.google.android.gms/com.google.android.gms.tapandpay.hce.service.TpHceService} because it's not the payment default.)
04-13 11:12:00.075 19832 19832 D RegisteredAidCache: resolveAidLocked: DECISION: routing to all matching services
04-13 11:12:00.075 19832 19832 D RegisteredAidCache: AIDs: [A00000038410] were resolved.
04-13 11:12:00.075 19832 19832 D RegisteredAidCache: generateAidCacheLocked: starting with aid A00000038420
04-13 11:12:00.075 19832 19832 D RegisteredAidCache: Exact AID, resolving.
04-13 11:12:00.075 19832 19832 D RegisteredAidCache: resolveAidLocked: (Ignoring handling service ComponentInfo{com.google.android.gms/com.google.android.gms.tapandpay.hce.service.TpHceService} because it's not the payment default.)
04-13 11:12:00.075 19832 19832 D RegisteredAidCache: resolveAidLocked: DECISION: routing to all matching services
04-13 11:12:00.076 19832 19832 D RegisteredAidCache: AIDs: [A00000038420] were resolved.
04-13 11:12:00.076 19832 19832 D RegisteredAidCache: generateAidCacheLocked: starting with aid B06937896756002478
04-13 11:12:00.076 19832 19832 D RegisteredAidCache: Exact AID, resolving.
04-13 11:12:00.076 19832 19832 D RegisteredAidCache: resolveAidLocked: DECISION: routing to payment default default ApduService: ComponentInfo{com.eg.android.AlipayGphone/com.alipay.android.phone.offlinepay.nfc.CardService}, description: , Static AID Groups: Category: payment, AIDs:B06937896756002478, , Dynamic AID Groups:
04-13 11:12:00.076 19832 19832 D RegisteredAidCache: AIDs: [B06937896756002478] were resolved.
04-13 11:12:00.076 19832 19832 D RegisteredAidCache: generateAidCacheLocked: starting with aid F0010203040506
04-13 11:12:00.076 19832 19832 D RegisteredAidCache: Exact AID, resolving.
04-13 11:12:00.076 19832 19832 D RegisteredAidCache: resolveAidLocked: (Ignoring handling service ComponentInfo{com.chinamworld.bocmbci/com.boc.bocsoft.mobile.bocmobile.buss.equickpay.service.BocopApduService} because it's not the payment default.)
04-13 11:12:00.076 19832 19832 D RegisteredAidCache: resolveAidLocked: DECISION: routing to all matching services
04-13 11:12:00.076 19832 19832 D RegisteredAidCache: AIDs: [F0010203040506] were resolved.
04-13 11:12:00.076 19832 19832 D RegisteredAidCache: generateAidCacheLocked: starting with aid F0394148148100
04-13 11:12:00.076 19832 19832 D RegisteredAidCache: Exact AID, resolving.
04-13 11:12:00.076 19832 19832 D RegisteredAidCache: resolveAidLocked: (Ignoring handling service ComponentInfo{com.chinamworld.bocmbci/com.boc.bocsoft.mobile.bocmobile.buss.equickpay.service.BocopApduService} because it's not the payment default.)
04-13 11:12:00.076 19832 19832 D RegisteredAidCache: resolveAidLocked: DECISION: routing to all matching services
04-13 11:12:00.076 19832 19832 D RegisteredAidCache: AIDs: [F0394148148100] were resolved.
04-13 11:12:00.076 19832 19832 D RegisteredAidCache: generateAidCacheLocked: starting with aid F123456789
04-13 11:12:00.076 19832 19832 D RegisteredAidCache: Exact AID, resolving.
04-13 11:12:00.076 19832 19832 D RegisteredAidCache: resolveAidLocked: (Ignoring handling service ComponentInfo{com.tencent.mm/com.tencent.mm.plugin.appbrand.jsapi.nfc.hce.HCEService} because it's not the payment default.)
04-13 11:12:00.076 19832 19832 D RegisteredAidCache: resolveAidLocked: (Ignoring handling service ComponentInfo{com.tencent.mtt/com.tencent.mm.plugin.appbrand.jsapi.nfc.hce.HCEService} because it's not the payment default.)
04-13 11:12:00.076 19832 19832 D RegisteredAidCache: resolveAidLocked: (Ignoring handling service ComponentInfo{com.tencent.qqlive/com.tencent.mm.plugin.appbrand.jsapi.nfc.hce.HCEService} because it's not the payment default.)
04-13 11:12:00.076 19832 19832 D RegisteredAidCache: resolveAidLocked: (Ignoring handling service ComponentInfo{com.tencent.wework/com.tencent.mm.plugin.appbrand.jsapi.nfc.hce.HCEService} because it's not the payment default.)
04-13 11:12:00.076 19832 19832 D RegisteredAidCache: resolveAidLocked: DECISION: routing to all matching services
04-13 11:12:00.076 19832 19832 D RegisteredAidCache: AIDs: [F123456789] were resolved.
04-13 11:12:00.076 19832 19832 D RegisteredAidCache: Exact or Prefix AID.F123456789
04-13 11:12:00.076 19832 19832 D RegisteredAidCache: AIDs: [F123456789] were resolved.
04-13 11:12:00.076 19832 19832 D RegisteredAidCache: Exact or Prefix AID.F0394148148100
04-13 11:12:00.076 19832 19832 D RegisteredAidCache: AIDs: [F0394148148100] were resolved.
04-13 11:12:00.076 19832 19832 D RegisteredAidCache: Exact or Prefix AID.F0010203040506
04-13 11:12:00.076 19832 19832 D RegisteredAidCache: AIDs: [F0010203040506] were resolved.
04-13 11:12:00.076 19832 19832 D RegisteredAidCache: Exact or Prefix AID.B06937896756002478
04-13 11:12:00.076 19832 19832 D RegisteredAidCache: AIDs: [B06937896756002478] were resolved.
04-13 11:12:00.076 19832 19832 D RegisteredAidCache: Exact or Prefix AID.A00000038420
04-13 11:12:00.076 19832 19832 D RegisteredAidCache: AIDs: [A00000038420] were resolved.
04-13 11:12:00.076 19832 19832 D RegisteredAidCache: Exact or Prefix AID.A00000038410
04-13 11:12:00.076 19832 19832 D RegisteredAidCache: AIDs: [A00000038410] were resolved.
04-13 11:12:00.077 19832 19832 D RegisteredAidCache: Exact or Prefix AID.A000000333010103
04-13 11:12:00.077 19832 19832 D RegisteredAidCache: AIDs: [A000000333010103] were resolved.
04-13 11:12:00.077 19832 19832 D RegisteredAidCache: Exact or Prefix AID.A000000333010102
04-13 11:12:00.077 19832 19832 D RegisteredAidCache: AIDs: [A000000333010102] were resolved.
04-13 11:12:00.077 19832 19832 D RegisteredAidCache: Exact or Prefix AID.A000000333010101
04-13 11:12:00.077 19832 19832 D RegisteredAidCache: AIDs: [A000000333010101] were resolved.
04-13 11:12:00.077 19832 19832 D RegisteredAidCache: Exact or Prefix AID.A0000003241010
04-13 11:12:00.077 19832 19832 D RegisteredAidCache: AIDs: [A0000003241010] were resolved.
04-13 11:12:00.077 19832 19832 D RegisteredAidCache: Exact or Prefix AID.A0000002771010
04-13 11:12:00.077 19832 19832 D RegisteredAidCache: AIDs: [A0000002771010] were resolved.
04-13 11:12:00.077 19832 19832 D RegisteredAidCache: Exact or Prefix AID.A0000001524010
04-13 11:12:00.077 19832 19832 D RegisteredAidCache: AIDs: [A0000001524010] were resolved.
04-13 11:12:00.077 19832 19832 D RegisteredAidCache: Exact or Prefix AID.A0000001523010
04-13 11:12:00.077 19832 19832 D RegisteredAidCache: AIDs: [A0000001523010] were resolved.
04-13 11:12:00.077 19832 19832 D RegisteredAidCache: Exact or Prefix AID.A0000000980840
04-13 11:12:00.077 19832 19832 D RegisteredAidCache: AIDs: [A0000000980840] were resolved.
04-13 11:12:00.077 19832 19832 D RegisteredAidCache: Exact or Prefix AID.A000000025021001
04-13 11:12:00.077 19832 19832 D RegisteredAidCache: AIDs: [A000000025021001] were resolved.
04-13 11:12:00.077 19832 19832 D RegisteredAidCache: Exact or Prefix AID.A00000002502
04-13 11:12:00.077 19832 19832 D RegisteredAidCache: AIDs: [A00000002502] were resolved.
04-13 11:12:00.077 19832 19832 D RegisteredAidCache: Exact or Prefix AID.A000000025011001
04-13 11:12:00.077 19832 19832 D RegisteredAidCache: AIDs: [A000000025011001] were resolved.
04-13 11:12:00.077 19832 19832 D RegisteredAidCache: Exact or Prefix AID.A000000025010801
04-13 11:12:00.077 19832 19832 D RegisteredAidCache: AIDs: [A000000025010801] were resolved.
04-13 11:12:00.077 19832 19832 D RegisteredAidCache: Exact or Prefix AID.A00000002501
04-13 11:12:00.077 19832 19832 D RegisteredAidCache: AIDs: [A00000002501] were resolved.
04-13 11:12:00.077 19832 19832 D RegisteredAidCache: Exact or Prefix AID.A0000000250000
04-13 11:12:00.077 19832 19832 D RegisteredAidCache: AIDs: [A0000000250000] were resolved.
04-13 11:12:00.077 19832 19832 D RegisteredAidCache: Exact or Prefix AID.A000000025
04-13 11:12:00.077 19832 19832 D RegisteredAidCache: AIDs: [A000000025] were resolved.
04-13 11:12:00.077 19832 19832 D RegisteredAidCache: Exact or Prefix AID.A0000000049100
04-13 11:12:00.077 19832 19832 D RegisteredAidCache: AIDs: [A0000000049100] were resolved.
04-13 11:12:00.077 19832 19832 D RegisteredAidCache: Exact or Prefix AID.A0000000043060
04-13 11:12:00.077 19832 19832 D RegisteredAidCache: AIDs: [A0000000043060] were resolved.
04-13 11:12:00.078 19832 19832 D RegisteredAidCache: Exact or Prefix AID.A0000000042203
04-13 11:12:00.078 19832 19832 D RegisteredAidCache: AIDs: [A0000000042203] were resolved.
04-13 11:12:00.078 19832 19832 D RegisteredAidCache: Exact or Prefix AID.A0000000041010
04-13 11:12:00.078 19832 19832 D RegisteredAidCache: AIDs: [A0000000041010] were resolved.
04-13 11:12:00.078 19832 19832 D RegisteredAidCache: Exact or Prefix AID.A000000004
04-13 11:12:00.078 19832 19832 D RegisteredAidCache: AIDs: [A000000004] were resolved.
04-13 11:12:00.078 19832 19832 D RegisteredAidCache: Exact or Prefix AID.A0000000032020
04-13 11:12:00.078 19832 19832 D RegisteredAidCache: AIDs: [A0000000032020] were resolved.
04-13 11:12:00.078 19832 19832 D RegisteredAidCache: Exact or Prefix AID.A0000000032010
04-13 11:12:00.078 19832 19832 D RegisteredAidCache: AIDs: [A0000000032010] were resolved.
04-13 11:12:00.078 19832 19832 D RegisteredAidCache: Exact or Prefix AID.A0000000031010
04-13 11:12:00.078 19832 19832 D RegisteredAidCache: AIDs: [A0000000031010] were resolved.
04-13 11:12:00.078 19832 19832 D RegisteredAidCache: Exact or Prefix AID.A00000000307010001
04-13 11:12:00.078 19832 19832 D RegisteredAidCache: AIDs: [A00000000307010001] were resolved.
04-13 11:12:00.078 19832 19832 D RegisteredAidCache: Exact or Prefix AID.A000000003
04-13 11:12:00.078 19832 19832 D RegisteredAidCache: AIDs: [A000000003] were resolved.
04-13 11:12:00.078 19832 19832 D RegisteredAidCache: Exact or Prefix AID.325041592E5359532E4444463031
04-13 11:12:00.078 19832 19832 D RegisteredAidCache: AIDs: [325041592E5359532E4444463031] were resolved.
04-13 11:12:00.078 19832 19832 D RegisteredAidCache: updateRoutingLocked(false): Enter
04-13 11:12:00.078 19832 19832 D NfcService: defaultMifateCLTRoute : 315
04-13 11:12:00.078 19832 19832 D RegisteredAidCache:  AID power state B06937896756002478 59 route 0
04-13 11:12:00.078 19832 19832 D RegisteredAidCache: updateRoutePowerState inputPwr 59
04-13 11:12:00.078 19832 19832 D RegisteredAidCache: updateRoutePowerState outputPwr 59
04-13 11:12:00.078 19832 19832 D AidRoutingManager: configureRouting(false): Enter
04-13 11:12:00.078 19832 19832 I libnfc_nci: [INFO:SecureElement.cpp(1511)] SecureElement::getEseHandleFromGenericId: enter; ESE-ID = 0x01
04-13 11:12:00.078 19832 19832 I libnfc_nci: [INFO:SecureElement.cpp(1546)] SecureElement::getEseHandleFromGenericId: enter; ESE-Handle = 0x4C0
04-13 11:12:00.078 19832 19832 D NfcService: defaultAidRoute : 315
04-13 11:12:00.078 19832 19832 D NfcService: GetDefaultRouteLoc  :1
04-13 11:12:00.078 19832 19832 I libnfc_nci: [INFO:SecureElement.cpp(1511)] SecureElement::getEseHandleFromGenericId: enter; ESE-ID = 0x01
04-13 11:12:00.079 19832 19832 I libnfc_nci: [INFO:SecureElement.cpp(1546)] SecureElement::getEseHandleFromGenericId: enter; ESE-Handle = 0x4C0
04-13 11:12:00.079 19832 19832 D NfcService: defaultAidRoute : 315
04-13 11:12:00.079 19832 19832 E AidRoutingManager: Size of routing table: 970
04-13 11:12:00.079 19832 19832 D AidRoutingManager: configureRouting: seList: add 1
04-13 11:12:00.079 19832 19832 D AidRoutingManager: configureRouting: B06937896756002478=AidEntry{isOnHost:true, offHostSE:Host, route:0, powerState:0x3b, aidInfo:0x0}
04-13 11:12:00.079 19832 19832 D AidRoutingManager: configureRouting: seList: add 0
04-13 11:12:00.079 19832 19832 D AidRoutingManager: #######Routing AID B06937896756002478 to route 0 with power 59
04-13 11:12:00.079 19832 19832 I NfcService: Add T4T Nfcee AID
04-13 11:12:00.079 19832 19832 D NfcService: T4TNfceePowerState : 59
04-13 11:12:00.079 19832 19832 D AidRoutingManager: Routing table unchanged, not updating
04-13 11:12:00.079 19832 19832 D RegisteredAidCache: updateRoutingLocked(): Exit
04-13 11:12:00.080 19832 19832 D RegisteredNfcFServicesCache: Service unchanged, not updating
04-13 11:12:00.080 19832 19832 I libnfc_nci: [INFO:SecureElement.cpp(1511)] SecureElement::getEseHandleFromGenericId: enter; ESE-ID = 0x7F
04-13 11:12:00.080 19832 19832 I libnfc_nci: [INFO:SecureElement.cpp(1546)] SecureElement::getEseHandleFromGenericId: enter; ESE-Handle = 0x410
04-13 11:12:00.080 19832 19870 E libnfc_nci: [ERROR:nfa_ee_act.cc(1611)] The AID entry is already in the database for different NFCEE ID:0x00
04-13 11:12:00.087   796   796 W health@2.0-serv: type=1400 audit(0.0:2418508): avc: denied { read } for name="type" dev="sysfs" ino=55635 scontext=u:r:hal_health_default:s0 tcontext=u:object_r:sysfs:s0 tclass=file permissive=0
04-13 11:12:00.095  2539  2539 D KeyguardUpdateMonitor: received broadcast android.intent.action.BATTERY_CHANGED
04-13 11:12:00.095  2862  2862 D NetworkSpeedTracker: receive actionandroid.intent.action.BATTERY_CHANGED
04-13 11:12:00.096  2862  2862 D NetworkSpeedTracker: onReceive ACTION_BATTERY_CHANGED mBatteryLevel = 34;mIsCharging =true
04-13 11:12:00.096  4115  4115 I BatteryInfoReceiver: ACTION_BATTERY_CHANGED
04-13 11:12:00.095   796   796 W health@2.0-serv: type=1400 audit(0.0:2418509): avc: denied { read } for name="type" dev="sysfs" ino=55635 scontext=u:r:hal_health_default:s0 tcontext=u:object_r:sysfs:s0 tclass=file permissive=0
04-13 11:12:00.098  6036  6536 D PowerCheckerService: onBatteryChanged, mBatteryLevel = 34, status = 2, level = 34, plug = 2, scale = 100
04-13 11:12:00.099  2862  2862 D DeviceStatisticsService: chargerType=2 batteryLevel=34 totalBatteryCapacity=4320000
04-13 11:12:00.106  2539  2539 D KeyguardUpdateMonitor: received broadcast android.intent.action.BATTERY_CHANGED
04-13 11:12:00.106  2862  2862 D NetworkSpeedTracker: receive actionandroid.intent.action.BATTERY_CHANGED
04-13 11:12:00.106  2862  2862 D NetworkSpeedTracker: onReceive ACTION_BATTERY_CHANGED mBatteryLevel = 34;mIsCharging =true
04-13 11:12:00.107  4115  4115 I BatteryInfoReceiver: ACTION_BATTERY_CHANGED
04-13 11:12:00.109  6036  6536 D PowerCheckerService: onBatteryChanged, mBatteryLevel = 34, status = 2, level = 34, plug = 2, scale = 100
04-13 11:12:00.109  2862  2862 D DeviceStatisticsService: chargerType=2 batteryLevel=34 totalBatteryCapacity=4320000
04-13 11:12:00.135   796   796 W health@2.0-serv: type=1400 audit(0.0:2418510): avc: denied { read } for name="type" dev="sysfs" ino=55635 scontext=u:r:hal_health_default:s0 tcontext=u:object_r:sysfs:s0 tclass=file permissive=0
04-13 11:12:00.139   796   796 W health@2.0-serv: type=1400 audit(0.0:2418511): avc: denied { read } for name="type" dev="sysfs" ino=55635 scontext=u:r:hal_health_default:s0 tcontext=u:object_r:sysfs:s0 tclass=file permissive=0
04-13 11:12:00.144  2539  2539 D KeyguardUpdateMonitor: received broadcast android.intent.action.BATTERY_CHANGED
04-13 11:12:00.145  2862  2862 D NetworkSpeedTracker: receive actionandroid.intent.action.BATTERY_CHANGED
04-13 11:12:00.145  2862  2862 D NetworkSpeedTracker: onReceive ACTION_BATTERY_CHANGED mBatteryLevel = 34;mIsCharging =true
04-13 11:12:00.146  4115  4115 I BatteryInfoReceiver: ACTION_BATTERY_CHANGED
04-13 11:12:00.148  6036  6536 D PowerCheckerService: onBatteryChanged, mBatteryLevel = 34, status = 2, level = 34, plug = 2, scale = 100
04-13 11:12:00.152  2862  2862 D DeviceStatisticsService: chargerType=2 batteryLevel=34 totalBatteryCapacity=4320000
04-13 11:12:00.158  2539  2539 D KeyguardUpdateMonitor: received broadcast android.intent.action.BATTERY_CHANGED
04-13 11:12:00.160  2862  2862 D NetworkSpeedTracker: receive actionandroid.intent.action.BATTERY_CHANGED
04-13 11:12:00.160  2862  2862 D NetworkSpeedTracker: onReceive ACTION_BATTERY_CHANGED mBatteryLevel = 34;mIsCharging =true
04-13 11:12:00.161  4115  4115 I BatteryInfoReceiver: ACTION_BATTERY_CHANGED
04-13 11:12:00.162  6036  6536 D PowerCheckerService: onBatteryChanged, mBatteryLevel = 34, status = 2, level = 34, plug = 2, scale = 100
04-13 11:12:00.165  2862  2862 D DeviceStatisticsService: chargerType=2 batteryLevel=34 totalBatteryCapacity=4320000
04-13 11:12:00.175   796   796 W health@2.0-serv: type=1400 audit(0.0:2418512): avc: denied { read } for name="type" dev="sysfs" ino=55635 scontext=u:r:hal_health_default:s0 tcontext=u:object_r:sysfs:s0 tclass=file permissive=0
04-13 11:12:00.182  2539  2539 D KeyguardUpdateMonitor: received broadcast android.intent.action.BATTERY_CHANGED
04-13 11:12:00.183  4115  4115 I BatteryInfoReceiver: ACTION_BATTERY_CHANGED
04-13 11:12:00.184  2862  2862 D NetworkSpeedTracker: receive actionandroid.intent.action.BATTERY_CHANGED
04-13 11:12:00.184  2862  2862 D NetworkSpeedTracker: onReceive ACTION_BATTERY_CHANGED mBatteryLevel = 34;mIsCharging =true
04-13 11:12:00.185  6036  6536 D PowerCheckerService: onBatteryChanged, mBatteryLevel = 34, status = 2, level = 34, plug = 2, scale = 100
04-13 11:12:00.189  2862  2862 D DeviceStatisticsService: chargerType=2 batteryLevel=34 totalBatteryCapacity=4320000
04-13 11:12:00.192  2539  2539 D KeyguardUpdateMonitor: received broadcast android.intent.action.BATTERY_CHANGED
04-13 11:12:00.192  2862  2862 D NetworkSpeedTracker: receive actionandroid.intent.action.BATTERY_CHANGED
04-13 11:12:00.192  2862  2862 D NetworkSpeedTracker: onReceive ACTION_BATTERY_CHANGED mBatteryLevel = 34;mIsCharging =true
04-13 11:12:00.193  4115  4115 I BatteryInfoReceiver: ACTION_BATTERY_CHANGED
04-13 11:12:00.194  6036  6536 D PowerCheckerService: onBatteryChanged, mBatteryLevel = 34, status = 2, level = 34, plug = 2, scale = 100
04-13 11:12:00.196  2862  2862 D DeviceStatisticsService: chargerType=2 batteryLevel=34 totalBatteryCapacity=4320000
04-13 11:12:00.201 22826 22826 E libc    : Access denied finding property "vendor.audio.hal.boot.timeout.ms"
04-13 11:12:00.224 22826 22826 W AVMediaServiceUtils: symbol createExtendedMediaServiceUtils not found:  undefined symbol: createExtendedMediaServiceUtils
04-13 11:12:00.226 22826 22826 D AndroidRuntime: >>>>>> START com.android.internal.os.RuntimeInit uid 2000 <<<<<<
04-13 11:12:00.228 22826 22826 E libc    : Access denied finding property "persist.device_config.runtime_native_boot.enable_apex_image"
04-13 11:12:00.229 22826 22826 I AndroidRuntime: Using default boot image
04-13 11:12:00.229 22826 22826 E libc    : Access denied finding property "persist.device_config.runtime_native_boot.disable_lock_profiling"
04-13 11:12:00.229 22826 22826 I AndroidRuntime: Leaving lock profiling enabled
04-13 11:12:00.229 22826 22826 E libc    : Access denied finding property "persist.device_config.runtime_native_boot.enable_generational_cc"
04-13 11:12:00.243  2539  2539 D KeyguardUpdateMonitor: received broadcast android.intent.action.BATTERY_CHANGED
04-13 11:12:00.244  2862  2862 D NetworkSpeedTracker: receive actionandroid.intent.action.BATTERY_CHANGED
04-13 11:12:00.245  2862  2862 D NetworkSpeedTracker: onReceive ACTION_BATTERY_CHANGED mBatteryLevel = 34;mIsCharging =true
04-13 11:12:00.247  4115  4115 I BatteryInfoReceiver: ACTION_BATTERY_CHANGED
04-13 11:12:00.248  6036  6536 D PowerCheckerService: onBatteryChanged, mBatteryLevel = 34, status = 2, level = 34, plug = 2, scale = 100
04-13 11:12:00.250  2862  2862 D DeviceStatisticsService: chargerType=2 batteryLevel=34 totalBatteryCapacity=4320000
04-13 11:12:00.258  2539  2539 D KeyguardUpdateMonitor: received broadcast android.intent.action.BATTERY_CHANGED
04-13 11:12:00.259  2862  2862 D NetworkSpeedTracker: receive actionandroid.intent.action.BATTERY_CHANGED
04-13 11:12:00.259  2862  2862 D NetworkSpeedTracker: onReceive ACTION_BATTERY_CHANGED mBatteryLevel = 34;mIsCharging =true
04-13 11:12:00.260  4115  4115 I BatteryInfoReceiver: ACTION_BATTERY_CHANGED
04-13 11:12:00.261  6036  6536 D PowerCheckerService: onBatteryChanged, mBatteryLevel = 34, status = 2, level = 34, plug = 2, scale = 100
04-13 11:12:00.268  2862  2862 D DeviceStatisticsService: chargerType=2 batteryLevel=34 totalBatteryCapacity=4320000
04-13 11:12:00.275  2862  2862 D NetworkSpeedTracker: receive actionandroid.intent.action.BATTERY_CHANGED
04-13 11:12:00.275  2862  2862 D NetworkSpeedTracker: onReceive ACTION_BATTERY_CHANGED mBatteryLevel = 34;mIsCharging =true
04-13 11:12:00.276  6036  6536 D PowerCheckerService: onBatteryChanged, mBatteryLevel = 34, status = 2, level = 34, plug = 2, scale = 100
04-13 11:12:00.276  4115  4115 I BatteryInfoReceiver: ACTION_BATTERY_CHANGED
04-13 11:12:00.281  2539  2539 D KeyguardUpdateMonitor: received broadcast android.intent.action.BATTERY_CHANGED
04-13 11:12:00.290  2862  2862 D DeviceStatisticsService: chargerType=2 batteryLevel=34 totalBatteryCapacity=4320000
04-13 11:12:00.292 22826 22826 D ICU     : Time zone APEX file found: /apex/com.android.tzdata/etc/icu/icu_tzdata.dat
04-13 11:12:00.293  2539  2539 D KeyguardUpdateMonitor: received broadcast android.intent.action.BATTERY_CHANGED
04-13 11:12:00.294  2862  2862 D NetworkSpeedTracker: receive actionandroid.intent.action.BATTERY_CHANGED
04-13 11:12:00.294  2862  2862 D NetworkSpeedTracker: onReceive ACTION_BATTERY_CHANGED mBatteryLevel = 34;mIsCharging =true
04-13 11:12:00.296  4115  4115 I BatteryInfoReceiver: ACTION_BATTERY_CHANGED
04-13 11:12:00.297  6036  6536 D PowerCheckerService: onBatteryChanged, mBatteryLevel = 34, status = 2, level = 34, plug = 2, scale = 100
04-13 11:12:00.300  2862  2862 D DeviceStatisticsService: chargerType=2 batteryLevel=34 totalBatteryCapacity=4320000
04-13 11:12:00.300 22826 22826 I app_process: The ClassLoaderContext is a special shared library.
04-13 11:12:00.315 22826 22826 W app_process: JNI RegisterNativeMethods: attempt to register 0 native methods for android.media.AudioAttributes
04-13 11:12:00.318  2539  2539 D KeyguardUpdateMonitor: received broadcast android.intent.action.BATTERY_CHANGED
04-13 11:12:00.319  2862  2862 D NetworkSpeedTracker: receive actionandroid.intent.action.BATTERY_CHANGED
04-13 11:12:00.319  2862  2862 D NetworkSpeedTracker: onReceive ACTION_BATTERY_CHANGED mBatteryLevel = 34;mIsCharging =true
04-13 11:12:00.319  4115  4115 I BatteryInfoReceiver: ACTION_BATTERY_CHANGED
04-13 11:12:00.320  6036  6536 D PowerCheckerService: onBatteryChanged, mBatteryLevel = 34, status = 2, level = 34, plug = 2, scale = 100
04-13 11:12:00.322 22826 22826 D AndroidRuntime: Calling main entry com.android.commands.am.Am
04-13 11:12:00.327  1571  3540 I ActivityManager: Force stopping io.appium.uiautomator2.server appid=10290 user=0: start instr
04-13 11:12:00.328  1571  3540 I AutoStartManagerService: MIUILOG- Reject RestartService packageName :io.appium.uiautomator2.server uid : 10290
04-13 11:12:00.334  2862  2862 D DeviceStatisticsService: chargerType=2 batteryLevel=34 totalBatteryCapacity=4320000
04-13 11:12:00.335  1571  2437 I MiuiNetworkPolicy: updateUidState uid = 10290, uidState = 20
04-13 11:12:00.336  2539  2539 D KeyguardUpdateMonitor: received broadcast android.intent.action.BATTERY_CHANGED
04-13 11:12:00.337  2862  2862 D NetworkSpeedTracker: receive actionandroid.intent.action.BATTERY_CHANGED
04-13 11:12:00.337  2862  2862 D NetworkSpeedTracker: onReceive ACTION_BATTERY_CHANGED mBatteryLevel = 34;mIsCharging =true
04-13 11:12:00.338  6036  6536 D PowerCheckerService: onBatteryChanged, mBatteryLevel = 34, status = 2, level = 34, plug = 2, scale = 100
04-13 11:12:00.338  4115  4115 I BatteryInfoReceiver: ACTION_BATTERY_CHANGED
04-13 11:12:00.342  2862  2862 D DeviceStatisticsService: chargerType=2 batteryLevel=34 totalBatteryCapacity=4320000
04-13 11:12:00.352   678   678 D Zygote  : Forked child process 22840
04-13 11:12:00.355   677   677 D OemNetd : setPidForPackage: packageName=io.appium.uiautomator2.server, pid=22840, pid=10290
04-13 11:12:00.356  1571  1710 I ActivityManager: Start proc 22840:io.appium.uiautomator2.server/u0a290 for added application io.appium.uiautomator2.server caller=android
04-13 11:12:00.361 22840 22840 I tomator2.serve: Late-enabling -Xcheck:jni
04-13 11:12:00.364  2539  2539 D KeyguardUpdateMonitor: received broadcast android.intent.action.BATTERY_CHANGED
04-13 11:12:00.364  2862  2862 D NetworkSpeedTracker: receive actionandroid.intent.action.BATTERY_CHANGED
04-13 11:12:00.365  2862  2862 D NetworkSpeedTracker: onReceive ACTION_BATTERY_CHANGED mBatteryLevel = 34;mIsCharging =true
04-13 11:12:00.366  4115  4115 I BatteryInfoReceiver: ACTION_BATTERY_CHANGED
04-13 11:12:00.368  6036  6536 D PowerCheckerService: onBatteryChanged, mBatteryLevel = 34, status = 2, level = 34, plug = 2, scale = 100
04-13 11:12:00.374  2862  2862 D DeviceStatisticsService: chargerType=2 batteryLevel=34 totalBatteryCapacity=4320000
04-13 11:12:00.377  2539  2539 D KeyguardUpdateMonitor: received broadcast android.intent.action.BATTERY_CHANGED
04-13 11:12:00.378  2862  2862 D NetworkSpeedTracker: receive actionandroid.intent.action.BATTERY_CHANGED
04-13 11:12:00.378  2862  2862 D NetworkSpeedTracker: onReceive ACTION_BATTERY_CHANGED mBatteryLevel = 34;mIsCharging =true
04-13 11:12:00.379  4115  4115 I BatteryInfoReceiver: ACTION_BATTERY_CHANGED
04-13 11:12:00.380  6036  6536 D PowerCheckerService: onBatteryChanged, mBatteryLevel = 34, status = 2, level = 34, plug = 2, scale = 100
04-13 11:12:00.382  2862  2862 D DeviceStatisticsService: chargerType=2 batteryLevel=34 totalBatteryCapacity=4320000
04-13 11:12:00.393 22840 22840 E tomator2.serve: Unknown bits set in runtime_flags: 0x8000
04-13 11:12:00.404  2539  2539 D KeyguardUpdateMonitor: received broadcast android.intent.action.BATTERY_CHANGED
04-13 11:12:00.405  4115  4115 I BatteryInfoReceiver: ACTION_BATTERY_CHANGED
04-13 11:12:00.405  2862  2862 D NetworkSpeedTracker: receive actionandroid.intent.action.BATTERY_CHANGED
04-13 11:12:00.406  6036  6536 D PowerCheckerService: onBatteryChanged, mBatteryLevel = 34, status = 2, level = 34, plug = 2, scale = 100
04-13 11:12:00.408  2862  2862 D NetworkSpeedTracker: onReceive ACTION_BATTERY_CHANGED mBatteryLevel = 34;mIsCharging =true
04-13 11:12:00.408  2539  2539 D KeyguardUpdateMonitor: received broadcast android.intent.action.BATTERY_CHANGED
04-13 11:12:00.410  2862  2862 D DeviceStatisticsService: chargerType=2 batteryLevel=34 totalBatteryCapacity=4320000
04-13 11:12:00.410  4115  4115 I BatteryInfoReceiver: ACTION_BATTERY_CHANGED
04-13 11:12:00.411  2862  2862 D NetworkSpeedTracker: receive actionandroid.intent.action.BATTERY_CHANGED
04-13 11:12:00.411  2862  2862 D NetworkSpeedTracker: onReceive ACTION_BATTERY_CHANGED mBatteryLevel = 34;mIsCharging =true
04-13 11:12:00.411  6036  6536 D PowerCheckerService: onBatteryChanged, mBatteryLevel = 34, status = 2, level = 34, plug = 2, scale = 100
04-13 11:12:00.412  2862  2862 D DeviceStatisticsService: chargerType=2 batteryLevel=34 totalBatteryCapacity=4320000
04-13 11:12:00.417  1571  3540 D CompatibilityInfo: mCompatibilityFlags - 0
04-13 11:12:00.417  1571  3540 D CompatibilityInfo: applicationDensity - 440
04-13 11:12:00.417  1571  3540 D CompatibilityInfo: applicationScale - 1.0
04-13 11:12:00.419  1571  2437 I MiuiNetworkPolicy: updateUidState uid = 10290, uidState = 5
04-13 11:12:00.449  2539  2539 D KeyguardUpdateMonitor: received broadcast android.intent.action.BATTERY_CHANGED
04-13 11:12:00.450  2862  2862 D NetworkSpeedTracker: receive actionandroid.intent.action.BATTERY_CHANGED
04-13 11:12:00.450  2862  2862 D NetworkSpeedTracker: onReceive ACTION_BATTERY_CHANGED mBatteryLevel = 34;mIsCharging =true
04-13 11:12:00.451  4115  4115 I BatteryInfoReceiver: ACTION_BATTERY_CHANGED
04-13 11:12:00.451  6036  6536 D PowerCheckerService: onBatteryChanged, mBatteryLevel = 34, status = 2, level = 34, plug = 2, scale = 100
04-13 11:12:00.455  2862  2862 D DeviceStatisticsService: chargerType=2 batteryLevel=34 totalBatteryCapacity=4320000
04-13 11:12:00.459  2539  2539 D KeyguardUpdateMonitor: received broadcast android.intent.action.BATTERY_CHANGED
04-13 11:12:00.459  4115  4115 I BatteryInfoReceiver: ACTION_BATTERY_CHANGED
04-13 11:12:00.460  2862  2862 D NetworkSpeedTracker: receive actionandroid.intent.action.BATTERY_CHANGED
04-13 11:12:00.460  2862  2862 D NetworkSpeedTracker: onReceive ACTION_BATTERY_CHANGED mBatteryLevel = 34;mIsCharging =true
04-13 11:12:00.460  6036  6536 D PowerCheckerService: onBatteryChanged, mBatteryLevel = 34, status = 2, level = 34, plug = 2, scale = 100
04-13 11:12:00.462  2862  2862 D DeviceStatisticsService: chargerType=2 batteryLevel=34 totalBatteryCapacity=4320000
04-13 11:12:00.493  2862  2862 D NetworkSpeedTracker: receive actionandroid.intent.action.BATTERY_CHANGED
04-13 11:12:00.493  2862  2862 D NetworkSpeedTracker: onReceive ACTION_BATTERY_CHANGED mBatteryLevel = 34;mIsCharging =true
04-13 11:12:00.494  2539  2539 D KeyguardUpdateMonitor: received broadcast android.intent.action.BATTERY_CHANGED
04-13 11:12:00.494  4115  4115 I BatteryInfoReceiver: ACTION_BATTERY_CHANGED
04-13 11:12:00.495  6036  6536 D PowerCheckerService: onBatteryChanged, mBatteryLevel = 34, status = 2, level = 34, plug = 2, scale = 100
04-13 11:12:00.500  2862  2862 D DeviceStatisticsService: chargerType=2 batteryLevel=34 totalBatteryCapacity=4320000
04-13 11:12:00.501  2539  2539 D KeyguardUpdateMonitor: received broadcast android.intent.action.BATTERY_CHANGED
04-13 11:12:00.502  2862  2862 D NetworkSpeedTracker: receive actionandroid.intent.action.BATTERY_CHANGED
04-13 11:12:00.502  2862  2862 D NetworkSpeedTracker: onReceive ACTION_BATTERY_CHANGED mBatteryLevel = 34;mIsCharging =true
04-13 11:12:00.503  4115  4115 I BatteryInfoReceiver: ACTION_BATTERY_CHANGED
04-13 11:12:00.503  6036  6536 D PowerCheckerService: onBatteryChanged, mBatteryLevel = 34, status = 2, level = 34, plug = 2, scale = 100
04-13 11:12:00.506  2862  2862 D DeviceStatisticsService: chargerType=2 batteryLevel=34 totalBatteryCapacity=4320000
04-13 11:12:00.518 22840 22840 I tomator2.serve: The ClassLoaderContext is a special shared library.
04-13 11:12:00.519 22840 22840 I tomator2.serve: The ClassLoaderContext is a special shared library.
04-13 11:12:00.520 22840 22840 W tomator2.serve: ClassLoaderContext classpath size mismatch. expected=0, found=2 (PCL[]{PCL[/system/framework/android.test.mock.jar*3601177991]{PCL[/system/framework/android.test.base.jar*1299883780]}#PCL[/system/framework/android.test.runner.jar*3312018701]{PCL[/system/framework/android.test.base.jar*1299883780]#PCL[/system/framework/android.test.mock.jar*3601177991]{PCL[/system/framework/android.test.base.jar*1299883780]}}} | PCL[/system/framework/android.test.runner.jar*3312018701:/system/framework/android.test.mock.jar*3601177991])
04-13 11:12:00.523 22840 22840 W tomator2.serve: ClassLoaderContext classpath size mismatch. expected=0, found=4 (PCL[] | PCL[/system/framework/android.test.runner.jar*3312018701:/system/framework/android.test.mock.jar*3601177991:/data/app/io.appium.uiautomator2.server.test-5sTWAZQJnEJOGopNUrTC1w==/base.apk*809781538:/data/app/io.appium.uiautomator2.server.test-5sTWAZQJnEJOGopNUrTC1w==/base.apk!classes2.dex*4010845360])
04-13 11:12:00.523 22840 22840 W tomator2.serve: Found duplicate classes, falling back to extracting from APK : /data/app/io.appium.uiautomator2.server-UxcHhRZeN4w1qgVLv6FiMg==/base.apk
04-13 11:12:00.523 22840 22840 W tomator2.serve: NOTE: This wastes RAM and hurts startup performance.
