04-13 11:00:30.629 20196 20196 W tomator2.serve: Found duplicated class when checking oat files: 'Landroidx/test/espresso/AmbiguousViewMatcherException$1;' in /data/app/io.appium.uiautomator2.server.test-5sTWAZQJnEJOGopNUrTC1w==/base.apk and /data/app/io.appium.uiautomator2.server.test-5sTWAZQJnEJOGopNUrTC1w==/base.apk
04-13 11:00:30.629 20196 20196 W tomator2.serve:
04-13 11:00:30.630  4115  4115 I BatteryInfoReceiver: ACTION_BATTERY_CHANGED
04-13 11:00:30.631  6036  6536 D PowerCheckerService: onBatteryChanged, mBatteryLevel = 34, status = 2, level = 34, plug = 2, scale = 100
04-13 11:00:30.637  2862  2862 D DeviceStatisticsService: chargerType=2 batteryLevel=34 totalBatteryCapacity=4320000
04-13 11:00:30.641  2539  2539 D KeyguardUpdateMonitor: received broadcast android.intent.action.BATTERY_CHANGED
04-13 11:00:30.642  2862  2862 D NetworkSpeedTracker: receive actionandroid.intent.action.BATTERY_CHANGED
04-13 11:00:30.642  2862  2862 D NetworkSpeedTracker: onReceive ACTION_BATTERY_CHANGED mBatteryLevel = 34;mIsCharging =true
04-13 11:00:30.646  4115  4115 I BatteryInfoReceiver: ACTION_BATTERY_CHANGED
04-13 11:00:30.648  6036  6536 D PowerCheckerService: onBatteryChanged, mBatteryLevel = 34, status = 2, level = 34, plug = 2, scale = 100
04-13 11:00:30.649 20196 20196 W tomator2.serve: ClassLoaderContext classpath size mismatch. expected=0, found=4 (PCL[] | PCL[/system/framework/android.test.runner.jar*3312018701:/system/framework/android.test.mock.jar*3601177991:/data/app/io.appium.uiautomator2.server.test-5sTWAZQJnEJOGopNUrTC1w==/base.apk*809781538:/data/app/io.appium.uiautomator2.server.test-5sTWAZQJnEJOGopNUrTC1w==/base.apk!classes2.dex*4010845360];PCL[/system/framework/android.test.runner.jar*3312018701:/system/framework/android.test.mock.jar*3601177991:/data/app/io.appium.uiautomator2.server.test-5sTWAZQJnEJOGopNUrTC1w==/base.apk*809781538:/data/app/io.appium.uiautomator2.server.test-5sTWAZQJnEJOGopNUrTC1w==/base.apk!classes2.dex*4010845360:/data/app/io.appium.uiautomator2.server-UxcHhRZeN4w1qgVLv6FiMg==/base.apk*3298127340:/data/app/io.appium.uiautomator2.server-UxcHhRZeN4w1qgVLv6FiMg==/base.apk!classes2.dex*1824187923])
04-13 11:00:30.649 20196 20196 W tomator2.serve: Found duplicate classes, falling back to extracting from APK : /data/app/io.appium.uiautomator2.server-UxcHhRZeN4w1qgVLv6FiMg==/base.apk
04-13 11:00:30.649 20196 20196 W tomator2.serve: NOTE: This wastes RAM and hurts startup performance.
04-13 11:00:30.649 20196 20196 W tomator2.serve: Found duplicated class when checking oat files: 'Landroid_libs/ub_uiautomator/R;' in /data/app/io.appium.uiautomator2.server-UxcHhRZeN4w1qgVLv6FiMg==/base.apk!classes2.dex and /data/app/io.appium.uiautomator2.server-UxcHhRZeN4w1qgVLv6FiMg==/base.apk!classes2.dex
04-13 11:00:30.649 20196 20196 W tomator2.serve:
04-13 11:00:30.649  2862  2862 D DeviceStatisticsService: chargerType=2 batteryLevel=34 totalBatteryCapacity=4320000
04-13 11:00:30.682  2862  2862 D NetworkSpeedTracker: receive actionandroid.intent.action.BATTERY_CHANGED
04-13 11:00:30.682  2539  2539 D KeyguardUpdateMonitor: received broadcast android.intent.action.BATTERY_CHANGED
04-13 11:00:30.683  2862  2862 D NetworkSpeedTracker: onReceive ACTION_BATTERY_CHANGED mBatteryLevel = 34;mIsCharging =true
04-13 11:00:30.683  4115  4115 I BatteryInfoReceiver: ACTION_BATTERY_CHANGED
04-13 11:00:30.684  6036  6536 D PowerCheckerService: onBatteryChanged, mBatteryLevel = 34, status = 2, level = 34, plug = 2, scale = 100
04-13 11:00:30.684  2862  2862 D DeviceStatisticsService: chargerType=2 batteryLevel=34 totalBatteryCapacity=4320000
04-13 11:00:30.704 20196 20196 W tomator2.serve: Accessing hidden method Landroid/app/Instrumentation;->execStartActivity(Landroid/content/Context;Landroid/os/IBinder;Landroid/os/IBinder;Landroid/app/Activity;Landroid/content/Intent;ILandroid/os/Bundle;)Landroid/app/Instrumentation$ActivityResult; (greylist, linking, allowed)
04-13 11:00:30.704 20196 20196 W tomator2.serve: Accessing hidden method Landroid/app/Instrumentation;->execStartActivity(Landroid/content/Context;Landroid/os/IBinder;Landroid/os/IBinder;Ljava/lang/String;Landroid/content/Intent;ILandroid/os/Bundle;)Landroid/app/Instrumentation$ActivityResult; (greylist, linking, allowed)
04-13 11:00:30.710 20196 20196 I MonitoringInstr: Instrumentation started!
04-13 11:00:30.712  2862  2862 D NetworkSpeedTracker: receive actionandroid.intent.action.BATTERY_CHANGED
04-13 11:00:30.712  2862  2862 D NetworkSpeedTracker: onReceive ACTION_BATTERY_CHANGED mBatteryLevel = 34;mIsCharging =true
04-13 11:00:30.712  2539  2539 D KeyguardUpdateMonitor: received broadcast android.intent.action.BATTERY_CHANGED
04-13 11:00:30.714  6036  6536 D PowerCheckerService: onBatteryChanged, mBatteryLevel = 34, status = 2, level = 34, plug = 2, scale = 100
04-13 11:00:30.716  4115  4115 I BatteryInfoReceiver: ACTION_BATTERY_CHANGED
04-13 11:00:30.719 20196 20196 I FeatureParser: can't find gauguinpro.xml in assets/device_features/,it may be in /vendor/etc/device_features
04-13 11:00:30.722  2862  2862 D DeviceStatisticsService: chargerType=2 batteryLevel=34 totalBatteryCapacity=4320000
04-13 11:00:30.727  2539  2539 D KeyguardUpdateMonitor: received broadcast android.intent.action.BATTERY_CHANGED
04-13 11:00:30.728  2862  2862 D NetworkSpeedTracker: receive actionandroid.intent.action.BATTERY_CHANGED
04-13 11:00:30.728  2862  2862 D NetworkSpeedTracker: onReceive ACTION_BATTERY_CHANGED mBatteryLevel = 34;mIsCharging =true
04-13 11:00:30.728 20196 20196 E libc    : Access denied finding property "ro.vendor.df.effect.conflict"
04-13 11:00:30.729 20196 20196 E libc    : Access denied finding property "ro.vendor.knock.type"
04-13 11:00:30.730  4115  4115 I BatteryInfoReceiver: ACTION_BATTERY_CHANGED
04-13 11:00:30.731 20196 20196 I MonitoringInstr: No JSBridge.
04-13 11:00:30.731  6036  6536 D PowerCheckerService: onBatteryChanged, mBatteryLevel = 34, status = 2, level = 34, plug = 2, scale = 100
04-13 11:00:30.732  2862  2862 D DeviceStatisticsService: chargerType=2 batteryLevel=34 totalBatteryCapacity=4320000
04-13 11:00:30.745 20196 20216 I UsageTrackerFacilitator: Usage tracking enabled
04-13 11:00:30.747 20196 20216 I TestRequestBuilder: Scanning classpath to find tests in paths [/data/app/io.appium.uiautomator2.server.test-5sTWAZQJnEJOGopNUrTC1w==/base.apk]
04-13 11:00:30.748 20196 20216 W tomator2.serve: Opening an oat file without a class loader. Are you using the deprecated DexFile APIs?
04-13 11:00:30.749 20196 20216 W tomator2.serve: Skipping duplicate class check due to unsupported classloader
04-13 11:00:30.757  2539  2539 D KeyguardUpdateMonitor: received broadcast android.intent.action.BATTERY_CHANGED
04-13 11:00:30.761  2862  2862 D NetworkSpeedTracker: receive actionandroid.intent.action.BATTERY_CHANGED
04-13 11:00:30.761  2862  2862 D NetworkSpeedTracker: onReceive ACTION_BATTERY_CHANGED mBatteryLevel = 34;mIsCharging =true
04-13 11:00:30.763  4115  4115 I BatteryInfoReceiver: ACTION_BATTERY_CHANGED
04-13 11:00:30.763  6036  6536 D PowerCheckerService: onBatteryChanged, mBatteryLevel = 34, status = 2, level = 34, plug = 2, scale = 100
04-13 11:00:30.776  2862  2862 D DeviceStatisticsService: chargerType=2 batteryLevel=34 totalBatteryCapacity=4320000
04-13 11:00:30.777  2539  2539 D KeyguardUpdateMonitor: received broadcast android.intent.action.BATTERY_CHANGED
04-13 11:00:30.779  2862  2862 D NetworkSpeedTracker: receive actionandroid.intent.action.BATTERY_CHANGED
04-13 11:00:30.779  2862  2862 D NetworkSpeedTracker: onReceive ACTION_BATTERY_CHANGED mBatteryLevel = 34;mIsCharging =true
04-13 11:00:30.780  4115  4115 I BatteryInfoReceiver: ACTION_BATTERY_CHANGED
04-13 11:00:30.781  6036  6536 D PowerCheckerService: onBatteryChanged, mBatteryLevel = 34, status = 2, level = 34, plug = 2, scale = 100
04-13 11:00:30.783  2862  2862 D DeviceStatisticsService: chargerType=2 batteryLevel=34 totalBatteryCapacity=4320000
04-13 11:00:30.802  2539  2539 D KeyguardUpdateMonitor: received broadcast android.intent.action.BATTERY_CHANGED
04-13 11:00:30.803  2862  2862 D NetworkSpeedTracker: receive actionandroid.intent.action.BATTERY_CHANGED
04-13 11:00:30.803  2862  2862 D NetworkSpeedTracker: onReceive ACTION_BATTERY_CHANGED mBatteryLevel = 34;mIsCharging =true
04-13 11:00:30.804  4115  4115 I BatteryInfoReceiver: ACTION_BATTERY_CHANGED
04-13 11:00:30.805  6036  6536 D PowerCheckerService: onBatteryChanged, mBatteryLevel = 34, status = 2, level = 34, plug = 2, scale = 100
04-13 11:00:30.812  2862  2862 D DeviceStatisticsService: chargerType=2 batteryLevel=34 totalBatteryCapacity=4320000
04-13 11:00:30.814  2539  2539 D KeyguardUpdateMonitor: received broadcast android.intent.action.BATTERY_CHANGED
04-13 11:00:30.815  2862  2862 D NetworkSpeedTracker: receive actionandroid.intent.action.BATTERY_CHANGED
04-13 11:00:30.815  2862  2862 D NetworkSpeedTracker: onReceive ACTION_BATTERY_CHANGED mBatteryLevel = 34;mIsCharging =true
04-13 11:00:30.816  4115  4115 I BatteryInfoReceiver: ACTION_BATTERY_CHANGED
04-13 11:00:30.818  6036  6536 D PowerCheckerService: onBatteryChanged, mBatteryLevel = 34, status = 2, level = 34, plug = 2, scale = 100
04-13 11:00:30.820  2862  2862 D DeviceStatisticsService: chargerType=2 batteryLevel=34 totalBatteryCapacity=4320000
04-13 11:00:30.827   787 17688 I vendor.qti.bluetooth@1.0-ibs_handler: DeviceSleep: TX Awake, Sending SLEEP_IND
04-13 11:00:30.827   787 17688 D vendor.qti.bluetooth@1.0-ibs_handler: SerialClockVote: vote for UART CLK OFF
04-13 11:00:30.846  2862  2862 D NetworkSpeedTracker: receive actionandroid.intent.action.BATTERY_CHANGED
04-13 11:00:30.847  2862  2862 D NetworkSpeedTracker: onReceive ACTION_BATTERY_CHANGED mBatteryLevel = 34;mIsCharging =true
04-13 11:00:30.848  4115  4115 I BatteryInfoReceiver: ACTION_BATTERY_CHANGED
04-13 11:00:30.848  6036  6536 D PowerCheckerService: onBatteryChanged, mBatteryLevel = 34, status = 2, level = 34, plug = 2, scale = 100
04-13 11:00:30.850  2539  2539 D KeyguardUpdateMonitor: received broadcast android.intent.action.BATTERY_CHANGED
04-13 11:00:30.855  2862  2862 D DeviceStatisticsService: chargerType=2 batteryLevel=34 totalBatteryCapacity=4320000
04-13 11:00:30.858  2539  2539 D KeyguardUpdateMonitor: received broadcast android.intent.action.BATTERY_CHANGED
04-13 11:00:30.858  2862  2862 D NetworkSpeedTracker: receive actionandroid.intent.action.BATTERY_CHANGED
04-13 11:00:30.859  2862  2862 D NetworkSpeedTracker: onReceive ACTION_BATTERY_CHANGED mBatteryLevel = 34;mIsCharging =true
04-13 11:00:30.860  6036  6536 D PowerCheckerService: onBatteryChanged, mBatteryLevel = 34, status = 2, level = 34, plug = 2, scale = 100
04-13 11:00:30.861  4115  4115 I BatteryInfoReceiver: ACTION_BATTERY_CHANGED
04-13 11:00:30.863  2862  2862 D DeviceStatisticsService: chargerType=2 batteryLevel=34 totalBatteryCapacity=4320000
04-13 11:00:30.889  2539  2539 D KeyguardUpdateMonitor: received broadcast android.intent.action.BATTERY_CHANGED
04-13 11:00:30.890  2862  2862 D NetworkSpeedTracker: receive actionandroid.intent.action.BATTERY_CHANGED
04-13 11:00:30.890  2862  2862 D NetworkSpeedTracker: onReceive ACTION_BATTERY_CHANGED mBatteryLevel = 34;mIsCharging =true
04-13 11:00:30.890  4115  4115 I BatteryInfoReceiver: ACTION_BATTERY_CHANGED
04-13 11:00:30.891  6036  6536 D PowerCheckerService: onBatteryChanged, mBatteryLevel = 34, status = 2, level = 34, plug = 2, scale = 100
04-13 11:00:30.891  2862  2862 D DeviceStatisticsService: chargerType=2 batteryLevel=34 totalBatteryCapacity=4320000
04-13 11:00:30.899 20196 20216 D TestExecutor: Adding listener androidx.test.internal.runner.listener.LogRunListener
04-13 11:00:30.899 20196 20216 D TestExecutor: Adding listener androidx.test.internal.runner.listener.InstrumentationResultPrinter
04-13 11:00:30.899 20196 20216 D TestExecutor: Adding listener androidx.test.internal.runner.listener.ActivityFinisherRunListener
04-13 11:00:30.900 20196 20216 I TestRunner: run started: 1 tests
04-13 11:00:30.901  2539  2539 D KeyguardUpdateMonitor: received broadcast android.intent.action.BATTERY_CHANGED
04-13 11:00:30.902 20196 20216 I TestRunner: started: startServer(io.appium.uiautomator2.server.test.AppiumUiAutomator2Server)
04-13 11:00:30.902  2862  2862 D NetworkSpeedTracker: receive actionandroid.intent.action.BATTERY_CHANGED
04-13 11:00:30.902  2862  2862 D NetworkSpeedTracker: onReceive ACTION_BATTERY_CHANGED mBatteryLevel = 34;mIsCharging =true
04-13 11:00:30.903  4115  4115 I BatteryInfoReceiver: ACTION_BATTERY_CHANGED
04-13 11:00:30.904  6036  6536 D PowerCheckerService: onBatteryChanged, mBatteryLevel = 34, status = 2, level = 34, plug = 2, scale = 100
04-13 11:00:30.906 20196 20216 I appium  : [AppiumUiAutomator2Server] Starting Server
04-13 11:00:30.907  2862  2862 D DeviceStatisticsService: chargerType=2 batteryLevel=34 totalBatteryCapacity=4320000
04-13 11:00:30.933  2539  2539 D KeyguardUpdateMonitor: received broadcast android.intent.action.BATTERY_CHANGED
04-13 11:00:30.936  2862  2862 D NetworkSpeedTracker: receive actionandroid.intent.action.BATTERY_CHANGED
04-13 11:00:30.936  2862  2862 D NetworkSpeedTracker: onReceive ACTION_BATTERY_CHANGED mBatteryLevel = 34;mIsCharging =true
04-13 11:00:30.938  4115  4115 I BatteryInfoReceiver: ACTION_BATTERY_CHANGED
04-13 11:00:30.939  6036  6536 D PowerCheckerService: onBatteryChanged, mBatteryLevel = 34, status = 2, level = 34, plug = 2, scale = 100
04-13 11:00:30.941  2862  2862 D DeviceStatisticsService: chargerType=2 batteryLevel=34 totalBatteryCapacity=4320000
04-13 11:00:30.944  2539  2539 D KeyguardUpdateMonitor: received broadcast android.intent.action.BATTERY_CHANGED
04-13 11:00:30.946  2862  2862 D NetworkSpeedTracker: receive actionandroid.intent.action.BATTERY_CHANGED
04-13 11:00:30.946  2862  2862 D NetworkSpeedTracker: onReceive ACTION_BATTERY_CHANGED mBatteryLevel = 34;mIsCharging =true
04-13 11:00:30.946  4115  4115 I BatteryInfoReceiver: ACTION_BATTERY_CHANGED
04-13 11:00:30.947  6036  6536 D PowerCheckerService: onBatteryChanged, mBatteryLevel = 34, status = 2, level = 34, plug = 2, scale = 100
04-13 11:00:30.949  2862  2862 D DeviceStatisticsService: chargerType=2 batteryLevel=34 totalBatteryCapacity=4320000
04-13 11:00:30.971   796   796 W health@2.0-serv: type=1400 audit(0.0:2387214): avc: denied { read } for name="type" dev="sysfs" ino=55635 scontext=u:r:hal_health_default:s0 tcontext=u:object_r:sysfs:s0 tclass=file permissive=0
04-13 11:00:30.977   787 17601 D vendor.qti.bluetooth@1.0-wake_lock: Release wakelock is released
04-13 11:00:30.979  2539  2539 D KeyguardUpdateMonitor: received broadcast android.intent.action.BATTERY_CHANGED
04-13 11:00:30.980  2862  2862 D NetworkSpeedTracker: receive actionandroid.intent.action.BATTERY_CHANGED
04-13 11:00:30.979   796   796 W health@2.0-serv: type=1400 audit(0.0:2387215): avc: denied { read } for name="type" dev="sysfs" ino=55635 scontext=u:r:hal_health_default:s0 tcontext=u:object_r:sysfs:s0 tclass=file permissive=0
04-13 11:00:30.980  2862  2862 D NetworkSpeedTracker: onReceive ACTION_BATTERY_CHANGED mBatteryLevel = 34;mIsCharging =true
04-13 11:00:30.981  4115  4115 I BatteryInfoReceiver: ACTION_BATTERY_CHANGED
04-13 11:00:30.981  6036  6536 D PowerCheckerService: onBatteryChanged, mBatteryLevel = 34, status = 2, level = 34, plug = 2, scale = 100
04-13 11:00:30.983  2862  2862 D DeviceStatisticsService: chargerType=2 batteryLevel=34 totalBatteryCapacity=4320000
04-13 11:00:30.987  2539  2539 D KeyguardUpdateMonitor: received broadcast android.intent.action.BATTERY_CHANGED
04-13 11:00:30.988  2862  2862 D NetworkSpeedTracker: receive actionandroid.intent.action.BATTERY_CHANGED
04-13 11:00:30.989  2862  2862 D NetworkSpeedTracker: onReceive ACTION_BATTERY_CHANGED mBatteryLevel = 34;mIsCharging =true
04-13 11:00:30.990  4115  4115 I BatteryInfoReceiver: ACTION_BATTERY_CHANGED
04-13 11:00:30.991  6036  6536 D PowerCheckerService: onBatteryChanged, mBatteryLevel = 34, status = 2, level = 34, plug = 2, scale = 100
04-13 11:00:30.992  2862  2862 D DeviceStatisticsService: chargerType=2 batteryLevel=34 totalBatteryCapacity=4320000
04-13 11:00:31.015   796   796 W health@2.0-serv: type=1400 audit(0.0:2387216): avc: denied { read } for name="type" dev="sysfs" ino=55635 scontext=u:r:hal_health_default:s0 tcontext=u:object_r:sysfs:s0 tclass=file permissive=0
04-13 11:00:31.027   796   796 W health@2.0-serv: type=1400 audit(0.0:2387217): avc: denied { read } for name="type" dev="sysfs" ino=55635 scontext=u:r:hal_health_default:s0 tcontext=u:object_r:sysfs:s0 tclass=file permissive=0
04-13 11:00:31.023  2539  2539 D KeyguardUpdateMonitor: received broadcast android.intent.action.BATTERY_CHANGED
04-13 11:00:31.024  2862  2862 D NetworkSpeedTracker: receive actionandroid.intent.action.BATTERY_CHANGED
04-13 11:00:31.024  2862  2862 D NetworkSpeedTracker: onReceive ACTION_BATTERY_CHANGED mBatteryLevel = 34;mIsCharging =true
04-13 11:00:31.025  4115  4115 I BatteryInfoReceiver: ACTION_BATTERY_CHANGED
04-13 11:00:31.025  6036  6536 D PowerCheckerService: onBatteryChanged, mBatteryLevel = 34, status = 2, level = 34, plug = 2, scale = 100
04-13 11:00:31.031  2862  2862 D DeviceStatisticsService: chargerType=2 batteryLevel=34 totalBatteryCapacity=4320000
04-13 11:00:31.035  2539  2539 D KeyguardUpdateMonitor: received broadcast android.intent.action.BATTERY_CHANGED
04-13 11:00:31.036  2862  2862 D NetworkSpeedTracker: receive actionandroid.intent.action.BATTERY_CHANGED
04-13 11:00:31.036  2862  2862 D NetworkSpeedTracker: onReceive ACTION_BATTERY_CHANGED mBatteryLevel = 34;mIsCharging =true
04-13 11:00:31.040  4115  4115 I BatteryInfoReceiver: ACTION_BATTERY_CHANGED
04-13 11:00:31.042  6036  6536 D PowerCheckerService: onBatteryChanged, mBatteryLevel = 34, status = 2, level = 34, plug = 2, scale = 100
04-13 11:00:31.043  2862  2862 D DeviceStatisticsService: chargerType=2 batteryLevel=34 totalBatteryCapacity=4320000
04-13 11:00:31.071   796   796 W health@2.0-serv: type=1400 audit(0.0:2387218): avc: denied { read } for name="type" dev="sysfs" ino=55635 scontext=u:r:hal_health_default:s0 tcontext=u:object_r:sysfs:s0 tclass=file permissive=0
04-13 11:00:31.083  2539  2539 D KeyguardUpdateMonitor: received broadcast android.intent.action.BATTERY_CHANGED
04-13 11:00:31.084  2862  2862 D NetworkSpeedTracker: receive actionandroid.intent.action.BATTERY_CHANGED
04-13 11:00:31.084  2862  2862 D NetworkSpeedTracker: onReceive ACTION_BATTERY_CHANGED mBatteryLevel = 34;mIsCharging =true
04-13 11:00:31.085  4115  4115 I BatteryInfoReceiver: ACTION_BATTERY_CHANGED
04-13 11:00:31.086  6036  6536 D PowerCheckerService: onBatteryChanged, mBatteryLevel = 34, status = 2, level = 34, plug = 2, scale = 100
04-13 11:00:31.088  2862  2862 D DeviceStatisticsService: chargerType=2 batteryLevel=34 totalBatteryCapacity=4320000
04-13 11:00:31.113  2539  2539 D KeyguardUpdateMonitor: received broadcast android.intent.action.BATTERY_CHANGED
04-13 11:00:31.114  2862  2862 D NetworkSpeedTracker: receive actionandroid.intent.action.BATTERY_CHANGED
04-13 11:00:31.114  2862  2862 D NetworkSpeedTracker: onReceive ACTION_BATTERY_CHANGED mBatteryLevel = 34;mIsCharging =true
04-13 11:00:31.116  4115  4115 I BatteryInfoReceiver: ACTION_BATTERY_CHANGED
04-13 11:00:31.117  6396  6396 E adbd    : failed to connect to socket 'tcp:6790': Connection refused
04-13 11:00:31.118  6036  6536 D PowerCheckerService: onBatteryChanged, mBatteryLevel = 34, status = 2, level = 34, plug = 2, scale = 100
04-13 11:00:31.120  2862  2862 D DeviceStatisticsService: chargerType=2 batteryLevel=34 totalBatteryCapacity=4320000
04-13 11:00:31.130  2539  2539 D KeyguardUpdateMonitor: received broadcast android.intent.action.BATTERY_CHANGED
04-13 11:00:31.130  4115  4115 I BatteryInfoReceiver: ACTION_BATTERY_CHANGED
04-13 11:00:31.131  2862  2862 D NetworkSpeedTracker: receive actionandroid.intent.action.BATTERY_CHANGED
04-13 11:00:31.131  2862  2862 D NetworkSpeedTracker: onReceive ACTION_BATTERY_CHANGED mBatteryLevel = 34;mIsCharging =true
04-13 11:00:31.132  6036  6536 D PowerCheckerService: onBatteryChanged, mBatteryLevel = 34, status = 2, level = 34, plug = 2, scale = 100
04-13 11:00:31.133  2862  2862 D DeviceStatisticsService: chargerType=2 batteryLevel=34 totalBatteryCapacity=4320000
04-13 11:00:31.154  2539  2539 D KeyguardUpdateMonitor: received broadcast android.intent.action.BATTERY_CHANGED
04-13 11:00:31.156  2862  2862 D NetworkSpeedTracker: receive actionandroid.intent.action.BATTERY_CHANGED
04-13 11:00:31.156  2862  2862 D NetworkSpeedTracker: onReceive ACTION_BATTERY_CHANGED mBatteryLevel = 34;mIsCharging =true
04-13 11:00:31.158  4115  4115 I BatteryInfoReceiver: ACTION_BATTERY_CHANGED
04-13 11:00:31.160  6036  6536 D PowerCheckerService: onBatteryChanged, mBatteryLevel = 34, status = 2, level = 34, plug = 2, scale = 100
04-13 11:00:31.161  2862  2862 D DeviceStatisticsService: chargerType=2 batteryLevel=34 totalBatteryCapacity=4320000
04-13 11:00:31.165  2539  2539 D KeyguardUpdateMonitor: received broadcast android.intent.action.BATTERY_CHANGED
04-13 11:00:31.166  2862  2862 D NetworkSpeedTracker: receive actionandroid.intent.action.BATTERY_CHANGED
04-13 11:00:31.166  2862  2862 D NetworkSpeedTracker: onReceive ACTION_BATTERY_CHANGED mBatteryLevel = 34;mIsCharging =true
04-13 11:00:31.167  4115  4115 I BatteryInfoReceiver: ACTION_BATTERY_CHANGED
04-13 11:00:31.168  6036  6536 D PowerCheckerService: onBatteryChanged, mBatteryLevel = 34, status = 2, level = 34, plug = 2, scale = 100
04-13 11:00:31.169  2862  2862 D DeviceStatisticsService: chargerType=2 batteryLevel=34 totalBatteryCapacity=4320000
04-13 11:00:31.202  2539  2539 D KeyguardUpdateMonitor: received broadcast android.intent.action.BATTERY_CHANGED
04-13 11:00:31.202  2862  2862 D NetworkSpeedTracker: receive actionandroid.intent.action.BATTERY_CHANGED
04-13 11:00:31.203  2862  2862 D NetworkSpeedTracker: onReceive ACTION_BATTERY_CHANGED mBatteryLevel = 34;mIsCharging =true
04-13 11:00:31.205  4115  4115 I BatteryInfoReceiver: ACTION_BATTERY_CHANGED
04-13 11:00:31.206  6036  6536 D PowerCheckerService: onBatteryChanged, mBatteryLevel = 34, status = 2, level = 34, plug = 2, scale = 100
04-13 11:00:31.208  2862  2862 D DeviceStatisticsService: chargerType=2 batteryLevel=34 totalBatteryCapacity=4320000
04-13 11:00:31.214  2539  2539 D KeyguardUpdateMonitor: received broadcast android.intent.action.BATTERY_CHANGED
04-13 11:00:31.214  2862  2862 D NetworkSpeedTracker: receive actionandroid.intent.action.BATTERY_CHANGED
04-13 11:00:31.214  2862  2862 D NetworkSpeedTracker: onReceive ACTION_BATTERY_CHANGED mBatteryLevel = 34;mIsCharging =true
04-13 11:00:31.216  4115  4115 I BatteryInfoReceiver: ACTION_BATTERY_CHANGED
04-13 11:00:31.217  6036  6536 D PowerCheckerService: onBatteryChanged, mBatteryLevel = 34, status = 2, level = 34, plug = 2, scale = 100
04-13 11:00:31.219  2862  2862 D DeviceStatisticsService: chargerType=2 batteryLevel=34 totalBatteryCapacity=4320000
04-13 11:00:31.225   813  1035 I SDM     : CompManager::ProcessIdleTimeout: QIPL idle time
04-13 11:00:31.225   813  1035 I SDM     : HWEventsDRM::HandleIdleTimeout: Received Enter Idle event
04-13 11:00:31.242  2539  2539 D KeyguardUpdateMonitor: received broadcast android.intent.action.BATTERY_CHANGED
04-13 11:00:31.243  2862  2862 D NetworkSpeedTracker: receive actionandroid.intent.action.BATTERY_CHANGED
04-13 11:00:31.243  2862  2862 D NetworkSpeedTracker: onReceive ACTION_BATTERY_CHANGED mBatteryLevel = 34;mIsCharging =true
04-13 11:00:31.245  4115  4115 I BatteryInfoReceiver: ACTION_BATTERY_CHANGED
04-13 11:00:31.246  6036  6536 D PowerCheckerService: onBatteryChanged, mBatteryLevel = 34, status = 2, level = 34, plug = 2, scale = 100
04-13 11:00:31.251  2862  2862 D DeviceStatisticsService: chargerType=2 batteryLevel=34 totalBatteryCapacity=4320000
04-13 11:00:31.253  2539  2539 D KeyguardUpdateMonitor: received broadcast android.intent.action.BATTERY_CHANGED
04-13 11:00:31.254  2862  2862 D NetworkSpeedTracker: receive actionandroid.intent.action.BATTERY_CHANGED
04-13 11:00:31.254  2862  2862 D NetworkSpeedTracker: onReceive ACTION_BATTERY_CHANGED mBatteryLevel = 34;mIsCharging =true
04-13 11:00:31.255  4115  4115 I BatteryInfoReceiver: ACTION_BATTERY_CHANGED
04-13 11:00:31.256  6036  6536 D PowerCheckerService: onBatteryChanged, mBatteryLevel = 34, status = 2, level = 34, plug = 2, scale = 100
04-13 11:00:31.259  2862  2862 D DeviceStatisticsService: chargerType=2 batteryLevel=34 totalBatteryCapacity=4320000
04-13 11:00:31.289  2539  2539 D KeyguardUpdateMonitor: received broadcast android.intent.action.BATTERY_CHANGED
04-13 11:00:31.291  2862  2862 D NetworkSpeedTracker: receive actionandroid.intent.action.BATTERY_CHANGED
04-13 11:00:31.291  2862  2862 D NetworkSpeedTracker: onReceive ACTION_BATTERY_CHANGED mBatteryLevel = 34;mIsCharging =true
04-13 11:00:31.291  4115  4115 I BatteryInfoReceiver: ACTION_BATTERY_CHANGED
04-13 11:00:31.293  6036  6536 D PowerCheckerService: onBatteryChanged, mBatteryLevel = 34, status = 2, level = 34, plug = 2, scale = 100
04-13 11:00:31.295  2862  2862 D DeviceStatisticsService: chargerType=2 batteryLevel=34 totalBatteryCapacity=4320000
04-13 11:00:31.297  2539  2539 D KeyguardUpdateMonitor: received broadcast android.intent.action.BATTERY_CHANGED
04-13 11:00:31.297  2862  2862 D NetworkSpeedTracker: receive actionandroid.intent.action.BATTERY_CHANGED
04-13 11:00:31.297  2862  2862 D NetworkSpeedTracker: onReceive ACTION_BATTERY_CHANGED mBatteryLevel = 34;mIsCharging =true
04-13 11:00:31.298  4115  4115 I BatteryInfoReceiver: ACTION_BATTERY_CHANGED
04-13 11:00:31.298  6036  6536 D PowerCheckerService: onBatteryChanged, mBatteryLevel = 34, status = 2, level = 34, plug = 2, scale = 100
04-13 11:00:31.300  2862  2862 D DeviceStatisticsService: chargerType=2 batteryLevel=34 totalBatteryCapacity=4320000
04-13 11:00:31.330  2539  2539 D KeyguardUpdateMonitor: received broadcast android.intent.action.BATTERY_CHANGED
04-13 11:00:31.330  2862  2862 D NetworkSpeedTracker: receive actionandroid.intent.action.BATTERY_CHANGED
04-13 11:00:31.330  2862  2862 D NetworkSpeedTracker: onReceive ACTION_BATTERY_CHANGED mBatteryLevel = 34;mIsCharging =true
04-13 11:00:31.330  4115  4115 I BatteryInfoReceiver: ACTION_BATTERY_CHANGED
04-13 11:00:31.331  6036  6536 D PowerCheckerService: onBatteryChanged, mBatteryLevel = 34, status = 2, level = 34, plug = 2, scale = 100
04-13 11:00:31.339  2862  2862 D DeviceStatisticsService: chargerType=2 batteryLevel=34 totalBatteryCapacity=4320000
04-13 11:00:31.341  2539  2539 D KeyguardUpdateMonitor: received broadcast android.intent.action.BATTERY_CHANGED
04-13 11:00:31.341  2862  2862 D NetworkSpeedTracker: receive actionandroid.intent.action.BATTERY_CHANGED
04-13 11:00:31.341  2862  2862 D NetworkSpeedTracker: onReceive ACTION_BATTERY_CHANGED mBatteryLevel = 34;mIsCharging =true
04-13 11:00:31.342  6036  6536 D PowerCheckerService: onBatteryChanged, mBatteryLevel = 34, status = 2, level = 34, plug = 2, scale = 100
04-13 11:00:31.344  4115  4115 I BatteryInfoReceiver: ACTION_BATTERY_CHANGED
04-13 11:00:31.348  2862  2862 D DeviceStatisticsService: chargerType=2 batteryLevel=34 totalBatteryCapacity=4320000
04-13 11:00:31.383  2539  2539 D KeyguardUpdateMonitor: received broadcast android.intent.action.BATTERY_CHANGED
04-13 11:00:31.383  2862  2862 D NetworkSpeedTracker: receive actionandroid.intent.action.BATTERY_CHANGED
04-13 11:00:31.383  2862  2862 D NetworkSpeedTracker: onReceive ACTION_BATTERY_CHANGED mBatteryLevel = 34;mIsCharging =true
04-13 11:00:31.384  6036  6536 D PowerCheckerService: onBatteryChanged, mBatteryLevel = 34, status = 2, level = 34, plug = 2, scale = 100
04-13 11:00:31.386  4115  4115 I BatteryInfoReceiver: ACTION_BATTERY_CHANGED
04-13 11:00:31.387  2862  2862 D DeviceStatisticsService: chargerType=2 batteryLevel=34 totalBatteryCapacity=4320000
04-13 11:00:31.388  2539  2539 D KeyguardUpdateMonitor: received broadcast android.intent.action.BATTERY_CHANGED
04-13 11:00:31.389  2862  2862 D NetworkSpeedTracker: receive actionandroid.intent.action.BATTERY_CHANGED
04-13 11:00:31.389  2862  2862 D NetworkSpeedTracker: onReceive ACTION_BATTERY_CHANGED mBatteryLevel = 34;mIsCharging =true
04-13 11:00:31.392  4115  4115 I BatteryInfoReceiver: ACTION_BATTERY_CHANGED
04-13 11:00:31.392  6036  6536 D PowerCheckerService: onBatteryChanged, mBatteryLevel = 34, status = 2, level = 34, plug = 2, scale = 100
04-13 11:00:31.394  2862  2862 D DeviceStatisticsService: chargerType=2 batteryLevel=34 totalBatteryCapacity=4320000
04-13 11:00:31.420  2539  2539 D KeyguardUpdateMonitor: received broadcast android.intent.action.BATTERY_CHANGED
04-13 11:00:31.421  2862  2862 D NetworkSpeedTracker: receive actionandroid.intent.action.BATTERY_CHANGED
04-13 11:00:31.421  2862  2862 D NetworkSpeedTracker: onReceive ACTION_BATTERY_CHANGED mBatteryLevel = 34;mIsCharging =true
04-13 11:00:31.422  4115  4115 I BatteryInfoReceiver: ACTION_BATTERY_CHANGED
04-13 11:00:31.423  6036  6536 D PowerCheckerService: onBatteryChanged, mBatteryLevel = 34, status = 2, level = 34, plug = 2, scale = 100
04-13 11:00:31.424  2862  2862 D DeviceStatisticsService: chargerType=2 batteryLevel=34 totalBatteryCapacity=4320000
04-13 11:00:31.430  2862  2862 D NetworkSpeedTracker: receive actionandroid.intent.action.BATTERY_CHANGED
04-13 11:00:31.429  2539  2539 D KeyguardUpdateMonitor: received broadcast android.intent.action.BATTERY_CHANGED
04-13 11:00:31.430  2862  2862 D NetworkSpeedTracker: onReceive ACTION_BATTERY_CHANGED mBatteryLevel = 34;mIsCharging =true
04-13 11:00:31.431  4115  4115 I BatteryInfoReceiver: ACTION_BATTERY_CHANGED
04-13 11:00:31.432  6036  6536 D PowerCheckerService: onBatteryChanged, mBatteryLevel = 34, status = 2, level = 34, plug = 2, scale = 100
04-13 11:00:31.433  2862  2862 D DeviceStatisticsService: chargerType=2 batteryLevel=34 totalBatteryCapacity=4320000
04-13 11:00:31.480  2539  2539 D KeyguardUpdateMonitor: received broadcast android.intent.action.BATTERY_CHANGED
04-13 11:00:31.481  2862  2862 D NetworkSpeedTracker: receive actionandroid.intent.action.BATTERY_CHANGED
04-13 11:00:31.481  2862  2862 D NetworkSpeedTracker: onReceive ACTION_BATTERY_CHANGED mBatteryLevel = 34;mIsCharging =true
04-13 11:00:31.482  4115  4115 I BatteryInfoReceiver: ACTION_BATTERY_CHANGED
04-13 11:00:31.483  6036  6536 D PowerCheckerService: onBatteryChanged, mBatteryLevel = 34, status = 2, level = 34, plug = 2, scale = 100
04-13 11:00:31.490  2862  2862 D DeviceStatisticsService: chargerType=2 batteryLevel=34 totalBatteryCapacity=4320000
04-13 11:00:31.493  2539  2539 D KeyguardUpdateMonitor: received broadcast android.intent.action.BATTERY_CHANGED
04-13 11:00:31.494  2862  2862 D NetworkSpeedTracker: receive actionandroid.intent.action.BATTERY_CHANGED
04-13 11:00:31.495  2862  2862 D NetworkSpeedTracker: onReceive ACTION_BATTERY_CHANGED mBatteryLevel = 34;mIsCharging =true
04-13 11:00:31.496  4115  4115 I BatteryInfoReceiver: ACTION_BATTERY_CHANGED
04-13 11:00:31.497  6036  6536 D PowerCheckerService: onBatteryChanged, mBatteryLevel = 34, status = 2, level = 34, plug = 2, scale = 100
04-13 11:00:31.504  2862  2862 D DeviceStatisticsService: chargerType=2 batteryLevel=34 totalBatteryCapacity=4320000
04-13 11:00:31.516  2539  2539 D KeyguardUpdateMonitor: received broadcast android.intent.action.BATTERY_CHANGED
04-13 11:00:31.517  4115  4115 I BatteryInfoReceiver: ACTION_BATTERY_CHANGED
04-13 11:00:31.518  6036  6536 D PowerCheckerService: onBatteryChanged, mBatteryLevel = 34, status = 2, level = 34, plug = 2, scale = 100
04-13 11:00:31.518  2862  2862 D NetworkSpeedTracker: receive actionandroid.intent.action.BATTERY_CHANGED
04-13 11:00:31.519  2862  2862 D NetworkSpeedTracker: onReceive ACTION_BATTERY_CHANGED mBatteryLevel = 34;mIsCharging =true
04-13 11:00:31.523  2862  2862 D DeviceStatisticsService: chargerType=2 batteryLevel=34 totalBatteryCapacity=4320000
04-13 11:00:31.525  2539  2539 D KeyguardUpdateMonitor: received broadcast android.intent.action.BATTERY_CHANGED
04-13 11:00:31.525  2862  2862 D NetworkSpeedTracker: receive actionandroid.intent.action.BATTERY_CHANGED
04-13 11:00:31.525  2862  2862 D NetworkSpeedTracker: onReceive ACTION_BATTERY_CHANGED mBatteryLevel = 34;mIsCharging =true
04-13 11:00:31.526  4115  4115 I BatteryInfoReceiver: ACTION_BATTERY_CHANGED
04-13 11:00:31.526  6036  6536 D PowerCheckerService: onBatteryChanged, mBatteryLevel = 34, status = 2, level = 34, plug = 2, scale = 100
04-13 11:00:31.530  2862  2862 D DeviceStatisticsService: chargerType=2 batteryLevel=34 totalBatteryCapacity=4320000
04-13 11:00:31.555  2539  2539 D KeyguardUpdateMonitor: received broadcast android.intent.action.BATTERY_CHANGED
04-13 11:00:31.556  2862  2862 D NetworkSpeedTracker: receive actionandroid.intent.action.BATTERY_CHANGED
04-13 11:00:31.556  2862  2862 D NetworkSpeedTracker: onReceive ACTION_BATTERY_CHANGED mBatteryLevel = 34;mIsCharging =true
04-13 11:00:31.558  4115  4115 I BatteryInfoReceiver: ACTION_BATTERY_CHANGED
04-13 11:00:31.558  6036  6536 D PowerCheckerService: onBatteryChanged, mBatteryLevel = 34, status = 2, level = 34, plug = 2, scale = 100
04-13 11:00:31.561  2862  2862 D DeviceStatisticsService: chargerType=2 batteryLevel=34 totalBatteryCapacity=4320000
04-13 11:00:31.565  2539  2539 D KeyguardUpdateMonitor: received broadcast android.intent.action.BATTERY_CHANGED
04-13 11:00:31.566  2862  2862 D NetworkSpeedTracker: receive actionandroid.intent.action.BATTERY_CHANGED
04-13 11:00:31.566  2862  2862 D NetworkSpeedTracker: onReceive ACTION_BATTERY_CHANGED mBatteryLevel = 34;mIsCharging =true
04-13 11:00:31.568  4115  4115 I BatteryInfoReceiver: ACTION_BATTERY_CHANGED
04-13 11:00:31.569  6036  6536 D PowerCheckerService: onBatteryChanged, mBatteryLevel = 34, status = 2, level = 34, plug = 2, scale = 100
04-13 11:00:31.571  2862  2862 D DeviceStatisticsService: chargerType=2 batteryLevel=34 totalBatteryCapacity=4320000
04-13 11:00:31.597  2539  2539 D KeyguardUpdateMonitor: received broadcast android.intent.action.BATTERY_CHANGED
04-13 11:00:31.597  2862  2862 D NetworkSpeedTracker: receive actionandroid.intent.action.BATTERY_CHANGED
04-13 11:00:31.598  2862  2862 D NetworkSpeedTracker: onReceive ACTION_BATTERY_CHANGED mBatteryLevel = 34;mIsCharging =true
04-13 11:00:31.601  6036  6536 D PowerCheckerService: onBatteryChanged, mBatteryLevel = 34, status = 2, level = 34, plug = 2, scale = 100
04-13 11:00:31.601  4115  4115 I BatteryInfoReceiver: ACTION_BATTERY_CHANGED
04-13 11:00:31.608  2862  2862 D DeviceStatisticsService: chargerType=2 batteryLevel=34 totalBatteryCapacity=4320000
04-13 11:00:31.610  2539  2539 D KeyguardUpdateMonitor: received broadcast android.intent.action.BATTERY_CHANGED
04-13 11:00:31.611  2862  2862 D NetworkSpeedTracker: receive actionandroid.intent.action.BATTERY_CHANGED
04-13 11:00:31.611  2862  2862 D NetworkSpeedTracker: onReceive ACTION_BATTERY_CHANGED mBatteryLevel = 34;mIsCharging =true
04-13 11:00:31.612  4115  4115 I BatteryInfoReceiver: ACTION_BATTERY_CHANGED
04-13 11:00:31.613  6036  6536 D PowerCheckerService: onBatteryChanged, mBatteryLevel = 34, status = 2, level = 34, plug = 2, scale = 100
04-13 11:00:31.614  2862  2862 D DeviceStatisticsService: chargerType=2 batteryLevel=34 totalBatteryCapacity=4320000
04-13 11:00:31.642  2539  2539 D KeyguardUpdateMonitor: received broadcast android.intent.action.BATTERY_CHANGED
04-13 11:00:31.642  2862  2862 D NetworkSpeedTracker: receive actionandroid.intent.action.BATTERY_CHANGED
04-13 11:00:31.642  2862  2862 D NetworkSpeedTracker: onReceive ACTION_BATTERY_CHANGED mBatteryLevel = 34;mIsCharging =true
04-13 11:00:31.643  4115  4115 I BatteryInfoReceiver: ACTION_BATTERY_CHANGED
04-13 11:00:31.646  2862  2862 D DeviceStatisticsService: chargerType=2 batteryLevel=34 totalBatteryCapacity=4320000
04-13 11:00:31.646  6036  6536 D PowerCheckerService: onBatteryChanged, mBatteryLevel = 34, status = 2, level = 34, plug = 2, scale = 100
04-13 11:00:31.650  2539  2539 D KeyguardUpdateMonitor: received broadcast android.intent.action.BATTERY_CHANGED
04-13 11:00:31.651  2862  2862 D NetworkSpeedTracker: receive actionandroid.intent.action.BATTERY_CHANGED
04-13 11:00:31.651  2862  2862 D NetworkSpeedTracker: onReceive ACTION_BATTERY_CHANGED mBatteryLevel = 34;mIsCharging =true
04-13 11:00:31.652  4115  4115 I BatteryInfoReceiver: ACTION_BATTERY_CHANGED
04-13 11:00:31.652  6036  6536 D PowerCheckerService: onBatteryChanged, mBatteryLevel = 34, status = 2, level = 34, plug = 2, scale = 100
04-13 11:00:31.655  2862  2862 D DeviceStatisticsService: chargerType=2 batteryLevel=34 totalBatteryCapacity=4320000
04-13 11:00:31.689  2539  2539 D KeyguardUpdateMonitor: received broadcast android.intent.action.BATTERY_CHANGED
04-13 11:00:31.690  2862  2862 D NetworkSpeedTracker: receive actionandroid.intent.action.BATTERY_CHANGED
04-13 11:00:31.690  2862  2862 D NetworkSpeedTracker: onReceive ACTION_BATTERY_CHANGED mBatteryLevel = 34;mIsCharging =true
04-13 11:00:31.692  4115  4115 I BatteryInfoReceiver: ACTION_BATTERY_CHANGED
04-13 11:00:31.693  6036  6536 D PowerCheckerService: onBatteryChanged, mBatteryLevel = 34, status = 2, level = 34, plug = 2, scale = 100
04-13 11:00:31.696  2862  2862 D DeviceStatisticsService: chargerType=2 batteryLevel=34 totalBatteryCapacity=4320000
04-13 11:00:31.701  2539  2539 D KeyguardUpdateMonitor: received broadcast android.intent.action.BATTERY_CHANGED
04-13 11:00:31.702  4115  4115 I BatteryInfoReceiver: ACTION_BATTERY_CHANGED
04-13 11:00:31.703  2862  2862 D NetworkSpeedTracker: receive actionandroid.intent.action.BATTERY_CHANGED
04-13 11:00:31.703  2862  2862 D NetworkSpeedTracker: onReceive ACTION_BATTERY_CHANGED mBatteryLevel = 34;mIsCharging =true
04-13 11:00:31.704  6036  6536 D PowerCheckerService: onBatteryChanged, mBatteryLevel = 34, status = 2, level = 34, plug = 2, scale = 100
04-13 11:00:31.707  2862  2862 D DeviceStatisticsService: chargerType=2 batteryLevel=34 totalBatteryCapacity=4320000
04-13 11:00:31.731  2539  2539 D KeyguardUpdateMonitor: received broadcast android.intent.action.BATTERY_CHANGED
04-13 11:00:31.731  2862  2862 D NetworkSpeedTracker: receive actionandroid.intent.action.BATTERY_CHANGED
04-13 11:00:31.731  2862  2862 D NetworkSpeedTracker: onReceive ACTION_BATTERY_CHANGED mBatteryLevel = 34;mIsCharging =true
04-13 11:00:31.734  4115  4115 I BatteryInfoReceiver: ACTION_BATTERY_CHANGED
04-13 11:00:31.736  6036  6536 D PowerCheckerService: onBatteryChanged, mBatteryLevel = 34, status = 2, level = 34, plug = 2, scale = 100
04-13 11:00:31.742  2862  2862 D DeviceStatisticsService: chargerType=2 batteryLevel=34 totalBatteryCapacity=4320000
04-13 11:00:31.744  2539  2539 D KeyguardUpdateMonitor: received broadcast android.intent.action.BATTERY_CHANGED
04-13 11:00:31.744  2862  2862 D NetworkSpeedTracker: receive actionandroid.intent.action.BATTERY_CHANGED
04-13 11:00:31.745  2862  2862 D NetworkSpeedTracker: onReceive ACTION_BATTERY_CHANGED mBatteryLevel = 34;mIsCharging =true
04-13 11:00:31.746  4115  4115 I BatteryInfoReceiver: ACTION_BATTERY_CHANGED
04-13 11:00:31.746  6036  6536 D PowerCheckerService: onBatteryChanged, mBatteryLevel = 34, status = 2, level = 34, plug = 2, scale = 100
04-13 11:00:31.747  2862  2862 D DeviceStatisticsService: chargerType=2 batteryLevel=34 totalBatteryCapacity=4320000
04-13 11:00:31.785  2539  2539 D KeyguardUpdateMonitor: received broadcast android.intent.action.BATTERY_CHANGED
04-13 11:00:31.786  2862  2862 D NetworkSpeedTracker: receive actionandroid.intent.action.BATTERY_CHANGED
04-13 11:00:31.786  2862  2862 D NetworkSpeedTracker: onReceive ACTION_BATTERY_CHANGED mBatteryLevel = 34;mIsCharging =true
04-13 11:00:31.787  4115  4115 I BatteryInfoReceiver: ACTION_BATTERY_CHANGED
04-13 11:00:31.789  6036  6536 D PowerCheckerService: onBatteryChanged, mBatteryLevel = 34, status = 2, level = 34, plug = 2, scale = 100
04-13 11:00:31.793  2862  2862 D DeviceStatisticsService: chargerType=2 batteryLevel=34 totalBatteryCapacity=4320000
04-13 11:00:31.802  2539  2539 D KeyguardUpdateMonitor: received broadcast android.intent.action.BATTERY_CHANGED
04-13 11:00:31.803  2862  2862 D NetworkSpeedTracker: receive actionandroid.intent.action.BATTERY_CHANGED
04-13 11:00:31.804  2862  2862 D NetworkSpeedTracker: onReceive ACTION_BATTERY_CHANGED mBatteryLevel = 34;mIsCharging =true
04-13 11:00:31.805  4115  4115 I BatteryInfoReceiver: ACTION_BATTERY_CHANGED
04-13 11:00:31.806  6036  6536 D PowerCheckerService: onBatteryChanged, mBatteryLevel = 34, status = 2, level = 34, plug = 2, scale = 100
04-13 11:00:31.807  2862  2862 D DeviceStatisticsService: chargerType=2 batteryLevel=34 totalBatteryCapacity=4320000
04-13 11:00:31.820  2539  2539 D KeyguardUpdateMonitor: received broadcast android.intent.action.BATTERY_CHANGED
04-13 11:00:31.821  2862  2862 D NetworkSpeedTracker: receive actionandroid.intent.action.BATTERY_CHANGED
04-13 11:00:31.821  2862  2862 D NetworkSpeedTracker: onReceive ACTION_BATTERY_CHANGED mBatteryLevel = 34;mIsCharging =true
04-13 11:00:31.822  4115  4115 I BatteryInfoReceiver: ACTION_BATTERY_CHANGED
04-13 11:00:31.823  6036  6536 D PowerCheckerService: onBatteryChanged, mBatteryLevel = 34, status = 2, level = 34, plug = 2, scale = 100
04-13 11:00:31.829  2862  2862 D DeviceStatisticsService: chargerType=2 batteryLevel=34 totalBatteryCapacity=4320000
04-13 11:00:31.830  2539  2539 D KeyguardUpdateMonitor: received broadcast android.intent.action.BATTERY_CHANGED
04-13 11:00:31.831  2862  2862 D NetworkSpeedTracker: receive actionandroid.intent.action.BATTERY_CHANGED
04-13 11:00:31.831  2862  2862 D NetworkSpeedTracker: onReceive ACTION_BATTERY_CHANGED mBatteryLevel = 34;mIsCharging =true
04-13 11:00:31.832  4115  4115 I BatteryInfoReceiver: ACTION_BATTERY_CHANGED
04-13 11:00:31.833  6036  6536 D PowerCheckerService: onBatteryChanged, mBatteryLevel = 34, status = 2, level = 34, plug = 2, scale = 100
04-13 11:00:31.835  2862  2862 D DeviceStatisticsService: chargerType=2 batteryLevel=34 totalBatteryCapacity=4320000
04-13 11:00:31.863  2539  2539 D KeyguardUpdateMonitor: received broadcast android.intent.action.BATTERY_CHANGED
04-13 11:00:31.864  2862  2862 D NetworkSpeedTracker: receive actionandroid.intent.action.BATTERY_CHANGED
04-13 11:00:31.865  2862  2862 D NetworkSpeedTracker: onReceive ACTION_BATTERY_CHANGED mBatteryLevel = 34;mIsCharging =true
04-13 11:00:31.867  4115  4115 I BatteryInfoReceiver: ACTION_BATTERY_CHANGED
04-13 11:00:31.868  6036  6536 D PowerCheckerService: onBatteryChanged, mBatteryLevel = 34, status = 2, level = 34, plug = 2, scale = 100
04-13 11:00:31.877  2862  2862 D DeviceStatisticsService: chargerType=2 batteryLevel=34 totalBatteryCapacity=4320000
04-13 11:00:31.880  2539  2539 D KeyguardUpdateMonitor: received broadcast android.intent.action.BATTERY_CHANGED
04-13 11:00:31.880  2862  2862 D NetworkSpeedTracker: receive actionandroid.intent.action.BATTERY_CHANGED
04-13 11:00:31.880  2862  2862 D NetworkSpeedTracker: onReceive ACTION_BATTERY_CHANGED mBatteryLevel = 34;mIsCharging =true
04-13 11:00:31.883  4115  4115 I BatteryInfoReceiver: ACTION_BATTERY_CHANGED
04-13 11:00:31.886  6036  6536 D PowerCheckerService: onBatteryChanged, mBatteryLevel = 34, status = 2, level = 34, plug = 2, scale = 100
04-13 11:00:31.887  2862  2862 D DeviceStatisticsService: chargerType=2 batteryLevel=34 totalBatteryCapacity=4320000
04-13 11:00:31.906  2539  2539 D KeyguardUpdateMonitor: received broadcast android.intent.action.BATTERY_CHANGED
04-13 11:00:31.906  2862  2862 D NetworkSpeedTracker: receive actionandroid.intent.action.BATTERY_CHANGED
04-13 11:00:31.906  2862  2862 D NetworkSpeedTracker: onReceive ACTION_BATTERY_CHANGED mBatteryLevel = 34;mIsCharging =true
04-13 11:00:31.906 20196 20216 I appium  : Starting MJPEG Server
04-13 11:00:31.907  4115  4115 I BatteryInfoReceiver: ACTION_BATTERY_CHANGED
04-13 11:00:31.910  6036  6536 D PowerCheckerService: onBatteryChanged, mBatteryLevel = 34, status = 2, level = 34, plug = 2, scale = 100
04-13 11:00:31.921  2862  2862 D DeviceStatisticsService: chargerType=2 batteryLevel=34 totalBatteryCapacity=4320000
04-13 11:00:31.928  2862  2862 D NetworkSpeedTracker: receive actionandroid.intent.action.BATTERY_CHANGED
04-13 11:00:31.928  2862  2862 D NetworkSpeedTracker: onReceive ACTION_BATTERY_CHANGED mBatteryLevel = 34;mIsCharging =true
04-13 11:00:31.930  4115  4115 I BatteryInfoReceiver: ACTION_BATTERY_CHANGED
04-13 11:00:31.931  6036  6536 D PowerCheckerService: onBatteryChanged, mBatteryLevel = 34, status = 2, level = 34, plug = 2, scale = 100
04-13 11:00:31.931 20196 20216 I appium  : MJPEG Server started
04-13 11:00:31.933  2862  2862 D DeviceStatisticsService: chargerType=2 batteryLevel=34 totalBatteryCapacity=4320000
04-13 11:00:31.936 20196 20219 I appium  : ServerSocket created on port 7810
04-13 11:00:31.941  2539  2539 D KeyguardUpdateMonitor: received broadcast android.intent.action.BATTERY_CHANGED
04-13 11:00:31.944 20196 20216 I appium  : AndroidServer created on port 6790
04-13 11:00:31.944 20196 20216 I appium  : io.appium.uiautomator2.server started:
04-13 11:00:31.952  2539  2539 D KeyguardUpdateMonitor: received broadcast android.intent.action.BATTERY_CHANGED
04-13 11:00:31.952  2862  2862 D NetworkSpeedTracker: receive actionandroid.intent.action.BATTERY_CHANGED
04-13 11:00:31.952  2862  2862 D NetworkSpeedTracker: onReceive ACTION_BATTERY_CHANGED mBatteryLevel = 34;mIsCharging =true
04-13 11:00:31.953  4115  4115 I BatteryInfoReceiver: ACTION_BATTERY_CHANGED
04-13 11:00:31.953  6036  6536 D PowerCheckerService: onBatteryChanged, mBatteryLevel = 34, status = 2, level = 34, plug = 2, scale = 100
04-13 11:00:31.958 20196 20223 I appium  : Started UiAutomator2 io.appium.uiautomator2.http io.appium.uiautomator2.server on port 6790
04-13 11:00:31.959  2862  2862 D DeviceStatisticsService: chargerType=2 batteryLevel=34 totalBatteryCapacity=4320000
04-13 11:00:31.962  2539  2539 D KeyguardUpdateMonitor: received broadcast android.intent.action.BATTERY_CHANGED
04-13 11:00:31.962  2862  2862 D NetworkSpeedTracker: receive actionandroid.intent.action.BATTERY_CHANGED
04-13 11:00:31.962  2862  2862 D NetworkSpeedTracker: onReceive ACTION_BATTERY_CHANGED mBatteryLevel = 34;mIsCharging =true
04-13 11:00:31.962  4115  4115 I BatteryInfoReceiver: ACTION_BATTERY_CHANGED
04-13 11:00:31.963  6036  6536 D PowerCheckerService: onBatteryChanged, mBatteryLevel = 34, status = 2, level = 34, plug = 2, scale = 100
04-13 11:00:31.964  2862  2862 D DeviceStatisticsService: chargerType=2 batteryLevel=34 totalBatteryCapacity=4320000
04-13 11:00:31.991   796   796 W health@2.0-serv: type=1400 audit(0.0:2387260): avc: denied { read } for name="type" dev="sysfs" ino=55635 scontext=u:r:hal_health_default:s0 tcontext=u:object_r:sysfs:s0 tclass=file permissive=0
04-13 11:00:31.998  2539  2539 D KeyguardUpdateMonitor: received broadcast android.intent.action.BATTERY_CHANGED
04-13 11:00:31.998  2862  2862 D NetworkSpeedTracker: receive actionandroid.intent.action.BATTERY_CHANGED
04-13 11:00:31.998  2862  2862 D NetworkSpeedTracker: onReceive ACTION_BATTERY_CHANGED mBatteryLevel = 34;mIsCharging =true
04-13 11:00:31.999   796   796 W health@2.0-serv: type=1400 audit(0.0:2387261): avc: denied { read } for name="type" dev="sysfs" ino=55635 scontext=u:r:hal_health_default:s0 tcontext=u:object_r:sysfs:s0 tclass=file permissive=0
04-13 11:00:31.998  4115  4115 I BatteryInfoReceiver: ACTION_BATTERY_CHANGED
04-13 11:00:32.000  6036  6536 D PowerCheckerService: onBatteryChanged, mBatteryLevel = 34, status = 2, level = 34, plug = 2, scale = 100
04-13 11:00:32.003  2862  2862 D DeviceStatisticsService: chargerType=2 batteryLevel=34 totalBatteryCapacity=4320000
04-13 11:00:32.004  2539  2539 D KeyguardUpdateMonitor: received broadcast android.intent.action.BATTERY_CHANGED
04-13 11:00:32.004  2862  2862 D NetworkSpeedTracker: receive actionandroid.intent.action.BATTERY_CHANGED
04-13 11:00:32.005  2862  2862 D NetworkSpeedTracker: onReceive ACTION_BATTERY_CHANGED mBatteryLevel = 34;mIsCharging =true
04-13 11:00:32.005  4115  4115 I BatteryInfoReceiver: ACTION_BATTERY_CHANGED
04-13 11:00:32.006  6036  6536 D PowerCheckerService: onBatteryChanged, mBatteryLevel = 34, status = 2, level = 34, plug = 2, scale = 100
04-13 11:00:32.008  2862  2862 D DeviceStatisticsService: chargerType=2 batteryLevel=34 totalBatteryCapacity=4320000
04-13 11:00:32.010 20196 20224 W tomator2.serve: Accessing hidden method Lsun/misc/Unsafe;->allocateMemory(J)J (greylist, linking, allowed)
04-13 11:00:32.010 20196 20224 W tomator2.serve: Accessing hidden method Lsun/misc/Unsafe;->freeMemory(J)V (greylist, linking, allowed)
04-13 11:00:32.010 20196 20224 W tomator2.serve: Accessing hidden method Lsun/misc/Unsafe;->addressSize()I (greylist, linking, allowed)
04-13 11:00:32.010 20196 20224 W tomator2.serve: Accessing hidden method Lsun/misc/Unsafe;->arrayBaseOffset(Ljava/lang/Class;)I (greylist,core-platform-api, linking, allowed)
04-13 11:00:32.010 20196 20224 W tomator2.serve: Accessing hidden method Lsun/misc/Unsafe;->copyMemory(JJJ)V (greylist, linking, allowed)
04-13 11:00:32.010 20196 20224 W tomator2.serve: Accessing hidden method Lsun/misc/Unsafe;->getByte(J)B (greylist,core-platform-api, linking, allowed)
04-13 11:00:32.010 20196 20224 W tomator2.serve: Accessing hidden method Lsun/misc/Unsafe;->getByte(Ljava/lang/Object;J)B (greylist,core-platform-api, linking, allowed)
04-13 11:00:32.010 20196 20224 W tomator2.serve: Accessing hidden method Lsun/misc/Unsafe;->getInt(J)I (greylist, linking, allowed)
04-13 11:00:32.010 20196 20224 W tomator2.serve: Accessing hidden method Lsun/misc/Unsafe;->getInt(Ljava/lang/Object;J)I (greylist, linking, allowed)
04-13 11:00:32.010 20196 20224 W tomator2.serve: Accessing hidden method Lsun/misc/Unsafe;->getLong(J)J (greylist,core-platform-api, linking, allowed)
