04-13 11:00:30.111 19832 19832 D RegisteredAidCache: AIDs: [A00000000307010001] were resolved.
04-13 11:00:30.111 19832 19832 D RegisteredAidCache: generateAidCacheLocked: starting with aid A0000000031010
04-13 11:00:30.111 19832 19832 D RegisteredAidCache: Exact AID, resolving.
04-13 11:00:30.111 19832 19832 D RegisteredAidCache: resolveAidLocked: (Ignoring handling service ComponentInfo{com.google.android.gms/com.google.android.gms.tapandpay.hce.service.TpHceService} because it's not the payment default.)
04-13 11:00:30.111 19832 19832 D RegisteredAidCache: resolveAidLocked: (Ignoring handling service ComponentInfo{com.chinamworld.bocmbci/com.boc.bocsoft.mobile.bocmobile.buss.equickpay.service.BocopApduService} because it's not the payment default.)
04-13 11:00:30.111 19832 19832 D RegisteredAidCache: resolveAidLocked: DECISION: routing to all matching services
04-13 11:00:30.111 19832 19832 D RegisteredAidCache: AIDs: [A0000000031010] were resolved.
04-13 11:00:30.111 19832 19832 D RegisteredAidCache: generateAidCacheLocked: starting with aid A0000000032010
04-13 11:00:30.111 19832 19832 D RegisteredAidCache: Exact AID, resolving.
04-13 11:00:30.111 19832 19832 D RegisteredAidCache: resolveAidLocked: (Ignoring handling service ComponentInfo{com.google.android.gms/com.google.android.gms.tapandpay.hce.service.TpHceService} because it's not the payment default.)
04-13 11:00:30.111 19832 19832 D RegisteredAidCache: resolveAidLocked: DECISION: routing to all matching services
04-13 11:00:30.111 19832 19832 D RegisteredAidCache: AIDs: [A0000000032010] were resolved.
04-13 11:00:30.111 19832 19832 D RegisteredAidCache: generateAidCacheLocked: starting with aid A0000000032020
04-13 11:00:30.111 19832 19832 D RegisteredAidCache: Exact AID, resolving.
04-13 11:00:30.111 19832 19832 D RegisteredAidCache: resolveAidLocked: (Ignoring handling service ComponentInfo{com.google.android.gms/com.google.android.gms.tapandpay.hce.service.TpHceService} because it's not the payment default.)
04-13 11:00:30.112 19832 19832 D RegisteredAidCache: resolveAidLocked: DECISION: routing to all matching services
04-13 11:00:30.112 19832 19832 D RegisteredAidCache: AIDs: [A0000000032020] were resolved.
04-13 11:00:30.112 19832 19832 D RegisteredAidCache: generateAidCacheLocked: starting with aid A000000004
04-13 11:00:30.112 19832 19832 D RegisteredAidCache: Exact AID, resolving.
04-13 11:00:30.112 19832 19832 D RegisteredAidCache: resolveAidLocked: (Ignoring handling service ComponentInfo{com.google.android.gms/com.google.android.gms.tapandpay.hce.service.TpHceService} because it's not the payment default.)
04-13 11:00:30.112 19832 19832 D RegisteredAidCache: resolveAidLocked: DECISION: routing to all matching services
04-13 11:00:30.112 19832 19832 D RegisteredAidCache: AIDs: [A000000004] were resolved.
04-13 11:00:30.112 19832 19832 D RegisteredAidCache: generateAidCacheLocked: starting with aid A0000000041010
04-13 11:00:30.112 19832 19832 D RegisteredAidCache: Exact AID, resolving.
04-13 11:00:30.112 19832 19832 D RegisteredAidCache: resolveAidLocked: (Ignoring handling service ComponentInfo{com.google.android.gms/com.google.android.gms.tapandpay.hce.service.TpHceService} because it's not the payment default.)
04-13 11:00:30.112 19832 19832 D RegisteredAidCache: resolveAidLocked: (Ignoring handling service ComponentInfo{com.chinamworld.bocmbci/com.boc.bocsoft.mobile.bocmobile.buss.equickpay.service.BocopApduService} because it's not the payment default.)
04-13 11:00:30.112 19832 19832 D RegisteredAidCache: resolveAidLocked: DECISION: routing to all matching services
04-13 11:00:30.112 19832 19832 D RegisteredAidCache: AIDs: [A0000000041010] were resolved.
04-13 11:00:30.112 19832 19832 D RegisteredAidCache: generateAidCacheLocked: starting with aid A0000000042203
04-13 11:00:30.112 19832 19832 D RegisteredAidCache: Exact AID, resolving.
04-13 11:00:30.112 19832 19832 D RegisteredAidCache: resolveAidLocked: (Ignoring handling service ComponentInfo{com.google.android.gms/com.google.android.gms.tapandpay.hce.service.TpHceService} because it's not the payment default.)
04-13 11:00:30.112 19832 19832 D RegisteredAidCache: resolveAidLocked: DECISION: routing to all matching services
04-13 11:00:30.112 19832 19832 D RegisteredAidCache: AIDs: [A0000000042203] were resolved.
04-13 11:00:30.112 19832 19832 D RegisteredAidCache: generateAidCacheLocked: starting with aid A0000000043060
04-13 11:00:30.112 19832 19832 D RegisteredAidCache: Exact AID, resolving.
04-13 11:00:30.112 19832 19832 D RegisteredAidCache: resolveAidLocked: (Ignoring handling service ComponentInfo{com.google.android.gms/com.google.android.gms.tapandpay.hce.service.TpHceService} because it's not the payment default.)
04-13 11:00:30.112 19832 19832 D RegisteredAidCache: resolveAidLocked: DECISION: routing to all matching services
04-13 11:00:30.112 19832 19832 D RegisteredAidCache: AIDs: [A0000000043060] were resolved.
04-13 11:00:30.112 19832 19832 D RegisteredAidCache: generateAidCacheLocked: starting with aid A0000000049100
04-13 11:00:30.112 19832 19832 D RegisteredAidCache: Exact AID, resolving.
04-13 11:00:30.112 19832 19832 D RegisteredAidCache: resolveAidLocked: (Ignoring handling service ComponentInfo{com.google.android.gms/com.google.android.gms.tapandpay.hce.service.TpHceService} because it's not the payment default.)
04-13 11:00:30.112 19832 19832 D RegisteredAidCache: resolveAidLocked: DECISION: routing to all matching services
04-13 11:00:30.112 19832 19832 D RegisteredAidCache: AIDs: [A0000000049100] were resolved.
04-13 11:00:30.112 19832 19832 D RegisteredAidCache: generateAidCacheLocked: starting with aid A000000025
04-13 11:00:30.112 19832 19832 D RegisteredAidCache: Exact AID, resolving.
04-13 11:00:30.112 19832 19832 D RegisteredAidCache: resolveAidLocked: (Ignoring handling service ComponentInfo{com.google.android.gms/com.google.android.gms.tapandpay.hce.service.TpHceService} because it's not the payment default.)
04-13 11:00:30.112 19832 19832 D RegisteredAidCache: resolveAidLocked: DECISION: routing to all matching services
04-13 11:00:30.112 19832 19832 D RegisteredAidCache: AIDs: [A000000025] were resolved.
04-13 11:00:30.112 19832 19832 D RegisteredAidCache: generateAidCacheLocked: starting with aid A0000000250000
04-13 11:00:30.112 19832 19832 D RegisteredAidCache: Exact AID, resolving.
04-13 11:00:30.112 19832 19832 D RegisteredAidCache: resolveAidLocked: (Ignoring handling service ComponentInfo{com.google.android.gms/com.google.android.gms.tapandpay.hce.service.TpHceService} because it's not the payment default.)
04-13 11:00:30.112 19832 19832 D RegisteredAidCache: resolveAidLocked: DECISION: routing to all matching services
04-13 11:00:30.112 19832 19832 D RegisteredAidCache: AIDs: [A0000000250000] were resolved.
04-13 11:00:30.112 19832 19832 D RegisteredAidCache: generateAidCacheLocked: starting with aid A00000002501
04-13 11:00:30.112 19832 19832 D RegisteredAidCache: Exact AID, resolving.
04-13 11:00:30.112 19832 19832 D RegisteredAidCache: resolveAidLocked: (Ignoring handling service ComponentInfo{com.google.android.gms/com.google.android.gms.tapandpay.hce.service.TpHceService} because it's not the payment default.)
04-13 11:00:30.112 19832 19832 D RegisteredAidCache: resolveAidLocked: DECISION: routing to all matching services
04-13 11:00:30.112 19832 19832 D RegisteredAidCache: AIDs: [A00000002501] were resolved.
04-13 11:00:30.112 19832 19832 D RegisteredAidCache: generateAidCacheLocked: starting with aid A000000025010801
04-13 11:00:30.112 19832 19832 D RegisteredAidCache: Exact AID, resolving.
04-13 11:00:30.112 19832 19832 D RegisteredAidCache: resolveAidLocked: (Ignoring handling service ComponentInfo{com.google.android.gms/com.google.android.gms.tapandpay.hce.service.TpHceService} because it's not the payment default.)
04-13 11:00:30.112 19832 19832 D RegisteredAidCache: resolveAidLocked: DECISION: routing to all matching services
04-13 11:00:30.112 19832 19832 D RegisteredAidCache: AIDs: [A000000025010801] were resolved.
04-13 11:00:30.112 19832 19832 D RegisteredAidCache: generateAidCacheLocked: starting with aid A000000025011001
04-13 11:00:30.112 19832 19832 D RegisteredAidCache: Exact AID, resolving.
04-13 11:00:30.112 19832 19832 D RegisteredAidCache: resolveAidLocked: (Ignoring handling service ComponentInfo{com.google.android.gms/com.google.android.gms.tapandpay.hce.service.TpHceService} because it's not the payment default.)
04-13 11:00:30.112 19832 19832 D RegisteredAidCache: resolveAidLocked: DECISION: routing to all matching services
04-13 11:00:30.112 19832 19832 D RegisteredAidCache: AIDs: [A000000025011001] were resolved.
04-13 11:00:30.112 19832 19832 D RegisteredAidCache: generateAidCacheLocked: starting with aid A00000002502
04-13 11:00:30.112 19832 19832 D RegisteredAidCache: Exact AID, resolving.
04-13 11:00:30.112 19832 19832 D RegisteredAidCache: resolveAidLocked: (Ignoring handling service ComponentInfo{com.google.android.gms/com.google.android.gms.tapandpay.hce.service.TpHceService} because it's not the payment default.)
04-13 11:00:30.112 19832 19832 D RegisteredAidCache: resolveAidLocked: DECISION: routing to all matching services
04-13 11:00:30.112 19832 19832 D RegisteredAidCache: AIDs: [A00000002502] were resolved.
04-13 11:00:30.112 19832 19832 D RegisteredAidCache: generateAidCacheLocked: starting with aid A000000025021001
04-13 11:00:30.112 19832 19832 D RegisteredAidCache: Exact AID, resolving.
04-13 11:00:30.112 19832 19832 D RegisteredAidCache: resolveAidLocked: (Ignoring handling service ComponentInfo{com.google.android.gms/com.google.android.gms.tapandpay.hce.service.TpHceService} because it's not the payment default.)
04-13 11:00:30.112 19832 19832 D RegisteredAidCache: resolveAidLocked: DECISION: routing to all matching services
04-13 11:00:30.112 19832 19832 D RegisteredAidCache: AIDs: [A000000025021001] were resolved.
04-13 11:00:30.112 19832 19832 D RegisteredAidCache: generateAidCacheLocked: starting with aid A0000000980840
04-13 11:00:30.112 19832 19832 D RegisteredAidCache: Exact AID, resolving.
04-13 11:00:30.112 19832 19832 D RegisteredAidCache: resolveAidLocked: (Ignoring handling service ComponentInfo{com.google.android.gms/com.google.android.gms.tapandpay.hce.service.TpHceService} because it's not the payment default.)
04-13 11:00:30.112 19832 19832 D RegisteredAidCache: resolveAidLocked: DECISION: routing to all matching services
04-13 11:00:30.112 19832 19832 D RegisteredAidCache: AIDs: [A0000000980840] were resolved.
04-13 11:00:30.112 19832 19832 D RegisteredAidCache: generateAidCacheLocked: starting with aid A0000001523010
04-13 11:00:30.112 19832 19832 D RegisteredAidCache: Exact AID, resolving.
04-13 11:00:30.112 19832 19832 D RegisteredAidCache: resolveAidLocked: (Ignoring handling service ComponentInfo{com.google.android.gms/com.google.android.gms.tapandpay.hce.service.TpHceService} because it's not the payment default.)
04-13 11:00:30.112 19832 19832 D RegisteredAidCache: resolveAidLocked: DECISION: routing to all matching services
04-13 11:00:30.112 19832 19832 D RegisteredAidCache: AIDs: [A0000001523010] were resolved.
04-13 11:00:30.112 19832 19832 D RegisteredAidCache: generateAidCacheLocked: starting with aid A0000001524010
04-13 11:00:30.112 19832 19832 D RegisteredAidCache: Exact AID, resolving.
04-13 11:00:30.112 19832 19832 D RegisteredAidCache: resolveAidLocked: (Ignoring handling service ComponentInfo{com.google.android.gms/com.google.android.gms.tapandpay.hce.service.TpHceService} because it's not the payment default.)
04-13 11:00:30.112 19832 19832 D RegisteredAidCache: resolveAidLocked: DECISION: routing to all matching services
04-13 11:00:30.112 19832 19832 D RegisteredAidCache: AIDs: [A0000001524010] were resolved.
04-13 11:00:30.112 19832 19832 D RegisteredAidCache: generateAidCacheLocked: starting with aid A0000002771010
04-13 11:00:30.112 19832 19832 D RegisteredAidCache: Exact AID, resolving.
04-13 11:00:30.113 19832 19832 D RegisteredAidCache: resolveAidLocked: (Ignoring handling service ComponentInfo{com.google.android.gms/com.google.android.gms.tapandpay.hce.service.TpHceService} because it's not the payment default.)
04-13 11:00:30.113 19832 19832 D RegisteredAidCache: resolveAidLocked: DECISION: routing to all matching services
04-13 11:00:30.113 19832 19832 D RegisteredAidCache: AIDs: [A0000002771010] were resolved.
04-13 11:00:30.113 19832 19832 D RegisteredAidCache: generateAidCacheLocked: starting with aid A0000003241010
04-13 11:00:30.113 19832 19832 D RegisteredAidCache: Exact AID, resolving.
04-13 11:00:30.113 19832 19832 D RegisteredAidCache: resolveAidLocked: (Ignoring handling service ComponentInfo{com.google.android.gms/com.google.android.gms.tapandpay.hce.service.TpHceService} because it's not the payment default.)
04-13 11:00:30.113 19832 19832 D RegisteredAidCache: resolveAidLocked: DECISION: routing to all matching services
04-13 11:00:30.113 19832 19832 D RegisteredAidCache: AIDs: [A0000003241010] were resolved.
04-13 11:00:30.113 19832 19832 D RegisteredAidCache: generateAidCacheLocked: starting with aid A000000333010101
04-13 11:00:30.113 19832 19832 D RegisteredAidCache: Exact AID, resolving.
04-13 11:00:30.113 19832 19832 D RegisteredAidCache: resolveAidLocked: (Ignoring handling service ComponentInfo{com.jingdong.app.mall/com.jdpaysdk.payment.quickpass.server.QuickPassNFCServer} because it's not the payment default.)
04-13 11:00:30.113 19832 19832 D RegisteredAidCache: resolveAidLocked: (Ignoring handling service ComponentInfo{com.chinamworld.bocmbci/com.boc.bocsoft.mobile.bocmobile.buss.equickpay.service.BocopApduService} because it's not the payment default.)
04-13 11:00:30.113 19832 19832 D RegisteredAidCache: resolveAidLocked: DECISION: routing to all matching services
04-13 11:00:30.113 19832 19832 D RegisteredAidCache: AIDs: [A000000333010101] were resolved.
04-13 11:00:30.113 19832 19832 D RegisteredAidCache: generateAidCacheLocked: starting with aid A000000333010102
04-13 11:00:30.113 19832 19832 D RegisteredAidCache: Exact AID, resolving.
04-13 11:00:30.113 19832 19832 D RegisteredAidCache: resolveAidLocked: (Ignoring handling service ComponentInfo{com.jingdong.app.mall/com.jdpaysdk.payment.quickpass.server.QuickPassNFCServer} because it's not the payment default.)
04-13 11:00:30.113 19832 19832 D RegisteredAidCache: resolveAidLocked: (Ignoring handling service ComponentInfo{com.chinamworld.bocmbci/com.boc.bocsoft.mobile.bocmobile.buss.equickpay.service.BocopApduService} because it's not the payment default.)
04-13 11:00:30.113 19832 19832 D RegisteredAidCache: resolveAidLocked: DECISION: routing to all matching services
04-13 11:00:30.113 19832 19832 D RegisteredAidCache: AIDs: [A000000333010102] were resolved.
04-13 11:00:30.113 19832 19832 D RegisteredAidCache: generateAidCacheLocked: starting with aid A000000333010103
04-13 11:00:30.113 19832 19832 D RegisteredAidCache: Exact AID, resolving.
04-13 11:00:30.113 19832 19832 D RegisteredAidCache: resolveAidLocked: (Ignoring handling service ComponentInfo{com.jingdong.app.mall/com.jdpaysdk.payment.quickpass.server.QuickPassNFCServer} because it's not the payment default.)
04-13 11:00:30.114  4115  4115 I BatteryInfoReceiver: ACTION_BATTERY_CHANGED
04-13 11:00:30.115  6036  6536 D PowerCheckerService: onBatteryChanged, mBatteryLevel = 34, status = 2, level = 34, plug = 2, scale = 100
04-13 11:00:30.116 19832 19832 D RegisteredAidCache: resolveAidLocked: DECISION: routing to all matching services
04-13 11:00:30.116 19832 19832 D RegisteredAidCache: AIDs: [A000000333010103] were resolved.
04-13 11:00:30.116 19832 19832 D RegisteredAidCache: generateAidCacheLocked: starting with aid A00000038410
04-13 11:00:30.116 19832 19832 D RegisteredAidCache: Exact AID, resolving.
04-13 11:00:30.116 19832 19832 D RegisteredAidCache: resolveAidLocked: (Ignoring handling service ComponentInfo{com.google.android.gms/com.google.android.gms.tapandpay.hce.service.TpHceService} because it's not the payment default.)
04-13 11:00:30.116 19832 19832 D RegisteredAidCache: resolveAidLocked: DECISION: routing to all matching services
04-13 11:00:30.116 19832 19832 D RegisteredAidCache: AIDs: [A00000038410] were resolved.
04-13 11:00:30.116 19832 19832 D RegisteredAidCache: generateAidCacheLocked: starting with aid A00000038420
04-13 11:00:30.116 19832 19832 D RegisteredAidCache: Exact AID, resolving.
04-13 11:00:30.116 19832 19832 D RegisteredAidCache: resolveAidLocked: (Ignoring handling service ComponentInfo{com.google.android.gms/com.google.android.gms.tapandpay.hce.service.TpHceService} because it's not the payment default.)
04-13 11:00:30.116 19832 19832 D RegisteredAidCache: resolveAidLocked: DECISION: routing to all matching services
04-13 11:00:30.116 19832 19832 D RegisteredAidCache: AIDs: [A00000038420] were resolved.
04-13 11:00:30.116 19832 19832 D RegisteredAidCache: generateAidCacheLocked: starting with aid B06937896756002478
04-13 11:00:30.116 19832 19832 D RegisteredAidCache: Exact AID, resolving.
04-13 11:00:30.116 19832 19832 D RegisteredAidCache: resolveAidLocked: DECISION: routing to payment default default ApduService: ComponentInfo{com.eg.android.AlipayGphone/com.alipay.android.phone.offlinepay.nfc.CardService}, description: , Static AID Groups: Category: payment, AIDs:B06937896756002478, , Dynamic AID Groups:
04-13 11:00:30.116 19832 19832 D RegisteredAidCache: AIDs: [B06937896756002478] were resolved.
04-13 11:00:30.116 19832 19832 D RegisteredAidCache: generateAidCacheLocked: starting with aid F0010203040506
04-13 11:00:30.116 19832 19832 D RegisteredAidCache: Exact AID, resolving.
04-13 11:00:30.116 19832 19832 D RegisteredAidCache: resolveAidLocked: (Ignoring handling service ComponentInfo{com.chinamworld.bocmbci/com.boc.bocsoft.mobile.bocmobile.buss.equickpay.service.BocopApduService} because it's not the payment default.)
04-13 11:00:30.116 19832 19832 D RegisteredAidCache: resolveAidLocked: DECISION: routing to all matching services
04-13 11:00:30.116 19832 19832 D RegisteredAidCache: AIDs: [F0010203040506] were resolved.
04-13 11:00:30.116 19832 19832 D RegisteredAidCache: generateAidCacheLocked: starting with aid F0394148148100
04-13 11:00:30.116 19832 19832 D RegisteredAidCache: Exact AID, resolving.
04-13 11:00:30.116 19832 19832 D RegisteredAidCache: resolveAidLocked: (Ignoring handling service ComponentInfo{com.chinamworld.bocmbci/com.boc.bocsoft.mobile.bocmobile.buss.equickpay.service.BocopApduService} because it's not the payment default.)
04-13 11:00:30.116 19832 19832 D RegisteredAidCache: resolveAidLocked: DECISION: routing to all matching services
04-13 11:00:30.116 19832 19832 D RegisteredAidCache: AIDs: [F0394148148100] were resolved.
04-13 11:00:30.116 19832 19832 D RegisteredAidCache: generateAidCacheLocked: starting with aid F123456789
04-13 11:00:30.116 19832 19832 D RegisteredAidCache: Exact AID, resolving.
04-13 11:00:30.116 19832 19832 D RegisteredAidCache: resolveAidLocked: (Ignoring handling service ComponentInfo{com.tencent.mm/com.tencent.mm.plugin.appbrand.jsapi.nfc.hce.HCEService} because it's not the payment default.)
04-13 11:00:30.116 19832 19832 D RegisteredAidCache: resolveAidLocked: (Ignoring handling service ComponentInfo{com.tencent.mtt/com.tencent.mm.plugin.appbrand.jsapi.nfc.hce.HCEService} because it's not the payment default.)
04-13 11:00:30.116 19832 19832 D RegisteredAidCache: resolveAidLocked: (Ignoring handling service ComponentInfo{com.tencent.qqlive/com.tencent.mm.plugin.appbrand.jsapi.nfc.hce.HCEService} because it's not the payment default.)
04-13 11:00:30.116 19832 19832 D RegisteredAidCache: resolveAidLocked: (Ignoring handling service ComponentInfo{com.tencent.wework/com.tencent.mm.plugin.appbrand.jsapi.nfc.hce.HCEService} because it's not the payment default.)
04-13 11:00:30.116 19832 19832 D RegisteredAidCache: resolveAidLocked: DECISION: routing to all matching services
04-13 11:00:30.116 19832 19832 D RegisteredAidCache: AIDs: [F123456789] were resolved.
04-13 11:00:30.116 19832 19832 D RegisteredAidCache: Exact or Prefix AID.F123456789
04-13 11:00:30.116 19832 19832 D RegisteredAidCache: AIDs: [F123456789] were resolved.
04-13 11:00:30.116 19832 19832 D RegisteredAidCache: Exact or Prefix AID.F0394148148100
04-13 11:00:30.116 19832 19832 D RegisteredAidCache: AIDs: [F0394148148100] were resolved.
04-13 11:00:30.116 19832 19832 D RegisteredAidCache: Exact or Prefix AID.F0010203040506
04-13 11:00:30.117 19832 19832 D RegisteredAidCache: AIDs: [F0010203040506] were resolved.
04-13 11:00:30.117 19832 19832 D RegisteredAidCache: Exact or Prefix AID.B06937896756002478
04-13 11:00:30.117 19832 19832 D RegisteredAidCache: AIDs: [B06937896756002478] were resolved.
04-13 11:00:30.117 19832 19832 D RegisteredAidCache: Exact or Prefix AID.A00000038420
04-13 11:00:30.117 19832 19832 D RegisteredAidCache: AIDs: [A00000038420] were resolved.
04-13 11:00:30.117 19832 19832 D RegisteredAidCache: Exact or Prefix AID.A00000038410
04-13 11:00:30.117 19832 19832 D RegisteredAidCache: AIDs: [A00000038410] were resolved.
04-13 11:00:30.117 19832 19832 D RegisteredAidCache: Exact or Prefix AID.A000000333010103
04-13 11:00:30.117 19832 19832 D RegisteredAidCache: AIDs: [A000000333010103] were resolved.
04-13 11:00:30.117 19832 19832 D RegisteredAidCache: Exact or Prefix AID.A000000333010102
04-13 11:00:30.117 19832 19832 D RegisteredAidCache: AIDs: [A000000333010102] were resolved.
04-13 11:00:30.117 19832 19832 D RegisteredAidCache: Exact or Prefix AID.A000000333010101
04-13 11:00:30.117 19832 19832 D RegisteredAidCache: AIDs: [A000000333010101] were resolved.
04-13 11:00:30.117 19832 19832 D RegisteredAidCache: Exact or Prefix AID.A0000003241010
04-13 11:00:30.117 19832 19832 D RegisteredAidCache: AIDs: [A0000003241010] were resolved.
04-13 11:00:30.117 19832 19832 D RegisteredAidCache: Exact or Prefix AID.A0000002771010
04-13 11:00:30.117 19832 19832 D RegisteredAidCache: AIDs: [A0000002771010] were resolved.
04-13 11:00:30.117 19832 19832 D RegisteredAidCache: Exact or Prefix AID.A0000001524010
04-13 11:00:30.117 19832 19832 D RegisteredAidCache: AIDs: [A0000001524010] were resolved.
04-13 11:00:30.117 19832 19832 D RegisteredAidCache: Exact or Prefix AID.A0000001523010
04-13 11:00:30.117 19832 19832 D RegisteredAidCache: AIDs: [A0000001523010] were resolved.
04-13 11:00:30.117 19832 19832 D RegisteredAidCache: Exact or Prefix AID.A0000000980840
04-13 11:00:30.117 19832 19832 D RegisteredAidCache: AIDs: [A0000000980840] were resolved.
04-13 11:00:30.117 19832 19832 D RegisteredAidCache: Exact or Prefix AID.A000000025021001
04-13 11:00:30.117 19832 19832 D RegisteredAidCache: AIDs: [A000000025021001] were resolved.
04-13 11:00:30.117 19832 19832 D RegisteredAidCache: Exact or Prefix AID.A00000002502
04-13 11:00:30.117 19832 19832 D RegisteredAidCache: AIDs: [A00000002502] were resolved.
04-13 11:00:30.117 19832 19832 D RegisteredAidCache: Exact or Prefix AID.A000000025011001
04-13 11:00:30.117 19832 19832 D RegisteredAidCache: AIDs: [A000000025011001] were resolved.
04-13 11:00:30.117 19832 19832 D RegisteredAidCache: Exact or Prefix AID.A000000025010801
04-13 11:00:30.117 19832 19832 D RegisteredAidCache: AIDs: [A000000025010801] were resolved.
04-13 11:00:30.117 19832 19832 D RegisteredAidCache: Exact or Prefix AID.A00000002501
04-13 11:00:30.117 19832 19832 D RegisteredAidCache: AIDs: [A00000002501] were resolved.
04-13 11:00:30.117 19832 19832 D RegisteredAidCache: Exact or Prefix AID.A0000000250000
04-13 11:00:30.117 19832 19832 D RegisteredAidCache: AIDs: [A0000000250000] were resolved.
04-13 11:00:30.117 19832 19832 D RegisteredAidCache: Exact or Prefix AID.A000000025
04-13 11:00:30.117 19832 19832 D RegisteredAidCache: AIDs: [A000000025] were resolved.
04-13 11:00:30.117 19832 19832 D RegisteredAidCache: Exact or Prefix AID.A0000000049100
04-13 11:00:30.117 19832 19832 D RegisteredAidCache: AIDs: [A0000000049100] were resolved.
04-13 11:00:30.117 19832 19832 D RegisteredAidCache: Exact or Prefix AID.A0000000043060
04-13 11:00:30.117 19832 19832 D RegisteredAidCache: AIDs: [A0000000043060] were resolved.
04-13 11:00:30.117 19832 19832 D RegisteredAidCache: Exact or Prefix AID.A0000000042203
04-13 11:00:30.117 19832 19832 D RegisteredAidCache: AIDs: [A0000000042203] were resolved.
04-13 11:00:30.117 19832 19832 D RegisteredAidCache: Exact or Prefix AID.A0000000041010
04-13 11:00:30.117 19832 19832 D RegisteredAidCache: AIDs: [A0000000041010] were resolved.
04-13 11:00:30.117 19832 19832 D RegisteredAidCache: Exact or Prefix AID.A000000004
04-13 11:00:30.117 19832 19832 D RegisteredAidCache: AIDs: [A000000004] were resolved.
04-13 11:00:30.117 19832 19832 D RegisteredAidCache: Exact or Prefix AID.A0000000032020
04-13 11:00:30.117 19832 19832 D RegisteredAidCache: AIDs: [A0000000032020] were resolved.
04-13 11:00:30.117 19832 19832 D RegisteredAidCache: Exact or Prefix AID.A0000000032010
04-13 11:00:30.117 19832 19832 D RegisteredAidCache: AIDs: [A0000000032010] were resolved.
04-13 11:00:30.117 19832 19832 D RegisteredAidCache: Exact or Prefix AID.A0000000031010
04-13 11:00:30.117 19832 19832 D RegisteredAidCache: AIDs: [A0000000031010] were resolved.
04-13 11:00:30.117 19832 19832 D RegisteredAidCache: Exact or Prefix AID.A00000000307010001
04-13 11:00:30.117 19832 19832 D RegisteredAidCache: AIDs: [A00000000307010001] were resolved.
04-13 11:00:30.117 19832 19832 D RegisteredAidCache: Exact or Prefix AID.A000000003
04-13 11:00:30.117 19832 19832 D RegisteredAidCache: AIDs: [A000000003] were resolved.
04-13 11:00:30.117 19832 19832 D RegisteredAidCache: Exact or Prefix AID.325041592E5359532E4444463031
04-13 11:00:30.117 19832 19832 D RegisteredAidCache: AIDs: [325041592E5359532E4444463031] were resolved.
04-13 11:00:30.117 19832 19832 D RegisteredAidCache: updateRoutingLocked(false): Enter
04-13 11:00:30.118 19832 19832 D NfcService: defaultMifateCLTRoute : 315
04-13 11:00:30.118 19832 19832 D RegisteredAidCache:  AID power state B06937896756002478 59 route 0
04-13 11:00:30.118 19832 19832 D RegisteredAidCache: updateRoutePowerState inputPwr 59
04-13 11:00:30.118 19832 19832 D RegisteredAidCache: updateRoutePowerState outputPwr 59
04-13 11:00:30.118 19832 19832 D AidRoutingManager: configureRouting(false): Enter
04-13 11:00:30.118 19832 19832 I libnfc_nci: [INFO:SecureElement.cpp(1511)] SecureElement::getEseHandleFromGenericId: enter; ESE-ID = 0x01
04-13 11:00:30.118 19832 19832 I libnfc_nci: [INFO:SecureElement.cpp(1546)] SecureElement::getEseHandleFromGenericId: enter; ESE-Handle = 0x4C0
04-13 11:00:30.118 19832 19832 D NfcService: defaultAidRoute : 315
04-13 11:00:30.118 19832 19832 D NfcService: GetDefaultRouteLoc  :1
04-13 11:00:30.118 19832 19832 I libnfc_nci: [INFO:SecureElement.cpp(1511)] SecureElement::getEseHandleFromGenericId: enter; ESE-ID = 0x01
04-13 11:00:30.118 19832 19832 I libnfc_nci: [INFO:SecureElement.cpp(1546)] SecureElement::getEseHandleFromGenericId: enter; ESE-Handle = 0x4C0
04-13 11:00:30.118 19832 19832 D NfcService: defaultAidRoute : 315
04-13 11:00:30.118 19832 19832 E AidRoutingManager: Size of routing table: 970
04-13 11:00:30.118 19832 19832 D AidRoutingManager: configureRouting: seList: add 1
04-13 11:00:30.118 19832 19832 D AidRoutingManager: configureRouting: B06937896756002478=AidEntry{isOnHost:true, offHostSE:Host, route:0, powerState:0x3b, aidInfo:0x0}
04-13 11:00:30.118 19832 19832 D AidRoutingManager: configureRouting: seList: add 0
04-13 11:00:30.118 19832 19832 D AidRoutingManager: #######Routing AID B06937896756002478 to route 0 with power 59
04-13 11:00:30.118 19832 19832 I NfcService: Add T4T Nfcee AID
04-13 11:00:30.118 19832 19832 D NfcService: T4TNfceePowerState : 59
04-13 11:00:30.118 19832 19832 D AidRoutingManager: Routing table unchanged, not updating
04-13 11:00:30.118 19832 19832 D RegisteredAidCache: updateRoutingLocked(): Exit
04-13 11:00:30.119 19832 19832 D RegisteredNfcFServicesCache: Service unchanged, not updating
04-13 11:00:30.119 19832 19832 I libnfc_nci: [INFO:SecureElement.cpp(1511)] SecureElement::getEseHandleFromGenericId: enter; ESE-ID = 0x7F
04-13 11:00:30.119 19832 19832 I libnfc_nci: [INFO:SecureElement.cpp(1546)] SecureElement::getEseHandleFromGenericId: enter; ESE-Handle = 0x410
04-13 11:00:30.119 19832 19870 E libnfc_nci: [ERROR:nfa_ee_act.cc(1611)] The AID entry is already in the database for different NFCEE ID:0x00
04-13 11:00:30.120  2862  2862 D DeviceStatisticsService: chargerType=2 batteryLevel=34 totalBatteryCapacity=4320000
04-13 11:00:30.142  2539  2539 D KeyguardUpdateMonitor: received broadcast android.intent.action.BATTERY_CHANGED
04-13 11:00:30.143  4115  4115 I BatteryInfoReceiver: ACTION_BATTERY_CHANGED
04-13 11:00:30.144  2862  2862 D NetworkSpeedTracker: receive actionandroid.intent.action.BATTERY_CHANGED
04-13 11:00:30.144  2862  2862 D NetworkSpeedTracker: onReceive ACTION_BATTERY_CHANGED mBatteryLevel = 34;mIsCharging =true
04-13 11:00:30.144  6036  6536 D PowerCheckerService: onBatteryChanged, mBatteryLevel = 34, status = 2, level = 34, plug = 2, scale = 100
04-13 11:00:30.148  2862  2862 D DeviceStatisticsService: chargerType=2 batteryLevel=34 totalBatteryCapacity=4320000
04-13 11:00:30.151  2539  2539 D KeyguardUpdateMonitor: received broadcast android.intent.action.BATTERY_CHANGED
04-13 11:00:30.151  2862  2862 D NetworkSpeedTracker: receive actionandroid.intent.action.BATTERY_CHANGED
04-13 11:00:30.151  2862  2862 D NetworkSpeedTracker: onReceive ACTION_BATTERY_CHANGED mBatteryLevel = 34;mIsCharging =true
04-13 11:00:30.152  4115  4115 I BatteryInfoReceiver: ACTION_BATTERY_CHANGED
04-13 11:00:30.153  6036  6536 D PowerCheckerService: onBatteryChanged, mBatteryLevel = 34, status = 2, level = 34, plug = 2, scale = 100
04-13 11:00:30.156  2862  2862 D DeviceStatisticsService: chargerType=2 batteryLevel=34 totalBatteryCapacity=4320000
04-13 11:00:30.181  2539  2539 D KeyguardUpdateMonitor: received broadcast android.intent.action.BATTERY_CHANGED
04-13 11:00:30.181  2862  2862 D NetworkSpeedTracker: receive actionandroid.intent.action.BATTERY_CHANGED
04-13 11:00:30.181  2862  2862 D NetworkSpeedTracker: onReceive ACTION_BATTERY_CHANGED mBatteryLevel = 34;mIsCharging =true
04-13 11:00:30.183  4115  4115 I BatteryInfoReceiver: ACTION_BATTERY_CHANGED
04-13 11:00:30.183  6036  6536 D PowerCheckerService: onBatteryChanged, mBatteryLevel = 34, status = 2, level = 34, plug = 2, scale = 100
04-13 11:00:30.185  2862  2862 D DeviceStatisticsService: chargerType=2 batteryLevel=34 totalBatteryCapacity=4320000
04-13 11:00:30.193  2539  2539 D KeyguardUpdateMonitor: received broadcast android.intent.action.BATTERY_CHANGED
04-13 11:00:30.193  2862  2862 D NetworkSpeedTracker: receive actionandroid.intent.action.BATTERY_CHANGED
04-13 11:00:30.193  2862  2862 D NetworkSpeedTracker: onReceive ACTION_BATTERY_CHANGED mBatteryLevel = 34;mIsCharging =true
04-13 11:00:30.194  4115  4115 I BatteryInfoReceiver: ACTION_BATTERY_CHANGED
04-13 11:00:30.194  6036  6536 D PowerCheckerService: onBatteryChanged, mBatteryLevel = 34, status = 2, level = 34, plug = 2, scale = 100
04-13 11:00:30.195  2862  2862 D DeviceStatisticsService: chargerType=2 batteryLevel=34 totalBatteryCapacity=4320000
04-13 11:00:30.226  2539  2539 D KeyguardUpdateMonitor: received broadcast android.intent.action.BATTERY_CHANGED
04-13 11:00:30.228  4115  4115 I BatteryInfoReceiver: ACTION_BATTERY_CHANGED
04-13 11:00:30.229  2862  2862 D NetworkSpeedTracker: receive actionandroid.intent.action.BATTERY_CHANGED
04-13 11:00:30.229  2862  2862 D NetworkSpeedTracker: onReceive ACTION_BATTERY_CHANGED mBatteryLevel = 34;mIsCharging =true
04-13 11:00:30.230  6036  6536 D PowerCheckerService: onBatteryChanged, mBatteryLevel = 34, status = 2, level = 34, plug = 2, scale = 100
04-13 11:00:30.232  2862  2862 D DeviceStatisticsService: chargerType=2 batteryLevel=34 totalBatteryCapacity=4320000
04-13 11:00:30.234  2539  2539 D KeyguardUpdateMonitor: received broadcast android.intent.action.BATTERY_CHANGED
04-13 11:00:30.234  2862  2862 D NetworkSpeedTracker: receive actionandroid.intent.action.BATTERY_CHANGED
04-13 11:00:30.234  2862  2862 D NetworkSpeedTracker: onReceive ACTION_BATTERY_CHANGED mBatteryLevel = 34;mIsCharging =true
04-13 11:00:30.234  4115  4115 I BatteryInfoReceiver: ACTION_BATTERY_CHANGED
04-13 11:00:30.235  6036  6536 D PowerCheckerService: onBatteryChanged, mBatteryLevel = 34, status = 2, level = 34, plug = 2, scale = 100
04-13 11:00:30.236  2862  2862 D DeviceStatisticsService: chargerType=2 batteryLevel=34 totalBatteryCapacity=4320000
04-13 11:00:30.245 20182 20182 E libc    : Access denied finding property "vendor.audio.hal.boot.timeout.ms"
04-13 11:00:30.269 20182 20182 W AVMediaServiceUtils: symbol createExtendedMediaServiceUtils not found:  undefined symbol: createExtendedMediaServiceUtils
04-13 11:00:30.271 20182 20182 D AndroidRuntime: >>>>>> START com.android.internal.os.RuntimeInit uid 2000 <<<<<<
04-13 11:00:30.273 20182 20182 E libc    : Access denied finding property "persist.device_config.runtime_native_boot.enable_apex_image"
04-13 11:00:30.273 20182 20182 I AndroidRuntime: Using default boot image
04-13 11:00:30.273 20182 20182 E libc    : Access denied finding property "persist.device_config.runtime_native_boot.disable_lock_profiling"
04-13 11:00:30.273 20182 20182 I AndroidRuntime: Leaving lock profiling enabled
04-13 11:00:30.273 20182 20182 E libc    : Access denied finding property "persist.device_config.runtime_native_boot.enable_generational_cc"
04-13 11:00:30.278  2862  2862 D NetworkSpeedTracker: receive actionandroid.intent.action.BATTERY_CHANGED
04-13 11:00:30.278  2862  2862 D NetworkSpeedTracker: onReceive ACTION_BATTERY_CHANGED mBatteryLevel = 34;mIsCharging =true
04-13 11:00:30.280  6036  6536 D PowerCheckerService: onBatteryChanged, mBatteryLevel = 34, status = 2, level = 34, plug = 2, scale = 100
04-13 11:00:30.282  2539  2539 D KeyguardUpdateMonitor: received broadcast android.intent.action.BATTERY_CHANGED
04-13 11:00:30.284  4115  4115 I BatteryInfoReceiver: ACTION_BATTERY_CHANGED
04-13 11:00:30.291  2862  2862 D DeviceStatisticsService: chargerType=2 batteryLevel=34 totalBatteryCapacity=4320000
04-13 11:00:30.292  2539  2539 D KeyguardUpdateMonitor: received broadcast android.intent.action.BATTERY_CHANGED
04-13 11:00:30.293  2862  2862 D NetworkSpeedTracker: receive actionandroid.intent.action.BATTERY_CHANGED
04-13 11:00:30.293  2862  2862 D NetworkSpeedTracker: onReceive ACTION_BATTERY_CHANGED mBatteryLevel = 34;mIsCharging =true
04-13 11:00:30.294  4115  4115 I BatteryInfoReceiver: ACTION_BATTERY_CHANGED
04-13 11:00:30.295  6036  6536 D PowerCheckerService: onBatteryChanged, mBatteryLevel = 34, status = 2, level = 34, plug = 2, scale = 100
04-13 11:00:30.297  2862  2862 D DeviceStatisticsService: chargerType=2 batteryLevel=34 totalBatteryCapacity=4320000
04-13 11:00:30.318  2539  2539 D KeyguardUpdateMonitor: received broadcast android.intent.action.BATTERY_CHANGED
04-13 11:00:30.319  2862  2862 D NetworkSpeedTracker: receive actionandroid.intent.action.BATTERY_CHANGED
04-13 11:00:30.319  2862  2862 D NetworkSpeedTracker: onReceive ACTION_BATTERY_CHANGED mBatteryLevel = 34;mIsCharging =true
04-13 11:00:30.319  6036  6536 D PowerCheckerService: onBatteryChanged, mBatteryLevel = 34, status = 2, level = 34, plug = 2, scale = 100
04-13 11:00:30.320  4115  4115 I BatteryInfoReceiver: ACTION_BATTERY_CHANGED
04-13 11:00:30.322  2862  2862 D DeviceStatisticsService: chargerType=2 batteryLevel=34 totalBatteryCapacity=4320000
04-13 11:00:30.325  2539  2539 D KeyguardUpdateMonitor: received broadcast android.intent.action.BATTERY_CHANGED
04-13 11:00:30.327  2862  2862 D NetworkSpeedTracker: receive actionandroid.intent.action.BATTERY_CHANGED
04-13 11:00:30.328  2862  2862 D NetworkSpeedTracker: onReceive ACTION_BATTERY_CHANGED mBatteryLevel = 34;mIsCharging =true
04-13 11:00:30.329  6036  6536 D PowerCheckerService: onBatteryChanged, mBatteryLevel = 34, status = 2, level = 34, plug = 2, scale = 100
04-13 11:00:30.330  4115  4115 I BatteryInfoReceiver: ACTION_BATTERY_CHANGED
04-13 11:00:30.331  2862  2862 D DeviceStatisticsService: chargerType=2 batteryLevel=34 totalBatteryCapacity=4320000
04-13 11:00:30.338 20182 20182 D ICU     : Time zone APEX file found: /apex/com.android.tzdata/etc/icu/icu_tzdata.dat
04-13 11:00:30.345 20182 20182 I app_process: The ClassLoaderContext is a special shared library.
04-13 11:00:30.357 20182 20182 W app_process: JNI RegisterNativeMethods: attempt to register 0 native methods for android.media.AudioAttributes
04-13 11:00:30.360  2862  2862 D NetworkSpeedTracker: receive actionandroid.intent.action.BATTERY_CHANGED
04-13 11:00:30.360  2862  2862 D NetworkSpeedTracker: onReceive ACTION_BATTERY_CHANGED mBatteryLevel = 34;mIsCharging =true
04-13 11:00:30.360  2539  2539 D KeyguardUpdateMonitor: received broadcast android.intent.action.BATTERY_CHANGED
04-13 11:00:30.360  4115  4115 I BatteryInfoReceiver: ACTION_BATTERY_CHANGED
04-13 11:00:30.361  6036  6536 D PowerCheckerService: onBatteryChanged, mBatteryLevel = 34, status = 2, level = 34, plug = 2, scale = 100
04-13 11:00:30.364 20182 20182 D AndroidRuntime: Calling main entry com.android.commands.am.Am
04-13 11:00:30.373  1571  5740 I ActivityManager: Force stopping io.appium.uiautomator2.server appid=10290 user=0: start instr
04-13 11:00:30.373  1571  5740 I AutoStartManagerService: MIUILOG- Reject RestartService packageName :io.appium.uiautomator2.server uid : 10290
04-13 11:00:30.374  2862  2862 D DeviceStatisticsService: chargerType=2 batteryLevel=34 totalBatteryCapacity=4320000
04-13 11:00:30.379  1571  2437 I MiuiNetworkPolicy: updateUidState uid = 10290, uidState = 20
04-13 11:00:30.381  2539  2539 D KeyguardUpdateMonitor: received broadcast android.intent.action.BATTERY_CHANGED
04-13 11:00:30.381  2862  2862 D NetworkSpeedTracker: receive actionandroid.intent.action.BATTERY_CHANGED
04-13 11:00:30.381  2862  2862 D NetworkSpeedTracker: onReceive ACTION_BATTERY_CHANGED mBatteryLevel = 34;mIsCharging =true
04-13 11:00:30.382  4115  4115 I BatteryInfoReceiver: ACTION_BATTERY_CHANGED
04-13 11:00:30.384  6036  6536 D PowerCheckerService: onBatteryChanged, mBatteryLevel = 34, status = 2, level = 34, plug = 2, scale = 100
04-13 11:00:30.384  2862  2862 D DeviceStatisticsService: chargerType=2 batteryLevel=34 totalBatteryCapacity=4320000
04-13 11:00:30.402   678   678 D Zygote  : Forked child process 20196
04-13 11:00:30.405   677   677 D OemNetd : setPidForPackage: packageName=io.appium.uiautomator2.server, pid=20196, pid=10290
04-13 11:00:30.405  1571  1710 I ActivityManager: Start proc 20196:io.appium.uiautomator2.server/u0a290 for added application io.appium.uiautomator2.server caller=android
04-13 11:00:30.409  2539  2539 D KeyguardUpdateMonitor: received broadcast android.intent.action.BATTERY_CHANGED
04-13 11:00:30.409  2862  2862 D NetworkSpeedTracker: receive actionandroid.intent.action.BATTERY_CHANGED
04-13 11:00:30.409  2862  2862 D NetworkSpeedTracker: onReceive ACTION_BATTERY_CHANGED mBatteryLevel = 34;mIsCharging =true
04-13 11:00:30.410  4115  4115 I BatteryInfoReceiver: ACTION_BATTERY_CHANGED
04-13 11:00:30.411  6036  6536 D PowerCheckerService: onBatteryChanged, mBatteryLevel = 34, status = 2, level = 34, plug = 2, scale = 100
04-13 11:00:30.413  2862  2862 D DeviceStatisticsService: chargerType=2 batteryLevel=34 totalBatteryCapacity=4320000
04-13 11:00:30.417 20196 20196 I tomator2.serve: Late-enabling -Xcheck:jni
04-13 11:00:30.419  2539  2539 D KeyguardUpdateMonitor: received broadcast android.intent.action.BATTERY_CHANGED
04-13 11:00:30.419  2862  2862 D NetworkSpeedTracker: receive actionandroid.intent.action.BATTERY_CHANGED
04-13 11:00:30.419  2862  2862 D NetworkSpeedTracker: onReceive ACTION_BATTERY_CHANGED mBatteryLevel = 34;mIsCharging =true
04-13 11:00:30.420  4115  4115 I BatteryInfoReceiver: ACTION_BATTERY_CHANGED
04-13 11:00:30.421  6036  6536 D PowerCheckerService: onBatteryChanged, mBatteryLevel = 34, status = 2, level = 34, plug = 2, scale = 100
04-13 11:00:30.422  2862  2862 D DeviceStatisticsService: chargerType=2 batteryLevel=34 totalBatteryCapacity=4320000
04-13 11:00:30.441 20196 20196 E tomator2.serve: Unknown bits set in runtime_flags: 0x8000
04-13 11:00:30.445  2862  2862 D NetworkSpeedTracker: receive actionandroid.intent.action.BATTERY_CHANGED
04-13 11:00:30.445  2539  2539 D KeyguardUpdateMonitor: received broadcast android.intent.action.BATTERY_CHANGED
04-13 11:00:30.445  2862  2862 D NetworkSpeedTracker: onReceive ACTION_BATTERY_CHANGED mBatteryLevel = 34;mIsCharging =true
04-13 11:00:30.446  4115  4115 I BatteryInfoReceiver: ACTION_BATTERY_CHANGED
04-13 11:00:30.448  6036  6536 D PowerCheckerService: onBatteryChanged, mBatteryLevel = 34, status = 2, level = 34, plug = 2, scale = 100
04-13 11:00:30.448  2862  2862 D DeviceStatisticsService: chargerType=2 batteryLevel=34 totalBatteryCapacity=4320000
04-13 11:00:30.457  2862  2862 D NetworkSpeedTracker: receive actionandroid.intent.action.BATTERY_CHANGED
04-13 11:00:30.457  2862  2862 D NetworkSpeedTracker: onReceive ACTION_BATTERY_CHANGED mBatteryLevel = 34;mIsCharging =true
04-13 11:00:30.457  2539  2539 D KeyguardUpdateMonitor: received broadcast android.intent.action.BATTERY_CHANGED
04-13 11:00:30.458  4115  4115 I BatteryInfoReceiver: ACTION_BATTERY_CHANGED
04-13 11:00:30.459  6036  6536 D PowerCheckerService: onBatteryChanged, mBatteryLevel = 34, status = 2, level = 34, plug = 2, scale = 100
04-13 11:00:30.463  2862  2862 D DeviceStatisticsService: chargerType=2 batteryLevel=34 totalBatteryCapacity=4320000
04-13 11:00:30.466  1571  5740 D CompatibilityInfo: mCompatibilityFlags - 0
04-13 11:00:30.466  1571  5740 D CompatibilityInfo: applicationDensity - 440
04-13 11:00:30.466  1571  5740 D CompatibilityInfo: applicationScale - 1.0
04-13 11:00:30.469  1571  2437 I MiuiNetworkPolicy: updateUidState uid = 10290, uidState = 5
04-13 11:00:30.493  2539  2539 D KeyguardUpdateMonitor: received broadcast android.intent.action.BATTERY_CHANGED
04-13 11:00:30.493  2862  2862 D NetworkSpeedTracker: receive actionandroid.intent.action.BATTERY_CHANGED
04-13 11:00:30.493  2862  2862 D NetworkSpeedTracker: onReceive ACTION_BATTERY_CHANGED mBatteryLevel = 34;mIsCharging =true
04-13 11:00:30.494  6036  6536 D PowerCheckerService: onBatteryChanged, mBatteryLevel = 34, status = 2, level = 34, plug = 2, scale = 100
04-13 11:00:30.496  4115  4115 I BatteryInfoReceiver: ACTION_BATTERY_CHANGED
04-13 11:00:30.501  2862  2862 D DeviceStatisticsService: chargerType=2 batteryLevel=34 totalBatteryCapacity=4320000
04-13 11:00:30.502  2539  2539 D KeyguardUpdateMonitor: received broadcast android.intent.action.BATTERY_CHANGED
04-13 11:00:30.503  2862  2862 D NetworkSpeedTracker: receive actionandroid.intent.action.BATTERY_CHANGED
04-13 11:00:30.503  2862  2862 D NetworkSpeedTracker: onReceive ACTION_BATTERY_CHANGED mBatteryLevel = 34;mIsCharging =true
04-13 11:00:30.503  4115  4115 I BatteryInfoReceiver: ACTION_BATTERY_CHANGED
04-13 11:00:30.503  6036  6536 D PowerCheckerService: onBatteryChanged, mBatteryLevel = 34, status = 2, level = 34, plug = 2, scale = 100
04-13 11:00:30.507  2862  2862 D DeviceStatisticsService: chargerType=2 batteryLevel=34 totalBatteryCapacity=4320000
04-13 11:00:30.535  2539  2539 D KeyguardUpdateMonitor: received broadcast android.intent.action.BATTERY_CHANGED
04-13 11:00:30.535  2862  2862 D NetworkSpeedTracker: receive actionandroid.intent.action.BATTERY_CHANGED
04-13 11:00:30.535  2862  2862 D NetworkSpeedTracker: onReceive ACTION_BATTERY_CHANGED mBatteryLevel = 34;mIsCharging =true
04-13 11:00:30.536  4115  4115 I BatteryInfoReceiver: ACTION_BATTERY_CHANGED
04-13 11:00:30.538  6036  6536 D PowerCheckerService: onBatteryChanged, mBatteryLevel = 34, status = 2, level = 34, plug = 2, scale = 100
04-13 11:00:30.546  2862  2862 D DeviceStatisticsService: chargerType=2 batteryLevel=34 totalBatteryCapacity=4320000
04-13 11:00:30.550  6036  6536 D PowerCheckerService: onBatteryChanged, mBatteryLevel = 34, status = 2, level = 34, plug = 2, scale = 100
04-13 11:00:30.551  2539  2539 D KeyguardUpdateMonitor: received broadcast android.intent.action.BATTERY_CHANGED
04-13 11:00:30.551  2862  2862 D NetworkSpeedTracker: receive actionandroid.intent.action.BATTERY_CHANGED
04-13 11:00:30.551  2862  2862 D NetworkSpeedTracker: onReceive ACTION_BATTERY_CHANGED mBatteryLevel = 34;mIsCharging =true
04-13 11:00:30.553  2862  2862 D DeviceStatisticsService: chargerType=2 batteryLevel=34 totalBatteryCapacity=4320000
04-13 11:00:30.554  4115  4115 I BatteryInfoReceiver: ACTION_BATTERY_CHANGED
04-13 11:00:30.559 20196 20196 I tomator2.serve: The ClassLoaderContext is a special shared library.
04-13 11:00:30.560 20196 20196 I tomator2.serve: The ClassLoaderContext is a special shared library.
04-13 11:00:30.561 20196 20196 W tomator2.serve: ClassLoaderContext classpath size mismatch. expected=0, found=2 (PCL[]{PCL[/system/framework/android.test.mock.jar*3601177991]{PCL[/system/framework/android.test.base.jar*1299883780]}#PCL[/system/framework/android.test.runner.jar*3312018701]{PCL[/system/framework/android.test.base.jar*1299883780]#PCL[/system/framework/android.test.mock.jar*3601177991]{PCL[/system/framework/android.test.base.jar*1299883780]}}} | PCL[/system/framework/android.test.runner.jar*3312018701:/system/framework/android.test.mock.jar*3601177991])
04-13 11:00:30.562 20196 20196 W tomator2.serve: ClassLoaderContext classpath size mismatch. expected=0, found=4 (PCL[] | PCL[/system/framework/android.test.runner.jar*3312018701:/system/framework/android.test.mock.jar*3601177991:/data/app/io.appium.uiautomator2.server.test-5sTWAZQJnEJOGopNUrTC1w==/base.apk*809781538:/data/app/io.appium.uiautomator2.server.test-5sTWAZQJnEJOGopNUrTC1w==/base.apk!classes2.dex*4010845360])
04-13 11:00:30.563 20196 20196 W tomator2.serve: Found duplicate classes, falling back to extracting from APK : /data/app/io.appium.uiautomator2.server-UxcHhRZeN4w1qgVLv6FiMg==/base.apk
04-13 11:00:30.563 20196 20196 W tomator2.serve: NOTE: This wastes RAM and hurts startup performance.
04-13 11:00:30.563 20196 20196 W tomator2.serve: Found duplicated class when checking oat files: 'Ljunit/runner/BaseTestRunner;' in /system/framework/android.test.runner.jar and /data/app/io.appium.uiautomator2.server-UxcHhRZeN4w1qgVLv6FiMg==/base.apk
04-13 11:00:30.563 20196 20196 W tomator2.serve:
04-13 11:00:30.580  2862  2862 D NetworkSpeedTracker: receive actionandroid.intent.action.BATTERY_CHANGED
04-13 11:00:30.580  2862  2862 D NetworkSpeedTracker: onReceive ACTION_BATTERY_CHANGED mBatteryLevel = 34;mIsCharging =true
04-13 11:00:30.581  4115  4115 I BatteryInfoReceiver: ACTION_BATTERY_CHANGED
04-13 11:00:30.582  6036  6536 D PowerCheckerService: onBatteryChanged, mBatteryLevel = 34, status = 2, level = 34, plug = 2, scale = 100
04-13 11:00:30.583  2539  2539 D KeyguardUpdateMonitor: received broadcast android.intent.action.BATTERY_CHANGED
04-13 11:00:30.586  2862  2862 D DeviceStatisticsService: chargerType=2 batteryLevel=34 totalBatteryCapacity=4320000
04-13 11:00:30.588  2539  2539 D KeyguardUpdateMonitor: received broadcast android.intent.action.BATTERY_CHANGED
04-13 11:00:30.589  2862  2862 D NetworkSpeedTracker: receive actionandroid.intent.action.BATTERY_CHANGED
04-13 11:00:30.589  2862  2862 D NetworkSpeedTracker: onReceive ACTION_BATTERY_CHANGED mBatteryLevel = 34;mIsCharging =true
04-13 11:00:30.591  4115  4115 I BatteryInfoReceiver: ACTION_BATTERY_CHANGED
04-13 11:00:30.593  6036  6536 D PowerCheckerService: onBatteryChanged, mBatteryLevel = 34, status = 2, level = 34, plug = 2, scale = 100
04-13 11:00:30.596  2862  2862 D DeviceStatisticsService: chargerType=2 batteryLevel=34 totalBatteryCapacity=4320000
04-13 11:00:30.621 20196 20196 I Perf    : Connecting to perf service.
04-13 11:00:30.626  2539  2539 D KeyguardUpdateMonitor: received broadcast android.intent.action.BATTERY_CHANGED
04-13 11:00:30.626  2862  2862 D NetworkSpeedTracker: receive actionandroid.intent.action.BATTERY_CHANGED
04-13 11:00:30.627  2862  2862 D NetworkSpeedTracker: onReceive ACTION_BATTERY_CHANGED mBatteryLevel = 34;mIsCharging =true
04-13 11:00:30.627 20196 20196 I tomator2.serve: The ClassLoaderContext is a special shared library.
04-13 11:00:30.628 20196 20196 I tomator2.serve: The ClassLoaderContext is a special shared library.
04-13 11:00:30.629 20196 20196 W tomator2.serve: ClassLoaderContext classpath size mismatch. expected=0, found=2 (PCL[]{PCL[/system/framework/android.test.mock.jar*3601177991]{PCL[/system/framework/android.test.base.jar*1299883780]}#PCL[/system/framework/android.test.runner.jar*3312018701]{PCL[/system/framework/android.test.base.jar*1299883780]#PCL[/system/framework/android.test.mock.jar*3601177991]{PCL[/system/framework/android.test.base.jar*1299883780]}}} | PCL[/system/framework/android.test.runner.jar*3312018701:/system/framework/android.test.mock.jar*3601177991];PCL[/system/framework/android.test.runner.jar*3312018701:/system/framework/android.test.mock.jar*3601177991:/data/app/io.appium.uiautomator2.server.test-5sTWAZQJnEJOGopNUrTC1w==/base.apk*809781538:/data/app/io.appium.uiautomator2.server.test-5sTWAZQJnEJOGopNUrTC1w==/base.apk!classes2.dex*4010845360:/data/app/io.appium.uiautomator2.server-UxcHhRZeN4w1qgVLv6FiMg==/base.apk*3298127340:/data/app/io.appium.uiautomator2.server-UxcHhRZeN4w1qgVLv6FiMg==/base.apk!classes2.dex*1824187923])
04-13 11:00:30.629 20196 20196 W tomator2.serve: Found duplicate classes, falling back to extracting from APK : /data/app/io.appium.uiautomator2.server.test-5sTWAZQJnEJOGopNUrTC1w==/base.apk
04-13 11:00:30.629 20196 20196 W tomator2.serve: NOTE: This wastes RAM and hurts startup performance.
