04-13 11:00:29.213  2862  2862 D DeviceStatisticsService: chargerType=2 batteryLevel=34 totalBatteryCapacity=4320000
04-13 11:00:29.225  2539  2539 D KeyguardUpdateMonitor: received broadcast android.intent.action.BATTERY_CHANGED
04-13 11:00:29.226  2862  2862 D NetworkSpeedTracker: receive actionandroid.intent.action.BATTERY_CHANGED
04-13 11:00:29.226  2862  2862 D NetworkSpeedTracker: onReceive ACTION_BATTERY_CHANGED mBatteryLevel = 34;mIsCharging =true
04-13 11:00:29.227  4115  4115 I BatteryInfoReceiver: ACTION_BATTERY_CHANGED
04-13 11:00:29.228  6036  6536 D PowerCheckerService: onBatteryChanged, mBatteryLevel = 34, status = 2, level = 34, plug = 2, scale = 100
04-13 11:00:29.230  2862  2862 D DeviceStatisticsService: chargerType=2 batteryLevel=34 totalBatteryCapacity=4320000
04-13 11:00:29.252  2539  2539 D KeyguardUpdateMonitor: received broadcast android.intent.action.BATTERY_CHANGED
04-13 11:00:29.253  2862  2862 D NetworkSpeedTracker: receive actionandroid.intent.action.BATTERY_CHANGED
04-13 11:00:29.254  2862  2862 D NetworkSpeedTracker: onReceive ACTION_BATTERY_CHANGED mBatteryLevel = 34;mIsCharging =true
04-13 11:00:29.254  4115  4115 I BatteryInfoReceiver: ACTION_BATTERY_CHANGED
04-13 11:00:29.256  6036  6536 D PowerCheckerService: onBatteryChanged, mBatteryLevel = 34, status = 2, level = 34, plug = 2, scale = 100
04-13 11:00:29.258  2862  2862 D DeviceStatisticsService: chargerType=2 batteryLevel=34 totalBatteryCapacity=4320000
04-13 11:00:29.264  2539  2539 D KeyguardUpdateMonitor: received broadcast android.intent.action.BATTERY_CHANGED
04-13 11:00:29.264  2862  2862 D NetworkSpeedTracker: receive actionandroid.intent.action.BATTERY_CHANGED
04-13 11:00:29.265  2862  2862 D NetworkSpeedTracker: onReceive ACTION_BATTERY_CHANGED mBatteryLevel = 34;mIsCharging =true
04-13 11:00:29.266  4115  4115 I BatteryInfoReceiver: ACTION_BATTERY_CHANGED
04-13 11:00:29.266  6036  6536 D PowerCheckerService: onBatteryChanged, mBatteryLevel = 34, status = 2, level = 34, plug = 2, scale = 100
04-13 11:00:29.268  2862  2862 D DeviceStatisticsService: chargerType=2 batteryLevel=34 totalBatteryCapacity=4320000
04-13 11:00:29.300  2539  2539 D KeyguardUpdateMonitor: received broadcast android.intent.action.BATTERY_CHANGED
04-13 11:00:29.300  2862  2862 D NetworkSpeedTracker: receive actionandroid.intent.action.BATTERY_CHANGED
04-13 11:00:29.301  2862  2862 D NetworkSpeedTracker: onReceive ACTION_BATTERY_CHANGED mBatteryLevel = 34;mIsCharging =true
04-13 11:00:29.302  4115  4115 I BatteryInfoReceiver: ACTION_BATTERY_CHANGED
04-13 11:00:29.303  6036  6536 D PowerCheckerService: onBatteryChanged, mBatteryLevel = 34, status = 2, level = 34, plug = 2, scale = 100
04-13 11:00:29.315  2862  2862 D DeviceStatisticsService: chargerType=2 batteryLevel=34 totalBatteryCapacity=4320000
04-13 11:00:29.318  2539  2539 D KeyguardUpdateMonitor: received broadcast android.intent.action.BATTERY_CHANGED
04-13 11:00:29.319  2862  2862 D NetworkSpeedTracker: receive actionandroid.intent.action.BATTERY_CHANGED
04-13 11:00:29.319  2862  2862 D NetworkSpeedTracker: onReceive ACTION_BATTERY_CHANGED mBatteryLevel = 34;mIsCharging =true
04-13 11:00:29.321  4115  4115 I BatteryInfoReceiver: ACTION_BATTERY_CHANGED
04-13 11:00:29.321  6036  6536 D PowerCheckerService: onBatteryChanged, mBatteryLevel = 34, status = 2, level = 34, plug = 2, scale = 100
04-13 11:00:29.323  2862  2862 D DeviceStatisticsService: chargerType=2 batteryLevel=34 totalBatteryCapacity=4320000
04-13 11:00:29.345  2539  2539 D KeyguardUpdateMonitor: received broadcast android.intent.action.BATTERY_CHANGED
04-13 11:00:29.346  2862  2862 D NetworkSpeedTracker: receive actionandroid.intent.action.BATTERY_CHANGED
04-13 11:00:29.346  2862  2862 D NetworkSpeedTracker: onReceive ACTION_BATTERY_CHANGED mBatteryLevel = 34;mIsCharging =true
04-13 11:00:29.348  4115  4115 I BatteryInfoReceiver: ACTION_BATTERY_CHANGED
04-13 11:00:29.350  6036  6536 D PowerCheckerService: onBatteryChanged, mBatteryLevel = 34, status = 2, level = 34, plug = 2, scale = 100
04-13 11:00:29.352  2862  2862 D DeviceStatisticsService: chargerType=2 batteryLevel=34 totalBatteryCapacity=4320000
04-13 11:00:29.358  2539  2539 D KeyguardUpdateMonitor: received broadcast android.intent.action.BATTERY_CHANGED
04-13 11:00:29.358  2862  2862 D NetworkSpeedTracker: receive actionandroid.intent.action.BATTERY_CHANGED
04-13 11:00:29.358  2862  2862 D NetworkSpeedTracker: onReceive ACTION_BATTERY_CHANGED mBatteryLevel = 34;mIsCharging =true
04-13 11:00:29.359  4115  4115 I BatteryInfoReceiver: ACTION_BATTERY_CHANGED
04-13 11:00:29.360  6036  6536 D PowerCheckerService: onBatteryChanged, mBatteryLevel = 34, status = 2, level = 34, plug = 2, scale = 100
04-13 11:00:29.361  2862  2862 D DeviceStatisticsService: chargerType=2 batteryLevel=34 totalBatteryCapacity=4320000
04-13 11:00:29.387  2539  2539 D KeyguardUpdateMonitor: received broadcast android.intent.action.BATTERY_CHANGED
04-13 11:00:29.388  2862  2862 D NetworkSpeedTracker: receive actionandroid.intent.action.BATTERY_CHANGED
04-13 11:00:29.388  2862  2862 D NetworkSpeedTracker: onReceive ACTION_BATTERY_CHANGED mBatteryLevel = 34;mIsCharging =true
04-13 11:00:29.390  6036  6536 D PowerCheckerService: onBatteryChanged, mBatteryLevel = 34, status = 2, level = 34, plug = 2, scale = 100
04-13 11:00:29.390  4115  4115 I BatteryInfoReceiver: ACTION_BATTERY_CHANGED
04-13 11:00:29.393  2862  2862 D DeviceStatisticsService: chargerType=2 batteryLevel=34 totalBatteryCapacity=4320000
04-13 11:00:29.397  2539  2539 D KeyguardUpdateMonitor: received broadcast android.intent.action.BATTERY_CHANGED
04-13 11:00:29.398  2862  2862 D NetworkSpeedTracker: receive actionandroid.intent.action.BATTERY_CHANGED
04-13 11:00:29.398  2862  2862 D NetworkSpeedTracker: onReceive ACTION_BATTERY_CHANGED mBatteryLevel = 34;mIsCharging =true
04-13 11:00:29.399  4115  4115 I BatteryInfoReceiver: ACTION_BATTERY_CHANGED
04-13 11:00:29.400  6036  6536 D PowerCheckerService: onBatteryChanged, mBatteryLevel = 34, status = 2, level = 34, plug = 2, scale = 100
04-13 11:00:29.402  2862  2862 D DeviceStatisticsService: chargerType=2 batteryLevel=34 totalBatteryCapacity=4320000
04-13 11:00:29.436  2539  2539 D KeyguardUpdateMonitor: received broadcast android.intent.action.BATTERY_CHANGED
04-13 11:00:29.436  2862  2862 D NetworkSpeedTracker: receive actionandroid.intent.action.BATTERY_CHANGED
04-13 11:00:29.437  2862  2862 D NetworkSpeedTracker: onReceive ACTION_BATTERY_CHANGED mBatteryLevel = 34;mIsCharging =true
04-13 11:00:29.438  4115  4115 I BatteryInfoReceiver: ACTION_BATTERY_CHANGED
04-13 11:00:29.439  6036  6536 D PowerCheckerService: onBatteryChanged, mBatteryLevel = 34, status = 2, level = 34, plug = 2, scale = 100
04-13 11:00:29.442  2862  2862 D DeviceStatisticsService: chargerType=2 batteryLevel=34 totalBatteryCapacity=4320000
04-13 11:00:29.448  2539  2539 D KeyguardUpdateMonitor: received broadcast android.intent.action.BATTERY_CHANGED
04-13 11:00:29.449  2862  2862 D NetworkSpeedTracker: receive actionandroid.intent.action.BATTERY_CHANGED
04-13 11:00:29.450  2862  2862 D NetworkSpeedTracker: onReceive ACTION_BATTERY_CHANGED mBatteryLevel = 34;mIsCharging =true
04-13 11:00:29.451  4115  4115 I BatteryInfoReceiver: ACTION_BATTERY_CHANGED
04-13 11:00:29.452  6036  6536 D PowerCheckerService: onBatteryChanged, mBatteryLevel = 34, status = 2, level = 34, plug = 2, scale = 100
04-13 11:00:29.452  2862  2862 D DeviceStatisticsService: chargerType=2 batteryLevel=34 totalBatteryCapacity=4320000
04-13 11:00:29.477  2539  2539 D KeyguardUpdateMonitor: received broadcast android.intent.action.BATTERY_CHANGED
04-13 11:00:29.477  2862  2862 D NetworkSpeedTracker: receive actionandroid.intent.action.BATTERY_CHANGED
04-13 11:00:29.477  2862  2862 D NetworkSpeedTracker: onReceive ACTION_BATTERY_CHANGED mBatteryLevel = 34;mIsCharging =true
04-13 11:00:29.479  4115  4115 I BatteryInfoReceiver: ACTION_BATTERY_CHANGED
04-13 11:00:29.480  6036  6536 D PowerCheckerService: onBatteryChanged, mBatteryLevel = 34, status = 2, level = 34, plug = 2, scale = 100
04-13 11:00:29.483  2862  2862 D DeviceStatisticsService: chargerType=2 batteryLevel=34 totalBatteryCapacity=4320000
04-13 11:00:29.490  2539  2539 D KeyguardUpdateMonitor: received broadcast android.intent.action.BATTERY_CHANGED
04-13 11:00:29.490  2862  2862 D NetworkSpeedTracker: receive actionandroid.intent.action.BATTERY_CHANGED
04-13 11:00:29.491  2862  2862 D NetworkSpeedTracker: onReceive ACTION_BATTERY_CHANGED mBatteryLevel = 34;mIsCharging =true
04-13 11:00:29.492  4115  4115 I BatteryInfoReceiver: ACTION_BATTERY_CHANGED
04-13 11:00:29.493  6036  6536 D PowerCheckerService: onBatteryChanged, mBatteryLevel = 34, status = 2, level = 34, plug = 2, scale = 100
04-13 11:00:29.494  2862  2862 D DeviceStatisticsService: chargerType=2 batteryLevel=34 totalBatteryCapacity=4320000
04-13 11:00:29.524  2539  2539 D KeyguardUpdateMonitor: received broadcast android.intent.action.BATTERY_CHANGED
04-13 11:00:29.525  2862  2862 D NetworkSpeedTracker: receive actionandroid.intent.action.BATTERY_CHANGED
04-13 11:00:29.526  2862  2862 D NetworkSpeedTracker: onReceive ACTION_BATTERY_CHANGED mBatteryLevel = 34;mIsCharging =true
04-13 11:00:29.527  4115  4115 I BatteryInfoReceiver: ACTION_BATTERY_CHANGED
04-13 11:00:29.530  6036  6536 D PowerCheckerService: onBatteryChanged, mBatteryLevel = 34, status = 2, level = 34, plug = 2, scale = 100
04-13 11:00:29.530  2862  2862 D DeviceStatisticsService: chargerType=2 batteryLevel=34 totalBatteryCapacity=4320000
04-13 11:00:29.538  2539  2539 D KeyguardUpdateMonitor: received broadcast android.intent.action.BATTERY_CHANGED
04-13 11:00:29.539  2862  2862 D NetworkSpeedTracker: receive actionandroid.intent.action.BATTERY_CHANGED
04-13 11:00:29.539  2862  2862 D NetworkSpeedTracker: onReceive ACTION_BATTERY_CHANGED mBatteryLevel = 34;mIsCharging =true
04-13 11:00:29.541  4115  4115 I BatteryInfoReceiver: ACTION_BATTERY_CHANGED
04-13 11:00:29.542  2862  2862 D DeviceStatisticsService: chargerType=2 batteryLevel=34 totalBatteryCapacity=4320000
04-13 11:00:29.543  6036  6536 D PowerCheckerService: onBatteryChanged, mBatteryLevel = 34, status = 2, level = 34, plug = 2, scale = 100
04-13 11:00:29.580  2539  2539 D KeyguardUpdateMonitor: received broadcast android.intent.action.BATTERY_CHANGED
04-13 11:00:29.582  2862  2862 D NetworkSpeedTracker: receive actionandroid.intent.action.BATTERY_CHANGED
04-13 11:00:29.582  2862  2862 D NetworkSpeedTracker: onReceive ACTION_BATTERY_CHANGED mBatteryLevel = 34;mIsCharging =true
04-13 11:00:29.584  4115  4115 I BatteryInfoReceiver: ACTION_BATTERY_CHANGED
04-13 11:00:29.584  6036  6536 D PowerCheckerService: onBatteryChanged, mBatteryLevel = 34, status = 2, level = 34, plug = 2, scale = 100
04-13 11:00:29.588  2862  2862 D DeviceStatisticsService: chargerType=2 batteryLevel=34 totalBatteryCapacity=4320000
04-13 11:00:29.612  2539  2539 D KeyguardUpdateMonitor: received broadcast android.intent.action.BATTERY_CHANGED
04-13 11:00:29.613  2862  2862 D NetworkSpeedTracker: receive actionandroid.intent.action.BATTERY_CHANGED
04-13 11:00:29.614  2862  2862 D NetworkSpeedTracker: onReceive ACTION_BATTERY_CHANGED mBatteryLevel = 34;mIsCharging =true
04-13 11:00:29.615  4115  4115 I BatteryInfoReceiver: ACTION_BATTERY_CHANGED
04-13 11:00:29.616  6036  6536 D PowerCheckerService: onBatteryChanged, mBatteryLevel = 34, status = 2, level = 34, plug = 2, scale = 100
04-13 11:00:29.619  2862  2862 D DeviceStatisticsService: chargerType=2 batteryLevel=34 totalBatteryCapacity=4320000
04-13 11:00:29.626  2539  2539 D KeyguardUpdateMonitor: received broadcast android.intent.action.BATTERY_CHANGED
04-13 11:00:29.627  2862  2862 D NetworkSpeedTracker: receive actionandroid.intent.action.BATTERY_CHANGED
04-13 11:00:29.627  2862  2862 D NetworkSpeedTracker: onReceive ACTION_BATTERY_CHANGED mBatteryLevel = 34;mIsCharging =true
04-13 11:00:29.629  6036  6536 D PowerCheckerService: onBatteryChanged, mBatteryLevel = 34, status = 2, level = 34, plug = 2, scale = 100
04-13 11:00:29.631  4115  4115 I BatteryInfoReceiver: ACTION_BATTERY_CHANGED
04-13 11:00:29.635  2862  2862 D DeviceStatisticsService: chargerType=2 batteryLevel=34 totalBatteryCapacity=4320000
04-13 11:00:29.655  2539  2539 D KeyguardUpdateMonitor: received broadcast android.intent.action.BATTERY_CHANGED
04-13 11:00:29.656  2862  2862 D NetworkSpeedTracker: receive actionandroid.intent.action.BATTERY_CHANGED
04-13 11:00:29.656  2862  2862 D NetworkSpeedTracker: onReceive ACTION_BATTERY_CHANGED mBatteryLevel = 34;mIsCharging =true
04-13 11:00:29.657  4115  4115 I BatteryInfoReceiver: ACTION_BATTERY_CHANGED
04-13 11:00:29.659  6036  6536 D PowerCheckerService: onBatteryChanged, mBatteryLevel = 34, status = 2, level = 34, plug = 2, scale = 100
04-13 11:00:29.663  2862  2862 D DeviceStatisticsService: chargerType=2 batteryLevel=34 totalBatteryCapacity=4320000
04-13 11:00:29.666  2539  2539 D KeyguardUpdateMonitor: received broadcast android.intent.action.BATTERY_CHANGED
04-13 11:00:29.667  2862  2862 D NetworkSpeedTracker: receive actionandroid.intent.action.BATTERY_CHANGED
04-13 11:00:29.667  2862  2862 D NetworkSpeedTracker: onReceive ACTION_BATTERY_CHANGED mBatteryLevel = 34;mIsCharging =true
04-13 11:00:29.668  4115  4115 I BatteryInfoReceiver: ACTION_BATTERY_CHANGED
04-13 11:00:29.669  6036  6536 D PowerCheckerService: onBatteryChanged, mBatteryLevel = 34, status = 2, level = 34, plug = 2, scale = 100
04-13 11:00:29.670  2862  2862 D DeviceStatisticsService: chargerType=2 batteryLevel=34 totalBatteryCapacity=4320000
04-13 11:00:29.698  4115  4115 I BatteryInfoReceiver: ACTION_BATTERY_CHANGED
04-13 11:00:29.698  2539  2539 D KeyguardUpdateMonitor: received broadcast android.intent.action.BATTERY_CHANGED
04-13 11:00:29.701  2862  2862 D NetworkSpeedTracker: receive actionandroid.intent.action.BATTERY_CHANGED
04-13 11:00:29.702  2862  2862 D NetworkSpeedTracker: onReceive ACTION_BATTERY_CHANGED mBatteryLevel = 34;mIsCharging =true
04-13 11:00:29.702  6036  6536 D PowerCheckerService: onBatteryChanged, mBatteryLevel = 34, status = 2, level = 34, plug = 2, scale = 100
04-13 11:00:29.703  2862  2862 D DeviceStatisticsService: chargerType=2 batteryLevel=34 totalBatteryCapacity=4320000
04-13 11:00:29.706  2539  2539 D KeyguardUpdateMonitor: received broadcast android.intent.action.BATTERY_CHANGED
04-13 11:00:29.707  2862  2862 D NetworkSpeedTracker: receive actionandroid.intent.action.BATTERY_CHANGED
04-13 11:00:29.707  2862  2862 D NetworkSpeedTracker: onReceive ACTION_BATTERY_CHANGED mBatteryLevel = 34;mIsCharging =true
04-13 11:00:29.707  4115  4115 I BatteryInfoReceiver: ACTION_BATTERY_CHANGED
04-13 11:00:29.708  6036  6536 D PowerCheckerService: onBatteryChanged, mBatteryLevel = 34, status = 2, level = 34, plug = 2, scale = 100
04-13 11:00:29.710  2862  2862 D DeviceStatisticsService: chargerType=2 batteryLevel=34 totalBatteryCapacity=4320000
04-13 11:00:29.739  2539  2539 D KeyguardUpdateMonitor: received broadcast android.intent.action.BATTERY_CHANGED
04-13 11:00:29.741  4115  4115 I BatteryInfoReceiver: ACTION_BATTERY_CHANGED
04-13 11:00:29.742  2862  2862 D NetworkSpeedTracker: receive actionandroid.intent.action.BATTERY_CHANGED
04-13 11:00:29.742  2862  2862 D NetworkSpeedTracker: onReceive ACTION_BATTERY_CHANGED mBatteryLevel = 34;mIsCharging =true
04-13 11:00:29.743  6036  6536 D PowerCheckerService: onBatteryChanged, mBatteryLevel = 34, status = 2, level = 34, plug = 2, scale = 100
04-13 11:00:29.746  2862  2862 D DeviceStatisticsService: chargerType=2 batteryLevel=34 totalBatteryCapacity=4320000
04-13 11:00:29.757  3636 17772 D MiuiFastConnectService: handleMessage: what: 15, msg.arg1: 0, msg.arg2: 0
04-13 11:00:29.757  3636 17772 D MiuiFastConnectService: stopBleScan: scanning: true
04-13 11:00:29.759  3636 17772 D BluetoothAdapter: isLeEnabled(): ON
04-13 11:00:29.759 17519 17737 D BtGatt.GattService: stopScan() - queue size =0
04-13 11:00:29.759 17519 17598 I BtGatt.ScanManager: msg.what = 1
04-13 11:00:29.760 17519 17598 D BtGatt.ScanManager: regular client is null
04-13 11:00:29.760 17519 17737 D BtGatt.GattService: unregisterScanner() - scannerId=7
04-13 11:00:29.760 17519 17598 D BtGatt.ScanManager: batch client is null
04-13 11:00:29.760 17519 17685 V bt_stack: [VERBOSE1:gatt_api.cc(1001)] GATT_Deregister gatt_if=7
04-13 11:00:29.760 17519 17685 V bt_stack: [VERBOSE1:connection_manager.cc(161)] on_app_deregistered : app_id 0x07
04-13 11:00:29.764  2539  2539 D KeyguardUpdateMonitor: received broadcast android.intent.action.BATTERY_CHANGED
04-13 11:00:29.764  2862  2862 D NetworkSpeedTracker: receive actionandroid.intent.action.BATTERY_CHANGED
04-13 11:00:29.765  2862  2862 D NetworkSpeedTracker: onReceive ACTION_BATTERY_CHANGED mBatteryLevel = 34;mIsCharging =true
04-13 11:00:29.766  3636 17772 D MiuiFastConnectService: handleMessage: what: 2, msg.arg1: 0, msg.arg2: 0
04-13 11:00:29.767  4115  4115 I BatteryInfoReceiver: ACTION_BATTERY_CHANGED
04-13 11:00:29.769  3636 17772 D BluetoothAdapter: isLeEnabled(): ON
04-13 11:00:29.770  6036  6536 D PowerCheckerService: onBatteryChanged, mBatteryLevel = 34, status = 2, level = 34, plug = 2, scale = 100
04-13 11:00:29.771  2862  2862 D DeviceStatisticsService: chargerType=2 batteryLevel=34 totalBatteryCapacity=4320000
04-13 11:00:29.775 17519 17737 D BtGatt.GattService: registerScanner() - UUID=9cfb9e6f-63c1-4020-998e-debbfcabe0ba
04-13 11:00:29.776 17519 17685 V bt_stack: [VERBOSE1:bta_gattc_act.cc(175)] bta_gattc_register: state:2
04-13 11:00:29.776 17519 17685 I bt_stack: [INFO:gatt_api.cc(958)] GATT_Register 54893f89-2559-512a-f95c-e71df61ddd8a
04-13 11:00:29.776 17519 17685 I bt_stack: [INFO:gatt_api.cc(978)] allocated gatt_if=7
04-13 11:00:29.777 17519 17685 V bt_stack: [VERBOSE1:gatt_api.cc(1088)] GATT_StartIf gatt_if=7
04-13 11:00:29.777 17519 17685 V bt_stack: [VERBOSE1:gatt_utils.cc(254)] gatt_find_the_connected_bda start_idx=0
04-13 11:00:29.777 17519 17685 V bt_stack: [VERBOSE1:gatt_utils.cc(266)]  found=0 found_idx=10
04-13 11:00:29.777 17519 17582 D BtGatt.GattService: onScannerRegistered() - UUID=9cfb9e6f-63c1-4020-998e-debbfcabe0ba, scannerId=7, status=0
04-13 11:00:29.777  3636 14818 D BluetoothLeScanner: onScannerRegistered() - status=0 scannerId=7 mScannerId=0
04-13 11:00:29.780 17519 17737 D BtGatt.GattService: start scan with filters. callingPackage: com.xiaomi.bluetooth
04-13 11:00:29.783 17519 17737 E BtGatt.GattService:  [Landroid.content.pm.ServiceInfo;@770ba96
04-13 11:00:29.786 17519 17737 D BluetoothUtils: blockedByLocationOff callingUid=1002
04-13 11:00:29.787 17519 17737 I BluetoothUtils: packagename is android.uid.bluetooth:1002 ,and its permission is false
04-13 11:00:29.789 17519 17598 I BtGatt.ScanManager: msg.what = 0
04-13 11:00:29.789  2539  2539 D KeyguardUpdateMonitor: received broadcast android.intent.action.BATTERY_CHANGED
04-13 11:00:29.790 17519 17598 D BtGatt.ScanManager: handling starting scan
04-13 11:00:29.790  2862  2862 D NetworkSpeedTracker: receive actionandroid.intent.action.BATTERY_CHANGED
04-13 11:00:29.790  2862  2862 D NetworkSpeedTracker: onReceive ACTION_BATTERY_CHANGED mBatteryLevel = 34;mIsCharging =true
04-13 11:00:29.792  4115  4115 I BatteryInfoReceiver: ACTION_BATTERY_CHANGED
04-13 11:00:29.792 17519 17598 D BtGatt.ScanManager: isAptXLowLatencyModeEnabled: false
04-13 11:00:29.792 17519 17598 D BtGatt.ScanManager: mIsLHDCLowLatencyModeEnabled: false
04-13 11:00:29.793  6036  6536 D PowerCheckerService: onBatteryChanged, mBatteryLevel = 34, status = 2, level = 34, plug = 2, scale = 100
04-13 11:00:29.796   787   787 D vendor.qti.bluetooth@1.0-ibs_handler: SerialClockVote: vote for UART CLK ON
04-13 11:00:29.797   787   787 D vendor.qti.bluetooth@1.0-wake_lock: Acquire wakelock is acquired
04-13 11:00:29.797   787   787 I vendor.qti.bluetooth@1.0-ibs_handler: DeviceWakeUp: Writing IBS_WAKE_IND
04-13 11:00:29.797  2862  2862 D DeviceStatisticsService: chargerType=2 batteryLevel=34 totalBatteryCapacity=4320000
04-13 11:00:29.800   787 17682 I vendor.qti.bluetooth@1.0-ibs_handler: ProcessIbsCmd: Received IBS_WAKE_ACK: 0xFC
04-13 11:00:29.801   787 17682 I vendor.qti.bluetooth@1.0-ibs_handler: ProcessIbsCmd: Received IBS_WAKE_IND: 0xFD
04-13 11:00:29.801   787 17682 I vendor.qti.bluetooth@1.0-ibs_handler: ProcessIbsCmd: Writing IBS_WAKE_ACK
04-13 11:00:29.802 17519 17582 D BtGatt.GattService: onScanFilterEnableDisabled() - clientIf=7, status=0, action=1
04-13 11:00:29.802 17519 17582 D BtGatt.ScanManager: callback done for scannerId - 7 status - 0
04-13 11:00:29.802 17519 17598 D BtGatt.ScanManager: Available Filter size: 29
04-13 11:00:29.802  2539  2539 D KeyguardUpdateMonitor: received broadcast android.intent.action.BATTERY_CHANGED
04-13 11:00:29.802 17519 17582 D BtGatt.GattService: onScanFilterConfig() - clientIf=7, action = 0 status = 0, filterType=0, availableSpace=0
04-13 11:00:29.802 17519 17582 D BtGatt.ScanManager: callback done for scannerId - 7 status - 0
04-13 11:00:29.802 17519 17598 D BtGatt.ScanManager: configureFilterParamter 500 10000 1 0, deliveryMode=0
04-13 11:00:29.802  2862  2862 D NetworkSpeedTracker: receive actionandroid.intent.action.BATTERY_CHANGED
04-13 11:00:29.802  2862  2862 D NetworkSpeedTracker: onReceive ACTION_BATTERY_CHANGED mBatteryLevel = 34;mIsCharging =true
04-13 11:00:29.804  4115  4115 I BatteryInfoReceiver: ACTION_BATTERY_CHANGED
04-13 11:00:29.804  6036  6536 D PowerCheckerService: onBatteryChanged, mBatteryLevel = 34, status = 2, level = 34, plug = 2, scale = 100
04-13 11:00:29.805 17519 17582 D BtGatt.GattService: onScanFilterParamsConfigured() - clientIf=7, status=0, action=0, availableSpace=31
04-13 11:00:29.805 17519 17582 D BtGatt.ScanManager: callback done for scannerId - 7 status - 0
04-13 11:00:29.806 17519 17582 D BtGatt.GattService: onScanFilterConfig() - clientIf=7, action = 0 status = 0, filterType=0, availableSpace=0
04-13 11:00:29.807 17519 17582 D BtGatt.ScanManager: callback done for scannerId - 7 status - 0
04-13 11:00:29.807 17519 17598 D BtGatt.ScanManager: configureFilterParamter 500 10000 1 0, deliveryMode=0
04-13 11:00:29.807  2862  2862 D DeviceStatisticsService: chargerType=2 batteryLevel=34 totalBatteryCapacity=4320000
04-13 11:00:29.808 17519 17582 D BtGatt.GattService: onScanFilterParamsConfigured() - clientIf=7, status=0, action=0, availableSpace=30
04-13 11:00:29.809 17519 17582 D BtGatt.ScanManager: callback done for scannerId - 7 status - 0
04-13 11:00:29.810 17519 17582 D BtGatt.GattService: onScanFilterConfig() - clientIf=7, action = 0 status = 0, filterType=0, availableSpace=0
04-13 11:00:29.810 17519 17582 D BtGatt.ScanManager: callback done for scannerId - 7 status - 0
04-13 11:00:29.810 17519 17598 D BtGatt.ScanManager: configureFilterParamter 500 10000 1 0, deliveryMode=0
04-13 11:00:29.812 17519 17582 D BtGatt.GattService: onScanFilterParamsConfigured() - clientIf=7, status=0, action=0, availableSpace=29
04-13 11:00:29.812 17519 17582 D BtGatt.ScanManager: callback done for scannerId - 7 status - 0
04-13 11:00:29.812 17519 17582 D BtGatt.GattService: onScanFilterConfig() - clientIf=7, action = 0 status = 0, filterType=0, availableSpace=0
04-13 11:00:29.812 17519 17582 D BtGatt.ScanManager: callback done for scannerId - 7 status - 0
04-13 11:00:29.813 17519 17598 D BtGatt.ScanManager: configureFilterParamter 500 10000 1 0, deliveryMode=0
04-13 11:00:29.814 17519 17582 D BtGatt.GattService: onScanFilterParamsConfigured() - clientIf=7, status=0, action=0, availableSpace=28
04-13 11:00:29.814 17519 17582 D BtGatt.ScanManager: callback done for scannerId - 7 status - 0
04-13 11:00:29.814 17519 17582 D BtGatt.GattService: onScanFilterConfig() - clientIf=7, action = 0 status = 0, filterType=0, availableSpace=0
04-13 11:00:29.814 17519 17582 D BtGatt.ScanManager: callback done for scannerId - 7 status - 0
04-13 11:00:29.815 17519 17598 D BtGatt.ScanManager: configureFilterParamter 500 10000 1 0, deliveryMode=0
04-13 11:00:29.816 17519 17582 D BtGatt.GattService: onScanFilterParamsConfigured() - clientIf=7, status=0, action=0, availableSpace=27
04-13 11:00:29.816 17519 17582 D BtGatt.ScanManager: callback done for scannerId - 7 status - 0
04-13 11:00:29.817 17519 17598 D BtGatt.ScanManager: configureRegularScanParams() - queue=1
04-13 11:00:29.817 17519 17598 D BtGatt.ScanManager: configureRegularScanParams() - ScanSetting LE 1M Scan mode=0ScanSetting LE Coded Scan mode=0 mLastConfiguredScanSettingLE1M=-2147483648 mLastConfiguredScanSettingLECoded=-2147483648scanPhy=255
04-13 11:00:29.820 17519 17598 D BtGatt.ScanManager: configureRegularScanParams - scanInterval LE 1M = 1200configureRegularScanParams - scanWindow LE 1M= 80configureRegularScanParams - scanInterval LE Coded= 1200configureRegularScanParams - scanWindow LE Coded= 80
04-13 11:00:29.820 17519 17582 D BtGatt.GattService: onScanParamSetupCompleted : 0
04-13 11:00:29.830  2862  2862 D NetworkSpeedTracker: receive actionandroid.intent.action.BATTERY_CHANGED
04-13 11:00:29.830  2862  2862 D NetworkSpeedTracker: onReceive ACTION_BATTERY_CHANGED mBatteryLevel = 34;mIsCharging =true
04-13 11:00:29.830  2539  2539 D KeyguardUpdateMonitor: received broadcast android.intent.action.BATTERY_CHANGED
04-13 11:00:29.831  4115  4115 I BatteryInfoReceiver: ACTION_BATTERY_CHANGED
04-13 11:00:29.831  6036  6536 D PowerCheckerService: onBatteryChanged, mBatteryLevel = 34, status = 2, level = 34, plug = 2, scale = 100
04-13 11:00:29.835 17519 17685 V bt_stack: [VERBOSE1:btm_ble_gap.cc(1923)] btm_ble_process_ext_adv_pkt: bda=6c:ce:44:81:78:c2
04-13 11:00:29.836 17519 17685 V bt_stack: [VERBOSE1:btm_ble_gap.cc(1847)] btm_ble_process_adv_addr: bda=6c:ce:44:81:78:c2
04-13 11:00:29.836 17519 17685 V bt_stack: [VERBOSE1:btm_ble_gap.cc(2052)]  Waiting for scan response 6c:ce:44:81:78:c2
04-13 11:00:29.836  2862  2862 D DeviceStatisticsService: chargerType=2 batteryLevel=34 totalBatteryCapacity=4320000
04-13 11:00:29.839  2539  2539 D KeyguardUpdateMonitor: received broadcast android.intent.action.BATTERY_CHANGED
04-13 11:00:29.839  2862  2862 D NetworkSpeedTracker: receive actionandroid.intent.action.BATTERY_CHANGED
04-13 11:00:29.839  2862  2862 D NetworkSpeedTracker: onReceive ACTION_BATTERY_CHANGED mBatteryLevel = 34;mIsCharging =true
04-13 11:00:29.840  4115  4115 I BatteryInfoReceiver: ACTION_BATTERY_CHANGED
04-13 11:00:29.841  6036  6536 D PowerCheckerService: onBatteryChanged, mBatteryLevel = 34, status = 2, level = 34, plug = 2, scale = 100
04-13 11:00:29.842  2862  2862 D DeviceStatisticsService: chargerType=2 batteryLevel=34 totalBatteryCapacity=4320000
04-13 11:00:29.876  2539  2539 D KeyguardUpdateMonitor: received broadcast android.intent.action.BATTERY_CHANGED
04-13 11:00:29.878  2862  2862 D NetworkSpeedTracker: receive actionandroid.intent.action.BATTERY_CHANGED
04-13 11:00:29.878  2862  2862 D NetworkSpeedTracker: onReceive ACTION_BATTERY_CHANGED mBatteryLevel = 34;mIsCharging =true
04-13 11:00:29.878  6036  6536 D PowerCheckerService: onBatteryChanged, mBatteryLevel = 34, status = 2, level = 34, plug = 2, scale = 100
04-13 11:00:29.880  4115  4115 I BatteryInfoReceiver: ACTION_BATTERY_CHANGED
04-13 11:00:29.880  1571  1707 W BroadcastQueue: Background execution not allowed: receiving Intent { act=android.intent.action.INPUT_METHOD_CHANGED flg=0x20000010 (has extras) } to com.baidu.input_mi/com.baidu.input.switchguide.InputMethodChangedReceiver
04-13 11:00:29.882   821 10603 I /vendor/bin/hw/vendor.qti.hardware.servicetracker@1.1-service: unbindService is called for service : com.baidu.input_mi/.ImeService and for client system
04-13 11:00:29.882  2862  2862 D DeviceStatisticsService: chargerType=2 batteryLevel=34 totalBatteryCapacity=4320000
04-13 11:00:29.883   821 10603 I /vendor/bin/hw/vendor.qti.hardware.servicetracker@1.1-service: unbindService is called for service : com.baidu.input_mi/.ImeService and for client system
04-13 11:00:29.883   821 10603 I /vendor/bin/hw/vendor.qti.hardware.servicetracker@1.1-service: size of service connections for service: com.baidu.input_mi/.ImeServiceafter removal is 0
04-13 11:00:29.883   821 10603 I /vendor/bin/hw/vendor.qti.hardware.servicetracker@1.1-service: size of client connections for client: systemafter removal is 18
04-13 11:00:29.884   821 10603 I /vendor/bin/hw/vendor.qti.hardware.servicetracker@1.1-service: destroyService is called for service : com.baidu.input_mi/.ImeService
04-13 11:00:29.884  1571  2437 I MiuiNetworkPolicy: updateUidState uid = 10231, uidState = 11
04-13 11:00:29.885   821 10603 I /vendor/bin/hw/vendor.qti.hardware.servicetracker@1.1-service: bindService is called for service : io.appium.settings/.UnicodeIME and for client system
04-13 11:00:29.885   821 10603 I /vendor/bin/hw/vendor.qti.hardware.servicetracker@1.1-service: total connections for service : io.appium.settings/.UnicodeIMEare :1
04-13 11:00:29.885   821 10603 I /vendor/bin/hw/vendor.qti.hardware.servicetracker@1.1-service: total connections for client : systemare :19
04-13 11:00:29.887  1571  5730 D CompatibilityInfo: mCompatibilityFlags - 0
04-13 11:00:29.887  1571  5730 D CompatibilityInfo: applicationDensity - 440
04-13 11:00:29.887  1571  5730 D CompatibilityInfo: applicationScale - 1.0
04-13 11:00:29.887   821 10603 I /vendor/bin/hw/vendor.qti.hardware.servicetracker@1.1-service: startService() is called for serviceio.appium.settings/.UnicodeIME
04-13 11:00:29.889  1571  2437 I MiuiNetworkPolicy: updateUidState uid = 10309, uidState = 8
04-13 11:00:29.891  6036  6342 I IMECheckManager: getSelectedInputMethod, ime is io.appium.settings/.UnicodeIME
04-13 11:00:29.891  6036  6342 I IMECheckManager: InputMethodObserver, userId is 0, ime = io.appium.settings/.UnicodeIME
04-13 11:00:29.893  2539  2539 D KeyguardUpdateMonitor: received broadcast android.intent.action.BATTERY_CHANGED
04-13 11:00:29.894  2862  2862 D NetworkSpeedTracker: receive actionandroid.intent.action.BATTERY_CHANGED
04-13 11:00:29.894  2862  2862 D NetworkSpeedTracker: onReceive ACTION_BATTERY_CHANGED mBatteryLevel = 34;mIsCharging =true
04-13 11:00:29.895  6036  6536 D PowerCheckerService: onBatteryChanged, mBatteryLevel = 34, status = 2, level = 34, plug = 2, scale = 100
04-13 11:00:29.899  2862  2862 D DeviceStatisticsService: chargerType=2 batteryLevel=34 totalBatteryCapacity=4320000
04-13 11:00:29.899  4115  4115 I BatteryInfoReceiver: ACTION_BATTERY_CHANGED
04-13 11:00:29.900 19514 19514 I Facemoji: LatinManager=>onDestroy
04-13 11:00:29.904   821 10603 I /vendor/bin/hw/vendor.qti.hardware.servicetracker@1.1-service: bindService is called for service : io.appium.settings/.UnicodeIME and for client system
04-13 11:00:29.904   821 10603 I /vendor/bin/hw/vendor.qti.hardware.servicetracker@1.1-service: total connections for service : io.appium.settings/.UnicodeIMEare :1
04-13 11:00:29.904   821 10603 I /vendor/bin/hw/vendor.qti.hardware.servicetracker@1.1-service: total connections for client : systemare :19
04-13 11:00:29.905  6036  6342 I IMECheckManager: getSelectedInputMethod, ime is io.appium.settings/.UnicodeIME
04-13 11:00:29.905  6036  6342 I IMECheckManager: updateCurrentIME, userId is 0, ime is io.appium.settings/.UnicodeIME, pkg is io.appium.settings, uid is 10309
04-13 11:00:29.906  6036  6342 I ActiveStateController: Ime outdated, uid is 10231
04-13 11:00:29.906  6036  6496 I PowerKeeperConfigureManager: userId is 0, Ime outdated, uid is 10231
04-13 11:00:29.906  1571  2437 I MiuiNetworkPolicy: updateUidState uid = 10309, uidState = 3
04-13 11:00:29.909  2539  2555 D KeyguardViewMediator: setKeyguardEnabled(true)
04-13 11:00:29.915   787 17682 I vendor.qti.bluetooth@1.0-ibs_handler: ProcessIbsCmd: Received IBS_SLEEP_IND: 0xFE
04-13 11:00:29.919  6036  6342 I ActiveStateController: Ime update, uid is 10309
04-13 11:00:29.923  2862  2862 D NetworkSpeedTracker: receive actionandroid.intent.action.BATTERY_CHANGED
04-13 11:00:29.923  2862  2862 D NetworkSpeedTracker: onReceive ACTION_BATTERY_CHANGED mBatteryLevel = 34;mIsCharging =true
04-13 11:00:29.924  4115  4115 I BatteryInfoReceiver: ACTION_BATTERY_CHANGED
04-13 11:00:29.924  6036  6536 D PowerCheckerService: onBatteryChanged, mBatteryLevel = 34, status = 2, level = 34, plug = 2, scale = 100
04-13 11:00:29.927  2862  2862 D DeviceStatisticsService: chargerType=2 batteryLevel=34 totalBatteryCapacity=4320000
04-13 11:00:29.928  2862  2862 D NetworkSpeedTracker: receive actionandroid.intent.action.BATTERY_CHANGED
04-13 11:00:29.928  2862  2862 D NetworkSpeedTracker: onReceive ACTION_BATTERY_CHANGED mBatteryLevel = 34;mIsCharging =true
04-13 11:00:29.929  4115  4115 I BatteryInfoReceiver: ACTION_BATTERY_CHANGED
04-13 11:00:29.929  6036  6536 D PowerCheckerService: onBatteryChanged, mBatteryLevel = 34, status = 2, level = 34, plug = 2, scale = 100
04-13 11:00:29.932  2862  2862 D DeviceStatisticsService: chargerType=2 batteryLevel=34 totalBatteryCapacity=4320000
04-13 11:00:29.934  2539  2539 D KeyguardUpdateMonitor: received broadcast android.intent.action.BATTERY_CHANGED
04-13 11:00:29.935  2539  2539 D KeyguardUpdateMonitor: received broadcast android.intent.action.BATTERY_CHANGED
04-13 11:00:29.937 16058 16058 I UnicodeIME: onStartInput
04-13 11:00:29.937  6036  6496 I PowerKeeperConfigureManager: userId is 0, Ime update, uid is 10309
04-13 11:00:29.938 19514 19514 I .baidu.input_m: System.exit called, status: 0
04-13 11:00:29.938 19514 19514 I AndroidRuntime: VM exiting with result code 0, cleanup skipped.
04-13 11:00:29.947  6396  6396 E adbd    : failed to connect to socket 'tcp:6790': Connection refused
04-13 11:00:29.949  6036  6296 D WakelockManagerService: updateWakelockBlockedUid, uid = 10309, tag = null, isBlocked = false
04-13 11:00:29.955   796   796 W health@2.0-serv: type=1400 audit(0.0:2387162): avc: denied { read } for name="type" dev="sysfs" ino=55635 scontext=u:r:hal_health_default:s0 tcontext=u:object_r:sysfs:s0 tclass=file permissive=0
04-13 11:00:29.961  2539  2539 D KeyguardUpdateMonitor: received broadcast android.intent.action.BATTERY_CHANGED
04-13 11:00:29.961  2862  2862 D NetworkSpeedTracker: receive actionandroid.intent.action.BATTERY_CHANGED
04-13 11:00:29.961  2862  2862 D NetworkSpeedTracker: onReceive ACTION_BATTERY_CHANGED mBatteryLevel = 34;mIsCharging =true
04-13 11:00:29.962  4115  4115 I BatteryInfoReceiver: ACTION_BATTERY_CHANGED
04-13 11:00:29.963  6036  6536 D PowerCheckerService: onBatteryChanged, mBatteryLevel = 34, status = 2, level = 34, plug = 2, scale = 100
04-13 11:00:29.967   796   796 W health@2.0-serv: type=1400 audit(0.0:2387163): avc: denied { read } for name="type" dev="sysfs" ino=55635 scontext=u:r:hal_health_default:s0 tcontext=u:object_r:sysfs:s0 tclass=file permissive=0
04-13 11:00:29.973  2862  2862 D DeviceStatisticsService: chargerType=2 batteryLevel=34 totalBatteryCapacity=4320000
04-13 11:00:29.976  2539  2539 D KeyguardUpdateMonitor: received broadcast android.intent.action.BATTERY_CHANGED
04-13 11:00:29.976  2862  2862 D NetworkSpeedTracker: receive actionandroid.intent.action.BATTERY_CHANGED
04-13 11:00:29.976  2862  2862 D NetworkSpeedTracker: onReceive ACTION_BATTERY_CHANGED mBatteryLevel = 34;mIsCharging =true
04-13 11:00:29.977  4115  4115 I BatteryInfoReceiver: ACTION_BATTERY_CHANGED
04-13 11:00:29.978  6036  6536 D PowerCheckerService: onBatteryChanged, mBatteryLevel = 34, status = 2, level = 34, plug = 2, scale = 100
04-13 11:00:29.980  2862  2862 D DeviceStatisticsService: chargerType=2 batteryLevel=34 totalBatteryCapacity=4320000
04-13 11:00:29.991  1571  3004 I ActivityManager: Process com.baidu.input_mi (pid 19514) has died: fore SVC
04-13 11:00:29.991  1571  1712 I libprocessgroup: Successfully killed process cgroup uid 10231 pid 19514 in 0ms
04-13 11:00:29.991   678   678 I Zygote  : Process 19514 exited cleanly (0)
04-13 11:00:29.995   821 10603 I /vendor/bin/hw/vendor.qti.hardware.servicetracker@1.1-service: killProcess is called for pid : 19514
04-13 11:00:30.002  1571  2437 I MiuiNetworkPolicy: removeUidState uid = 10231
04-13 11:00:30.003   796   796 W health@2.0-serv: type=1400 audit(0.0:2387164): avc: denied { read } for name="type" dev="sysfs" ino=55635 scontext=u:r:hal_health_default:s0 tcontext=u:object_r:sysfs:s0 tclass=file permissive=0
04-13 11:00:30.007   796   796 W health@2.0-serv: type=1400 audit(0.0:2387165): avc: denied { read } for name="type" dev="sysfs" ino=55635 scontext=u:r:hal_health_default:s0 tcontext=u:object_r:sysfs:s0 tclass=file permissive=0
04-13 11:00:30.013  2539  2539 D KeyguardUpdateMonitor: received broadcast android.intent.action.BATTERY_CHANGED
04-13 11:00:30.014  2862  2862 D NetworkSpeedTracker: receive actionandroid.intent.action.BATTERY_CHANGED
04-13 11:00:30.014  2862  2862 D NetworkSpeedTracker: onReceive ACTION_BATTERY_CHANGED mBatteryLevel = 34;mIsCharging =true
04-13 11:00:30.015  4115  4115 I BatteryInfoReceiver: ACTION_BATTERY_CHANGED
04-13 11:00:30.016  6036  6536 D PowerCheckerService: onBatteryChanged, mBatteryLevel = 34, status = 2, level = 34, plug = 2, scale = 100
04-13 11:00:30.018  2862  2862 D DeviceStatisticsService: chargerType=2 batteryLevel=34 totalBatteryCapacity=4320000
04-13 11:00:30.022  2539  2539 D KeyguardUpdateMonitor: received broadcast android.intent.action.BATTERY_CHANGED
04-13 11:00:30.023  2862  2862 D NetworkSpeedTracker: receive actionandroid.intent.action.BATTERY_CHANGED
04-13 11:00:30.023  2862  2862 D NetworkSpeedTracker: onReceive ACTION_BATTERY_CHANGED mBatteryLevel = 34;mIsCharging =true
04-13 11:00:30.024  4115  4115 I BatteryInfoReceiver: ACTION_BATTERY_CHANGED
04-13 11:00:30.025  6036  6536 D PowerCheckerService: onBatteryChanged, mBatteryLevel = 34, status = 2, level = 34, plug = 2, scale = 100
04-13 11:00:30.028  2862  2862 D DeviceStatisticsService: chargerType=2 batteryLevel=34 totalBatteryCapacity=4320000
04-13 11:00:30.038  2862  2862 D DynamicSarService: PhoneStateListener.onDataActivity: direction=0
04-13 11:00:30.039  2862  2862 D DynamicSarService: modem or radio power state change,messageType: 128 state: 0
04-13 11:00:30.044  2539  3046 D MobileSignalController: updateDataType mSelectedDataTypeIcon[0]=2131232923, mSelectedDataActivityIndex=6
04-13 11:00:30.044  2539  3046 D TelephonyIcons: getSignalStrengthIcon: slot=0, inetCondition=1, level=5, roaming=false, signalstrength=SignalStrength:{mCdma=CellSignalStrengthCdma: cdmaDbm=2147483647 cdmaEcio=2147483647 evdoDbm=2147483647 evdoEcio=2147483647 evdoSnr=2147483647 miuiLevel=0 level=0,mGsm=CellSignalStrengthGsm: rssi=2147483647 ber=2147483647 mTa=2147483647 miuiLevel=0 mLevel=0,mWcdma=CellSignalStrengthWcdma: ss=2147483647 ber=2147483647 rscp=2147483647 ecno=2147483647 miuiLevel=0 level=0,mTdscdma=CellSignalStrengthTdscdma: rssi=2147483647 ber=2147483647 rscp=2147483647 miuiLevel=0 level=0,mLte=CellSignalStrengthLte: rssi=-51 rsrp=-78 rsrq=-8 rssnr=244 cqi=2147483647 ta=2147483647 miuiLevel=5 level=4,mNr=CellSignalStrengthNr:{ csiRsrp = 2147483647 csiRsrq = 2147483647 csiSinr = 2147483647 ssRsrp = 2147483647 ssRsrq = 2147483647 ssSinr = 2147483647 miuiLevel = 0 level = 0 },primary=CellSignalStrengthLte}
04-13 11:00:30.044  2539  3046 D TelephonyIcons: getDataActivity, slot=0, activity=0
04-13 11:00:30.047   796   796 W health@2.0-serv: type=1400 audit(0.0:2387166): avc: denied { read } for name="type" dev="sysfs" ino=55635 scontext=u:r:hal_health_default:s0 tcontext=u:object_r:sysfs:s0 tclass=file permissive=0
04-13 11:00:30.047  2539  3046 D TelephonyIcons: null signal icon name: drawable/stat_sys_signal_null
04-13 11:00:30.048  2539  3046 D TelephonyIcons: getDataTypeIcon sub=0
04-13 11:00:30.049  2539  2539 D SignalClusterView: updateMobileTypeImage  0
04-13 11:00:30.050  2539  2539 I chatty  : uid=1000(system) com.android.systemui identical 1 line
04-13 11:00:30.052  2539  2539 D SignalClusterView: updateMobileTypeImage  0
04-13 11:00:30.053  4115  4115 I BatteryInfoReceiver: ACTION_BATTERY_CHANGED
04-13 11:00:30.054  6036  6536 D PowerCheckerService: onBatteryChanged, mBatteryLevel = 34, status = 2, level = 34, plug = 2, scale = 100
04-13 11:00:30.058  1571  5740 I ActivityManager: Force stopping io.appium.uiautomator2.server.test appid=10291 user=0: from process:20179
04-13 11:00:30.058  1571  5740 I AutoStartManagerService: MIUILOG- Reject RestartService packageName :io.appium.uiautomator2.server.test uid : 10291
04-13 11:00:30.058  2862  2862 D NetworkSpeedTracker: receive actionandroid.intent.action.BATTERY_CHANGED
04-13 11:00:30.058  2862  2862 D NetworkSpeedTracker: onReceive ACTION_BATTERY_CHANGED mBatteryLevel = 34;mIsCharging =true
04-13 11:00:30.059  2539  2539 D SignalClusterView: updateMobileTypeImage  0
04-13 11:00:30.059  2862  2862 D DeviceStatisticsService: chargerType=2 batteryLevel=34 totalBatteryCapacity=4320000
04-13 11:00:30.064  2539  2539 D SignalClusterView: updateMobileTypeImage  0
04-13 11:00:30.066  2539  2539 I chatty  : uid=1000(system) com.android.systemui identical 1 line
04-13 11:00:30.067  2539  2539 D SignalClusterView: updateMobileTypeImage  0
04-13 11:00:30.070 15755 15755 D AggregateListener: notifyAction action:android.intent.action.PACKAGE_RESTARTED
04-13 11:00:30.070 15755 15755 D AggregateListener: onPackageRestarted packageName:io.appium.uiautomator2.server.test
04-13 11:00:30.070  1571  1707 W BroadcastQueue: Background execution not allowed: receiving Intent { act=android.intent.action.PACKAGE_RESTARTED dat=package:io.appium.uiautomator2.server.test flg=0x10 (has extras) } to com.jingdong.app.mall/.broadcastReceiver.AppStateRecevier
04-13 11:00:30.072  2539  2539 D KeyguardUpdateMonitor: received broadcast android.intent.action.BATTERY_CHANGED
04-13 11:00:30.074  2862  2862 D CarrierSvcBindHelper: No carrier app for: 0
04-13 11:00:30.075  1571  1571 W RemoteDisplayProvider: Ignoring remote display provider service because it does not have the REMOTE_DISPLAY_PROVIDER permission: com.google.android.gms/com.google.android.gms.cast.media.CastRemoteDisplayProviderService
04-13 11:00:30.075  2862  2862 E PhoneInterfaceManager: [PhoneIntfMgr] getCarrierPackageNamesForIntent: No UICC
04-13 11:00:30.075  2862  2862 D CarrierSvcBindHelper: No carrier app for: 1
04-13 11:00:30.076  2862  2862 D NetworkSpeedTracker: receive actionandroid.intent.action.BATTERY_CHANGED
04-13 11:00:30.076  2862  2862 D NetworkSpeedTracker: onReceive ACTION_BATTERY_CHANGED mBatteryLevel = 34;mIsCharging =true
04-13 11:00:30.076  4115  4115 I BatteryInfoReceiver: ACTION_BATTERY_CHANGED
04-13 11:00:30.077  6036  6536 D PowerCheckerService: onBatteryChanged, mBatteryLevel = 34, status = 2, level = 34, plug = 2, scale = 100
04-13 11:00:30.081  2862  2862 D DeviceStatisticsService: chargerType=2 batteryLevel=34 totalBatteryCapacity=4320000
04-13 11:00:30.082 19832 19832 E RegisteredServicesCache: Skipping application component ComponentInfo{com.autonavi.minimap/com.alibaba.ariver.commonability.device.jsapi.nfc.service.TinyAppHostApduService}: it must request the permission android.permission.NFC
04-13 11:00:30.083 19832 19832 E RegisteredServicesCache: Skipping application component ComponentInfo{com.autonavi.minimap/com.alipay.mobile.aompdevice.nfc.service.TinyAppHostApduService}: it must request the permission android.permission.NFC
04-13 11:00:30.091 19832 19832 E RegisteredServicesCache: Skipping application component ComponentInfo{com.taobao.taobao/com.alibaba.ariver.commonability.device.jsapi.nfc.service.TinyAppHostApduService}: it must request the permission android.permission.NFC
04-13 11:00:30.094  4115  4115 I BatteryInfoReceiver: ACTION_BATTERY_CHANGED
04-13 11:00:30.095  6036  6536 D PowerCheckerService: onBatteryChanged, mBatteryLevel = 34, status = 2, level = 34, plug = 2, scale = 100
04-13 11:00:30.094  2862  2862 D NetworkSpeedTracker: receive actionandroid.intent.action.BATTERY_CHANGED
04-13 11:00:30.096  2862  2862 D NetworkSpeedTracker: onReceive ACTION_BATTERY_CHANGED mBatteryLevel = 34;mIsCharging =true
04-13 11:00:30.097  2539  2539 D KeyguardUpdateMonitor: received broadcast android.intent.action.BATTERY_CHANGED
04-13 11:00:30.100  2862  2862 D DeviceStatisticsService: chargerType=2 batteryLevel=34 totalBatteryCapacity=4320000
04-13 11:00:30.101  2539  2539 D KeyguardUpdateMonitor: received broadcast android.intent.action.BATTERY_CHANGED
04-13 11:00:30.104 19832 19832 D RegisteredServicesCache:  Reading service state data always from file
04-13 11:00:30.106 19832 19832 D RegisteredServicesCache: ServiceStateFileVersion=1.0
04-13 11:00:30.106 19832 19832 E RegisteredServicesCache: Next Tag=services
04-13 11:00:30.106 19832 19832 E RegisteredServicesCache: 1invalidateCache:WriteServiceStateToFile
04-13 11:00:30.106 19832 19832 E RegisteredServicesCache:  Writing service state Data Always
04-13 11:00:30.108  6396  6396 E adbd    : failed to connect to socket 'tcp:6790': Connection refused
04-13 11:00:30.109  2539  2539 D KeyguardUpdateMonitor: received broadcast android.intent.action.BATTERY_CHANGED
04-13 11:00:30.109  2862  2862 D NetworkSpeedTracker: receive actionandroid.intent.action.BATTERY_CHANGED
04-13 11:00:30.109  2862  2862 D NetworkSpeedTracker: onReceive ACTION_BATTERY_CHANGED mBatteryLevel = 34;mIsCharging =true
04-13 11:00:30.110 19832 19832 D CardEmulationManager: Current default: ComponentInfo{com.eg.android.AlipayGphone/com.alipay.android.phone.offlinepay.nfc.CardService}
04-13 11:00:30.110 19832 19832 D RegisteredAidCache: onServicesUpdated
04-13 11:00:30.110 19832 19832 D RegisteredAidCache: generateServiceMap component: ComponentInfo{com.eg.android.AlipayGphone/com.alibaba.ariver.commonability.device.jsapi.nfc.service.TinyAppHostApduService}
04-13 11:00:30.110 19832 19832 D RegisteredAidCache: generateServiceMap component: ComponentInfo{com.eg.android.AlipayGphone/com.alipay.android.phone.offlinepay.nfc.CardService}
04-13 11:00:30.110 19832 19832 D RegisteredAidCache: generateServiceMap component: ComponentInfo{com.eg.android.AlipayGphone/com.alipay.mobile.aompdevice.nfc.service.TinyAppHostApduService}
04-13 11:00:30.110 19832 19832 D RegisteredAidCache: generateServiceMap component: ComponentInfo{com.google.android.gms/com.google.android.gms.tapandpay.hce.service.TpHceService}
04-13 11:00:30.111 19832 19832 D RegisteredAidCache: generateServiceMap component: ComponentInfo{com.jingdong.app.mall/com.jdpaysdk.payment.quickpass.server.QuickPassNFCServer}
04-13 11:00:30.111 19832 19832 D RegisteredAidCache: generateServiceMap component: ComponentInfo{com.tencent.mm/com.tencent.mm.plugin.appbrand.jsapi.nfc.hce.HCEService}
04-13 11:00:30.111 19832 19832 D RegisteredAidCache: generateServiceMap component: ComponentInfo{com.tencent.mtt/com.tencent.mm.plugin.appbrand.jsapi.nfc.hce.HCEService}
04-13 11:00:30.111 19832 19832 D RegisteredAidCache: generateServiceMap component: ComponentInfo{com.tencent.qqlive/com.tencent.mm.plugin.appbrand.jsapi.nfc.hce.HCEService}
04-13 11:00:30.111 19832 19832 D RegisteredAidCache: generateServiceMap component: ComponentInfo{com.tencent.wework/com.tencent.mm.plugin.appbrand.jsapi.nfc.hce.HCEService}
04-13 11:00:30.111 19832 19832 D RegisteredAidCache: generateServiceMap component: ComponentInfo{com.youku.phone/com.alibaba.ariver.commonability.device.jsapi.nfc.service.TinyAppHostApduService}
04-13 11:00:30.111 19832 19832 D RegisteredAidCache: generateServiceMap component: ComponentInfo{com.youku.phone/com.alipay.mobile.aompdevice.nfc.service.TinyAppHostApduService}
04-13 11:00:30.111 19832 19832 D RegisteredAidCache: generateServiceMap component: ComponentInfo{com.chinamworld.bocmbci/com.boc.bocsoft.mobile.bocmobile.buss.equickpay.service.BocopApduService}
04-13 11:00:30.111 19832 19832 D RegisteredAidCache: generateAidCacheLocked: starting with aid 325041592E5359532E4444463031
04-13 11:00:30.111 19832 19832 D RegisteredAidCache: Exact AID, resolving.
04-13 11:00:30.111 19832 19832 D RegisteredAidCache: resolveAidLocked: (Ignoring handling service ComponentInfo{com.google.android.gms/com.google.android.gms.tapandpay.hce.service.TpHceService} because it's not the payment default.)
04-13 11:00:30.111 19832 19832 D RegisteredAidCache: resolveAidLocked: (Ignoring handling service ComponentInfo{com.jingdong.app.mall/com.jdpaysdk.payment.quickpass.server.QuickPassNFCServer} because it's not the payment default.)
04-13 11:00:30.111 19832 19832 D RegisteredAidCache: resolveAidLocked: (Ignoring handling service ComponentInfo{com.chinamworld.bocmbci/com.boc.bocsoft.mobile.bocmobile.buss.equickpay.service.BocopApduService} because it's not the payment default.)
04-13 11:00:30.111 19832 19832 D RegisteredAidCache: resolveAidLocked: DECISION: routing to all matching services
04-13 11:00:30.111 19832 19832 D RegisteredAidCache: AIDs: [325041592E5359532E4444463031] were resolved.
04-13 11:00:30.111 19832 19832 D RegisteredAidCache: generateAidCacheLocked: starting with aid A000000003
04-13 11:00:30.111 19832 19832 D RegisteredAidCache: Exact AID, resolving.
04-13 11:00:30.111 19832 19832 D RegisteredAidCache: resolveAidLocked: (Ignoring handling service ComponentInfo{com.google.android.gms/com.google.android.gms.tapandpay.hce.service.TpHceService} because it's not the payment default.)
04-13 11:00:30.111 19832 19832 D RegisteredAidCache: resolveAidLocked: DECISION: routing to all matching services
04-13 11:00:30.111 19832 19832 D RegisteredAidCache: AIDs: [A000000003] were resolved.
04-13 11:00:30.111 19832 19832 D RegisteredAidCache: generateAidCacheLocked: starting with aid A00000000307010001
04-13 11:00:30.111 19832 19832 D RegisteredAidCache: Exact AID, resolving.
04-13 11:00:30.111 19832 19832 D RegisteredAidCache: resolveAidLocked: (Ignoring handling service ComponentInfo{com.google.android.gms/com.google.android.gms.tapandpay.hce.service.TpHceService} because it's not the payment default.)
04-13 11:00:30.111 19832 19832 D RegisteredAidCache: resolveAidLocked: DECISION: routing to all matching services
