04-13 11:00:27.913 15755 15886 W Bundle  : 	at android.os.Handler.dispatchMessage(Handler.java:100)
04-13 11:00:27.913 15755 15886 W Bundle  : 	at android.os.Looper.loop(Looper.java:224)
04-13 11:00:27.913 15755 15886 W Bundle  : 	at android.os.HandlerThread.run(HandlerThread.java:67)
04-13 11:00:27.915   796   796 W health@2.0-serv: type=1400 audit(0.0:2387070): avc: denied { read } for name="type" dev="sysfs" ino=55635 scontext=u:r:hal_health_default:s0 tcontext=u:object_r:sysfs:s0 tclass=file permissive=0
04-13 11:00:27.923  2539  2539 D KeyguardUpdateMonitor: received broadcast android.intent.action.BATTERY_CHANGED
04-13 11:00:27.919   796   796 W health@2.0-serv: type=1400 audit(0.0:2387071): avc: denied { read } for name="type" dev="sysfs" ino=55635 scontext=u:r:hal_health_default:s0 tcontext=u:object_r:sysfs:s0 tclass=file permissive=0
04-13 11:00:27.923  2862  2862 D NetworkSpeedTracker: receive actionandroid.intent.action.BATTERY_CHANGED
04-13 11:00:27.924  2862  2862 D NetworkSpeedTracker: onReceive ACTION_BATTERY_CHANGED mBatteryLevel = 34;mIsCharging =true
04-13 11:00:27.925  4115  4115 I BatteryInfoReceiver: ACTION_BATTERY_CHANGED
04-13 11:00:27.926  6036  6536 D PowerCheckerService: onBatteryChanged, mBatteryLevel = 34, status = 2, level = 34, plug = 2, scale = 100
04-13 11:00:27.927  2862  2862 D DeviceStatisticsService: chargerType=2 batteryLevel=34 totalBatteryCapacity=4320000
04-13 11:00:27.933  2539  2539 D KeyguardUpdateMonitor: received broadcast android.intent.action.BATTERY_CHANGED
04-13 11:00:27.934  2862  2862 D NetworkSpeedTracker: receive actionandroid.intent.action.BATTERY_CHANGED
04-13 11:00:27.934  2862  2862 D NetworkSpeedTracker: onReceive ACTION_BATTERY_CHANGED mBatteryLevel = 34;mIsCharging =true
04-13 11:00:27.935  4115  4115 I BatteryInfoReceiver: ACTION_BATTERY_CHANGED
04-13 11:00:27.935  6036  6536 D PowerCheckerService: onBatteryChanged, mBatteryLevel = 34, status = 2, level = 34, plug = 2, scale = 100
04-13 11:00:27.936  2862  2862 D DeviceStatisticsService: chargerType=2 batteryLevel=34 totalBatteryCapacity=4320000
04-13 11:00:27.963   796   796 W health@2.0-serv: type=1400 audit(0.0:2387072): avc: denied { read } for name="type" dev="sysfs" ino=55635 scontext=u:r:hal_health_default:s0 tcontext=u:object_r:sysfs:s0 tclass=file permissive=0
04-13 11:00:27.967   796   796 W health@2.0-serv: type=1400 audit(0.0:2387073): avc: denied { read } for name="type" dev="sysfs" ino=55635 scontext=u:r:hal_health_default:s0 tcontext=u:object_r:sysfs:s0 tclass=file permissive=0
04-13 11:00:27.973  2539  2539 D KeyguardUpdateMonitor: received broadcast android.intent.action.BATTERY_CHANGED
04-13 11:00:27.974  2862  2862 D NetworkSpeedTracker: receive actionandroid.intent.action.BATTERY_CHANGED
04-13 11:00:27.974  2862  2862 D NetworkSpeedTracker: onReceive ACTION_BATTERY_CHANGED mBatteryLevel = 34;mIsCharging =true
04-13 11:00:27.977  4115  4115 I BatteryInfoReceiver: ACTION_BATTERY_CHANGED
04-13 11:00:27.978  6036  6536 D PowerCheckerService: onBatteryChanged, mBatteryLevel = 34, status = 2, level = 34, plug = 2, scale = 100
04-13 11:00:27.981  2862  2862 D DeviceStatisticsService: chargerType=2 batteryLevel=34 totalBatteryCapacity=4320000
04-13 11:00:27.991  2539  2539 D KeyguardUpdateMonitor: received broadcast android.intent.action.BATTERY_CHANGED
04-13 11:00:27.993  2862  2862 D NetworkSpeedTracker: receive actionandroid.intent.action.BATTERY_CHANGED
04-13 11:00:27.993  4115  4115 I BatteryInfoReceiver: ACTION_BATTERY_CHANGED
04-13 11:00:27.993  2862  2862 D NetworkSpeedTracker: onReceive ACTION_BATTERY_CHANGED mBatteryLevel = 34;mIsCharging =true
04-13 11:00:27.994  6036  6536 D PowerCheckerService: onBatteryChanged, mBatteryLevel = 34, status = 2, level = 34, plug = 2, scale = 100
04-13 11:00:27.996  2862  2862 D DeviceStatisticsService: chargerType=2 batteryLevel=34 totalBatteryCapacity=4320000
04-13 11:00:28.003   796   796 W health@2.0-serv: type=1400 audit(0.0:2387074): avc: denied { read } for name="type" dev="sysfs" ino=55635 scontext=u:r:hal_health_default:s0 tcontext=u:object_r:sysfs:s0 tclass=file permissive=0
04-13 11:00:28.018  2539  2539 D KeyguardUpdateMonitor: received broadcast android.intent.action.BATTERY_CHANGED
04-13 11:00:28.020  4115  6001 W Parcel  : **** enforceInterface() expected 'com.miui.gamebooster.service.ISecurityCenterNotificationListener' but read 'android.service.notification.INotificationListener'
04-13 11:00:28.021  4115  6001 W Binder  : Caught a RuntimeException from the binder stub implementation.
04-13 11:00:28.021  4115  6001 W Binder  : java.lang.SecurityException: Binder invocation to an incorrect interface
04-13 11:00:28.021  4115  6001 W Binder  : 	at android.os.Parcel.nativeEnforceInterface(Native Method)
04-13 11:00:28.021  4115  6001 W Binder  : 	at android.os.Parcel.enforceInterface(Parcel.java:626)
04-13 11:00:28.021  4115  6001 W Binder  : 	at com.miui.gamebooster.service.ISecurityCenterNotificationListener$Stub.onTransact(Unknown Source:22)
04-13 11:00:28.021  4115  6001 W Binder  : 	at android.os.Binder.execTransactInternal(Binder.java:1021)
04-13 11:00:28.021  4115  6001 W Binder  : 	at android.os.Binder.execTransact(Binder.java:994)
04-13 11:00:28.022  4115  4115 I BatteryInfoReceiver: ACTION_BATTERY_CHANGED
04-13 11:00:28.022  2539  2539 D StatusBar: onNotificationPosted key=0|com.tencent.mm|-695598328|null|10237 isUpdate=false
04-13 11:00:28.024 16433 16433 D IMReply:Notif: onNotificationPosted before sbn = -695598328
04-13 11:00:28.024  6036  6536 D PowerCheckerService: onBatteryChanged, mBatteryLevel = 34, status = 2, level = 34, plug = 2, scale = 100
04-13 11:00:28.025 16433 16433 D IMReply:Notif: onNotificationPosted:IdleState
04-13 11:00:28.025 16433 16433 I IMReply:IMReplyManager: drop the message when im sleeping/snooze/disable[true/false/false/0]
04-13 11:00:28.027  2862  2862 D NetworkSpeedTracker: receive actionandroid.intent.action.BATTERY_CHANGED
04-13 11:00:28.027  2862  2862 D NetworkSpeedTracker: onReceive ACTION_BATTERY_CHANGED mBatteryLevel = 34;mIsCharging =true
04-13 11:00:28.027  4115  4115 V onNotificationPostedCallBack: flags=273
04-13 11:00:28.029  2862  2862 D DeviceStatisticsService: chargerType=2 batteryLevel=34 totalBatteryCapacity=4320000
04-13 11:00:28.029  2862  2862 D DynamicSarService: PhoneStateListener.onDataActivity: direction=3
04-13 11:00:28.029  2862  2862 D DynamicSarService: modem or radio power state change,messageType: 128 state: 3
04-13 11:00:28.032  2539  3046 D MobileSignalController: updateDataType mSelectedDataTypeIcon[0]=2131232923, mSelectedDataActivityIndex=6
04-13 11:00:28.032  2862  2862 D NetworkSpeedTracker: receive actionandroid.intent.action.BATTERY_CHANGED
04-13 11:00:28.032  2862  2862 D NetworkSpeedTracker: onReceive ACTION_BATTERY_CHANGED mBatteryLevel = 34;mIsCharging =true
04-13 11:00:28.033  2539  3046 D TelephonyIcons: getSignalStrengthIcon: slot=0, inetCondition=1, level=5, roaming=false, signalstrength=SignalStrength:{mCdma=CellSignalStrengthCdma: cdmaDbm=2147483647 cdmaEcio=2147483647 evdoDbm=2147483647 evdoEcio=2147483647 evdoSnr=2147483647 miuiLevel=0 level=0,mGsm=CellSignalStrengthGsm: rssi=2147483647 ber=2147483647 mTa=2147483647 miuiLevel=0 mLevel=0,mWcdma=CellSignalStrengthWcdma: ss=2147483647 ber=2147483647 rscp=2147483647 ecno=2147483647 miuiLevel=0 level=0,mTdscdma=CellSignalStrengthTdscdma: rssi=2147483647 ber=2147483647 rscp=2147483647 miuiLevel=0 level=0,mLte=CellSignalStrengthLte: rssi=-51 rsrp=-78 rsrq=-8 rssnr=244 cqi=2147483647 ta=2147483647 miuiLevel=5 level=4,mNr=CellSignalStrengthNr:{ csiRsrp = 2147483647 csiRsrq = 2147483647 csiSinr = 2147483647 ssRsrp = 2147483647 ssRsrq = 2147483647 ssSinr = 2147483647 miuiLevel = 0 level = 0 },primary=CellSignalStrengthLte}
04-13 11:00:28.033  2539  3046 D TelephonyIcons: getDataActivity, slot=0, activity=3
04-13 11:00:28.034  4115  4115 I BatteryInfoReceiver: ACTION_BATTERY_CHANGED
04-13 11:00:28.035  6036  6536 D PowerCheckerService: onBatteryChanged, mBatteryLevel = 34, status = 2, level = 34, plug = 2, scale = 100
04-13 11:00:28.036  2862  2862 D DeviceStatisticsService: chargerType=2 batteryLevel=34 totalBatteryCapacity=4320000
04-13 11:00:28.037  2539  3046 D TelephonyIcons: null signal icon name: drawable/stat_sys_signal_null
04-13 11:00:28.038  2539  3046 D TelephonyIcons: getDataTypeIcon sub=0
04-13 11:00:28.043  2539  2539 D StatusBar: No peeking: 0|com.tencent.mm|-695598328|null|10237
04-13 11:00:28.043  2539  2539 D KeyguardUpdateMonitor: received broadcast android.intent.action.BATTERY_CHANGED
04-13 11:00:28.044  2539  2539 D SignalClusterView: updateMobileTypeImage  0
04-13 11:00:28.053  2539  2539 I chatty  : uid=1000(system) com.android.systemui identical 5 lines
04-13 11:00:28.054  2539  2539 D SignalClusterView: updateMobileTypeImage  0
04-13 11:00:28.070  2862  2862 D NetworkSpeedTracker: receive actionandroid.intent.action.BATTERY_CHANGED
04-13 11:00:28.070  2862  2862 D NetworkSpeedTracker: onReceive ACTION_BATTERY_CHANGED mBatteryLevel = 34;mIsCharging =true
04-13 11:00:28.070  4115  4115 I BatteryInfoReceiver: ACTION_BATTERY_CHANGED
04-13 11:00:28.071  6036  6536 D PowerCheckerService: onBatteryChanged, mBatteryLevel = 34, status = 2, level = 34, plug = 2, scale = 100
04-13 11:00:28.072  2862  2862 D DeviceStatisticsService: chargerType=2 batteryLevel=34 totalBatteryCapacity=4320000
04-13 11:00:28.080  2862  2862 D NetworkSpeedTracker: receive actionandroid.intent.action.BATTERY_CHANGED
04-13 11:00:28.080  2862  2862 D NetworkSpeedTracker: onReceive ACTION_BATTERY_CHANGED mBatteryLevel = 34;mIsCharging =true
04-13 11:00:28.081  4115  4115 I BatteryInfoReceiver: ACTION_BATTERY_CHANGED
04-13 11:00:28.081  6036  6536 D PowerCheckerService: onBatteryChanged, mBatteryLevel = 34, status = 2, level = 34, plug = 2, scale = 100
04-13 11:00:28.083  2862  2862 D DeviceStatisticsService: chargerType=2 batteryLevel=34 totalBatteryCapacity=4320000
04-13 11:00:28.099  2862  2862 D NetworkSpeedTracker: receive actionandroid.intent.action.BATTERY_CHANGED
04-13 11:00:28.099  2862  2862 D NetworkSpeedTracker: onReceive ACTION_BATTERY_CHANGED mBatteryLevel = 34;mIsCharging =true
04-13 11:00:28.100  4115  4115 I BatteryInfoReceiver: ACTION_BATTERY_CHANGED
04-13 11:00:28.101  6036  6536 D PowerCheckerService: onBatteryChanged, mBatteryLevel = 34, status = 2, level = 34, plug = 2, scale = 100
04-13 11:00:28.103  2862  2862 D DeviceStatisticsService: chargerType=2 batteryLevel=34 totalBatteryCapacity=4320000
04-13 11:00:28.108  2862  2862 D NetworkSpeedTracker: receive actionandroid.intent.action.BATTERY_CHANGED
04-13 11:00:28.108  2862  2862 D NetworkSpeedTracker: onReceive ACTION_BATTERY_CHANGED mBatteryLevel = 34;mIsCharging =true
04-13 11:00:28.110  6036  6536 D PowerCheckerService: onBatteryChanged, mBatteryLevel = 34, status = 2, level = 34, plug = 2, scale = 100
04-13 11:00:28.111  4115  4115 I BatteryInfoReceiver: ACTION_BATTERY_CHANGED
04-13 11:00:28.113  2862  2862 D DeviceStatisticsService: chargerType=2 batteryLevel=34 totalBatteryCapacity=4320000
04-13 11:00:28.127  2539  2539 D StatusBar: No peeking: 0|com.tencent.mm|-695598328|null|10237
04-13 11:00:28.133  2539  2539 D StatusBar: update app badge num: com.tencent.mm/,num=1,isAllowed=true,userId=0
04-13 11:00:28.133  1571  9329 W ActivityManager: Sending non-protected broadcast android.intent.action.APPLICATION_MESSAGE_UPDATE from system 2539:com.android.systemui/1000 pkg com.android.systemui. Callers=
04-13 11:00:28.133  1571  5730 I QuietUtils: type:5, flags:0, cpkg:android
04-13 11:00:28.134  2539  2539 D KeyguardUpdateMonitor: received broadcast android.intent.action.BATTERY_CHANGED
04-13 11:00:28.134  2539  2539 I chatty  : uid=1000(system) com.android.systemui identical 2 lines
04-13 11:00:28.135  2539  2539 D KeyguardUpdateMonitor: received broadcast android.intent.action.BATTERY_CHANGED
04-13 11:00:28.136  2874  2990 I Launcher.ApplicationsMessage: onReceive true
04-13 11:00:28.137  2874  2990 I Launcher.ApplicationsMessage: update com.tencent.mm/ to 1
04-13 11:00:28.146  2862  2862 D NetworkSpeedTracker: receive actionandroid.intent.action.BATTERY_CHANGED
04-13 11:00:28.146  2862  2862 D NetworkSpeedTracker: onReceive ACTION_BATTERY_CHANGED mBatteryLevel = 34;mIsCharging =true
04-13 11:00:28.147  4115  4115 I BatteryInfoReceiver: ACTION_BATTERY_CHANGED
04-13 11:00:28.148  6036  6536 D PowerCheckerService: onBatteryChanged, mBatteryLevel = 34, status = 2, level = 34, plug = 2, scale = 100
04-13 11:00:28.150  2862  2862 D DeviceStatisticsService: chargerType=2 batteryLevel=34 totalBatteryCapacity=4320000
04-13 11:00:28.156  2874  2874 D ScreenView_HotSeats: dispatchDraw:0
04-13 11:00:28.157  2862  2862 D NetworkSpeedTracker: receive actionandroid.intent.action.BATTERY_CHANGED
04-13 11:00:28.157  2862  2862 D NetworkSpeedTracker: onReceive ACTION_BATTERY_CHANGED mBatteryLevel = 34;mIsCharging =true
04-13 11:00:28.158  4115  4115 I BatteryInfoReceiver: ACTION_BATTERY_CHANGED
04-13 11:00:28.159  6036  6536 D PowerCheckerService: onBatteryChanged, mBatteryLevel = 34, status = 2, level = 34, plug = 2, scale = 100
04-13 11:00:28.159   872  1026 D BufferQueueLayer: SaveSurface: Launcher new frame Arrived
04-13 11:00:28.161  2862  2862 D DeviceStatisticsService: chargerType=2 batteryLevel=34 totalBatteryCapacity=4320000
04-13 11:00:28.163  2539  2539 D KeyguardUpdateMonitor: received broadcast android.intent.action.BATTERY_CHANGED
04-13 11:00:28.163  2539  2539 D KeyguardUpdateMonitor: received broadcast android.intent.action.BATTERY_CHANGED
04-13 11:00:28.173   872  1028 D BufferQueueLayer: SaveSurface: Launcher new frame Arrived
04-13 11:00:28.193   872  2428 D BufferQueueLayer: SaveSurface: Launcher new frame Arrived
04-13 11:00:28.193  2862  2862 D NetworkSpeedTracker: receive actionandroid.intent.action.BATTERY_CHANGED
04-13 11:00:28.194  2862  2862 D NetworkSpeedTracker: onReceive ACTION_BATTERY_CHANGED mBatteryLevel = 34;mIsCharging =true
04-13 11:00:28.194  4115  4115 I BatteryInfoReceiver: ACTION_BATTERY_CHANGED
04-13 11:00:28.197  6036  6536 D PowerCheckerService: onBatteryChanged, mBatteryLevel = 34, status = 2, level = 34, plug = 2, scale = 100
04-13 11:00:28.198  2862  2862 D DeviceStatisticsService: chargerType=2 batteryLevel=34 totalBatteryCapacity=4320000
04-13 11:00:28.203  2862  2862 D NetworkSpeedTracker: receive actionandroid.intent.action.BATTERY_CHANGED
04-13 11:00:28.204  2862  2862 D NetworkSpeedTracker: onReceive ACTION_BATTERY_CHANGED mBatteryLevel = 34;mIsCharging =true
04-13 11:00:28.204  2539  2539 D KeyguardUpdateMonitor: received broadcast android.intent.action.BATTERY_CHANGED
04-13 11:00:28.204  4115  4115 I BatteryInfoReceiver: ACTION_BATTERY_CHANGED
04-13 11:00:28.205  2539  2539 D KeyguardUpdateMonitor: received broadcast android.intent.action.BATTERY_CHANGED
04-13 11:00:28.206  6036  6536 D PowerCheckerService: onBatteryChanged, mBatteryLevel = 34, status = 2, level = 34, plug = 2, scale = 100
04-13 11:00:28.207  2862  2862 D DeviceStatisticsService: chargerType=2 batteryLevel=34 totalBatteryCapacity=4320000
04-13 11:00:28.209   813  1944 I SDM     : DisplayBuiltIn::SetRefreshRate: current period = 19878021, last period = 20462292, exit idle mode !
04-13 11:00:28.212   872  1028 D BufferQueueLayer: SaveSurface: Launcher new frame Arrived
04-13 11:00:28.234   872  1026 D BufferQueueLayer: SaveSurface: Launcher new frame Arrived
04-13 11:00:28.235  2539  2539 D KeyguardUpdateMonitor: received broadcast android.intent.action.BATTERY_CHANGED
04-13 11:00:28.236  2862  2862 D NetworkSpeedTracker: receive actionandroid.intent.action.BATTERY_CHANGED
04-13 11:00:28.236  2862  2862 D NetworkSpeedTracker: onReceive ACTION_BATTERY_CHANGED mBatteryLevel = 34;mIsCharging =true
04-13 11:00:28.237  4115  4115 I BatteryInfoReceiver: ACTION_BATTERY_CHANGED
04-13 11:00:28.238  6036  6536 D PowerCheckerService: onBatteryChanged, mBatteryLevel = 34, status = 2, level = 34, plug = 2, scale = 100
04-13 11:00:28.242  2862  2862 D DeviceStatisticsService: chargerType=2 batteryLevel=34 totalBatteryCapacity=4320000
04-13 11:00:28.245  2539  2539 D KeyguardUpdateMonitor: received broadcast android.intent.action.BATTERY_CHANGED
04-13 11:00:28.246  2862  2862 D NetworkSpeedTracker: receive actionandroid.intent.action.BATTERY_CHANGED
04-13 11:00:28.246  2862  2862 D NetworkSpeedTracker: onReceive ACTION_BATTERY_CHANGED mBatteryLevel = 34;mIsCharging =true
04-13 11:00:28.247  4115  4115 I BatteryInfoReceiver: ACTION_BATTERY_CHANGED
04-13 11:00:28.247  6036  6536 D PowerCheckerService: onBatteryChanged, mBatteryLevel = 34, status = 2, level = 34, plug = 2, scale = 100
04-13 11:00:28.250  2862  2862 D DeviceStatisticsService: chargerType=2 batteryLevel=34 totalBatteryCapacity=4320000
04-13 11:00:28.252   872  2428 D BufferQueueLayer: SaveSurface: Launcher new frame Arrived
04-13 11:00:28.273   872  1028 D BufferQueueLayer: SaveSurface: Launcher new frame Arrived
04-13 11:00:28.278  2539  2539 D KeyguardUpdateMonitor: received broadcast android.intent.action.BATTERY_CHANGED
04-13 11:00:28.279  2862  2862 D NetworkSpeedTracker: receive actionandroid.intent.action.BATTERY_CHANGED
04-13 11:00:28.279  2862  2862 D NetworkSpeedTracker: onReceive ACTION_BATTERY_CHANGED mBatteryLevel = 34;mIsCharging =true
04-13 11:00:28.280  4115  4115 I BatteryInfoReceiver: ACTION_BATTERY_CHANGED
04-13 11:00:28.281  6036  6536 D PowerCheckerService: onBatteryChanged, mBatteryLevel = 34, status = 2, level = 34, plug = 2, scale = 100
04-13 11:00:28.284  2862  2862 D DeviceStatisticsService: chargerType=2 batteryLevel=34 totalBatteryCapacity=4320000
04-13 11:00:28.291  2862  2862 D NetworkSpeedTracker: receive actionandroid.intent.action.BATTERY_CHANGED
04-13 11:00:28.291  2862  2862 D NetworkSpeedTracker: onReceive ACTION_BATTERY_CHANGED mBatteryLevel = 34;mIsCharging =true
04-13 11:00:28.291  2539  2539 D KeyguardUpdateMonitor: received broadcast android.intent.action.BATTERY_CHANGED
04-13 11:00:28.292  4115  4115 I BatteryInfoReceiver: ACTION_BATTERY_CHANGED
04-13 11:00:28.292   872  1026 D BufferQueueLayer: SaveSurface: Launcher new frame Arrived
04-13 11:00:28.292  6036  6536 D PowerCheckerService: onBatteryChanged, mBatteryLevel = 34, status = 2, level = 34, plug = 2, scale = 100
04-13 11:00:28.293  2862  2862 D DeviceStatisticsService: chargerType=2 batteryLevel=34 totalBatteryCapacity=4320000
04-13 11:00:28.313   872  1026 D BufferQueueLayer: SaveSurface: Launcher new frame Arrived
04-13 11:00:28.320  2539  2539 D KeyguardUpdateMonitor: received broadcast android.intent.action.BATTERY_CHANGED
04-13 11:00:28.321  2862  2862 D NetworkSpeedTracker: receive actionandroid.intent.action.BATTERY_CHANGED
04-13 11:00:28.321  2862  2862 D NetworkSpeedTracker: onReceive ACTION_BATTERY_CHANGED mBatteryLevel = 34;mIsCharging =true
04-13 11:00:28.322  4115  4115 I BatteryInfoReceiver: ACTION_BATTERY_CHANGED
04-13 11:00:28.322  6036  6536 D PowerCheckerService: onBatteryChanged, mBatteryLevel = 34, status = 2, level = 34, plug = 2, scale = 100
04-13 11:00:28.326  2862  2862 D DeviceStatisticsService: chargerType=2 batteryLevel=34 totalBatteryCapacity=4320000
04-13 11:00:28.333   872  1028 D BufferQueueLayer: SaveSurface: Launcher new frame Arrived
04-13 11:00:28.335  2539  2539 D KeyguardUpdateMonitor: received broadcast android.intent.action.BATTERY_CHANGED
04-13 11:00:28.335  2862  2862 D NetworkSpeedTracker: receive actionandroid.intent.action.BATTERY_CHANGED
04-13 11:00:28.336  2862  2862 D NetworkSpeedTracker: onReceive ACTION_BATTERY_CHANGED mBatteryLevel = 34;mIsCharging =true
04-13 11:00:28.336  4115  4115 I BatteryInfoReceiver: ACTION_BATTERY_CHANGED
04-13 11:00:28.338  6036  6536 D PowerCheckerService: onBatteryChanged, mBatteryLevel = 34, status = 2, level = 34, plug = 2, scale = 100
04-13 11:00:28.339  2862  2862 D DeviceStatisticsService: chargerType=2 batteryLevel=34 totalBatteryCapacity=4320000
04-13 11:00:28.353   872  2428 D BufferQueueLayer: SaveSurface: Launcher new frame Arrived
04-13 11:00:28.373  2539  2539 D KeyguardUpdateMonitor: received broadcast android.intent.action.BATTERY_CHANGED
04-13 11:00:28.373  2862  2862 D NetworkSpeedTracker: receive actionandroid.intent.action.BATTERY_CHANGED
04-13 11:00:28.374  2862  2862 D NetworkSpeedTracker: onReceive ACTION_BATTERY_CHANGED mBatteryLevel = 34;mIsCharging =true
04-13 11:00:28.374   872  1026 D BufferQueueLayer: SaveSurface: Launcher new frame Arrived
04-13 11:00:28.375  6036  6536 D PowerCheckerService: onBatteryChanged, mBatteryLevel = 34, status = 2, level = 34, plug = 2, scale = 100
04-13 11:00:28.378  2862  2862 D DeviceStatisticsService: chargerType=2 batteryLevel=34 totalBatteryCapacity=4320000
04-13 11:00:28.378  4115  4115 I BatteryInfoReceiver: ACTION_BATTERY_CHANGED
04-13 11:00:28.383  2539  2539 D KeyguardUpdateMonitor: received broadcast android.intent.action.BATTERY_CHANGED
04-13 11:00:28.383  2862  2862 D NetworkSpeedTracker: receive actionandroid.intent.action.BATTERY_CHANGED
04-13 11:00:28.384  2862  2862 D NetworkSpeedTracker: onReceive ACTION_BATTERY_CHANGED mBatteryLevel = 34;mIsCharging =true
04-13 11:00:28.384  4115  4115 I BatteryInfoReceiver: ACTION_BATTERY_CHANGED
04-13 11:00:28.385  6036  6536 D PowerCheckerService: onBatteryChanged, mBatteryLevel = 34, status = 2, level = 34, plug = 2, scale = 100
04-13 11:00:28.386  2862  2862 D DeviceStatisticsService: chargerType=2 batteryLevel=34 totalBatteryCapacity=4320000
04-13 11:00:28.393   872  1028 D BufferQueueLayer: SaveSurface: Launcher new frame Arrived
04-13 11:00:28.414   872  1028 D BufferQueueLayer: SaveSurface: Launcher new frame Arrived
04-13 11:00:28.415  2539  2539 D KeyguardUpdateMonitor: received broadcast android.intent.action.BATTERY_CHANGED
04-13 11:00:28.416  2862  2862 D NetworkSpeedTracker: receive actionandroid.intent.action.BATTERY_CHANGED
04-13 11:00:28.416  2862  2862 D NetworkSpeedTracker: onReceive ACTION_BATTERY_CHANGED mBatteryLevel = 34;mIsCharging =true
04-13 11:00:28.418  6036  6536 D PowerCheckerService: onBatteryChanged, mBatteryLevel = 34, status = 2, level = 34, plug = 2, scale = 100
04-13 11:00:28.418  4115  4115 I BatteryInfoReceiver: ACTION_BATTERY_CHANGED
04-13 11:00:28.420  2862  2862 D DeviceStatisticsService: chargerType=2 batteryLevel=34 totalBatteryCapacity=4320000
04-13 11:00:28.424  2539  2539 D KeyguardUpdateMonitor: received broadcast android.intent.action.BATTERY_CHANGED
04-13 11:00:28.425  2862  2862 D NetworkSpeedTracker: receive actionandroid.intent.action.BATTERY_CHANGED
04-13 11:00:28.425  2862  2862 D NetworkSpeedTracker: onReceive ACTION_BATTERY_CHANGED mBatteryLevel = 34;mIsCharging =true
04-13 11:00:28.426  4115  4115 I BatteryInfoReceiver: ACTION_BATTERY_CHANGED
04-13 11:00:28.427  6036  6536 D PowerCheckerService: onBatteryChanged, mBatteryLevel = 34, status = 2, level = 34, plug = 2, scale = 100
04-13 11:00:28.428  2862  2862 D DeviceStatisticsService: chargerType=2 batteryLevel=34 totalBatteryCapacity=4320000
04-13 11:00:28.433   872  2203 D BufferQueueLayer: SaveSurface: Launcher new frame Arrived
04-13 11:00:28.454   872  2203 I chatty  : uid=1000(system) Binder:872_3 identical 1 line
04-13 11:00:28.475   872  2203 D BufferQueueLayer: SaveSurface: Launcher new frame Arrived
04-13 11:00:28.476  2539  2539 D KeyguardUpdateMonitor: received broadcast android.intent.action.BATTERY_CHANGED
04-13 11:00:28.477  2862  2862 D NetworkSpeedTracker: receive actionandroid.intent.action.BATTERY_CHANGED
04-13 11:00:28.477  2862  2862 D NetworkSpeedTracker: onReceive ACTION_BATTERY_CHANGED mBatteryLevel = 34;mIsCharging =true
04-13 11:00:28.478  4115  4115 I BatteryInfoReceiver: ACTION_BATTERY_CHANGED
04-13 11:00:28.479  6036  6536 D PowerCheckerService: onBatteryChanged, mBatteryLevel = 34, status = 2, level = 34, plug = 2, scale = 100
04-13 11:00:28.483  2862  2862 D DeviceStatisticsService: chargerType=2 batteryLevel=34 totalBatteryCapacity=4320000
04-13 11:00:28.487  2539  2539 D KeyguardUpdateMonitor: received broadcast android.intent.action.BATTERY_CHANGED
04-13 11:00:28.488  2862  2862 D NetworkSpeedTracker: receive actionandroid.intent.action.BATTERY_CHANGED
04-13 11:00:28.488  2862  2862 D NetworkSpeedTracker: onReceive ACTION_BATTERY_CHANGED mBatteryLevel = 34;mIsCharging =true
04-13 11:00:28.489  4115  4115 I BatteryInfoReceiver: ACTION_BATTERY_CHANGED
04-13 11:00:28.491  6036  6536 D PowerCheckerService: onBatteryChanged, mBatteryLevel = 34, status = 2, level = 34, plug = 2, scale = 100
04-13 11:00:28.494   872  1028 D BufferQueueLayer: SaveSurface: Launcher new frame Arrived
04-13 11:00:28.507  2539  2539 D KeyguardUpdateMonitor: received broadcast android.intent.action.BATTERY_CHANGED
04-13 11:00:28.509  4115  4115 I BatteryInfoReceiver: ACTION_BATTERY_CHANGED
04-13 11:00:28.510  6036  6536 D PowerCheckerService: onBatteryChanged, mBatteryLevel = 34, status = 2, level = 34, plug = 2, scale = 100
04-13 11:00:28.512  2862  2862 D DeviceStatisticsService: chargerType=2 batteryLevel=34 totalBatteryCapacity=4320000
04-13 11:00:28.512  2862  2862 D NetworkSpeedTracker: receive actionandroid.intent.action.BATTERY_CHANGED
04-13 11:00:28.513  2862  2862 D NetworkSpeedTracker: onReceive ACTION_BATTERY_CHANGED mBatteryLevel = 34;mIsCharging =true
04-13 11:00:28.513   872  2203 D BufferQueueLayer: SaveSurface: Launcher new frame Arrived
04-13 11:00:28.515  2862  2862 D DeviceStatisticsService: chargerType=2 batteryLevel=34 totalBatteryCapacity=4320000
04-13 11:00:28.516  2539  2539 D KeyguardUpdateMonitor: received broadcast android.intent.action.BATTERY_CHANGED
04-13 11:00:28.518  2862  2862 D NetworkSpeedTracker: receive actionandroid.intent.action.BATTERY_CHANGED
04-13 11:00:28.518  2862  2862 D NetworkSpeedTracker: onReceive ACTION_BATTERY_CHANGED mBatteryLevel = 34;mIsCharging =true
04-13 11:00:28.518  4115  4115 I BatteryInfoReceiver: ACTION_BATTERY_CHANGED
04-13 11:00:28.519  6036  6536 D PowerCheckerService: onBatteryChanged, mBatteryLevel = 34, status = 2, level = 34, plug = 2, scale = 100
04-13 11:00:28.521  2862  2862 D DeviceStatisticsService: chargerType=2 batteryLevel=34 totalBatteryCapacity=4320000
04-13 11:00:28.542  2539  2539 D KeyguardUpdateMonitor: received broadcast android.intent.action.BATTERY_CHANGED
04-13 11:00:28.543  2862  2862 D NetworkSpeedTracker: receive actionandroid.intent.action.BATTERY_CHANGED
04-13 11:00:28.543  2862  2862 D NetworkSpeedTracker: onReceive ACTION_BATTERY_CHANGED mBatteryLevel = 34;mIsCharging =true
04-13 11:00:28.543  4115  4115 I BatteryInfoReceiver: ACTION_BATTERY_CHANGED
04-13 11:00:28.544  6036  6536 D PowerCheckerService: onBatteryChanged, mBatteryLevel = 34, status = 2, level = 34, plug = 2, scale = 100
04-13 11:00:28.549  2862  2862 D DeviceStatisticsService: chargerType=2 batteryLevel=34 totalBatteryCapacity=4320000
04-13 11:00:28.551  2539  2539 D KeyguardUpdateMonitor: received broadcast android.intent.action.BATTERY_CHANGED
04-13 11:00:28.552  2862  2862 D NetworkSpeedTracker: receive actionandroid.intent.action.BATTERY_CHANGED
04-13 11:00:28.552  2862  2862 D NetworkSpeedTracker: onReceive ACTION_BATTERY_CHANGED mBatteryLevel = 34;mIsCharging =true
04-13 11:00:28.554  6036  6536 D PowerCheckerService: onBatteryChanged, mBatteryLevel = 34, status = 2, level = 34, plug = 2, scale = 100
04-13 11:00:28.554  4115  4115 I BatteryInfoReceiver: ACTION_BATTERY_CHANGED
04-13 11:00:28.555  2862  2862 D DeviceStatisticsService: chargerType=2 batteryLevel=34 totalBatteryCapacity=4320000
04-13 11:00:28.591  2539  2539 D KeyguardUpdateMonitor: received broadcast android.intent.action.BATTERY_CHANGED
04-13 11:00:28.591  2862  2862 D NetworkSpeedTracker: receive actionandroid.intent.action.BATTERY_CHANGED
04-13 11:00:28.591  2862  2862 D NetworkSpeedTracker: onReceive ACTION_BATTERY_CHANGED mBatteryLevel = 34;mIsCharging =true
04-13 11:00:28.594  6036  6536 D PowerCheckerService: onBatteryChanged, mBatteryLevel = 34, status = 2, level = 34, plug = 2, scale = 100
04-13 11:00:28.594  4115  4115 I BatteryInfoReceiver: ACTION_BATTERY_CHANGED
04-13 11:00:28.603  2862  2862 D DeviceStatisticsService: chargerType=2 batteryLevel=34 totalBatteryCapacity=4320000
04-13 11:00:28.606  2539  2539 D KeyguardUpdateMonitor: received broadcast android.intent.action.BATTERY_CHANGED
04-13 11:00:28.608  2862  2862 D NetworkSpeedTracker: receive actionandroid.intent.action.BATTERY_CHANGED
04-13 11:00:28.608  2862  2862 D NetworkSpeedTracker: onReceive ACTION_BATTERY_CHANGED mBatteryLevel = 34;mIsCharging =true
04-13 11:00:28.608  4115  4115 I BatteryInfoReceiver: ACTION_BATTERY_CHANGED
04-13 11:00:28.609  6036  6536 D PowerCheckerService: onBatteryChanged, mBatteryLevel = 34, status = 2, level = 34, plug = 2, scale = 100
04-13 11:00:28.612  2862  2862 D DeviceStatisticsService: chargerType=2 batteryLevel=34 totalBatteryCapacity=4320000
04-13 11:00:28.634  2539  2539 D KeyguardUpdateMonitor: received broadcast android.intent.action.BATTERY_CHANGED
04-13 11:00:28.635  2862  2862 D NetworkSpeedTracker: receive actionandroid.intent.action.BATTERY_CHANGED
04-13 11:00:28.636  2862  2862 D NetworkSpeedTracker: onReceive ACTION_BATTERY_CHANGED mBatteryLevel = 34;mIsCharging =true
04-13 11:00:28.637  4115  4115 I BatteryInfoReceiver: ACTION_BATTERY_CHANGED
04-13 11:00:28.638  6036  6536 D PowerCheckerService: onBatteryChanged, mBatteryLevel = 34, status = 2, level = 34, plug = 2, scale = 100
04-13 11:00:28.641  2862  2862 D DeviceStatisticsService: chargerType=2 batteryLevel=34 totalBatteryCapacity=4320000
04-13 11:00:28.648  2539  2539 D KeyguardUpdateMonitor: received broadcast android.intent.action.BATTERY_CHANGED
04-13 11:00:28.650  2862  2862 D NetworkSpeedTracker: receive actionandroid.intent.action.BATTERY_CHANGED
04-13 11:00:28.650  2862  2862 D NetworkSpeedTracker: onReceive ACTION_BATTERY_CHANGED mBatteryLevel = 34;mIsCharging =true
04-13 11:00:28.650  4115  4115 I BatteryInfoReceiver: ACTION_BATTERY_CHANGED
04-13 11:00:28.651  6036  6536 D PowerCheckerService: onBatteryChanged, mBatteryLevel = 34, status = 2, level = 34, plug = 2, scale = 100
04-13 11:00:28.655  2862  2862 D DeviceStatisticsService: chargerType=2 batteryLevel=34 totalBatteryCapacity=4320000
04-13 11:00:28.674  2539  2539 D KeyguardUpdateMonitor: received broadcast android.intent.action.BATTERY_CHANGED
04-13 11:00:28.675  2862  2862 D NetworkSpeedTracker: receive actionandroid.intent.action.BATTERY_CHANGED
04-13 11:00:28.675  2862  2862 D NetworkSpeedTracker: onReceive ACTION_BATTERY_CHANGED mBatteryLevel = 34;mIsCharging =true
04-13 11:00:28.676  4115  4115 I BatteryInfoReceiver: ACTION_BATTERY_CHANGED
04-13 11:00:28.677  6036  6536 D PowerCheckerService: onBatteryChanged, mBatteryLevel = 34, status = 2, level = 34, plug = 2, scale = 100
04-13 11:00:28.679  2862  2862 D DeviceStatisticsService: chargerType=2 batteryLevel=34 totalBatteryCapacity=4320000
04-13 11:00:28.685  2539  2539 D KeyguardUpdateMonitor: received broadcast android.intent.action.BATTERY_CHANGED
04-13 11:00:28.686  2862  2862 D NetworkSpeedTracker: receive actionandroid.intent.action.BATTERY_CHANGED
04-13 11:00:28.686  2862  2862 D NetworkSpeedTracker: onReceive ACTION_BATTERY_CHANGED mBatteryLevel = 34;mIsCharging =true
04-13 11:00:28.687  4115  4115 I BatteryInfoReceiver: ACTION_BATTERY_CHANGED
04-13 11:00:28.688  6036  6536 D PowerCheckerService: onBatteryChanged, mBatteryLevel = 34, status = 2, level = 34, plug = 2, scale = 100
04-13 11:00:28.691  2862  2862 D DeviceStatisticsService: chargerType=2 batteryLevel=34 totalBatteryCapacity=4320000
04-13 11:00:28.723  2539  2539 D KeyguardUpdateMonitor: received broadcast android.intent.action.BATTERY_CHANGED
04-13 11:00:28.723  2862  2862 D NetworkSpeedTracker: receive actionandroid.intent.action.BATTERY_CHANGED
04-13 11:00:28.724  2862  2862 D NetworkSpeedTracker: onReceive ACTION_BATTERY_CHANGED mBatteryLevel = 34;mIsCharging =true
04-13 11:00:28.728  4115  4115 I BatteryInfoReceiver: ACTION_BATTERY_CHANGED
04-13 11:00:28.731  6036  6536 D PowerCheckerService: onBatteryChanged, mBatteryLevel = 34, status = 2, level = 34, plug = 2, scale = 100
04-13 11:00:28.732  2862  2862 D DeviceStatisticsService: chargerType=2 batteryLevel=34 totalBatteryCapacity=4320000
04-13 11:00:28.743  2539  2539 D KeyguardUpdateMonitor: received broadcast android.intent.action.BATTERY_CHANGED
04-13 11:00:28.744  2862  2862 D NetworkSpeedTracker: receive actionandroid.intent.action.BATTERY_CHANGED
04-13 11:00:28.744  2862  2862 D NetworkSpeedTracker: onReceive ACTION_BATTERY_CHANGED mBatteryLevel = 34;mIsCharging =true
04-13 11:00:28.746  4115  4115 I BatteryInfoReceiver: ACTION_BATTERY_CHANGED
04-13 11:00:28.747  6036  6536 D PowerCheckerService: onBatteryChanged, mBatteryLevel = 34, status = 2, level = 34, plug = 2, scale = 100
04-13 11:00:28.748  2862  2862 D DeviceStatisticsService: chargerType=2 batteryLevel=34 totalBatteryCapacity=4320000
04-13 11:00:28.775  2539  2539 D KeyguardUpdateMonitor: received broadcast android.intent.action.BATTERY_CHANGED
04-13 11:00:28.776  2862  2862 D NetworkSpeedTracker: receive actionandroid.intent.action.BATTERY_CHANGED
04-13 11:00:28.776  2862  2862 D NetworkSpeedTracker: onReceive ACTION_BATTERY_CHANGED mBatteryLevel = 34;mIsCharging =true
04-13 11:00:28.778  4115  4115 I BatteryInfoReceiver: ACTION_BATTERY_CHANGED
04-13 11:00:28.779  6036  6536 D PowerCheckerService: onBatteryChanged, mBatteryLevel = 34, status = 2, level = 34, plug = 2, scale = 100
04-13 11:00:28.781  2862  2862 D DeviceStatisticsService: chargerType=2 batteryLevel=34 totalBatteryCapacity=4320000
04-13 11:00:28.787  2539  2539 D KeyguardUpdateMonitor: received broadcast android.intent.action.BATTERY_CHANGED
04-13 11:00:28.788  2862  2862 D NetworkSpeedTracker: receive actionandroid.intent.action.BATTERY_CHANGED
04-13 11:00:28.789  2862  2862 D NetworkSpeedTracker: onReceive ACTION_BATTERY_CHANGED mBatteryLevel = 34;mIsCharging =true
04-13 11:00:28.789  4115  4115 I BatteryInfoReceiver: ACTION_BATTERY_CHANGED
04-13 11:00:28.790  6036  6536 D PowerCheckerService: onBatteryChanged, mBatteryLevel = 34, status = 2, level = 34, plug = 2, scale = 100
04-13 11:00:28.792  2862  2862 D DeviceStatisticsService: chargerType=2 batteryLevel=34 totalBatteryCapacity=4320000
04-13 11:00:28.810  2539  2539 D KeyguardUpdateMonitor: received broadcast android.intent.action.BATTERY_CHANGED
04-13 11:00:28.811  2862  2862 D NetworkSpeedTracker: receive actionandroid.intent.action.BATTERY_CHANGED
04-13 11:00:28.811  2862  2862 D NetworkSpeedTracker: onReceive ACTION_BATTERY_CHANGED mBatteryLevel = 34;mIsCharging =true
04-13 11:00:28.812  4115  4115 I BatteryInfoReceiver: ACTION_BATTERY_CHANGED
04-13 11:00:28.813  6036  6536 D PowerCheckerService: onBatteryChanged, mBatteryLevel = 34, status = 2, level = 34, plug = 2, scale = 100
04-13 11:00:28.815  2862  2862 D DeviceStatisticsService: chargerType=2 batteryLevel=34 totalBatteryCapacity=4320000
04-13 11:00:28.821  2539  2539 D KeyguardUpdateMonitor: received broadcast android.intent.action.BATTERY_CHANGED
04-13 11:00:28.822  2862  2862 D NetworkSpeedTracker: receive actionandroid.intent.action.BATTERY_CHANGED
04-13 11:00:28.822  2862  2862 D NetworkSpeedTracker: onReceive ACTION_BATTERY_CHANGED mBatteryLevel = 34;mIsCharging =true
04-13 11:00:28.824  4115  4115 I BatteryInfoReceiver: ACTION_BATTERY_CHANGED
04-13 11:00:28.824  6036  6536 D PowerCheckerService: onBatteryChanged, mBatteryLevel = 34, status = 2, level = 34, plug = 2, scale = 100
04-13 11:00:28.826  2862  2862 D DeviceStatisticsService: chargerType=2 batteryLevel=34 totalBatteryCapacity=4320000
04-13 11:00:28.858  2539  2539 D KeyguardUpdateMonitor: received broadcast android.intent.action.BATTERY_CHANGED
04-13 11:00:28.859  2862  2862 D NetworkSpeedTracker: receive actionandroid.intent.action.BATTERY_CHANGED
04-13 11:00:28.859  2862  2862 D NetworkSpeedTracker: onReceive ACTION_BATTERY_CHANGED mBatteryLevel = 34;mIsCharging =true
04-13 11:00:28.864  4115  4115 I BatteryInfoReceiver: ACTION_BATTERY_CHANGED
04-13 11:00:28.864  6036  6536 D PowerCheckerService: onBatteryChanged, mBatteryLevel = 34, status = 2, level = 34, plug = 2, scale = 100
04-13 11:00:28.872  2862  2862 D DeviceStatisticsService: chargerType=2 batteryLevel=34 totalBatteryCapacity=4320000
04-13 11:00:28.878  2539  2539 D KeyguardUpdateMonitor: received broadcast android.intent.action.BATTERY_CHANGED
04-13 11:00:28.879  2862  2862 D NetworkSpeedTracker: receive actionandroid.intent.action.BATTERY_CHANGED
04-13 11:00:28.880  2862  2862 D NetworkSpeedTracker: onReceive ACTION_BATTERY_CHANGED mBatteryLevel = 34;mIsCharging =true
04-13 11:00:28.881  4115  4115 I BatteryInfoReceiver: ACTION_BATTERY_CHANGED
04-13 11:00:28.882  6036  6536 D PowerCheckerService: onBatteryChanged, mBatteryLevel = 34, status = 2, level = 34, plug = 2, scale = 100
04-13 11:00:28.884  2862  2862 D DeviceStatisticsService: chargerType=2 batteryLevel=34 totalBatteryCapacity=4320000
04-13 11:00:28.900  2539  2539 D KeyguardUpdateMonitor: received broadcast android.intent.action.BATTERY_CHANGED
04-13 11:00:28.901  2862  2862 D NetworkSpeedTracker: receive actionandroid.intent.action.BATTERY_CHANGED
04-13 11:00:28.901  2862  2862 D NetworkSpeedTracker: onReceive ACTION_BATTERY_CHANGED mBatteryLevel = 34;mIsCharging =true
04-13 11:00:28.903  4115  4115 I BatteryInfoReceiver: ACTION_BATTERY_CHANGED
04-13 11:00:28.904  6036  6536 D PowerCheckerService: onBatteryChanged, mBatteryLevel = 34, status = 2, level = 34, plug = 2, scale = 100
04-13 11:00:28.905  2862  2862 D DeviceStatisticsService: chargerType=2 batteryLevel=34 totalBatteryCapacity=4320000
04-13 11:00:28.911  2539  2539 D KeyguardUpdateMonitor: received broadcast android.intent.action.BATTERY_CHANGED
04-13 11:00:28.912  2862  2862 D NetworkSpeedTracker: receive actionandroid.intent.action.BATTERY_CHANGED
04-13 11:00:28.912  2862  2862 D NetworkSpeedTracker: onReceive ACTION_BATTERY_CHANGED mBatteryLevel = 34;mIsCharging =true
04-13 11:00:28.913  4115  4115 I BatteryInfoReceiver: ACTION_BATTERY_CHANGED
04-13 11:00:28.915  6036  6536 D PowerCheckerService: onBatteryChanged, mBatteryLevel = 34, status = 2, level = 34, plug = 2, scale = 100
04-13 11:00:28.916  2862  2862 D DeviceStatisticsService: chargerType=2 batteryLevel=34 totalBatteryCapacity=4320000
04-13 11:00:28.935   796   796 W health@2.0-serv: type=1400 audit(0.0:2387116): avc: denied { read } for name="type" dev="sysfs" ino=55635 scontext=u:r:hal_health_default:s0 tcontext=u:object_r:sysfs:s0 tclass=file permissive=0
04-13 11:00:28.943  2539  2539 D KeyguardUpdateMonitor: received broadcast android.intent.action.BATTERY_CHANGED
04-13 11:00:28.944  2862  2862 D NetworkSpeedTracker: receive actionandroid.intent.action.BATTERY_CHANGED
04-13 11:00:28.944  2862  2862 D NetworkSpeedTracker: onReceive ACTION_BATTERY_CHANGED mBatteryLevel = 34;mIsCharging =true
04-13 11:00:28.943   796   796 W health@2.0-serv: type=1400 audit(0.0:2387117): avc: denied { read } for name="type" dev="sysfs" ino=55635 scontext=u:r:hal_health_default:s0 tcontext=u:object_r:sysfs:s0 tclass=file permissive=0
04-13 11:00:28.945  4115  4115 I BatteryInfoReceiver: ACTION_BATTERY_CHANGED
04-13 11:00:28.946  6036  6536 D PowerCheckerService: onBatteryChanged, mBatteryLevel = 34, status = 2, level = 34, plug = 2, scale = 100
04-13 11:00:28.948  2862  2862 D DeviceStatisticsService: chargerType=2 batteryLevel=34 totalBatteryCapacity=4320000
04-13 11:00:28.953  2539  2539 D KeyguardUpdateMonitor: received broadcast android.intent.action.BATTERY_CHANGED
04-13 11:00:28.953  2862  2862 D NetworkSpeedTracker: receive actionandroid.intent.action.BATTERY_CHANGED
04-13 11:00:28.953  2862  2862 D NetworkSpeedTracker: onReceive ACTION_BATTERY_CHANGED mBatteryLevel = 34;mIsCharging =true
04-13 11:00:28.954  4115  4115 I BatteryInfoReceiver: ACTION_BATTERY_CHANGED
04-13 11:00:28.956  6036  6536 D PowerCheckerService: onBatteryChanged, mBatteryLevel = 34, status = 2, level = 34, plug = 2, scale = 100
04-13 11:00:28.957  2862  2862 D DeviceStatisticsService: chargerType=2 batteryLevel=34 totalBatteryCapacity=4320000
04-13 11:00:28.979   796   796 W health@2.0-serv: type=1400 audit(0.0:2387118): avc: denied { read } for name="type" dev="sysfs" ino=55635 scontext=u:r:hal_health_default:s0 tcontext=u:object_r:sysfs:s0 tclass=file permissive=0
04-13 11:00:28.987  2539  2539 D KeyguardUpdateMonitor: received broadcast android.intent.action.BATTERY_CHANGED
04-13 11:00:28.988  2862  2862 D NetworkSpeedTracker: receive actionandroid.intent.action.BATTERY_CHANGED
04-13 11:00:28.988  2862  2862 D NetworkSpeedTracker: onReceive ACTION_BATTERY_CHANGED mBatteryLevel = 34;mIsCharging =true
04-13 11:00:28.989  4115  4115 I BatteryInfoReceiver: ACTION_BATTERY_CHANGED
04-13 11:00:28.987   796   796 W health@2.0-serv: type=1400 audit(0.0:2387119): avc: denied { read } for name="type" dev="sysfs" ino=55635 scontext=u:r:hal_health_default:s0 tcontext=u:object_r:sysfs:s0 tclass=file permissive=0
04-13 11:00:28.991  6036  6536 D PowerCheckerService: onBatteryChanged, mBatteryLevel = 34, status = 2, level = 34, plug = 2, scale = 100
04-13 11:00:28.992  2862  2862 D DeviceStatisticsService: chargerType=2 batteryLevel=34 totalBatteryCapacity=4320000
04-13 11:00:29.001  2539  2539 D KeyguardUpdateMonitor: received broadcast android.intent.action.BATTERY_CHANGED
04-13 11:00:29.002  2862  2862 D NetworkSpeedTracker: receive actionandroid.intent.action.BATTERY_CHANGED
04-13 11:00:29.003  2862  2862 D NetworkSpeedTracker: onReceive ACTION_BATTERY_CHANGED mBatteryLevel = 34;mIsCharging =true
04-13 11:00:29.005  4115  4115 I BatteryInfoReceiver: ACTION_BATTERY_CHANGED
04-13 11:00:29.007  6036  6536 D PowerCheckerService: onBatteryChanged, mBatteryLevel = 34, status = 2, level = 34, plug = 2, scale = 100
04-13 11:00:29.009  2862  2862 D DeviceStatisticsService: chargerType=2 batteryLevel=34 totalBatteryCapacity=4320000
04-13 11:00:29.023   796   796 W health@2.0-serv: type=1400 audit(0.0:2387120): avc: denied { read } for name="type" dev="sysfs" ino=55635 scontext=u:r:hal_health_default:s0 tcontext=u:object_r:sysfs:s0 tclass=file permissive=0
04-13 11:00:29.032  2539  2539 D KeyguardUpdateMonitor: received broadcast android.intent.action.BATTERY_CHANGED
04-13 11:00:29.035  2862  2862 D NetworkSpeedTracker: receive actionandroid.intent.action.BATTERY_CHANGED
04-13 11:00:29.035  2862  2862 D NetworkSpeedTracker: onReceive ACTION_BATTERY_CHANGED mBatteryLevel = 34;mIsCharging =true
04-13 11:00:29.035  6036  6536 D PowerCheckerService: onBatteryChanged, mBatteryLevel = 34, status = 2, level = 34, plug = 2, scale = 100
04-13 11:00:29.035  2862  2862 D DynamicSarService: PhoneStateListener.onDataActivity: direction=2
04-13 11:00:29.035  2862  2862 D DynamicSarService: modem or radio power state change,messageType: 128 state: 2
04-13 11:00:29.035  4115  4115 I BatteryInfoReceiver: ACTION_BATTERY_CHANGED
04-13 11:00:29.040  2539  3046 D MobileSignalController: updateDataType mSelectedDataTypeIcon[0]=2131232923, mSelectedDataActivityIndex=6
04-13 11:00:29.040  2539  3046 D TelephonyIcons: getSignalStrengthIcon: slot=0, inetCondition=1, level=5, roaming=false, signalstrength=SignalStrength:{mCdma=CellSignalStrengthCdma: cdmaDbm=2147483647 cdmaEcio=2147483647 evdoDbm=2147483647 evdoEcio=2147483647 evdoSnr=2147483647 miuiLevel=0 level=0,mGsm=CellSignalStrengthGsm: rssi=2147483647 ber=2147483647 mTa=2147483647 miuiLevel=0 mLevel=0,mWcdma=CellSignalStrengthWcdma: ss=2147483647 ber=2147483647 rscp=2147483647 ecno=2147483647 miuiLevel=0 level=0,mTdscdma=CellSignalStrengthTdscdma: rssi=2147483647 ber=2147483647 rscp=2147483647 miuiLevel=0 level=0,mLte=CellSignalStrengthLte: rssi=-51 rsrp=-78 rsrq=-8 rssnr=244 cqi=2147483647 ta=2147483647 miuiLevel=5 level=4,mNr=CellSignalStrengthNr:{ csiRsrp = 2147483647 csiRsrq = 2147483647 csiSinr = 2147483647 ssRsrp = 2147483647 ssRsrq = 2147483647 ssSinr = 2147483647 miuiLevel = 0 level = 0 },primary=CellSignalStrengthLte}
04-13 11:00:29.041  2539  3046 D TelephonyIcons: getDataActivity, slot=0, activity=2
04-13 11:00:29.041  2862  2862 D DeviceStatisticsService: chargerType=2 batteryLevel=34 totalBatteryCapacity=4320000
04-13 11:00:29.043  2539  2539 D KeyguardUpdateMonitor: received broadcast android.intent.action.BATTERY_CHANGED
04-13 11:00:29.044  2862  2862 D NetworkSpeedTracker: receive actionandroid.intent.action.BATTERY_CHANGED
04-13 11:00:29.044  2862  2862 D NetworkSpeedTracker: onReceive ACTION_BATTERY_CHANGED mBatteryLevel = 34;mIsCharging =true
04-13 11:00:29.044  2539  3046 D TelephonyIcons: null signal icon name: drawable/stat_sys_signal_null
04-13 11:00:29.045  4115  4115 I BatteryInfoReceiver: ACTION_BATTERY_CHANGED
04-13 11:00:29.045  2539  3046 D TelephonyIcons: getDataTypeIcon sub=0
04-13 11:00:29.046  6036  6536 D PowerCheckerService: onBatteryChanged, mBatteryLevel = 34, status = 2, level = 34, plug = 2, scale = 100
04-13 11:00:29.047  2862  2862 D DeviceStatisticsService: chargerType=2 batteryLevel=34 totalBatteryCapacity=4320000
04-13 11:00:29.048  2539  2539 D SignalClusterView: updateMobileTypeImage  0
04-13 11:00:29.058  2539  2539 I chatty  : uid=1000(system) com.android.systemui identical 5 lines
04-13 11:00:29.059  2539  2539 D SignalClusterView: updateMobileTypeImage  0
04-13 11:00:29.083  2862  2862 D NetworkSpeedTracker: receive actionandroid.intent.action.BATTERY_CHANGED
04-13 11:00:29.083  2862  2862 D NetworkSpeedTracker: onReceive ACTION_BATTERY_CHANGED mBatteryLevel = 34;mIsCharging =true
04-13 11:00:29.084  4115  4115 I BatteryInfoReceiver: ACTION_BATTERY_CHANGED
04-13 11:00:29.086  6036  6536 D PowerCheckerService: onBatteryChanged, mBatteryLevel = 34, status = 2, level = 34, plug = 2, scale = 100
04-13 11:00:29.088  2862  2862 D DeviceStatisticsService: chargerType=2 batteryLevel=34 totalBatteryCapacity=4320000
04-13 11:00:29.097  4115  4115 I BatteryInfoReceiver: ACTION_BATTERY_CHANGED
04-13 11:00:29.097  2862  2862 D NetworkSpeedTracker: receive actionandroid.intent.action.BATTERY_CHANGED
04-13 11:00:29.099  6036  6536 D PowerCheckerService: onBatteryChanged, mBatteryLevel = 34, status = 2, level = 34, plug = 2, scale = 100
04-13 11:00:29.099  2862  2862 D NetworkSpeedTracker: onReceive ACTION_BATTERY_CHANGED mBatteryLevel = 34;mIsCharging =true
04-13 11:00:29.106  2862  2862 D DeviceStatisticsService: chargerType=2 batteryLevel=34 totalBatteryCapacity=4320000
04-13 11:00:29.112  2539  2539 D SignalClusterView: updateMobileTypeImage  0
04-13 11:00:29.121  2862  2862 D NetworkSpeedTracker: receive actionandroid.intent.action.BATTERY_CHANGED
04-13 11:00:29.122  2862  2862 D NetworkSpeedTracker: onReceive ACTION_BATTERY_CHANGED mBatteryLevel = 34;mIsCharging =true
04-13 11:00:29.123  4115  4115 I BatteryInfoReceiver: ACTION_BATTERY_CHANGED
04-13 11:00:29.123  6036  6536 D PowerCheckerService: onBatteryChanged, mBatteryLevel = 34, status = 2, level = 34, plug = 2, scale = 100
04-13 11:00:29.124  2539  2539 D KeyguardUpdateMonitor: received broadcast android.intent.action.BATTERY_CHANGED
04-13 11:00:29.125  2539  2539 D KeyguardUpdateMonitor: received broadcast android.intent.action.BATTERY_CHANGED
04-13 11:00:29.125  2862  2862 D DeviceStatisticsService: chargerType=2 batteryLevel=34 totalBatteryCapacity=4320000
04-13 11:00:29.126  2539  2539 D KeyguardUpdateMonitor: received broadcast android.intent.action.BATTERY_CHANGED
04-13 11:00:29.130  2862  2862 D NetworkSpeedTracker: receive actionandroid.intent.action.BATTERY_CHANGED
04-13 11:00:29.130  2862  2862 D NetworkSpeedTracker: onReceive ACTION_BATTERY_CHANGED mBatteryLevel = 34;mIsCharging =true
04-13 11:00:29.131  4115  4115 I BatteryInfoReceiver: ACTION_BATTERY_CHANGED
04-13 11:00:29.132  6036  6536 D PowerCheckerService: onBatteryChanged, mBatteryLevel = 34, status = 2, level = 34, plug = 2, scale = 100
04-13 11:00:29.133  2862  2862 D DeviceStatisticsService: chargerType=2 batteryLevel=34 totalBatteryCapacity=4320000
04-13 11:00:29.139  2539  2539 D KeyguardUpdateMonitor: received broadcast android.intent.action.BATTERY_CHANGED
04-13 11:00:29.176  2539  2539 D KeyguardUpdateMonitor: received broadcast android.intent.action.BATTERY_CHANGED
04-13 11:00:29.177  2862  2862 D NetworkSpeedTracker: receive actionandroid.intent.action.BATTERY_CHANGED
04-13 11:00:29.177  2862  2862 D NetworkSpeedTracker: onReceive ACTION_BATTERY_CHANGED mBatteryLevel = 34;mIsCharging =true
04-13 11:00:29.179  4115  4115 I BatteryInfoReceiver: ACTION_BATTERY_CHANGED
04-13 11:00:29.180  6036  6536 D PowerCheckerService: onBatteryChanged, mBatteryLevel = 34, status = 2, level = 34, plug = 2, scale = 100
04-13 11:00:29.184  2862  2862 D DeviceStatisticsService: chargerType=2 batteryLevel=34 totalBatteryCapacity=4320000
04-13 11:00:29.190  2539  2539 D KeyguardUpdateMonitor: received broadcast android.intent.action.BATTERY_CHANGED
04-13 11:00:29.191  2862  2862 D NetworkSpeedTracker: receive actionandroid.intent.action.BATTERY_CHANGED
04-13 11:00:29.192  2862  2862 D NetworkSpeedTracker: onReceive ACTION_BATTERY_CHANGED mBatteryLevel = 34;mIsCharging =true
04-13 11:00:29.193  4115  4115 I BatteryInfoReceiver: ACTION_BATTERY_CHANGED
04-13 11:00:29.197  6036  6536 D PowerCheckerService: onBatteryChanged, mBatteryLevel = 34, status = 2, level = 34, plug = 2, scale = 100
04-13 11:00:29.199  2862  2862 D DeviceStatisticsService: chargerType=2 batteryLevel=34 totalBatteryCapacity=4320000
04-13 11:00:29.208  2539  2539 D KeyguardUpdateMonitor: received broadcast android.intent.action.BATTERY_CHANGED
04-13 11:00:29.209  2862  2862 D NetworkSpeedTracker: receive actionandroid.intent.action.BATTERY_CHANGED
04-13 11:00:29.209  2862  2862 D NetworkSpeedTracker: onReceive ACTION_BATTERY_CHANGED mBatteryLevel = 34;mIsCharging =true
04-13 11:00:29.210  4115  4115 I BatteryInfoReceiver: ACTION_BATTERY_CHANGED
04-13 11:00:29.211  6036  6536 D PowerCheckerService: onBatteryChanged, mBatteryLevel = 34, status = 2, level = 34, plug = 2, scale = 100
