04-13 11:38:38.322  2539  2539 I chatty  : uid=1000(system) com.android.systemui identical 2 lines
04-13 11:38:38.322  2539  2539 D SignalClusterView: updateMobileTypeImage  0
04-13 11:38:38.327   796   796 W health@2.0-serv: type=1400 audit(0.0:2490899): avc: denied { read } for name="type" dev="sysfs" ino=55635 scontext=u:r:hal_health_default:s0 tcontext=u:object_r:sysfs:s0 tclass=file permissive=0
04-13 11:38:38.334  2862  2862 D NetworkSpeedTracker: receive actionandroid.intent.action.BATTERY_CHANGED
04-13 11:38:38.334  2862  2862 D NetworkSpeedTracker: onReceive ACTION_BATTERY_CHANGED mBatteryLevel = 33;mIsCharging =true
04-13 11:38:38.335  4115  4115 I BatteryInfoReceiver: ACTION_BATTERY_CHANGED
04-13 11:38:38.336  6036  6536 D PowerCheckerService: onBatteryChanged, mBatteryLevel = 33, status = 2, level = 33, plug = 2, scale = 100
04-13 11:38:38.331   796   796 W health@2.0-serv: type=1400 audit(0.0:2490900): avc: denied { read } for name="type" dev="sysfs" ino=55635 scontext=u:r:hal_health_default:s0 tcontext=u:object_r:sysfs:s0 tclass=file permissive=0
04-13 11:38:38.339  2862  2862 D DeviceStatisticsService: chargerType=2 batteryLevel=33 totalBatteryCapacity=4311800
04-13 11:38:38.344  2862  2862 D NetworkSpeedTracker: receive actionandroid.intent.action.BATTERY_CHANGED
04-13 11:38:38.344  2862  2862 D NetworkSpeedTracker: onReceive ACTION_BATTERY_CHANGED mBatteryLevel = 33;mIsCharging =true
04-13 11:38:38.345  4115  4115 I BatteryInfoReceiver: ACTION_BATTERY_CHANGED
04-13 11:38:38.346  6036  6536 D PowerCheckerService: onBatteryChanged, mBatteryLevel = 33, status = 2, level = 33, plug = 2, scale = 100
04-13 11:38:38.349  2539  2539 D SignalClusterView: updateMobileTypeImage  0
04-13 11:38:38.351  2539  2539 D SignalClusterView: updateMobileTypeImage  0
04-13 11:38:38.352  2862  2862 D DeviceStatisticsService: chargerType=2 batteryLevel=33 totalBatteryCapacity=4311800
04-13 11:38:38.352  2539  2539 D SignalClusterView: updateMobileTypeImage  0
04-13 11:38:38.356  2539  2539 D KeyguardUpdateMonitor: received broadcast android.intent.action.BATTERY_CHANGED
04-13 11:38:38.357  2539  2539 D KeyguardUpdateMonitor: received broadcast android.intent.action.BATTERY_CHANGED
04-13 11:38:38.367   796   796 W health@2.0-serv: type=1400 audit(0.0:2490901): avc: denied { read } for name="type" dev="sysfs" ino=55635 scontext=u:r:hal_health_default:s0 tcontext=u:object_r:sysfs:s0 tclass=file permissive=0
04-13 11:38:38.375  2539  2539 D KeyguardUpdateMonitor: received broadcast android.intent.action.BATTERY_CHANGED
04-13 11:38:38.375  2862  2862 D NetworkSpeedTracker: receive actionandroid.intent.action.BATTERY_CHANGED
04-13 11:38:38.375  2862  2862 D NetworkSpeedTracker: onReceive ACTION_BATTERY_CHANGED mBatteryLevel = 33;mIsCharging =true
04-13 11:38:38.377  6036  6536 D PowerCheckerService: onBatteryChanged, mBatteryLevel = 33, status = 2, level = 33, plug = 2, scale = 100
04-13 11:38:38.377  4115  4115 I BatteryInfoReceiver: ACTION_BATTERY_CHANGED
04-13 11:38:38.379   796   796 W health@2.0-serv: type=1400 audit(0.0:2490902): avc: denied { read } for name="type" dev="sysfs" ino=55635 scontext=u:r:hal_health_default:s0 tcontext=u:object_r:sysfs:s0 tclass=file permissive=0
04-13 11:38:38.384  2862  2862 D DeviceStatisticsService: chargerType=2 batteryLevel=33 totalBatteryCapacity=4311800
04-13 11:38:38.387  2539  2539 D KeyguardUpdateMonitor: received broadcast android.intent.action.BATTERY_CHANGED
04-13 11:38:38.387  2862  2862 D NetworkSpeedTracker: receive actionandroid.intent.action.BATTERY_CHANGED
04-13 11:38:38.387  2862  2862 D NetworkSpeedTracker: onReceive ACTION_BATTERY_CHANGED mBatteryLevel = 33;mIsCharging =true
04-13 11:38:38.388  4115  4115 I BatteryInfoReceiver: ACTION_BATTERY_CHANGED
04-13 11:38:38.388  6036  6536 D PowerCheckerService: onBatteryChanged, mBatteryLevel = 33, status = 2, level = 33, plug = 2, scale = 100
04-13 11:38:38.391  2862  2862 D DeviceStatisticsService: chargerType=2 batteryLevel=33 totalBatteryCapacity=4311800
04-13 11:38:38.411   796   796 W health@2.0-serv: type=1400 audit(0.0:2490903): avc: denied { read } for name="type" dev="sysfs" ino=55635 scontext=u:r:hal_health_default:s0 tcontext=u:object_r:sysfs:s0 tclass=file permissive=0
04-13 11:38:38.422  2862  2862 D NetworkSpeedTracker: receive actionandroid.intent.action.BATTERY_CHANGED
04-13 11:38:38.423  2539  2539 D KeyguardUpdateMonitor: received broadcast android.intent.action.BATTERY_CHANGED
04-13 11:38:38.423  2862  2862 D NetworkSpeedTracker: onReceive ACTION_BATTERY_CHANGED mBatteryLevel = 33;mIsCharging =true
04-13 11:38:38.424  4115  4115 I BatteryInfoReceiver: ACTION_BATTERY_CHANGED
04-13 11:38:38.425  6036  6536 D PowerCheckerService: onBatteryChanged, mBatteryLevel = 33, status = 2, level = 33, plug = 2, scale = 100
04-13 11:38:38.427  2862  2862 D DeviceStatisticsService: chargerType=2 batteryLevel=33 totalBatteryCapacity=4311800
04-13 11:38:38.434  2539  2539 D KeyguardUpdateMonitor: received broadcast android.intent.action.BATTERY_CHANGED
04-13 11:38:38.435  2862  2862 D NetworkSpeedTracker: receive actionandroid.intent.action.BATTERY_CHANGED
04-13 11:38:38.436  2862  2862 D NetworkSpeedTracker: onReceive ACTION_BATTERY_CHANGED mBatteryLevel = 33;mIsCharging =true
04-13 11:38:38.437  4115  4115 I BatteryInfoReceiver: ACTION_BATTERY_CHANGED
04-13 11:38:38.439  6036  6536 D PowerCheckerService: onBatteryChanged, mBatteryLevel = 33, status = 2, level = 33, plug = 2, scale = 100
04-13 11:38:38.440  2862  2862 D DeviceStatisticsService: chargerType=2 batteryLevel=33 totalBatteryCapacity=4311800
04-13 11:38:38.476  2539  2539 D KeyguardUpdateMonitor: received broadcast android.intent.action.BATTERY_CHANGED
04-13 11:38:38.477  2862  2862 D NetworkSpeedTracker: receive actionandroid.intent.action.BATTERY_CHANGED
04-13 11:38:38.477  2862  2862 D NetworkSpeedTracker: onReceive ACTION_BATTERY_CHANGED mBatteryLevel = 33;mIsCharging =true
04-13 11:38:38.479  4115  4115 I BatteryInfoReceiver: ACTION_BATTERY_CHANGED
04-13 11:38:38.480  6036  6536 D PowerCheckerService: onBatteryChanged, mBatteryLevel = 33, status = 2, level = 33, plug = 2, scale = 100
04-13 11:38:38.482  2862  2862 D DeviceStatisticsService: chargerType=2 batteryLevel=33 totalBatteryCapacity=4311800
04-13 11:38:38.491  2539  2539 D KeyguardUpdateMonitor: received broadcast android.intent.action.BATTERY_CHANGED
04-13 11:38:38.491  2862  2862 D NetworkSpeedTracker: receive actionandroid.intent.action.BATTERY_CHANGED
04-13 11:38:38.491  2862  2862 D NetworkSpeedTracker: onReceive ACTION_BATTERY_CHANGED mBatteryLevel = 33;mIsCharging =true
04-13 11:38:38.492  4115  4115 I BatteryInfoReceiver: ACTION_BATTERY_CHANGED
04-13 11:38:38.494  6036  6536 D PowerCheckerService: onBatteryChanged, mBatteryLevel = 33, status = 2, level = 33, plug = 2, scale = 100
04-13 11:38:38.496  2862  2862 D DeviceStatisticsService: chargerType=2 batteryLevel=33 totalBatteryCapacity=4311800
04-13 11:38:38.510  2539  2539 D KeyguardUpdateMonitor: received broadcast android.intent.action.BATTERY_CHANGED
04-13 11:38:38.511  2862  2862 D NetworkSpeedTracker: receive actionandroid.intent.action.BATTERY_CHANGED
04-13 11:38:38.511  2862  2862 D NetworkSpeedTracker: onReceive ACTION_BATTERY_CHANGED mBatteryLevel = 33;mIsCharging =true
04-13 11:38:38.511  4115  4115 I BatteryInfoReceiver: ACTION_BATTERY_CHANGED
04-13 11:38:38.513  6036  6536 D PowerCheckerService: onBatteryChanged, mBatteryLevel = 33, status = 2, level = 33, plug = 2, scale = 100
04-13 11:38:38.516  2862  2862 D DeviceStatisticsService: chargerType=2 batteryLevel=33 totalBatteryCapacity=4311800
04-13 11:38:38.521 26549 26569 I tomator2.serve: ProcessProfilingInfo new_methods=0 is saved saved_to_disk=0 resolve_classes_delay=8000
04-13 11:38:38.526  2539  2539 D KeyguardUpdateMonitor: received broadcast android.intent.action.BATTERY_CHANGED
04-13 11:38:38.526  2862  2862 D NetworkSpeedTracker: receive actionandroid.intent.action.BATTERY_CHANGED
04-13 11:38:38.527  2862  2862 D NetworkSpeedTracker: onReceive ACTION_BATTERY_CHANGED mBatteryLevel = 33;mIsCharging =true
04-13 11:38:38.528  4115  4115 I BatteryInfoReceiver: ACTION_BATTERY_CHANGED
04-13 11:38:38.529  6036  6536 D PowerCheckerService: onBatteryChanged, mBatteryLevel = 33, status = 2, level = 33, plug = 2, scale = 100
04-13 11:38:38.530  2862  2862 D DeviceStatisticsService: chargerType=2 batteryLevel=33 totalBatteryCapacity=4311800
04-13 11:38:38.554  2539  2539 D KeyguardUpdateMonitor: received broadcast android.intent.action.BATTERY_CHANGED
04-13 11:38:38.555  2862  2862 D NetworkSpeedTracker: receive actionandroid.intent.action.BATTERY_CHANGED
04-13 11:38:38.555  2862  2862 D NetworkSpeedTracker: onReceive ACTION_BATTERY_CHANGED mBatteryLevel = 33;mIsCharging =true
04-13 11:38:38.556  4115  4115 I BatteryInfoReceiver: ACTION_BATTERY_CHANGED
04-13 11:38:38.557  6036  6536 D PowerCheckerService: onBatteryChanged, mBatteryLevel = 33, status = 2, level = 33, plug = 2, scale = 100
04-13 11:38:38.569  2862  2862 D DeviceStatisticsService: chargerType=2 batteryLevel=33 totalBatteryCapacity=4311800
04-13 11:38:38.572  2539  2539 D KeyguardUpdateMonitor: received broadcast android.intent.action.BATTERY_CHANGED
04-13 11:38:38.572  2862  2862 D NetworkSpeedTracker: receive actionandroid.intent.action.BATTERY_CHANGED
04-13 11:38:38.573  2862  2862 D NetworkSpeedTracker: onReceive ACTION_BATTERY_CHANGED mBatteryLevel = 33;mIsCharging =true
04-13 11:38:38.574  4115  4115 I BatteryInfoReceiver: ACTION_BATTERY_CHANGED
04-13 11:38:38.575  6036  6536 D PowerCheckerService: onBatteryChanged, mBatteryLevel = 33, status = 2, level = 33, plug = 2, scale = 100
04-13 11:38:38.576  2862  2862 D DeviceStatisticsService: chargerType=2 batteryLevel=33 totalBatteryCapacity=4311800
04-13 11:38:38.599  2539  2539 D KeyguardUpdateMonitor: received broadcast android.intent.action.BATTERY_CHANGED
04-13 11:38:38.600  2862  2862 D NetworkSpeedTracker: receive actionandroid.intent.action.BATTERY_CHANGED
04-13 11:38:38.601  2862  2862 D NetworkSpeedTracker: onReceive ACTION_BATTERY_CHANGED mBatteryLevel = 33;mIsCharging =true
04-13 11:38:38.601  4115  4115 I BatteryInfoReceiver: ACTION_BATTERY_CHANGED
04-13 11:38:38.603  6036  6536 D PowerCheckerService: onBatteryChanged, mBatteryLevel = 33, status = 2, level = 33, plug = 2, scale = 100
04-13 11:38:38.606  2862  2862 D DeviceStatisticsService: chargerType=2 batteryLevel=33 totalBatteryCapacity=4311800
04-13 11:38:38.613  2539  2539 D KeyguardUpdateMonitor: received broadcast android.intent.action.BATTERY_CHANGED
04-13 11:38:38.615  2862  2862 D NetworkSpeedTracker: receive actionandroid.intent.action.BATTERY_CHANGED
04-13 11:38:38.615  2862  2862 D NetworkSpeedTracker: onReceive ACTION_BATTERY_CHANGED mBatteryLevel = 33;mIsCharging =true
04-13 11:38:38.616  4115  4115 I BatteryInfoReceiver: ACTION_BATTERY_CHANGED
04-13 11:38:38.618  6036  6536 D PowerCheckerService: onBatteryChanged, mBatteryLevel = 33, status = 2, level = 33, plug = 2, scale = 100
04-13 11:38:38.620  2862  2862 D DeviceStatisticsService: chargerType=2 batteryLevel=33 totalBatteryCapacity=4311800
04-13 11:38:38.644  2539  2539 D KeyguardUpdateMonitor: received broadcast android.intent.action.BATTERY_CHANGED
04-13 11:38:38.645  2862  2862 D NetworkSpeedTracker: receive actionandroid.intent.action.BATTERY_CHANGED
04-13 11:38:38.645  2862  2862 D NetworkSpeedTracker: onReceive ACTION_BATTERY_CHANGED mBatteryLevel = 33;mIsCharging =true
04-13 11:38:38.647  4115  4115 I BatteryInfoReceiver: ACTION_BATTERY_CHANGED
04-13 11:38:38.647  6036  6536 D PowerCheckerService: onBatteryChanged, mBatteryLevel = 33, status = 2, level = 33, plug = 2, scale = 100
04-13 11:38:38.652  2862  2862 D DeviceStatisticsService: chargerType=2 batteryLevel=33 totalBatteryCapacity=4311800
04-13 11:38:38.657  2539  2539 D KeyguardUpdateMonitor: received broadcast android.intent.action.BATTERY_CHANGED
04-13 11:38:38.658  2862  2862 D NetworkSpeedTracker: receive actionandroid.intent.action.BATTERY_CHANGED
04-13 11:38:38.658  2862  2862 D NetworkSpeedTracker: onReceive ACTION_BATTERY_CHANGED mBatteryLevel = 33;mIsCharging =true
04-13 11:38:38.659  4115  4115 I BatteryInfoReceiver: ACTION_BATTERY_CHANGED
04-13 11:38:38.660  6036  6536 D PowerCheckerService: onBatteryChanged, mBatteryLevel = 33, status = 2, level = 33, plug = 2, scale = 100
04-13 11:38:38.662  2862  2862 D DeviceStatisticsService: chargerType=2 batteryLevel=33 totalBatteryCapacity=4311800
04-13 11:38:38.689  2539  2539 D KeyguardUpdateMonitor: received broadcast android.intent.action.BATTERY_CHANGED
04-13 11:38:38.691  2862  2862 D NetworkSpeedTracker: receive actionandroid.intent.action.BATTERY_CHANGED
04-13 11:38:38.691  2862  2862 D NetworkSpeedTracker: onReceive ACTION_BATTERY_CHANGED mBatteryLevel = 33;mIsCharging =true
04-13 11:38:38.692  4115  4115 I BatteryInfoReceiver: ACTION_BATTERY_CHANGED
04-13 11:38:38.693  6036  6536 D PowerCheckerService: onBatteryChanged, mBatteryLevel = 33, status = 2, level = 33, plug = 2, scale = 100
04-13 11:38:38.695  2862  2862 D DeviceStatisticsService: chargerType=2 batteryLevel=33 totalBatteryCapacity=4311800
04-13 11:38:38.707  2539  2539 D KeyguardUpdateMonitor: received broadcast android.intent.action.BATTERY_CHANGED
04-13 11:38:38.707  2862  2862 D NetworkSpeedTracker: receive actionandroid.intent.action.BATTERY_CHANGED
04-13 11:38:38.708  2862  2862 D NetworkSpeedTracker: onReceive ACTION_BATTERY_CHANGED mBatteryLevel = 33;mIsCharging =true
04-13 11:38:38.710  4115  4115 I BatteryInfoReceiver: ACTION_BATTERY_CHANGED
04-13 11:38:38.711  6036  6536 D PowerCheckerService: onBatteryChanged, mBatteryLevel = 33, status = 2, level = 33, plug = 2, scale = 100
04-13 11:38:38.713  2862  2862 D DeviceStatisticsService: chargerType=2 batteryLevel=33 totalBatteryCapacity=4311800
04-13 11:38:38.730  2539  2539 D KeyguardUpdateMonitor: received broadcast android.intent.action.BATTERY_CHANGED
04-13 11:38:38.731  2862  2862 D NetworkSpeedTracker: receive actionandroid.intent.action.BATTERY_CHANGED
04-13 11:38:38.731  2862  2862 D NetworkSpeedTracker: onReceive ACTION_BATTERY_CHANGED mBatteryLevel = 33;mIsCharging =true
04-13 11:38:38.732  4115  4115 I BatteryInfoReceiver: ACTION_BATTERY_CHANGED
04-13 11:38:38.732  6036  6536 D PowerCheckerService: onBatteryChanged, mBatteryLevel = 33, status = 2, level = 33, plug = 2, scale = 100
04-13 11:38:38.738  2862  2862 D DeviceStatisticsService: chargerType=2 batteryLevel=33 totalBatteryCapacity=4311800
04-13 11:38:38.741  2539  2539 D KeyguardUpdateMonitor: received broadcast android.intent.action.BATTERY_CHANGED
04-13 11:38:38.742  2862  2862 D NetworkSpeedTracker: receive actionandroid.intent.action.BATTERY_CHANGED
04-13 11:38:38.742  2862  2862 D NetworkSpeedTracker: onReceive ACTION_BATTERY_CHANGED mBatteryLevel = 33;mIsCharging =true
04-13 11:38:38.743  4115  4115 I BatteryInfoReceiver: ACTION_BATTERY_CHANGED
04-13 11:38:38.744  6036  6536 D PowerCheckerService: onBatteryChanged, mBatteryLevel = 33, status = 2, level = 33, plug = 2, scale = 100
04-13 11:38:38.746  2862  2862 D DeviceStatisticsService: chargerType=2 batteryLevel=33 totalBatteryCapacity=4311800
04-13 11:38:38.751 30723 30723 E ctxmgr  : [BaseServerTask]Server task (GetConfigTask) got error statusCode=-1.
04-13 11:38:38.751 30723 30723 E ctxmgr  : com.android.volley.NoConnectionError: java.net.ConnectException: Failed to connect to www.googleapis.com/172.217.24.10:443
04-13 11:38:38.751 30723 30723 E ctxmgr  : 	at com.android.volley.toolbox.BasicNetwork.performRequest(:com.google.android.gms@14367039@14.3.67 (100408-216465562):40)
04-13 11:38:38.751 30723 30723 E ctxmgr  : 	at pyw.performRequest(:com.google.android.gms@14367039@14.3.67 (100408-216465562):13)
04-13 11:38:38.751 30723 30723 E ctxmgr  : 	at com.android.volley.NetworkDispatcher.a(:com.google.android.gms@14367039@14.3.67 (100408-216465562):6)
04-13 11:38:38.751 30723 30723 E ctxmgr  : 	at com.android.volley.NetworkDispatcher.run(:com.google.android.gms@14367039@14.3.67 (100408-216465562):2)
04-13 11:38:38.751 30723 30723 E ctxmgr  : Caused by: java.net.ConnectException: Failed to connect to www.googleapis.com/172.217.24.10:443
04-13 11:38:38.751 30723 30723 E ctxmgr  : 	at com.android.okhttp.internal.io.RealConnection.connectSocket(RealConnection.java:147)
04-13 11:38:38.751 30723 30723 E ctxmgr  : 	at com.android.okhttp.internal.io.RealConnection.connect(RealConnection.java:116)
04-13 11:38:38.751 30723 30723 E ctxmgr  : 	at com.android.okhttp.internal.http.StreamAllocation.findConnection(StreamAllocation.java:186)
04-13 11:38:38.751 30723 30723 E ctxmgr  : 	at com.android.okhttp.internal.http.StreamAllocation.findHealthyConnection(StreamAllocation.java:128)
04-13 11:38:38.751 30723 30723 E ctxmgr  : 	at com.android.okhttp.internal.http.StreamAllocation.newStream(StreamAllocation.java:97)
04-13 11:38:38.751 30723 30723 E ctxmgr  : 	at com.android.okhttp.internal.http.HttpEngine.connect(HttpEngine.java:289)
04-13 11:38:38.751 30723 30723 E ctxmgr  : 	at com.android.okhttp.internal.http.HttpEngine.sendRequest(HttpEngine.java:232)
04-13 11:38:38.751 30723 30723 E ctxmgr  : 	at com.android.okhttp.internal.huc.HttpURLConnectionImpl.execute(HttpURLConnectionImpl.java:465)
04-13 11:38:38.751 30723 30723 E ctxmgr  : 	at com.android.okhttp.internal.huc.HttpURLConnectionImpl.connect(HttpURLConnectionImpl.java:131)
04-13 11:38:38.751 30723 30723 E ctxmgr  : 	at com.android.okhttp.internal.huc.HttpURLConnectionImpl.getOutputStream(HttpURLConnectionImpl.java:262)
04-13 11:38:38.751 30723 30723 E ctxmgr  : 	at com.android.okhttp.internal.huc.DelegatingHttpsURLConnection.getOutputStream(DelegatingHttpsURLConnection.java:219)
04-13 11:38:38.751 30723 30723 E ctxmgr  : 	at com.android.okhttp.internal.huc.HttpsURLConnectionImpl.getOutputStream(HttpsURLConnectionImpl.java:30)
04-13 11:38:38.751 30723 30723 E ctxmgr  : 	at yuk.a(:com.google.android.gms@14367039@14.3.67 (100408-216465562):38)
04-13 11:38:38.751 30723 30723 E ctxmgr  : 	at yuk.execute(:com.google.android.gms@14367039@14.3.67 (100408-216465562):8)
04-13 11:38:38.751 30723 30723 E ctxmgr  : 	at yuk.execute(:com.google.android.gms@14367039@14.3.67 (100408-216465562):7)
04-13 11:38:38.751 30723 30723 E ctxmgr  : 	at com.android.volley.toolbox.HttpClientStack.performRequest(:com.google.android.gms@14367039@14.3.67 (100408-216465562):10)
04-13 11:38:38.751 30723 30723 E ctxmgr  : 	at pyv.performRequest(:com.google.android.gms@14367039@14.3.67 (100408-216465562):1)
04-13 11:38:38.751 30723 30723 E ctxmgr  : 	at boc.executeRequest(:com.google.android.gms@14367039@14.3.67 (100408-216465562):1)
04-13 11:38:38.751 30723 30723 E ctxmgr  : 	at com.android.volley.toolbox.BasicNetwork.performRequest(:com.google.android.gms@14367039@14.3.67 (100408-216465562):9)
04-13 11:38:38.751 30723 30723 E ctxmgr  : 	... 3 more
04-13 11:38:38.754 30723 17587 E ctxmgr  : [DailyCheckinOperation]Failed daily get config: network status=-1
04-13 11:38:38.755   821  5903 I /vendor/bin/hw/vendor.qti.hardware.servicetracker@1.1-service: bindService is called for service : com.google.android.gms/.chimera.PersistentDirectBootAwareApiService and for client com.google.android.gms.persistent
04-13 11:38:38.755   821  5903 I /vendor/bin/hw/vendor.qti.hardware.servicetracker@1.1-service: total connections for service : com.google.android.gms/.chimera.PersistentDirectBootAwareApiServiceare :1
04-13 11:38:38.755   821  5903 I /vendor/bin/hw/vendor.qti.hardware.servicetracker@1.1-service: total connections for client : com.google.android.gms.persistentare :4
04-13 11:38:38.758  1571  2537 D CompatibilityInfo: mCompatibilityFlags - 0
04-13 11:38:38.758  1571  2537 D CompatibilityInfo: applicationDensity - 440
04-13 11:38:38.758  1571  2537 D CompatibilityInfo: applicationScale - 1.0
04-13 11:38:38.760   821  5903 I /vendor/bin/hw/vendor.qti.hardware.servicetracker@1.1-service: startService() is called for servicecom.google.android.gms/.chimera.PersistentDirectBootAwareApiService
04-13 11:38:38.779  2539  2539 D KeyguardUpdateMonitor: received broadcast android.intent.action.BATTERY_CHANGED
04-13 11:38:38.779  2862  2862 D NetworkSpeedTracker: receive actionandroid.intent.action.BATTERY_CHANGED
04-13 11:38:38.779  2862  2862 D NetworkSpeedTracker: onReceive ACTION_BATTERY_CHANGED mBatteryLevel = 33;mIsCharging =true
04-13 11:38:38.781  4115  4115 I BatteryInfoReceiver: ACTION_BATTERY_CHANGED
04-13 11:38:38.783  6036  6536 D PowerCheckerService: onBatteryChanged, mBatteryLevel = 33, status = 2, level = 33, plug = 2, scale = 100
04-13 11:38:38.785  2862  2862 D DeviceStatisticsService: chargerType=2 batteryLevel=33 totalBatteryCapacity=4311800
04-13 11:38:38.792  2539  2539 D KeyguardUpdateMonitor: received broadcast android.intent.action.BATTERY_CHANGED
04-13 11:38:38.793  2862  2862 D NetworkSpeedTracker: receive actionandroid.intent.action.BATTERY_CHANGED
04-13 11:38:38.793  2862  2862 D NetworkSpeedTracker: onReceive ACTION_BATTERY_CHANGED mBatteryLevel = 33;mIsCharging =true
04-13 11:38:38.795  6036  6536 D PowerCheckerService: onBatteryChanged, mBatteryLevel = 33, status = 2, level = 33, plug = 2, scale = 100
04-13 11:38:38.795  4115  4115 I BatteryInfoReceiver: ACTION_BATTERY_CHANGED
04-13 11:38:38.796  2862  2862 D DeviceStatisticsService: chargerType=2 batteryLevel=33 totalBatteryCapacity=4311800
04-13 11:38:38.819  2539  2539 D KeyguardUpdateMonitor: received broadcast android.intent.action.BATTERY_CHANGED
04-13 11:38:38.820  2862  2862 D NetworkSpeedTracker: receive actionandroid.intent.action.BATTERY_CHANGED
04-13 11:38:38.820  2862  2862 D NetworkSpeedTracker: onReceive ACTION_BATTERY_CHANGED mBatteryLevel = 33;mIsCharging =true
04-13 11:38:38.822  4115  4115 I BatteryInfoReceiver: ACTION_BATTERY_CHANGED
04-13 11:38:38.823  6036  6536 D PowerCheckerService: onBatteryChanged, mBatteryLevel = 33, status = 2, level = 33, plug = 2, scale = 100
04-13 11:38:38.827  2862  2862 D DeviceStatisticsService: chargerType=2 batteryLevel=33 totalBatteryCapacity=4311800
04-13 11:38:38.831  2539  2539 D KeyguardUpdateMonitor: received broadcast android.intent.action.BATTERY_CHANGED
04-13 11:38:38.831  2862  2862 D NetworkSpeedTracker: receive actionandroid.intent.action.BATTERY_CHANGED
04-13 11:38:38.832  2862  2862 D NetworkSpeedTracker: onReceive ACTION_BATTERY_CHANGED mBatteryLevel = 33;mIsCharging =true
04-13 11:38:38.834  6036  6536 D PowerCheckerService: onBatteryChanged, mBatteryLevel = 33, status = 2, level = 33, plug = 2, scale = 100
04-13 11:38:38.834  4115  4115 I BatteryInfoReceiver: ACTION_BATTERY_CHANGED
04-13 11:38:38.836  2862  2862 D DeviceStatisticsService: chargerType=2 batteryLevel=33 totalBatteryCapacity=4311800
04-13 11:38:38.875  2539  2539 D KeyguardUpdateMonitor: received broadcast android.intent.action.BATTERY_CHANGED
04-13 11:38:38.876  2862  2862 D NetworkSpeedTracker: receive actionandroid.intent.action.BATTERY_CHANGED
04-13 11:38:38.876  2862  2862 D NetworkSpeedTracker: onReceive ACTION_BATTERY_CHANGED mBatteryLevel = 33;mIsCharging =true
04-13 11:38:38.879  6036  6536 D PowerCheckerService: onBatteryChanged, mBatteryLevel = 33, status = 2, level = 33, plug = 2, scale = 100
04-13 11:38:38.881  2862  2862 D DeviceStatisticsService: chargerType=2 batteryLevel=33 totalBatteryCapacity=4311800
04-13 11:38:38.881  4115  4115 I BatteryInfoReceiver: ACTION_BATTERY_CHANGED
04-13 11:38:38.890  2539  2539 D KeyguardUpdateMonitor: received broadcast android.intent.action.BATTERY_CHANGED
04-13 11:38:38.891  2862  2862 D NetworkSpeedTracker: receive actionandroid.intent.action.BATTERY_CHANGED
04-13 11:38:38.891  2862  2862 D NetworkSpeedTracker: onReceive ACTION_BATTERY_CHANGED mBatteryLevel = 33;mIsCharging =true
04-13 11:38:38.893  4115  4115 I BatteryInfoReceiver: ACTION_BATTERY_CHANGED
04-13 11:38:38.894  6036  6536 D PowerCheckerService: onBatteryChanged, mBatteryLevel = 33, status = 2, level = 33, plug = 2, scale = 100
04-13 11:38:38.896  2862  2862 D DeviceStatisticsService: chargerType=2 batteryLevel=33 totalBatteryCapacity=4311800
04-13 11:38:38.908  2539  2539 D KeyguardUpdateMonitor: received broadcast android.intent.action.BATTERY_CHANGED
04-13 11:38:38.909  2862  2862 D NetworkSpeedTracker: receive actionandroid.intent.action.BATTERY_CHANGED
04-13 11:38:38.910  2862  2862 D NetworkSpeedTracker: onReceive ACTION_BATTERY_CHANGED mBatteryLevel = 33;mIsCharging =true
04-13 11:38:38.911  4115  4115 I BatteryInfoReceiver: ACTION_BATTERY_CHANGED
04-13 11:38:38.912  6036  6536 D PowerCheckerService: onBatteryChanged, mBatteryLevel = 33, status = 2, level = 33, plug = 2, scale = 100
04-13 11:38:38.921  2862  2862 D DeviceStatisticsService: chargerType=2 batteryLevel=33 totalBatteryCapacity=4311800
04-13 11:38:38.923  2539  2539 D KeyguardUpdateMonitor: received broadcast android.intent.action.BATTERY_CHANGED
04-13 11:38:38.923  2862  2862 D NetworkSpeedTracker: receive actionandroid.intent.action.BATTERY_CHANGED
04-13 11:38:38.923  2862  2862 D NetworkSpeedTracker: onReceive ACTION_BATTERY_CHANGED mBatteryLevel = 33;mIsCharging =true
04-13 11:38:38.925  4115  4115 I BatteryInfoReceiver: ACTION_BATTERY_CHANGED
04-13 11:38:38.926  6036  6536 D PowerCheckerService: onBatteryChanged, mBatteryLevel = 33, status = 2, level = 33, plug = 2, scale = 100
04-13 11:38:38.929  2862  2862 D DeviceStatisticsService: chargerType=2 batteryLevel=33 totalBatteryCapacity=4311800
04-13 11:38:38.952  2539  2539 D KeyguardUpdateMonitor: received broadcast android.intent.action.BATTERY_CHANGED
04-13 11:38:38.952  2862  2862 D NetworkSpeedTracker: receive actionandroid.intent.action.BATTERY_CHANGED
04-13 11:38:38.952  2862  2862 D NetworkSpeedTracker: onReceive ACTION_BATTERY_CHANGED mBatteryLevel = 33;mIsCharging =true
04-13 11:38:38.954  4115  4115 I BatteryInfoReceiver: ACTION_BATTERY_CHANGED
04-13 11:38:38.956  6036  6536 D PowerCheckerService: onBatteryChanged, mBatteryLevel = 33, status = 2, level = 33, plug = 2, scale = 100
04-13 11:38:38.958  2862  2862 D DeviceStatisticsService: chargerType=2 batteryLevel=33 totalBatteryCapacity=4311800
04-13 11:38:38.966  2539  2539 D KeyguardUpdateMonitor: received broadcast android.intent.action.BATTERY_CHANGED
04-13 11:38:38.966  2862  2862 D NetworkSpeedTracker: receive actionandroid.intent.action.BATTERY_CHANGED
04-13 11:38:38.967  2862  2862 D NetworkSpeedTracker: onReceive ACTION_BATTERY_CHANGED mBatteryLevel = 33;mIsCharging =true
04-13 11:38:38.968  4115  4115 I BatteryInfoReceiver: ACTION_BATTERY_CHANGED
04-13 11:38:38.969  6036  6536 D PowerCheckerService: onBatteryChanged, mBatteryLevel = 33, status = 2, level = 33, plug = 2, scale = 100
04-13 11:38:38.970  2862  2862 D DeviceStatisticsService: chargerType=2 batteryLevel=33 totalBatteryCapacity=4311800
04-13 11:38:39.001  2539  2539 D KeyguardUpdateMonitor: received broadcast android.intent.action.BATTERY_CHANGED
04-13 11:38:39.002  2862  2862 D NetworkSpeedTracker: receive actionandroid.intent.action.BATTERY_CHANGED
04-13 11:38:39.002  2862  2862 D NetworkSpeedTracker: onReceive ACTION_BATTERY_CHANGED mBatteryLevel = 33;mIsCharging =true
04-13 11:38:39.004  4115  4115 I BatteryInfoReceiver: ACTION_BATTERY_CHANGED
04-13 11:38:39.005  6036  6536 D PowerCheckerService: onBatteryChanged, mBatteryLevel = 33, status = 2, level = 33, plug = 2, scale = 100
04-13 11:38:39.011  2862  2862 D DeviceStatisticsService: chargerType=2 batteryLevel=33 totalBatteryCapacity=4311800
04-13 11:38:39.015  2539  2539 D KeyguardUpdateMonitor: received broadcast android.intent.action.BATTERY_CHANGED
04-13 11:38:39.016  2862  2862 D NetworkSpeedTracker: receive actionandroid.intent.action.BATTERY_CHANGED
04-13 11:38:39.016  2862  2862 D NetworkSpeedTracker: onReceive ACTION_BATTERY_CHANGED mBatteryLevel = 33;mIsCharging =true
04-13 11:38:39.017  4115  4115 I BatteryInfoReceiver: ACTION_BATTERY_CHANGED
04-13 11:38:39.018  6036  6536 D PowerCheckerService: onBatteryChanged, mBatteryLevel = 33, status = 2, level = 33, plug = 2, scale = 100
04-13 11:38:39.019  2862  2862 D DeviceStatisticsService: chargerType=2 batteryLevel=33 totalBatteryCapacity=4311800
04-13 11:38:39.041  2539  2539 D KeyguardUpdateMonitor: received broadcast android.intent.action.BATTERY_CHANGED
04-13 11:38:39.041  2862  2862 D NetworkSpeedTracker: receive actionandroid.intent.action.BATTERY_CHANGED
04-13 11:38:39.041  2862  2862 D NetworkSpeedTracker: onReceive ACTION_BATTERY_CHANGED mBatteryLevel = 33;mIsCharging =true
04-13 11:38:39.043  6036  6536 D PowerCheckerService: onBatteryChanged, mBatteryLevel = 33, status = 2, level = 33, plug = 2, scale = 100
04-13 11:38:39.044  4115  4115 I BatteryInfoReceiver: ACTION_BATTERY_CHANGED
04-13 11:38:39.051  2862  2862 D DeviceStatisticsService: chargerType=2 batteryLevel=33 totalBatteryCapacity=4311800
04-13 11:38:39.054  2539  2539 D KeyguardUpdateMonitor: received broadcast android.intent.action.BATTERY_CHANGED
04-13 11:38:39.054  2862  2862 D NetworkSpeedTracker: receive actionandroid.intent.action.BATTERY_CHANGED
04-13 11:38:39.055  2862  2862 D NetworkSpeedTracker: onReceive ACTION_BATTERY_CHANGED mBatteryLevel = 33;mIsCharging =true
04-13 11:38:39.055  4115  4115 I BatteryInfoReceiver: ACTION_BATTERY_CHANGED
04-13 11:38:39.057  6036  6536 D PowerCheckerService: onBatteryChanged, mBatteryLevel = 33, status = 2, level = 33, plug = 2, scale = 100
04-13 11:38:39.057  2862  2862 D DeviceStatisticsService: chargerType=2 batteryLevel=33 totalBatteryCapacity=4311800
04-13 11:38:39.086  2539  2539 D KeyguardUpdateMonitor: received broadcast android.intent.action.BATTERY_CHANGED
04-13 11:38:39.088  2862  2862 D NetworkSpeedTracker: receive actionandroid.intent.action.BATTERY_CHANGED
04-13 11:38:39.088  2862  2862 D NetworkSpeedTracker: onReceive ACTION_BATTERY_CHANGED mBatteryLevel = 33;mIsCharging =true
04-13 11:38:39.089  4115  4115 I BatteryInfoReceiver: ACTION_BATTERY_CHANGED
04-13 11:38:39.091  6036  6536 D PowerCheckerService: onBatteryChanged, mBatteryLevel = 33, status = 2, level = 33, plug = 2, scale = 100
04-13 11:38:39.094  2862  2862 D DeviceStatisticsService: chargerType=2 batteryLevel=33 totalBatteryCapacity=4311800
04-13 11:38:39.105  2539  2539 D KeyguardUpdateMonitor: received broadcast android.intent.action.BATTERY_CHANGED
04-13 11:38:39.106  2862  2862 D NetworkSpeedTracker: receive actionandroid.intent.action.BATTERY_CHANGED
04-13 11:38:39.106  2862  2862 D NetworkSpeedTracker: onReceive ACTION_BATTERY_CHANGED mBatteryLevel = 33;mIsCharging =true
04-13 11:38:39.108  4115  4115 I BatteryInfoReceiver: ACTION_BATTERY_CHANGED
04-13 11:38:39.108  6036  6536 D PowerCheckerService: onBatteryChanged, mBatteryLevel = 33, status = 2, level = 33, plug = 2, scale = 100
04-13 11:38:39.110  2862  2862 D DeviceStatisticsService: chargerType=2 batteryLevel=33 totalBatteryCapacity=4311800
04-13 11:38:39.129  2539  2539 D KeyguardUpdateMonitor: received broadcast android.intent.action.BATTERY_CHANGED
04-13 11:38:39.130  2862  2862 D NetworkSpeedTracker: receive actionandroid.intent.action.BATTERY_CHANGED
04-13 11:38:39.130  2862  2862 D NetworkSpeedTracker: onReceive ACTION_BATTERY_CHANGED mBatteryLevel = 33;mIsCharging =true
04-13 11:38:39.131  4115  4115 I BatteryInfoReceiver: ACTION_BATTERY_CHANGED
04-13 11:38:39.132  6036  6536 D PowerCheckerService: onBatteryChanged, mBatteryLevel = 33, status = 2, level = 33, plug = 2, scale = 100
04-13 11:38:39.135  2862  2862 D DeviceStatisticsService: chargerType=2 batteryLevel=33 totalBatteryCapacity=4311800
04-13 11:38:39.141  2539  2539 D KeyguardUpdateMonitor: received broadcast android.intent.action.BATTERY_CHANGED
04-13 11:38:39.142  2862  2862 D NetworkSpeedTracker: receive actionandroid.intent.action.BATTERY_CHANGED
04-13 11:38:39.143  2862  2862 D NetworkSpeedTracker: onReceive ACTION_BATTERY_CHANGED mBatteryLevel = 33;mIsCharging =true
04-13 11:38:39.144  4115  4115 I BatteryInfoReceiver: ACTION_BATTERY_CHANGED
04-13 11:38:39.146  6036  6536 D PowerCheckerService: onBatteryChanged, mBatteryLevel = 33, status = 2, level = 33, plug = 2, scale = 100
04-13 11:38:39.148  2862  2862 D DeviceStatisticsService: chargerType=2 batteryLevel=33 totalBatteryCapacity=4311800
04-13 11:38:39.179  2539  2539 D KeyguardUpdateMonitor: received broadcast android.intent.action.BATTERY_CHANGED
04-13 11:38:39.180  2862  2862 D NetworkSpeedTracker: receive actionandroid.intent.action.BATTERY_CHANGED
04-13 11:38:39.180  2862  2862 D NetworkSpeedTracker: onReceive ACTION_BATTERY_CHANGED mBatteryLevel = 33;mIsCharging =true
04-13 11:38:39.181  4115  4115 I BatteryInfoReceiver: ACTION_BATTERY_CHANGED
04-13 11:38:39.183  6036  6536 D PowerCheckerService: onBatteryChanged, mBatteryLevel = 33, status = 2, level = 33, plug = 2, scale = 100
04-13 11:38:39.185  2862  2862 D DeviceStatisticsService: chargerType=2 batteryLevel=33 totalBatteryCapacity=4311800
04-13 11:38:39.193  2539  2539 D KeyguardUpdateMonitor: received broadcast android.intent.action.BATTERY_CHANGED
04-13 11:38:39.194  2862  2862 D NetworkSpeedTracker: receive actionandroid.intent.action.BATTERY_CHANGED
04-13 11:38:39.194  2862  2862 D NetworkSpeedTracker: onReceive ACTION_BATTERY_CHANGED mBatteryLevel = 33;mIsCharging =true
04-13 11:38:39.195  4115  4115 I BatteryInfoReceiver: ACTION_BATTERY_CHANGED
04-13 11:38:39.197  6036  6536 D PowerCheckerService: onBatteryChanged, mBatteryLevel = 33, status = 2, level = 33, plug = 2, scale = 100
04-13 11:38:39.199  2862  2862 D DeviceStatisticsService: chargerType=2 batteryLevel=33 totalBatteryCapacity=4311800
04-13 11:38:39.221  2539  2539 D KeyguardUpdateMonitor: received broadcast android.intent.action.BATTERY_CHANGED
04-13 11:38:39.222  2862  2862 D NetworkSpeedTracker: receive actionandroid.intent.action.BATTERY_CHANGED
04-13 11:38:39.223  2862  2862 D NetworkSpeedTracker: onReceive ACTION_BATTERY_CHANGED mBatteryLevel = 33;mIsCharging =true
04-13 11:38:39.224  4115  4115 I BatteryInfoReceiver: ACTION_BATTERY_CHANGED
04-13 11:38:39.224  6036  6536 D PowerCheckerService: onBatteryChanged, mBatteryLevel = 33, status = 2, level = 33, plug = 2, scale = 100
04-13 11:38:39.226  2862  2862 D DeviceStatisticsService: chargerType=2 batteryLevel=33 totalBatteryCapacity=4311800
04-13 11:38:39.233  2539  2539 D KeyguardUpdateMonitor: received broadcast android.intent.action.BATTERY_CHANGED
04-13 11:38:39.234  2862  2862 D NetworkSpeedTracker: receive actionandroid.intent.action.BATTERY_CHANGED
04-13 11:38:39.234  2862  2862 D NetworkSpeedTracker: onReceive ACTION_BATTERY_CHANGED mBatteryLevel = 33;mIsCharging =true
04-13 11:38:39.235  4115  4115 I BatteryInfoReceiver: ACTION_BATTERY_CHANGED
04-13 11:38:39.235  6036  6536 D PowerCheckerService: onBatteryChanged, mBatteryLevel = 33, status = 2, level = 33, plug = 2, scale = 100
04-13 11:38:39.237  2862  2862 D DeviceStatisticsService: chargerType=2 batteryLevel=33 totalBatteryCapacity=4311800
04-13 11:38:39.278  2539  2539 D KeyguardUpdateMonitor: received broadcast android.intent.action.BATTERY_CHANGED
04-13 11:38:39.278  2862  2862 D NetworkSpeedTracker: receive actionandroid.intent.action.BATTERY_CHANGED
04-13 11:38:39.278  2862  2862 D NetworkSpeedTracker: onReceive ACTION_BATTERY_CHANGED mBatteryLevel = 33;mIsCharging =true
04-13 11:38:39.279  4115  4115 I BatteryInfoReceiver: ACTION_BATTERY_CHANGED
04-13 11:38:39.280  6036  6536 D PowerCheckerService: onBatteryChanged, mBatteryLevel = 33, status = 2, level = 33, plug = 2, scale = 100
04-13 11:38:39.284  2862  2862 D DeviceStatisticsService: chargerType=2 batteryLevel=33 totalBatteryCapacity=4311800
04-13 11:38:39.290  2539  2539 D KeyguardUpdateMonitor: received broadcast android.intent.action.BATTERY_CHANGED
04-13 11:38:39.291  2862  2862 D NetworkSpeedTracker: receive actionandroid.intent.action.BATTERY_CHANGED
04-13 11:38:39.291  2862  2862 D NetworkSpeedTracker: onReceive ACTION_BATTERY_CHANGED mBatteryLevel = 33;mIsCharging =true
04-13 11:38:39.293  6036  6536 D PowerCheckerService: onBatteryChanged, mBatteryLevel = 33, status = 2, level = 33, plug = 2, scale = 100
04-13 11:38:39.293  4115  4115 I BatteryInfoReceiver: ACTION_BATTERY_CHANGED
04-13 11:38:39.296  2862  2862 D DeviceStatisticsService: chargerType=2 batteryLevel=33 totalBatteryCapacity=4311800
04-13 11:38:39.309  2539  2539 D KeyguardUpdateMonitor: received broadcast android.intent.action.BATTERY_CHANGED
04-13 11:38:39.312  4115  4115 I BatteryInfoReceiver: ACTION_BATTERY_CHANGED
04-13 11:38:39.312  6036  6536 D PowerCheckerService: onBatteryChanged, mBatteryLevel = 33, status = 2, level = 33, plug = 2, scale = 100
04-13 11:38:39.314  2862  2862 D NetworkSpeedTracker: receive actionandroid.intent.action.BATTERY_CHANGED
04-13 11:38:39.314  2862  2862 D NetworkSpeedTracker: onReceive ACTION_BATTERY_CHANGED mBatteryLevel = 33;mIsCharging =true
04-13 11:38:39.316  2862  2862 D DeviceStatisticsService: chargerType=2 batteryLevel=33 totalBatteryCapacity=4311800
04-13 11:38:39.322  2539  2539 D KeyguardUpdateMonitor: received broadcast android.intent.action.BATTERY_CHANGED
04-13 11:38:39.323  2862  2862 D NetworkSpeedTracker: receive actionandroid.intent.action.BATTERY_CHANGED
04-13 11:38:39.323  2862  2862 D NetworkSpeedTracker: onReceive ACTION_BATTERY_CHANGED mBatteryLevel = 33;mIsCharging =true
04-13 11:38:39.324  4115  4115 I BatteryInfoReceiver: ACTION_BATTERY_CHANGED
04-13 11:38:39.325  6036  6536 D PowerCheckerService: onBatteryChanged, mBatteryLevel = 33, status = 2, level = 33, plug = 2, scale = 100
04-13 11:38:39.328  2862  2862 D DeviceStatisticsService: chargerType=2 batteryLevel=33 totalBatteryCapacity=4311800
04-13 11:38:39.343   796   796 W health@2.0-serv: type=1400 audit(0.0:2490945): avc: denied { read } for name="type" dev="sysfs" ino=55635 scontext=u:r:hal_health_default:s0 tcontext=u:object_r:sysfs:s0 tclass=file permissive=0
04-13 11:38:39.354  2862  2862 D NetworkSpeedTracker: receive actionandroid.intent.action.BATTERY_CHANGED
04-13 11:38:39.354  2539  2539 D KeyguardUpdateMonitor: received broadcast android.intent.action.BATTERY_CHANGED
04-13 11:38:39.354  2862  2862 D NetworkSpeedTracker: onReceive ACTION_BATTERY_CHANGED mBatteryLevel = 33;mIsCharging =true
04-13 11:38:39.356  4115  4115 I BatteryInfoReceiver: ACTION_BATTERY_CHANGED
04-13 11:38:39.356  6036  6536 D PowerCheckerService: onBatteryChanged, mBatteryLevel = 33, status = 2, level = 33, plug = 2, scale = 100
04-13 11:38:39.355   796   796 W health@2.0-serv: type=1400 audit(0.0:2490946): avc: denied { read } for name="type" dev="sysfs" ino=55635 scontext=u:r:hal_health_default:s0 tcontext=u:object_r:sysfs:s0 tclass=file permissive=0
04-13 11:38:39.359  2862  2862 D DeviceStatisticsService: chargerType=2 batteryLevel=33 totalBatteryCapacity=4311800
04-13 11:38:39.369  2539  2539 D KeyguardUpdateMonitor: received broadcast android.intent.action.BATTERY_CHANGED
04-13 11:38:39.370  2862  2862 D NetworkSpeedTracker: receive actionandroid.intent.action.BATTERY_CHANGED
04-13 11:38:39.370  2862  2862 D NetworkSpeedTracker: onReceive ACTION_BATTERY_CHANGED mBatteryLevel = 33;mIsCharging =true
04-13 11:38:39.372  4115  4115 I BatteryInfoReceiver: ACTION_BATTERY_CHANGED
04-13 11:38:39.373  6036  6536 D PowerCheckerService: onBatteryChanged, mBatteryLevel = 33, status = 2, level = 33, plug = 2, scale = 100
04-13 11:38:39.374  2862  2862 D DeviceStatisticsService: chargerType=2 batteryLevel=33 totalBatteryCapacity=4311800
04-13 11:38:39.387   796   796 W health@2.0-serv: type=1400 audit(0.0:2490947): avc: denied { read } for name="type" dev="sysfs" ino=55635 scontext=u:r:hal_health_default:s0 tcontext=u:object_r:sysfs:s0 tclass=file permissive=0
04-13 11:38:39.397  2539  2539 D KeyguardUpdateMonitor: received broadcast android.intent.action.BATTERY_CHANGED
04-13 11:38:39.398  2862  2862 D NetworkSpeedTracker: receive actionandroid.intent.action.BATTERY_CHANGED
04-13 11:38:39.398  2862  2862 D NetworkSpeedTracker: onReceive ACTION_BATTERY_CHANGED mBatteryLevel = 33;mIsCharging =true
04-13 11:38:39.400  4115  4115 I BatteryInfoReceiver: ACTION_BATTERY_CHANGED
04-13 11:38:39.401  6036  6536 D PowerCheckerService: onBatteryChanged, mBatteryLevel = 33, status = 2, level = 33, plug = 2, scale = 100
04-13 11:38:39.407   796   796 W health@2.0-serv: type=1400 audit(0.0:2490948): avc: denied { read } for name="type" dev="sysfs" ino=55635 scontext=u:r:hal_health_default:s0 tcontext=u:object_r:sysfs:s0 tclass=file permissive=0
04-13 11:38:39.410  2862  2862 D DeviceStatisticsService: chargerType=2 batteryLevel=33 totalBatteryCapacity=4311800
04-13 11:38:39.413  2539  2539 D KeyguardUpdateMonitor: received broadcast android.intent.action.BATTERY_CHANGED
04-13 11:38:39.414  2862  2862 D NetworkSpeedTracker: receive actionandroid.intent.action.BATTERY_CHANGED
04-13 11:38:39.414  2862  2862 D NetworkSpeedTracker: onReceive ACTION_BATTERY_CHANGED mBatteryLevel = 33;mIsCharging =true
04-13 11:38:39.416  4115  4115 I BatteryInfoReceiver: ACTION_BATTERY_CHANGED
04-13 11:38:39.417  6036  6536 D PowerCheckerService: onBatteryChanged, mBatteryLevel = 33, status = 2, level = 33, plug = 2, scale = 100
04-13 11:38:39.419  2862  2862 D DeviceStatisticsService: chargerType=2 batteryLevel=33 totalBatteryCapacity=4311800
04-13 11:38:39.431   796   796 W health@2.0-serv: type=1400 audit(0.0:2490949): avc: denied { read } for name="type" dev="sysfs" ino=55635 scontext=u:r:hal_health_default:s0 tcontext=u:object_r:sysfs:s0 tclass=file permissive=0
04-13 11:38:39.440  2539  2539 D KeyguardUpdateMonitor: received broadcast android.intent.action.BATTERY_CHANGED
04-13 11:38:39.440  2862  2862 D NetworkSpeedTracker: receive actionandroid.intent.action.BATTERY_CHANGED
04-13 11:38:39.441  2862  2862 D NetworkSpeedTracker: onReceive ACTION_BATTERY_CHANGED mBatteryLevel = 33;mIsCharging =true
04-13 11:38:39.442  4115  4115 I BatteryInfoReceiver: ACTION_BATTERY_CHANGED
04-13 11:38:39.442  6036  6536 D PowerCheckerService: onBatteryChanged, mBatteryLevel = 33, status = 2, level = 33, plug = 2, scale = 100
04-13 11:38:39.446  2862  2862 D DeviceStatisticsService: chargerType=2 batteryLevel=33 totalBatteryCapacity=4311800
04-13 11:38:39.450  2539  2539 D KeyguardUpdateMonitor: received broadcast android.intent.action.BATTERY_CHANGED
04-13 11:38:39.451  2862  2862 D NetworkSpeedTracker: receive actionandroid.intent.action.BATTERY_CHANGED
04-13 11:38:39.451  2862  2862 D NetworkSpeedTracker: onReceive ACTION_BATTERY_CHANGED mBatteryLevel = 33;mIsCharging =true
04-13 11:38:39.452  4115  4115 I BatteryInfoReceiver: ACTION_BATTERY_CHANGED
04-13 11:38:39.452  6036  6536 D PowerCheckerService: onBatteryChanged, mBatteryLevel = 33, status = 2, level = 33, plug = 2, scale = 100
04-13 11:38:39.453  2862  2862 D DeviceStatisticsService: chargerType=2 batteryLevel=33 totalBatteryCapacity=4311800
04-13 11:38:39.485  2539  2539 D KeyguardUpdateMonitor: received broadcast android.intent.action.BATTERY_CHANGED
04-13 11:38:39.485  2862  2862 D NetworkSpeedTracker: receive actionandroid.intent.action.BATTERY_CHANGED
04-13 11:38:39.486  2862  2862 D NetworkSpeedTracker: onReceive ACTION_BATTERY_CHANGED mBatteryLevel = 33;mIsCharging =true
04-13 11:38:39.487  4115  4115 I BatteryInfoReceiver: ACTION_BATTERY_CHANGED
04-13 11:38:39.489  6036  6536 D PowerCheckerService: onBatteryChanged, mBatteryLevel = 33, status = 2, level = 33, plug = 2, scale = 100
04-13 11:38:39.494  2862  2862 D DeviceStatisticsService: chargerType=2 batteryLevel=33 totalBatteryCapacity=4311800
04-13 11:38:39.502  2539  2539 D KeyguardUpdateMonitor: received broadcast android.intent.action.BATTERY_CHANGED
04-13 11:38:39.502  2862  2862 D NetworkSpeedTracker: receive actionandroid.intent.action.BATTERY_CHANGED
04-13 11:38:39.502  2862  2862 D NetworkSpeedTracker: onReceive ACTION_BATTERY_CHANGED mBatteryLevel = 33;mIsCharging =true
04-13 11:38:39.504  4115  4115 I BatteryInfoReceiver: ACTION_BATTERY_CHANGED
04-13 11:38:39.505  6036  6536 D PowerCheckerService: onBatteryChanged, mBatteryLevel = 33, status = 2, level = 33, plug = 2, scale = 100
04-13 11:38:39.509  2862  2862 D DeviceStatisticsService: chargerType=2 batteryLevel=33 totalBatteryCapacity=4311800
04-13 11:38:39.513   813  1035 I SDM     : HWEventsDRM::HandleIdleTimeout: Received Enter Idle event
04-13 11:38:39.529  2539  2539 D KeyguardUpdateMonitor: received broadcast android.intent.action.BATTERY_CHANGED
04-13 11:38:39.530  2862  2862 D NetworkSpeedTracker: receive actionandroid.intent.action.BATTERY_CHANGED
04-13 11:38:39.530  2862  2862 D NetworkSpeedTracker: onReceive ACTION_BATTERY_CHANGED mBatteryLevel = 33;mIsCharging =true
04-13 11:38:39.534  4115  4115 I BatteryInfoReceiver: ACTION_BATTERY_CHANGED
04-13 11:38:39.535  6036  6536 D PowerCheckerService: onBatteryChanged, mBatteryLevel = 33, status = 2, level = 33, plug = 2, scale = 100
04-13 11:38:39.540  2862  2862 D DeviceStatisticsService: chargerType=2 batteryLevel=33 totalBatteryCapacity=4311800
04-13 11:38:39.548  2539  2539 D KeyguardUpdateMonitor: received broadcast android.intent.action.BATTERY_CHANGED
04-13 11:38:39.548  2862  2862 D NetworkSpeedTracker: receive actionandroid.intent.action.BATTERY_CHANGED
04-13 11:38:39.549  2862  2862 D NetworkSpeedTracker: onReceive ACTION_BATTERY_CHANGED mBatteryLevel = 33;mIsCharging =true
04-13 11:38:39.550  4115  4115 I BatteryInfoReceiver: ACTION_BATTERY_CHANGED
04-13 11:38:39.551  6036  6536 D PowerCheckerService: onBatteryChanged, mBatteryLevel = 33, status = 2, level = 33, plug = 2, scale = 100
04-13 11:38:39.554  2862  2862 D DeviceStatisticsService: chargerType=2 batteryLevel=33 totalBatteryCapacity=4311800
04-13 11:38:39.579  2539  2539 D KeyguardUpdateMonitor: received broadcast android.intent.action.BATTERY_CHANGED
04-13 11:38:39.580  2862  2862 D NetworkSpeedTracker: receive actionandroid.intent.action.BATTERY_CHANGED
04-13 11:38:39.580  2862  2862 D NetworkSpeedTracker: onReceive ACTION_BATTERY_CHANGED mBatteryLevel = 33;mIsCharging =true
04-13 11:38:39.581  4115  4115 I BatteryInfoReceiver: ACTION_BATTERY_CHANGED
04-13 11:38:39.582  6036  6536 D PowerCheckerService: onBatteryChanged, mBatteryLevel = 33, status = 2, level = 33, plug = 2, scale = 100
04-13 11:38:39.585  2862  2862 D DeviceStatisticsService: chargerType=2 batteryLevel=33 totalBatteryCapacity=4311800
04-13 11:38:39.591  2539  2539 D KeyguardUpdateMonitor: received broadcast android.intent.action.BATTERY_CHANGED
04-13 11:38:39.593  2862  2862 D NetworkSpeedTracker: receive actionandroid.intent.action.BATTERY_CHANGED
04-13 11:38:39.593  2862  2862 D NetworkSpeedTracker: onReceive ACTION_BATTERY_CHANGED mBatteryLevel = 33;mIsCharging =true
04-13 11:38:39.595  4115  4115 I BatteryInfoReceiver: ACTION_BATTERY_CHANGED
04-13 11:38:39.595  6036  6536 D PowerCheckerService: onBatteryChanged, mBatteryLevel = 33, status = 2, level = 33, plug = 2, scale = 100
04-13 11:38:39.599  2862  2862 D DeviceStatisticsService: chargerType=2 batteryLevel=33 totalBatteryCapacity=4311800
04-13 11:38:39.621  2539  2539 D KeyguardUpdateMonitor: received broadcast android.intent.action.BATTERY_CHANGED
04-13 11:38:39.622  2862  2862 D NetworkSpeedTracker: receive actionandroid.intent.action.BATTERY_CHANGED
04-13 11:38:39.624  2862  2862 D NetworkSpeedTracker: onReceive ACTION_BATTERY_CHANGED mBatteryLevel = 33;mIsCharging =true
04-13 11:38:39.624  4115  4115 I BatteryInfoReceiver: ACTION_BATTERY_CHANGED
04-13 11:38:39.625  6036  6536 D PowerCheckerService: onBatteryChanged, mBatteryLevel = 33, status = 2, level = 33, plug = 2, scale = 100
04-13 11:38:39.629  2862  2862 D DeviceStatisticsService: chargerType=2 batteryLevel=33 totalBatteryCapacity=4311800
04-13 11:38:39.633  2539  2539 D KeyguardUpdateMonitor: received broadcast android.intent.action.BATTERY_CHANGED
04-13 11:38:39.634  2862  2862 D NetworkSpeedTracker: receive actionandroid.intent.action.BATTERY_CHANGED
04-13 11:38:39.634  2862  2862 D NetworkSpeedTracker: onReceive ACTION_BATTERY_CHANGED mBatteryLevel = 33;mIsCharging =true
04-13 11:38:39.636  6036  6536 D PowerCheckerService: onBatteryChanged, mBatteryLevel = 33, status = 2, level = 33, plug = 2, scale = 100
04-13 11:38:39.636  4115  4115 I BatteryInfoReceiver: ACTION_BATTERY_CHANGED
04-13 11:38:39.639  2862  2862 D DeviceStatisticsService: chargerType=2 batteryLevel=33 totalBatteryCapacity=4311800
04-13 11:38:39.663  2539  2539 D KeyguardUpdateMonitor: received broadcast android.intent.action.BATTERY_CHANGED
04-13 11:38:39.664  2862  2862 D NetworkSpeedTracker: receive actionandroid.intent.action.BATTERY_CHANGED
04-13 11:38:39.664  2862  2862 D NetworkSpeedTracker: onReceive ACTION_BATTERY_CHANGED mBatteryLevel = 33;mIsCharging =true
04-13 11:38:39.664  6036  6536 D PowerCheckerService: onBatteryChanged, mBatteryLevel = 33, status = 2, level = 33, plug = 2, scale = 100
04-13 11:38:39.665  4115  4115 I BatteryInfoReceiver: ACTION_BATTERY_CHANGED
04-13 11:38:39.676  2862  2862 D DeviceStatisticsService: chargerType=2 batteryLevel=33 totalBatteryCapacity=4311800
04-13 11:38:39.679  2539  2539 D KeyguardUpdateMonitor: received broadcast android.intent.action.BATTERY_CHANGED
04-13 11:38:39.680  2862  2862 D NetworkSpeedTracker: receive actionandroid.intent.action.BATTERY_CHANGED
04-13 11:38:39.681  2862  2862 D NetworkSpeedTracker: onReceive ACTION_BATTERY_CHANGED mBatteryLevel = 33;mIsCharging =true
04-13 11:38:39.683  6036  6536 D PowerCheckerService: onBatteryChanged, mBatteryLevel = 33, status = 2, level = 33, plug = 2, scale = 100
04-13 11:38:39.684  4115  4115 I BatteryInfoReceiver: ACTION_BATTERY_CHANGED
04-13 11:38:39.684  2862  2862 D DeviceStatisticsService: chargerType=2 batteryLevel=33 totalBatteryCapacity=4311800
04-13 11:38:39.708  2539  2539 D KeyguardUpdateMonitor: received broadcast android.intent.action.BATTERY_CHANGED
04-13 11:38:39.708  2862  2862 D NetworkSpeedTracker: receive actionandroid.intent.action.BATTERY_CHANGED
04-13 11:38:39.709  2862  2862 D NetworkSpeedTracker: onReceive ACTION_BATTERY_CHANGED mBatteryLevel = 33;mIsCharging =true
