04-13 11:38:32.350  2539  2539 D KeyguardUpdateMonitor: received broadcast android.intent.action.BATTERY_CHANGED
04-13 11:38:32.352  2862  2862 D NetworkSpeedTracker: receive actionandroid.intent.action.BATTERY_CHANGED
04-13 11:38:32.352  2862  2862 D NetworkSpeedTracker: onReceive ACTION_BATTERY_CHANGED mBatteryLevel = 33;mIsCharging =true
04-13 11:38:32.353  6036  6536 D PowerCheckerService: onBatteryChanged, mBatteryLevel = 33, status = 2, level = 33, plug = 2, scale = 100
04-13 11:38:32.354  4115  4115 I BatteryInfoReceiver: ACTION_BATTERY_CHANGED
04-13 11:38:32.355  2862  2862 D DeviceStatisticsService: chargerType=2 batteryLevel=33 totalBatteryCapacity=4311800
04-13 11:38:32.359  2539  2539 D KeyguardUpdateMonitor: received broadcast android.intent.action.BATTERY_CHANGED
04-13 11:38:32.360  6036  6536 D PowerCheckerService: onBatteryChanged, mBatteryLevel = 33, status = 2, level = 33, plug = 2, scale = 100
04-13 11:38:32.361  2862  2862 D NetworkSpeedTracker: receive actionandroid.intent.action.BATTERY_CHANGED
04-13 11:38:32.361  2862  2862 D NetworkSpeedTracker: onReceive ACTION_BATTERY_CHANGED mBatteryLevel = 33;mIsCharging =true
04-13 11:38:32.363  2862  2862 D DeviceStatisticsService: chargerType=2 batteryLevel=33 totalBatteryCapacity=4311800
04-13 11:38:32.363  4115  4115 I BatteryInfoReceiver: ACTION_BATTERY_CHANGED
04-13 11:38:32.393  2539  2539 D KeyguardUpdateMonitor: received broadcast android.intent.action.BATTERY_CHANGED
04-13 11:38:32.394  2862  2862 D NetworkSpeedTracker: receive actionandroid.intent.action.BATTERY_CHANGED
04-13 11:38:32.394  2862  2862 D NetworkSpeedTracker: onReceive ACTION_BATTERY_CHANGED mBatteryLevel = 33;mIsCharging =true
04-13 11:38:32.396  6036  6536 D PowerCheckerService: onBatteryChanged, mBatteryLevel = 33, status = 2, level = 33, plug = 2, scale = 100
04-13 11:38:32.396  4115  4115 I BatteryInfoReceiver: ACTION_BATTERY_CHANGED
04-13 11:38:32.406  2862  2862 D DeviceStatisticsService: chargerType=2 batteryLevel=33 totalBatteryCapacity=4311800
04-13 11:38:32.409  2539  2539 D KeyguardUpdateMonitor: received broadcast android.intent.action.BATTERY_CHANGED
04-13 11:38:32.410  2862  2862 D NetworkSpeedTracker: receive actionandroid.intent.action.BATTERY_CHANGED
04-13 11:38:32.410  2862  2862 D NetworkSpeedTracker: onReceive ACTION_BATTERY_CHANGED mBatteryLevel = 33;mIsCharging =true
04-13 11:38:32.411  4115  4115 I BatteryInfoReceiver: ACTION_BATTERY_CHANGED
04-13 11:38:32.413  6036  6536 D PowerCheckerService: onBatteryChanged, mBatteryLevel = 33, status = 2, level = 33, plug = 2, scale = 100
04-13 11:38:32.416  2862  2862 D DeviceStatisticsService: chargerType=2 batteryLevel=33 totalBatteryCapacity=4311800
04-13 11:38:32.428  1571  4194 D WificondControl: Scan result ready event
04-13 11:38:32.434  2539  2539 D KeyguardUpdateMonitor: received broadcast android.intent.action.BATTERY_CHANGED
04-13 11:38:32.434  2862  2862 D NetworkSpeedTracker: receive actionandroid.intent.action.BATTERY_CHANGED
04-13 11:38:32.434  2862  2862 D NetworkSpeedTracker: onReceive ACTION_BATTERY_CHANGED mBatteryLevel = 33;mIsCharging =true
04-13 11:38:32.435  4115  4115 I BatteryInfoReceiver: ACTION_BATTERY_CHANGED
04-13 11:38:32.436  6036  6536 D PowerCheckerService: onBatteryChanged, mBatteryLevel = 33, status = 2, level = 33, plug = 2, scale = 100
04-13 11:38:32.451  2862  2862 D DeviceStatisticsService: chargerType=2 batteryLevel=33 totalBatteryCapacity=4311800
04-13 11:38:32.454  2539  2539 D KeyguardUpdateMonitor: received broadcast android.intent.action.BATTERY_CHANGED
04-13 11:38:32.455  2862  2862 D NetworkSpeedTracker: receive actionandroid.intent.action.BATTERY_CHANGED
04-13 11:38:32.455  2862  2862 D NetworkSpeedTracker: onReceive ACTION_BATTERY_CHANGED mBatteryLevel = 33;mIsCharging =true
04-13 11:38:32.456  4115  4115 I BatteryInfoReceiver: ACTION_BATTERY_CHANGED
04-13 11:38:32.456  1359 15818 I LOWI-8.6.0.75: [LOWI-Scan] lowi_close_record:Scan done in 1100299979ms, 75 APs in scan results
04-13 11:38:32.458  6036  6536 D PowerCheckerService: onBatteryChanged, mBatteryLevel = 33, status = 2, level = 33, plug = 2, scale = 100
04-13 11:38:32.461  2862  2862 D DeviceStatisticsService: chargerType=2 batteryLevel=33 totalBatteryCapacity=4311800
04-13 11:38:32.462  1571  2446 D WificondScannerImpl: Filtering out 75 scan results.
04-13 11:38:32.473  1571  2439 D WifiClientModeImpl: onResults: total 51 results
04-13 11:38:32.479  1571  4194 E WifiService: Permission violation - getScanResults not allowed for uid=10076, packageName=com.miui.personalassistant, reason=java.lang.SecurityException: UID 10076 has no location permission
04-13 11:38:32.479 15321 15416 W WifiMonitor: available wifis has none
04-13 11:38:32.479 15321 15416 W WifiMonitor: getScanResults has none
04-13 11:38:32.482  2539  2539 D KeyguardUpdateMonitor: received broadcast android.intent.action.BATTERY_CHANGED
04-13 11:38:32.482  4115  4115 I BatteryInfoReceiver: ACTION_BATTERY_CHANGED
04-13 11:38:32.483  2862  2862 D NetworkSpeedTracker: receive actionandroid.intent.action.BATTERY_CHANGED
04-13 11:38:32.483  2862  2862 D NetworkSpeedTracker: onReceive ACTION_BATTERY_CHANGED mBatteryLevel = 33;mIsCharging =true
04-13 11:38:32.484  6036  6536 D PowerCheckerService: onBatteryChanged, mBatteryLevel = 33, status = 2, level = 33, plug = 2, scale = 100
04-13 11:38:32.486  2862  2862 D DeviceStatisticsService: chargerType=2 batteryLevel=33 totalBatteryCapacity=4311800
04-13 11:38:32.487  2539  2539 D KeyguardUpdateMonitor: received broadcast android.intent.action.BATTERY_CHANGED
04-13 11:38:32.488  4115  4115 I BatteryInfoReceiver: ACTION_BATTERY_CHANGED
04-13 11:38:32.489  2862  2862 D NetworkSpeedTracker: receive actionandroid.intent.action.BATTERY_CHANGED
04-13 11:38:32.489  2862  2862 D NetworkSpeedTracker: onReceive ACTION_BATTERY_CHANGED mBatteryLevel = 33;mIsCharging =true
04-13 11:38:32.489  6036  6536 D PowerCheckerService: onBatteryChanged, mBatteryLevel = 33, status = 2, level = 33, plug = 2, scale = 100
04-13 11:38:32.490  2862  2862 D DeviceStatisticsService: chargerType=2 batteryLevel=33 totalBatteryCapacity=4311800
04-13 11:38:32.497  1571  2486 I AppScanObserverService: Start to match app observer
04-13 11:38:32.521  2539  2539 D KeyguardUpdateMonitor: received broadcast android.intent.action.BATTERY_CHANGED
04-13 11:38:32.521  2862  2862 D NetworkSpeedTracker: receive actionandroid.intent.action.BATTERY_CHANGED
04-13 11:38:32.522  2862  2862 D NetworkSpeedTracker: onReceive ACTION_BATTERY_CHANGED mBatteryLevel = 33;mIsCharging =true
04-13 11:38:32.523  4115  4115 I BatteryInfoReceiver: ACTION_BATTERY_CHANGED
04-13 11:38:32.523  6036  6536 D PowerCheckerService: onBatteryChanged, mBatteryLevel = 33, status = 2, level = 33, plug = 2, scale = 100
04-13 11:38:32.528  2862  2862 D DeviceStatisticsService: chargerType=2 batteryLevel=33 totalBatteryCapacity=4311800
04-13 11:38:32.531  2539  2539 D KeyguardUpdateMonitor: received broadcast android.intent.action.BATTERY_CHANGED
04-13 11:38:32.532  2862  2862 D NetworkSpeedTracker: receive actionandroid.intent.action.BATTERY_CHANGED
04-13 11:38:32.532  2862  2862 D NetworkSpeedTracker: onReceive ACTION_BATTERY_CHANGED mBatteryLevel = 33;mIsCharging =true
04-13 11:38:32.532  4115  4115 I BatteryInfoReceiver: ACTION_BATTERY_CHANGED
04-13 11:38:32.534  6036  6536 D PowerCheckerService: onBatteryChanged, mBatteryLevel = 33, status = 2, level = 33, plug = 2, scale = 100
04-13 11:38:32.535 30723 17587 E ctxmgr  : [NetworkUtil]No active synchronizable contexts.
04-13 11:38:32.536  2862  2862 D DeviceStatisticsService: chargerType=2 batteryLevel=33 totalBatteryCapacity=4311800
04-13 11:38:32.543   821  5903 I /vendor/bin/hw/vendor.qti.hardware.servicetracker@1.1-service: bindService is called for service : com.google.android.gms/.gcm.http.GoogleHttpService and for client com.google.android.gms.persistent
04-13 11:38:32.543   821  5903 I /vendor/bin/hw/vendor.qti.hardware.servicetracker@1.1-service: total connections for service : com.google.android.gms/.gcm.http.GoogleHttpServiceare :1
04-13 11:38:32.543   821  5903 I /vendor/bin/hw/vendor.qti.hardware.servicetracker@1.1-service: total connections for client : com.google.android.gms.persistentare :4
04-13 11:38:32.545  1571  5742 D CompatibilityInfo: mCompatibilityFlags - 0
04-13 11:38:32.545  1571  5742 D CompatibilityInfo: applicationDensity - 440
04-13 11:38:32.545  1571  5742 D CompatibilityInfo: applicationScale - 1.0
04-13 11:38:32.546   821  5903 I /vendor/bin/hw/vendor.qti.hardware.servicetracker@1.1-service: startService() is called for servicecom.google.android.gms/.gcm.http.GoogleHttpService
04-13 11:38:32.563  2539  2539 D KeyguardUpdateMonitor: received broadcast android.intent.action.BATTERY_CHANGED
04-13 11:38:32.564  2862  2862 D NetworkSpeedTracker: receive actionandroid.intent.action.BATTERY_CHANGED
04-13 11:38:32.564  2862  2862 D NetworkSpeedTracker: onReceive ACTION_BATTERY_CHANGED mBatteryLevel = 33;mIsCharging =true
04-13 11:38:32.564  4115  4115 I BatteryInfoReceiver: ACTION_BATTERY_CHANGED
04-13 11:38:32.565  6036  6536 D PowerCheckerService: onBatteryChanged, mBatteryLevel = 33, status = 2, level = 33, plug = 2, scale = 100
04-13 11:38:32.568  2862  2862 D DeviceStatisticsService: chargerType=2 batteryLevel=33 totalBatteryCapacity=4311800
04-13 11:38:32.573  2539  2539 D KeyguardUpdateMonitor: received broadcast android.intent.action.BATTERY_CHANGED
04-13 11:38:32.574  2862  2862 D NetworkSpeedTracker: receive actionandroid.intent.action.BATTERY_CHANGED
04-13 11:38:32.574  2862  2862 D NetworkSpeedTracker: onReceive ACTION_BATTERY_CHANGED mBatteryLevel = 33;mIsCharging =true
04-13 11:38:32.575  4115  4115 I BatteryInfoReceiver: ACTION_BATTERY_CHANGED
04-13 11:38:32.576  6036  6536 D PowerCheckerService: onBatteryChanged, mBatteryLevel = 33, status = 2, level = 33, plug = 2, scale = 100
04-13 11:38:32.578  2862  2862 D DeviceStatisticsService: chargerType=2 batteryLevel=33 totalBatteryCapacity=4311800
04-13 11:38:32.600   677 26591 E ResolverController: No valid NAT64 prefix (579, <unspecified>/0)
04-13 11:38:32.609  2539  2539 D KeyguardUpdateMonitor: received broadcast android.intent.action.BATTERY_CHANGED
04-13 11:38:32.609  2862  2862 D NetworkSpeedTracker: receive actionandroid.intent.action.BATTERY_CHANGED
04-13 11:38:32.609  2862  2862 D NetworkSpeedTracker: onReceive ACTION_BATTERY_CHANGED mBatteryLevel = 33;mIsCharging =true
04-13 11:38:32.610  4115  4115 I BatteryInfoReceiver: ACTION_BATTERY_CHANGED
04-13 11:38:32.611  6036  6536 D PowerCheckerService: onBatteryChanged, mBatteryLevel = 33, status = 2, level = 33, plug = 2, scale = 100
04-13 11:38:32.613  2862  2862 D DeviceStatisticsService: chargerType=2 batteryLevel=33 totalBatteryCapacity=4311800
04-13 11:38:32.619  2539  2539 D KeyguardUpdateMonitor: received broadcast android.intent.action.BATTERY_CHANGED
04-13 11:38:32.620  2862  2862 D NetworkSpeedTracker: receive actionandroid.intent.action.BATTERY_CHANGED
04-13 11:38:32.620  2862  2862 D NetworkSpeedTracker: onReceive ACTION_BATTERY_CHANGED mBatteryLevel = 33;mIsCharging =true
04-13 11:38:32.621  4115  4115 I BatteryInfoReceiver: ACTION_BATTERY_CHANGED
04-13 11:38:32.622  6036  6536 D PowerCheckerService: onBatteryChanged, mBatteryLevel = 33, status = 2, level = 33, plug = 2, scale = 100
04-13 11:38:32.623  2862  2862 D DeviceStatisticsService: chargerType=2 batteryLevel=33 totalBatteryCapacity=4311800
04-13 11:38:32.661  2539  2539 D KeyguardUpdateMonitor: received broadcast android.intent.action.BATTERY_CHANGED
04-13 11:38:32.663  2862  2862 D NetworkSpeedTracker: receive actionandroid.intent.action.BATTERY_CHANGED
04-13 11:38:32.663  2862  2862 D NetworkSpeedTracker: onReceive ACTION_BATTERY_CHANGED mBatteryLevel = 33;mIsCharging =true
04-13 11:38:32.666  4115  4115 I BatteryInfoReceiver: ACTION_BATTERY_CHANGED
04-13 11:38:32.670  6036  6536 D PowerCheckerService: onBatteryChanged, mBatteryLevel = 33, status = 2, level = 33, plug = 2, scale = 100
04-13 11:38:32.674  2862  2862 D DeviceStatisticsService: chargerType=2 batteryLevel=33 totalBatteryCapacity=4311800
04-13 11:38:32.684  2539  2539 D KeyguardUpdateMonitor: received broadcast android.intent.action.BATTERY_CHANGED
04-13 11:38:32.686  2862  2862 D NetworkSpeedTracker: receive actionandroid.intent.action.BATTERY_CHANGED
04-13 11:38:32.686  2862  2862 D NetworkSpeedTracker: onReceive ACTION_BATTERY_CHANGED mBatteryLevel = 33;mIsCharging =true
04-13 11:38:32.690  4115  4115 I BatteryInfoReceiver: ACTION_BATTERY_CHANGED
04-13 11:38:32.692  6036  6536 D PowerCheckerService: onBatteryChanged, mBatteryLevel = 33, status = 2, level = 33, plug = 2, scale = 100
04-13 11:38:32.703  2539  2539 D KeyguardUpdateMonitor: received broadcast android.intent.action.BATTERY_CHANGED
04-13 11:38:32.707  4115  4115 I BatteryInfoReceiver: ACTION_BATTERY_CHANGED
04-13 11:38:32.707  6036  6536 D PowerCheckerService: onBatteryChanged, mBatteryLevel = 33, status = 2, level = 33, plug = 2, scale = 100
04-13 11:38:32.711  2862  2862 D DeviceStatisticsService: chargerType=2 batteryLevel=33 totalBatteryCapacity=4311800
04-13 11:38:32.712  2862  2862 D NetworkSpeedTracker: receive actionandroid.intent.action.BATTERY_CHANGED
04-13 11:38:32.712  2862  2862 D NetworkSpeedTracker: onReceive ACTION_BATTERY_CHANGED mBatteryLevel = 33;mIsCharging =true
04-13 11:38:32.713  2862  2862 D DeviceStatisticsService: chargerType=2 batteryLevel=33 totalBatteryCapacity=4311800
04-13 11:38:32.718  2539  2539 D KeyguardUpdateMonitor: received broadcast android.intent.action.BATTERY_CHANGED
04-13 11:38:32.719  2862  2862 D NetworkSpeedTracker: receive actionandroid.intent.action.BATTERY_CHANGED
04-13 11:38:32.719  2862  2862 D NetworkSpeedTracker: onReceive ACTION_BATTERY_CHANGED mBatteryLevel = 33;mIsCharging =true
04-13 11:38:32.720  4115  4115 I BatteryInfoReceiver: ACTION_BATTERY_CHANGED
04-13 11:38:32.720  6036  6536 D PowerCheckerService: onBatteryChanged, mBatteryLevel = 33, status = 2, level = 33, plug = 2, scale = 100
04-13 11:38:32.722  2862  2862 D DeviceStatisticsService: chargerType=2 batteryLevel=33 totalBatteryCapacity=4311800
04-13 11:38:32.755  2862  2862 D NetworkSpeedTracker: receive actionandroid.intent.action.BATTERY_CHANGED
04-13 11:38:32.755  2862  2862 D NetworkSpeedTracker: onReceive ACTION_BATTERY_CHANGED mBatteryLevel = 33;mIsCharging =true
04-13 11:38:32.755  2539  2539 D KeyguardUpdateMonitor: received broadcast android.intent.action.BATTERY_CHANGED
04-13 11:38:32.756  4115  4115 I BatteryInfoReceiver: ACTION_BATTERY_CHANGED
04-13 11:38:32.758  6036  6536 D PowerCheckerService: onBatteryChanged, mBatteryLevel = 33, status = 2, level = 33, plug = 2, scale = 100
04-13 11:38:32.761  2862  2862 D DeviceStatisticsService: chargerType=2 batteryLevel=33 totalBatteryCapacity=4311800
04-13 11:38:32.770  2539  2539 D KeyguardUpdateMonitor: received broadcast android.intent.action.BATTERY_CHANGED
04-13 11:38:32.770  2862  2862 D NetworkSpeedTracker: receive actionandroid.intent.action.BATTERY_CHANGED
04-13 11:38:32.771  2862  2862 D NetworkSpeedTracker: onReceive ACTION_BATTERY_CHANGED mBatteryLevel = 33;mIsCharging =true
04-13 11:38:32.771  4115  4115 I BatteryInfoReceiver: ACTION_BATTERY_CHANGED
04-13 11:38:32.772  6036  6536 D PowerCheckerService: onBatteryChanged, mBatteryLevel = 33, status = 2, level = 33, plug = 2, scale = 100
04-13 11:38:32.775  2862  2862 D DeviceStatisticsService: chargerType=2 batteryLevel=33 totalBatteryCapacity=4311800
04-13 11:38:32.787  2539  2539 D KeyguardUpdateMonitor: received broadcast android.intent.action.BATTERY_CHANGED
04-13 11:38:32.788  2862  2862 D NetworkSpeedTracker: receive actionandroid.intent.action.BATTERY_CHANGED
04-13 11:38:32.788  2862  2862 D NetworkSpeedTracker: onReceive ACTION_BATTERY_CHANGED mBatteryLevel = 33;mIsCharging =true
04-13 11:38:32.789  4115  4115 I BatteryInfoReceiver: ACTION_BATTERY_CHANGED
04-13 11:38:32.790  6036  6536 D PowerCheckerService: onBatteryChanged, mBatteryLevel = 33, status = 2, level = 33, plug = 2, scale = 100
04-13 11:38:32.795  2862  2862 D DeviceStatisticsService: chargerType=2 batteryLevel=33 totalBatteryCapacity=4311800
04-13 11:38:32.798  2539  2539 D KeyguardUpdateMonitor: received broadcast android.intent.action.BATTERY_CHANGED
04-13 11:38:32.799  2862  2862 D NetworkSpeedTracker: receive actionandroid.intent.action.BATTERY_CHANGED
04-13 11:38:32.799  2862  2862 D NetworkSpeedTracker: onReceive ACTION_BATTERY_CHANGED mBatteryLevel = 33;mIsCharging =true
04-13 11:38:32.800  4115  4115 I BatteryInfoReceiver: ACTION_BATTERY_CHANGED
04-13 11:38:32.800  6036  6536 D PowerCheckerService: onBatteryChanged, mBatteryLevel = 33, status = 2, level = 33, plug = 2, scale = 100
04-13 11:38:32.802  2862  2862 D DeviceStatisticsService: chargerType=2 batteryLevel=33 totalBatteryCapacity=4311800
04-13 11:38:32.831  2539  2539 D KeyguardUpdateMonitor: received broadcast android.intent.action.BATTERY_CHANGED
04-13 11:38:32.832  2862  2862 D NetworkSpeedTracker: receive actionandroid.intent.action.BATTERY_CHANGED
04-13 11:38:32.832  2862  2862 D NetworkSpeedTracker: onReceive ACTION_BATTERY_CHANGED mBatteryLevel = 33;mIsCharging =true
04-13 11:38:32.834  4115  4115 I BatteryInfoReceiver: ACTION_BATTERY_CHANGED
04-13 11:38:32.836  6036  6536 D PowerCheckerService: onBatteryChanged, mBatteryLevel = 33, status = 2, level = 33, plug = 2, scale = 100
04-13 11:38:32.850  2862  2862 D DeviceStatisticsService: chargerType=2 batteryLevel=33 totalBatteryCapacity=4311800
04-13 11:38:32.854  2539  2539 D KeyguardUpdateMonitor: received broadcast android.intent.action.BATTERY_CHANGED
04-13 11:38:32.854  2862  2862 D NetworkSpeedTracker: receive actionandroid.intent.action.BATTERY_CHANGED
04-13 11:38:32.854  2862  2862 D NetworkSpeedTracker: onReceive ACTION_BATTERY_CHANGED mBatteryLevel = 33;mIsCharging =true
04-13 11:38:32.855  4115  4115 I BatteryInfoReceiver: ACTION_BATTERY_CHANGED
04-13 11:38:32.857  6036  6536 D PowerCheckerService: onBatteryChanged, mBatteryLevel = 33, status = 2, level = 33, plug = 2, scale = 100
04-13 11:38:32.859  2862  2862 D DeviceStatisticsService: chargerType=2 batteryLevel=33 totalBatteryCapacity=4311800
04-13 11:38:32.874  2539  2539 D KeyguardUpdateMonitor: received broadcast android.intent.action.BATTERY_CHANGED
04-13 11:38:32.875  2862  2862 D NetworkSpeedTracker: receive actionandroid.intent.action.BATTERY_CHANGED
04-13 11:38:32.875  2862  2862 D NetworkSpeedTracker: onReceive ACTION_BATTERY_CHANGED mBatteryLevel = 33;mIsCharging =true
04-13 11:38:32.878  4115  4115 I BatteryInfoReceiver: ACTION_BATTERY_CHANGED
04-13 11:38:32.879  6036  6536 D PowerCheckerService: onBatteryChanged, mBatteryLevel = 33, status = 2, level = 33, plug = 2, scale = 100
04-13 11:38:32.885  2862  2862 D DeviceStatisticsService: chargerType=2 batteryLevel=33 totalBatteryCapacity=4311800
04-13 11:38:32.888  2539  2539 D KeyguardUpdateMonitor: received broadcast android.intent.action.BATTERY_CHANGED
04-13 11:38:32.890  2862  2862 D NetworkSpeedTracker: receive actionandroid.intent.action.BATTERY_CHANGED
04-13 11:38:32.890  2862  2862 D NetworkSpeedTracker: onReceive ACTION_BATTERY_CHANGED mBatteryLevel = 33;mIsCharging =true
04-13 11:38:32.891  4115  4115 I BatteryInfoReceiver: ACTION_BATTERY_CHANGED
04-13 11:38:32.892  6036  6536 D PowerCheckerService: onBatteryChanged, mBatteryLevel = 33, status = 2, level = 33, plug = 2, scale = 100
04-13 11:38:32.893  2862  2862 D DeviceStatisticsService: chargerType=2 batteryLevel=33 totalBatteryCapacity=4311800
04-13 11:38:32.923  2539  2539 D KeyguardUpdateMonitor: received broadcast android.intent.action.BATTERY_CHANGED
04-13 11:38:32.923  2862  2862 D NetworkSpeedTracker: receive actionandroid.intent.action.BATTERY_CHANGED
04-13 11:38:32.923  2862  2862 D NetworkSpeedTracker: onReceive ACTION_BATTERY_CHANGED mBatteryLevel = 33;mIsCharging =true
04-13 11:38:32.925  4115  4115 I BatteryInfoReceiver: ACTION_BATTERY_CHANGED
04-13 11:38:32.926  6036  6536 D PowerCheckerService: onBatteryChanged, mBatteryLevel = 33, status = 2, level = 33, plug = 2, scale = 100
04-13 11:38:32.928   787 25535 I vendor.qti.bluetooth@1.0-ibs_handler: ProcessIbsCmd: Received IBS_WAKE_IND: 0xFD
04-13 11:38:32.928   787 25535 D vendor.qti.bluetooth@1.0-ibs_handler: SerialClockVote: vote for UART CLK ON
04-13 11:38:32.929   787 25535 D vendor.qti.bluetooth@1.0-wake_lock: Acquire wakelock is acquired
04-13 11:38:32.929   787 25535 I vendor.qti.bluetooth@1.0-ibs_handler: ProcessIbsCmd: Writing IBS_WAKE_ACK
04-13 11:38:32.930 25409 25538 V bt_stack: [VERBOSE1:btm_ble_gap.cc(1923)] btm_ble_process_ext_adv_pkt: bda=b8:27:c5:3e:9e:57
04-13 11:38:32.930 25409 25538 V bt_stack: [VERBOSE1:btm_ble_gap.cc(1847)] btm_ble_process_adv_addr: bda=b8:27:c5:3e:9e:57
04-13 11:38:32.930  2862  2862 D DeviceStatisticsService: chargerType=2 batteryLevel=33 totalBatteryCapacity=4311800
04-13 11:38:32.930 25409 25538 V bt_stack: [VERBOSE1:btm_inq.cc(1019)] BTM_InqDbRead: bd addr b8:27:c5:3e:9e:57
04-13 11:38:32.932 25409 25447 D BluetoothUtils: blockedByLocationOff callingUid=1002
04-13 11:38:32.935 25409 25447 I BluetoothUtils: packagename is android.uid.bluetooth:1002 ,and its permission is false
04-13 11:38:32.936  2539  2539 D KeyguardUpdateMonitor: received broadcast android.intent.action.BATTERY_CHANGED
04-13 11:38:32.937  2862  2862 D NetworkSpeedTracker: receive actionandroid.intent.action.BATTERY_CHANGED
04-13 11:38:32.937  2862  2862 D NetworkSpeedTracker: onReceive ACTION_BATTERY_CHANGED mBatteryLevel = 33;mIsCharging =true
04-13 11:38:32.938  4115  4115 I BatteryInfoReceiver: ACTION_BATTERY_CHANGED
04-13 11:38:32.940  6036  6536 D PowerCheckerService: onBatteryChanged, mBatteryLevel = 33, status = 2, level = 33, plug = 2, scale = 100
04-13 11:38:32.942  2862  2862 D DeviceStatisticsService: chargerType=2 batteryLevel=33 totalBatteryCapacity=4311800
04-13 11:38:32.963  2539  2539 D KeyguardUpdateMonitor: received broadcast android.intent.action.BATTERY_CHANGED
04-13 11:38:32.963  2862  2862 D NetworkSpeedTracker: receive actionandroid.intent.action.BATTERY_CHANGED
04-13 11:38:32.964  2862  2862 D NetworkSpeedTracker: onReceive ACTION_BATTERY_CHANGED mBatteryLevel = 33;mIsCharging =true
04-13 11:38:32.964  4115  4115 I BatteryInfoReceiver: ACTION_BATTERY_CHANGED
04-13 11:38:32.965  6036  6536 D PowerCheckerService: onBatteryChanged, mBatteryLevel = 33, status = 2, level = 33, plug = 2, scale = 100
04-13 11:38:32.969  2862  2862 D DeviceStatisticsService: chargerType=2 batteryLevel=33 totalBatteryCapacity=4311800
04-13 11:38:32.974  2539  2539 D KeyguardUpdateMonitor: received broadcast android.intent.action.BATTERY_CHANGED
04-13 11:38:32.975  2862  2862 D NetworkSpeedTracker: receive actionandroid.intent.action.BATTERY_CHANGED
04-13 11:38:32.975  2862  2862 D NetworkSpeedTracker: onReceive ACTION_BATTERY_CHANGED mBatteryLevel = 33;mIsCharging =true
04-13 11:38:32.976  4115  4115 I BatteryInfoReceiver: ACTION_BATTERY_CHANGED
04-13 11:38:32.977  6036  6536 D PowerCheckerService: onBatteryChanged, mBatteryLevel = 33, status = 2, level = 33, plug = 2, scale = 100
04-13 11:38:32.980  2862  2862 D DeviceStatisticsService: chargerType=2 batteryLevel=33 totalBatteryCapacity=4311800
04-13 11:38:33.009  2539  2539 D KeyguardUpdateMonitor: received broadcast android.intent.action.BATTERY_CHANGED
04-13 11:38:33.010   787 25535 I vendor.qti.bluetooth@1.0-ibs_handler: ProcessIbsCmd: Received IBS_SLEEP_IND: 0xFE
04-13 11:38:33.010   787 25535 D vendor.qti.bluetooth@1.0-ibs_handler: SerialClockVote: vote for UART CLK OFF
04-13 11:38:33.010  2862  2862 D NetworkSpeedTracker: receive actionandroid.intent.action.BATTERY_CHANGED
04-13 11:38:33.011  2862  2862 D NetworkSpeedTracker: onReceive ACTION_BATTERY_CHANGED mBatteryLevel = 33;mIsCharging =true
04-13 11:38:33.011  4115  4115 I BatteryInfoReceiver: ACTION_BATTERY_CHANGED
04-13 11:38:33.012  6036  6536 D PowerCheckerService: onBatteryChanged, mBatteryLevel = 33, status = 2, level = 33, plug = 2, scale = 100
04-13 11:38:33.022  2862  2862 D DeviceStatisticsService: chargerType=2 batteryLevel=33 totalBatteryCapacity=4311800
04-13 11:38:33.027  2539  2539 D KeyguardUpdateMonitor: received broadcast android.intent.action.BATTERY_CHANGED
04-13 11:38:33.027  2862  2862 D NetworkSpeedTracker: receive actionandroid.intent.action.BATTERY_CHANGED
04-13 11:38:33.027  2862  2862 D NetworkSpeedTracker: onReceive ACTION_BATTERY_CHANGED mBatteryLevel = 33;mIsCharging =true
04-13 11:38:33.028  4115  4115 I BatteryInfoReceiver: ACTION_BATTERY_CHANGED
04-13 11:38:33.029  6036  6536 D PowerCheckerService: onBatteryChanged, mBatteryLevel = 33, status = 2, level = 33, plug = 2, scale = 100
04-13 11:38:33.032  2862  2862 D DeviceStatisticsService: chargerType=2 batteryLevel=33 totalBatteryCapacity=4311800
04-13 11:38:33.056  2539  2539 D KeyguardUpdateMonitor: received broadcast android.intent.action.BATTERY_CHANGED
04-13 11:38:33.057  2862  2862 D NetworkSpeedTracker: receive actionandroid.intent.action.BATTERY_CHANGED
04-13 11:38:33.057  2862  2862 D NetworkSpeedTracker: onReceive ACTION_BATTERY_CHANGED mBatteryLevel = 33;mIsCharging =true
04-13 11:38:33.059  4115  4115 I BatteryInfoReceiver: ACTION_BATTERY_CHANGED
04-13 11:38:33.060  6036  6536 D PowerCheckerService: onBatteryChanged, mBatteryLevel = 33, status = 2, level = 33, plug = 2, scale = 100
04-13 11:38:33.062  2862  2862 D DeviceStatisticsService: chargerType=2 batteryLevel=33 totalBatteryCapacity=4311800
04-13 11:38:33.070  2539  2539 D KeyguardUpdateMonitor: received broadcast android.intent.action.BATTERY_CHANGED
04-13 11:38:33.070  2862  2862 D NetworkSpeedTracker: receive actionandroid.intent.action.BATTERY_CHANGED
04-13 11:38:33.071  2862  2862 D NetworkSpeedTracker: onReceive ACTION_BATTERY_CHANGED mBatteryLevel = 33;mIsCharging =true
04-13 11:38:33.071  4115  4115 I BatteryInfoReceiver: ACTION_BATTERY_CHANGED
04-13 11:38:33.073  6036  6536 D PowerCheckerService: onBatteryChanged, mBatteryLevel = 33, status = 2, level = 33, plug = 2, scale = 100
04-13 11:38:33.074  2862  2862 D DeviceStatisticsService: chargerType=2 batteryLevel=33 totalBatteryCapacity=4311800
04-13 11:38:33.094  2539  2539 D KeyguardUpdateMonitor: received broadcast android.intent.action.BATTERY_CHANGED
04-13 11:38:33.095  2862  2862 D NetworkSpeedTracker: receive actionandroid.intent.action.BATTERY_CHANGED
04-13 11:38:33.095  2862  2862 D NetworkSpeedTracker: onReceive ACTION_BATTERY_CHANGED mBatteryLevel = 33;mIsCharging =true
04-13 11:38:33.097  4115  4115 I BatteryInfoReceiver: ACTION_BATTERY_CHANGED
04-13 11:38:33.098  6036  6536 D PowerCheckerService: onBatteryChanged, mBatteryLevel = 33, status = 2, level = 33, plug = 2, scale = 100
04-13 11:38:33.101  2862  2862 D DeviceStatisticsService: chargerType=2 batteryLevel=33 totalBatteryCapacity=4311800
04-13 11:38:33.104  2539  2539 D KeyguardUpdateMonitor: received broadcast android.intent.action.BATTERY_CHANGED
04-13 11:38:33.104  2862  2862 D NetworkSpeedTracker: receive actionandroid.intent.action.BATTERY_CHANGED
04-13 11:38:33.104  2862  2862 D NetworkSpeedTracker: onReceive ACTION_BATTERY_CHANGED mBatteryLevel = 33;mIsCharging =true
04-13 11:38:33.106  4115  4115 I BatteryInfoReceiver: ACTION_BATTERY_CHANGED
04-13 11:38:33.107  6036  6536 D PowerCheckerService: onBatteryChanged, mBatteryLevel = 33, status = 2, level = 33, plug = 2, scale = 100
04-13 11:38:33.108  2862  2862 D DeviceStatisticsService: chargerType=2 batteryLevel=33 totalBatteryCapacity=4311800
04-13 11:38:33.157  2539  2539 D KeyguardUpdateMonitor: received broadcast android.intent.action.BATTERY_CHANGED
04-13 11:38:33.158  2862  2862 D NetworkSpeedTracker: receive actionandroid.intent.action.BATTERY_CHANGED
04-13 11:38:33.158  2862  2862 D NetworkSpeedTracker: onReceive ACTION_BATTERY_CHANGED mBatteryLevel = 33;mIsCharging =true
04-13 11:38:33.160   787 25463 D vendor.qti.bluetooth@1.0-wake_lock: Release wakelock is released
04-13 11:38:33.160  4115  4115 I BatteryInfoReceiver: ACTION_BATTERY_CHANGED
04-13 11:38:33.162  6036  6536 D PowerCheckerService: onBatteryChanged, mBatteryLevel = 33, status = 2, level = 33, plug = 2, scale = 100
04-13 11:38:33.165  2862  2862 D DeviceStatisticsService: chargerType=2 batteryLevel=33 totalBatteryCapacity=4311800
04-13 11:38:33.174  2539  2539 D KeyguardUpdateMonitor: received broadcast android.intent.action.BATTERY_CHANGED
04-13 11:38:33.175  2862  2862 D NetworkSpeedTracker: receive actionandroid.intent.action.BATTERY_CHANGED
04-13 11:38:33.175  2862  2862 D NetworkSpeedTracker: onReceive ACTION_BATTERY_CHANGED mBatteryLevel = 33;mIsCharging =true
04-13 11:38:33.179  4115  4115 I BatteryInfoReceiver: ACTION_BATTERY_CHANGED
04-13 11:38:33.179  6036  6536 D PowerCheckerService: onBatteryChanged, mBatteryLevel = 33, status = 2, level = 33, plug = 2, scale = 100
04-13 11:38:33.184  2862  2862 D DeviceStatisticsService: chargerType=2 batteryLevel=33 totalBatteryCapacity=4311800
04-13 11:38:33.194  2539  2539 D KeyguardUpdateMonitor: received broadcast android.intent.action.BATTERY_CHANGED
04-13 11:38:33.195  2862  2862 D NetworkSpeedTracker: receive actionandroid.intent.action.BATTERY_CHANGED
04-13 11:38:33.195  2862  2862 D NetworkSpeedTracker: onReceive ACTION_BATTERY_CHANGED mBatteryLevel = 33;mIsCharging =true
04-13 11:38:33.195  4115  4115 I BatteryInfoReceiver: ACTION_BATTERY_CHANGED
04-13 11:38:33.197  6036  6536 D PowerCheckerService: onBatteryChanged, mBatteryLevel = 33, status = 2, level = 33, plug = 2, scale = 100
04-13 11:38:33.199  2862  2862 D DeviceStatisticsService: chargerType=2 batteryLevel=33 totalBatteryCapacity=4311800
04-13 11:38:33.206  2539  2539 D KeyguardUpdateMonitor: received broadcast android.intent.action.BATTERY_CHANGED
04-13 11:38:33.207  2862  2862 D NetworkSpeedTracker: receive actionandroid.intent.action.BATTERY_CHANGED
04-13 11:38:33.207  2862  2862 D NetworkSpeedTracker: onReceive ACTION_BATTERY_CHANGED mBatteryLevel = 33;mIsCharging =true
04-13 11:38:33.208  4115  4115 I BatteryInfoReceiver: ACTION_BATTERY_CHANGED
04-13 11:38:33.209  6036  6536 D PowerCheckerService: onBatteryChanged, mBatteryLevel = 33, status = 2, level = 33, plug = 2, scale = 100
04-13 11:38:33.210  2862  2862 D DeviceStatisticsService: chargerType=2 batteryLevel=33 totalBatteryCapacity=4311800
04-13 11:38:33.219   796   796 W health@2.0-serv: type=1400 audit(0.0:2490666): avc: denied { read } for name="type" dev="sysfs" ino=55635 scontext=u:r:hal_health_default:s0 tcontext=u:object_r:sysfs:s0 tclass=file permissive=0
04-13 11:38:33.227  2539  2539 D KeyguardUpdateMonitor: received broadcast android.intent.action.BATTERY_CHANGED
04-13 11:38:33.228  2862  2862 D NetworkSpeedTracker: receive actionandroid.intent.action.BATTERY_CHANGED
04-13 11:38:33.228  2862  2862 D NetworkSpeedTracker: onReceive ACTION_BATTERY_CHANGED mBatteryLevel = 33;mIsCharging =true
04-13 11:38:33.229  4115  4115 I BatteryInfoReceiver: ACTION_BATTERY_CHANGED
04-13 11:38:33.227   796   796 W health@2.0-serv: type=1400 audit(0.0:2490667): avc: denied { read } for name="type" dev="sysfs" ino=55635 scontext=u:r:hal_health_default:s0 tcontext=u:object_r:sysfs:s0 tclass=file permissive=0
04-13 11:38:33.230  6036  6536 D PowerCheckerService: onBatteryChanged, mBatteryLevel = 33, status = 2, level = 33, plug = 2, scale = 100
04-13 11:38:33.233  2862  2862 D DeviceStatisticsService: chargerType=2 batteryLevel=33 totalBatteryCapacity=4311800
04-13 11:38:33.239  2539  2539 D KeyguardUpdateMonitor: received broadcast android.intent.action.BATTERY_CHANGED
04-13 11:38:33.239  2862  2862 D NetworkSpeedTracker: receive actionandroid.intent.action.BATTERY_CHANGED
04-13 11:38:33.239  2862  2862 D NetworkSpeedTracker: onReceive ACTION_BATTERY_CHANGED mBatteryLevel = 33;mIsCharging =true
04-13 11:38:33.241  4115  4115 I BatteryInfoReceiver: ACTION_BATTERY_CHANGED
04-13 11:38:33.242  6036  6536 D PowerCheckerService: onBatteryChanged, mBatteryLevel = 33, status = 2, level = 33, plug = 2, scale = 100
04-13 11:38:33.243  2862  2862 D DeviceStatisticsService: chargerType=2 batteryLevel=33 totalBatteryCapacity=4311800
04-13 11:38:33.275   796   796 W health@2.0-serv: type=1400 audit(0.0:2490668): avc: denied { read } for name="type" dev="sysfs" ino=55635 scontext=u:r:hal_health_default:s0 tcontext=u:object_r:sysfs:s0 tclass=file permissive=0
04-13 11:38:33.287  2539  2539 D KeyguardUpdateMonitor: received broadcast android.intent.action.BATTERY_CHANGED
04-13 11:38:33.283   796   796 W health@2.0-serv: type=1400 audit(0.0:2490669): avc: denied { read } for name="type" dev="sysfs" ino=55635 scontext=u:r:hal_health_default:s0 tcontext=u:object_r:sysfs:s0 tclass=file permissive=0
04-13 11:38:33.288  2862  2862 D NetworkSpeedTracker: receive actionandroid.intent.action.BATTERY_CHANGED
04-13 11:38:33.289  2862  2862 D NetworkSpeedTracker: onReceive ACTION_BATTERY_CHANGED mBatteryLevel = 33;mIsCharging =true
04-13 11:38:33.291  4115  4115 I BatteryInfoReceiver: ACTION_BATTERY_CHANGED
04-13 11:38:33.294  6036  6536 D PowerCheckerService: onBatteryChanged, mBatteryLevel = 33, status = 2, level = 33, plug = 2, scale = 100
04-13 11:38:33.300  2862  2862 D DeviceStatisticsService: chargerType=2 batteryLevel=33 totalBatteryCapacity=4311800
04-13 11:38:33.308  2539  2539 D KeyguardUpdateMonitor: received broadcast android.intent.action.BATTERY_CHANGED
04-13 11:38:33.309  2862  2862 D NetworkSpeedTracker: receive actionandroid.intent.action.BATTERY_CHANGED
04-13 11:38:33.309  2862  2862 D NetworkSpeedTracker: onReceive ACTION_BATTERY_CHANGED mBatteryLevel = 33;mIsCharging =true
04-13 11:38:33.310  4115  4115 I BatteryInfoReceiver: ACTION_BATTERY_CHANGED
04-13 11:38:33.314  6036  6536 D PowerCheckerService: onBatteryChanged, mBatteryLevel = 33, status = 2, level = 33, plug = 2, scale = 100
04-13 11:38:33.319   796   796 W health@2.0-serv: type=1400 audit(0.0:2490670): avc: denied { read } for name="type" dev="sysfs" ino=55635 scontext=u:r:hal_health_default:s0 tcontext=u:object_r:sysfs:s0 tclass=file permissive=0
04-13 11:38:33.328  2539  2539 D KeyguardUpdateMonitor: received broadcast android.intent.action.BATTERY_CHANGED
04-13 11:38:33.328  2862  2862 D DeviceStatisticsService: chargerType=2 batteryLevel=33 totalBatteryCapacity=4311800
04-13 11:38:33.328  2862  2862 D NetworkSpeedTracker: receive actionandroid.intent.action.BATTERY_CHANGED
04-13 11:38:33.328  2862  2862 D NetworkSpeedTracker: onReceive ACTION_BATTERY_CHANGED mBatteryLevel = 33;mIsCharging =true
04-13 11:38:33.330  4115  4115 I BatteryInfoReceiver: ACTION_BATTERY_CHANGED
04-13 11:38:33.331  6036  6536 D PowerCheckerService: onBatteryChanged, mBatteryLevel = 33, status = 2, level = 33, plug = 2, scale = 100
04-13 11:38:33.332  2862  2862 D DeviceStatisticsService: chargerType=2 batteryLevel=33 totalBatteryCapacity=4311800
04-13 11:38:33.339  2539  2539 D KeyguardUpdateMonitor: received broadcast android.intent.action.BATTERY_CHANGED
04-13 11:38:33.339  2862  2862 D NetworkSpeedTracker: receive actionandroid.intent.action.BATTERY_CHANGED
04-13 11:38:33.339  2862  2862 D NetworkSpeedTracker: onReceive ACTION_BATTERY_CHANGED mBatteryLevel = 33;mIsCharging =true
04-13 11:38:33.340  4115  4115 I BatteryInfoReceiver: ACTION_BATTERY_CHANGED
04-13 11:38:33.341  6036  6536 D PowerCheckerService: onBatteryChanged, mBatteryLevel = 33, status = 2, level = 33, plug = 2, scale = 100
04-13 11:38:33.343  2862  2862 D DeviceStatisticsService: chargerType=2 batteryLevel=33 totalBatteryCapacity=4311800
04-13 11:38:33.363  2862  2862 D NetworkSpeedTracker: receive actionandroid.intent.action.BATTERY_CHANGED
04-13 11:38:33.363  2539  2539 D KeyguardUpdateMonitor: received broadcast android.intent.action.BATTERY_CHANGED
04-13 11:38:33.363  2862  2862 D NetworkSpeedTracker: onReceive ACTION_BATTERY_CHANGED mBatteryLevel = 33;mIsCharging =true
04-13 11:38:33.364  4115  4115 I BatteryInfoReceiver: ACTION_BATTERY_CHANGED
04-13 11:38:33.365  6036  6536 D PowerCheckerService: onBatteryChanged, mBatteryLevel = 33, status = 2, level = 33, plug = 2, scale = 100
04-13 11:38:33.372  2862  2862 D DeviceStatisticsService: chargerType=2 batteryLevel=33 totalBatteryCapacity=4311800
04-13 11:38:33.374  2539  2539 D KeyguardUpdateMonitor: received broadcast android.intent.action.BATTERY_CHANGED
04-13 11:38:33.375  2862  2862 D NetworkSpeedTracker: receive actionandroid.intent.action.BATTERY_CHANGED
04-13 11:38:33.375  2862  2862 D NetworkSpeedTracker: onReceive ACTION_BATTERY_CHANGED mBatteryLevel = 33;mIsCharging =true
04-13 11:38:33.377  4115  4115 I BatteryInfoReceiver: ACTION_BATTERY_CHANGED
04-13 11:38:33.377  6036  6536 D PowerCheckerService: onBatteryChanged, mBatteryLevel = 33, status = 2, level = 33, plug = 2, scale = 100
04-13 11:38:33.379  2862  2862 D DeviceStatisticsService: chargerType=2 batteryLevel=33 totalBatteryCapacity=4311800
04-13 11:38:33.407  2539  2539 D KeyguardUpdateMonitor: received broadcast android.intent.action.BATTERY_CHANGED
04-13 11:38:33.408  2862  2862 D NetworkSpeedTracker: receive actionandroid.intent.action.BATTERY_CHANGED
04-13 11:38:33.408  2862  2862 D NetworkSpeedTracker: onReceive ACTION_BATTERY_CHANGED mBatteryLevel = 33;mIsCharging =true
04-13 11:38:33.409  4115  4115 I BatteryInfoReceiver: ACTION_BATTERY_CHANGED
04-13 11:38:33.411  6036  6536 D PowerCheckerService: onBatteryChanged, mBatteryLevel = 33, status = 2, level = 33, plug = 2, scale = 100
04-13 11:38:33.413  2862  2862 D DeviceStatisticsService: chargerType=2 batteryLevel=33 totalBatteryCapacity=4311800
04-13 11:38:33.420  2539  2539 D KeyguardUpdateMonitor: received broadcast android.intent.action.BATTERY_CHANGED
04-13 11:38:33.422  2862  2862 D NetworkSpeedTracker: receive actionandroid.intent.action.BATTERY_CHANGED
04-13 11:38:33.422  2862  2862 D NetworkSpeedTracker: onReceive ACTION_BATTERY_CHANGED mBatteryLevel = 33;mIsCharging =true
04-13 11:38:33.423  4115  4115 I BatteryInfoReceiver: ACTION_BATTERY_CHANGED
04-13 11:38:33.424  6036  6536 D PowerCheckerService: onBatteryChanged, mBatteryLevel = 33, status = 2, level = 33, plug = 2, scale = 100
04-13 11:38:33.426  2862  2862 D DeviceStatisticsService: chargerType=2 batteryLevel=33 totalBatteryCapacity=4311800
04-13 11:38:33.457  2539  2539 D KeyguardUpdateMonitor: received broadcast android.intent.action.BATTERY_CHANGED
04-13 11:38:33.458  2862  2862 D NetworkSpeedTracker: receive actionandroid.intent.action.BATTERY_CHANGED
04-13 11:38:33.458  2862  2862 D NetworkSpeedTracker: onReceive ACTION_BATTERY_CHANGED mBatteryLevel = 33;mIsCharging =true
04-13 11:38:33.461  6036  6536 D PowerCheckerService: onBatteryChanged, mBatteryLevel = 33, status = 2, level = 33, plug = 2, scale = 100
04-13 11:38:33.462  4115  4115 I BatteryInfoReceiver: ACTION_BATTERY_CHANGED
04-13 11:38:33.462  2862  2862 D DeviceStatisticsService: chargerType=2 batteryLevel=33 totalBatteryCapacity=4311800
04-13 11:38:33.466   813  1035 I SDM     : CompManager::ProcessIdleTimeout: QIPL idle time
04-13 11:38:33.466   813  1035 I SDM     : HWEventsDRM::HandleIdleTimeout: Received Enter Idle event
04-13 11:38:33.471  2539  2539 D KeyguardUpdateMonitor: received broadcast android.intent.action.BATTERY_CHANGED
04-13 11:38:33.473  2862  2862 D NetworkSpeedTracker: receive actionandroid.intent.action.BATTERY_CHANGED
04-13 11:38:33.473  2862  2862 D NetworkSpeedTracker: onReceive ACTION_BATTERY_CHANGED mBatteryLevel = 33;mIsCharging =true
04-13 11:38:33.474  4115  4115 I BatteryInfoReceiver: ACTION_BATTERY_CHANGED
04-13 11:38:33.474  6036  6536 D PowerCheckerService: onBatteryChanged, mBatteryLevel = 33, status = 2, level = 33, plug = 2, scale = 100
04-13 11:38:33.477  2862  2862 D DeviceStatisticsService: chargerType=2 batteryLevel=33 totalBatteryCapacity=4311800
04-13 11:38:33.494  2539  2539 D KeyguardUpdateMonitor: received broadcast android.intent.action.BATTERY_CHANGED
04-13 11:38:33.495  2862  2862 D NetworkSpeedTracker: receive actionandroid.intent.action.BATTERY_CHANGED
04-13 11:38:33.495  2862  2862 D NetworkSpeedTracker: onReceive ACTION_BATTERY_CHANGED mBatteryLevel = 33;mIsCharging =true
04-13 11:38:33.496  4115  4115 I BatteryInfoReceiver: ACTION_BATTERY_CHANGED
04-13 11:38:33.497  6036  6536 D PowerCheckerService: onBatteryChanged, mBatteryLevel = 33, status = 2, level = 33, plug = 2, scale = 100
04-13 11:38:33.499  2862  2862 D DeviceStatisticsService: chargerType=2 batteryLevel=33 totalBatteryCapacity=4311800
04-13 11:38:33.559  2539  2539 D KeyguardUpdateMonitor: received broadcast android.intent.action.BATTERY_CHANGED
04-13 11:38:33.560  2862  2862 D NetworkSpeedTracker: receive actionandroid.intent.action.BATTERY_CHANGED
04-13 11:38:33.561  2862  2862 D NetworkSpeedTracker: onReceive ACTION_BATTERY_CHANGED mBatteryLevel = 33;mIsCharging =true
04-13 11:38:33.563  4115  4115 I BatteryInfoReceiver: ACTION_BATTERY_CHANGED
04-13 11:38:33.567  6036  6536 D PowerCheckerService: onBatteryChanged, mBatteryLevel = 33, status = 2, level = 33, plug = 2, scale = 100
04-13 11:38:33.570  2862  2862 D DeviceStatisticsService: chargerType=2 batteryLevel=33 totalBatteryCapacity=4311800
04-13 11:38:33.588  2539  2539 D KeyguardUpdateMonitor: received broadcast android.intent.action.BATTERY_CHANGED
04-13 11:38:33.590  2862  2862 D NetworkSpeedTracker: receive actionandroid.intent.action.BATTERY_CHANGED
04-13 11:38:33.590  2862  2862 D NetworkSpeedTracker: onReceive ACTION_BATTERY_CHANGED mBatteryLevel = 33;mIsCharging =true
04-13 11:38:33.592  4115  4115 I BatteryInfoReceiver: ACTION_BATTERY_CHANGED
04-13 11:38:33.595  6036  6536 D PowerCheckerService: onBatteryChanged, mBatteryLevel = 33, status = 2, level = 33, plug = 2, scale = 100
04-13 11:38:33.602  2862  2862 D DeviceStatisticsService: chargerType=2 batteryLevel=33 totalBatteryCapacity=4311800
04-13 11:38:33.605  2539  2539 D KeyguardUpdateMonitor: received broadcast android.intent.action.BATTERY_CHANGED
04-13 11:38:33.606  2862  2862 D NetworkSpeedTracker: receive actionandroid.intent.action.BATTERY_CHANGED
04-13 11:38:33.606  2862  2862 D NetworkSpeedTracker: onReceive ACTION_BATTERY_CHANGED mBatteryLevel = 33;mIsCharging =true
04-13 11:38:33.607  4115  4115 I BatteryInfoReceiver: ACTION_BATTERY_CHANGED
04-13 11:38:33.609  2862  2862 D DeviceStatisticsService: chargerType=2 batteryLevel=33 totalBatteryCapacity=4311800
04-13 11:38:33.611  6036  6536 D PowerCheckerService: onBatteryChanged, mBatteryLevel = 33, status = 2, level = 33, plug = 2, scale = 100
04-13 11:38:33.618  2539  2539 D KeyguardUpdateMonitor: received broadcast android.intent.action.BATTERY_CHANGED
04-13 11:38:33.618  2862  2862 D NetworkSpeedTracker: receive actionandroid.intent.action.BATTERY_CHANGED
04-13 11:38:33.618  2862  2862 D NetworkSpeedTracker: onReceive ACTION_BATTERY_CHANGED mBatteryLevel = 33;mIsCharging =true
04-13 11:38:33.621  6036  6536 D PowerCheckerService: onBatteryChanged, mBatteryLevel = 33, status = 2, level = 33, plug = 2, scale = 100
04-13 11:38:33.623  4115  4115 I BatteryInfoReceiver: ACTION_BATTERY_CHANGED
04-13 11:38:33.630  2862  2862 D DeviceStatisticsService: chargerType=2 batteryLevel=33 totalBatteryCapacity=4311800
04-13 11:38:33.633  2539  2539 D KeyguardUpdateMonitor: received broadcast android.intent.action.BATTERY_CHANGED
04-13 11:38:33.633  2862  2862 D NetworkSpeedTracker: receive actionandroid.intent.action.BATTERY_CHANGED
04-13 11:38:33.633  2862  2862 D NetworkSpeedTracker: onReceive ACTION_BATTERY_CHANGED mBatteryLevel = 33;mIsCharging =true
04-13 11:38:33.634  4115  4115 I BatteryInfoReceiver: ACTION_BATTERY_CHANGED
04-13 11:38:33.635  6036  6536 D PowerCheckerService: onBatteryChanged, mBatteryLevel = 33, status = 2, level = 33, plug = 2, scale = 100
04-13 11:38:33.637  2862  2862 D DeviceStatisticsService: chargerType=2 batteryLevel=33 totalBatteryCapacity=4311800
04-13 11:38:33.641  2539  2539 D KeyguardUpdateMonitor: received broadcast android.intent.action.BATTERY_CHANGED
04-13 11:38:33.641  4115  4115 I BatteryInfoReceiver: ACTION_BATTERY_CHANGED
04-13 11:38:33.642  2862  2862 D NetworkSpeedTracker: receive actionandroid.intent.action.BATTERY_CHANGED
04-13 11:38:33.642  2862  2862 D NetworkSpeedTracker: onReceive ACTION_BATTERY_CHANGED mBatteryLevel = 33;mIsCharging =true
04-13 11:38:33.642  6036  6536 D PowerCheckerService: onBatteryChanged, mBatteryLevel = 33, status = 2, level = 33, plug = 2, scale = 100
04-13 11:38:33.644  2862  2862 D DeviceStatisticsService: chargerType=2 batteryLevel=33 totalBatteryCapacity=4311800
04-13 11:38:33.677  2539  2539 D KeyguardUpdateMonitor: received broadcast android.intent.action.BATTERY_CHANGED
04-13 11:38:33.678  2862  2862 D NetworkSpeedTracker: receive actionandroid.intent.action.BATTERY_CHANGED
04-13 11:38:33.678  2862  2862 D NetworkSpeedTracker: onReceive ACTION_BATTERY_CHANGED mBatteryLevel = 33;mIsCharging =true
04-13 11:38:33.681  6036  6536 D PowerCheckerService: onBatteryChanged, mBatteryLevel = 33, status = 2, level = 33, plug = 2, scale = 100
04-13 11:38:33.682  4115  4115 I BatteryInfoReceiver: ACTION_BATTERY_CHANGED
04-13 11:38:33.684  2862  2862 D DeviceStatisticsService: chargerType=2 batteryLevel=33 totalBatteryCapacity=4311800
04-13 11:38:33.692  2539  2539 D KeyguardUpdateMonitor: received broadcast android.intent.action.BATTERY_CHANGED
04-13 11:38:33.693  2862  2862 D NetworkSpeedTracker: receive actionandroid.intent.action.BATTERY_CHANGED
04-13 11:38:33.693  2862  2862 D NetworkSpeedTracker: onReceive ACTION_BATTERY_CHANGED mBatteryLevel = 33;mIsCharging =true
04-13 11:38:33.694  4115  4115 I BatteryInfoReceiver: ACTION_BATTERY_CHANGED
04-13 11:38:33.696  6036  6536 D PowerCheckerService: onBatteryChanged, mBatteryLevel = 33, status = 2, level = 33, plug = 2, scale = 100
04-13 11:38:33.698  2862  2862 D DeviceStatisticsService: chargerType=2 batteryLevel=33 totalBatteryCapacity=4311800
04-13 11:38:33.720  2862  2862 D NetworkSpeedTracker: receive actionandroid.intent.action.BATTERY_CHANGED
04-13 11:38:33.720  2862  2862 D NetworkSpeedTracker: onReceive ACTION_BATTERY_CHANGED mBatteryLevel = 33;mIsCharging =true
04-13 11:38:33.720  2539  2539 D KeyguardUpdateMonitor: received broadcast android.intent.action.BATTERY_CHANGED
04-13 11:38:33.721  4115  4115 I BatteryInfoReceiver: ACTION_BATTERY_CHANGED
04-13 11:38:33.721  6036  6536 D PowerCheckerService: onBatteryChanged, mBatteryLevel = 33, status = 2, level = 33, plug = 2, scale = 100
04-13 11:38:33.724  2862  2862 D DeviceStatisticsService: chargerType=2 batteryLevel=33 totalBatteryCapacity=4311800
04-13 11:38:33.730  2539  2539 D KeyguardUpdateMonitor: received broadcast android.intent.action.BATTERY_CHANGED
04-13 11:38:33.731  2862  2862 D NetworkSpeedTracker: receive actionandroid.intent.action.BATTERY_CHANGED
04-13 11:38:33.731  2862  2862 D NetworkSpeedTracker: onReceive ACTION_BATTERY_CHANGED mBatteryLevel = 33;mIsCharging =true
04-13 11:38:33.732  4115  4115 I BatteryInfoReceiver: ACTION_BATTERY_CHANGED
04-13 11:38:33.733  6036  6536 D PowerCheckerService: onBatteryChanged, mBatteryLevel = 33, status = 2, level = 33, plug = 2, scale = 100
04-13 11:38:33.736  2862  2862 D DeviceStatisticsService: chargerType=2 batteryLevel=33 totalBatteryCapacity=4311800
04-13 11:38:33.767  2539  2539 D KeyguardUpdateMonitor: received broadcast android.intent.action.BATTERY_CHANGED
04-13 11:38:33.767  2862  2862 D NetworkSpeedTracker: receive actionandroid.intent.action.BATTERY_CHANGED
04-13 11:38:33.767  2862  2862 D NetworkSpeedTracker: onReceive ACTION_BATTERY_CHANGED mBatteryLevel = 33;mIsCharging =true
04-13 11:38:33.768  4115  4115 I BatteryInfoReceiver: ACTION_BATTERY_CHANGED
04-13 11:38:33.770  6036  6536 D PowerCheckerService: onBatteryChanged, mBatteryLevel = 33, status = 2, level = 33, plug = 2, scale = 100
04-13 11:38:33.772  2862  2862 D DeviceStatisticsService: chargerType=2 batteryLevel=33 totalBatteryCapacity=4311800
04-13 11:38:33.778  2539  2539 D KeyguardUpdateMonitor: received broadcast android.intent.action.BATTERY_CHANGED
04-13 11:38:33.780  2862  2862 D NetworkSpeedTracker: receive actionandroid.intent.action.BATTERY_CHANGED
04-13 11:38:33.780  2862  2862 D NetworkSpeedTracker: onReceive ACTION_BATTERY_CHANGED mBatteryLevel = 33;mIsCharging =true
04-13 11:38:33.780  4115  4115 I BatteryInfoReceiver: ACTION_BATTERY_CHANGED
04-13 11:38:33.782  6036  6536 D PowerCheckerService: onBatteryChanged, mBatteryLevel = 33, status = 2, level = 33, plug = 2, scale = 100
04-13 11:38:33.783  2862  2862 D DeviceStatisticsService: chargerType=2 batteryLevel=33 totalBatteryCapacity=4311800
04-13 11:38:33.809  2539  2539 D KeyguardUpdateMonitor: received broadcast android.intent.action.BATTERY_CHANGED
04-13 11:38:33.810  2862  2862 D NetworkSpeedTracker: receive actionandroid.intent.action.BATTERY_CHANGED
04-13 11:38:33.810  2862  2862 D NetworkSpeedTracker: onReceive ACTION_BATTERY_CHANGED mBatteryLevel = 33;mIsCharging =true
04-13 11:38:33.811  4115  4115 I BatteryInfoReceiver: ACTION_BATTERY_CHANGED
04-13 11:38:33.813  6036  6536 D PowerCheckerService: onBatteryChanged, mBatteryLevel = 33, status = 2, level = 33, plug = 2, scale = 100
04-13 11:38:33.818  2862  2862 D DeviceStatisticsService: chargerType=2 batteryLevel=33 totalBatteryCapacity=4311800
04-13 11:38:33.823  2539  2539 D KeyguardUpdateMonitor: received broadcast android.intent.action.BATTERY_CHANGED
04-13 11:38:33.824  2862  2862 D NetworkSpeedTracker: receive actionandroid.intent.action.BATTERY_CHANGED
04-13 11:38:33.824  2862  2862 D NetworkSpeedTracker: onReceive ACTION_BATTERY_CHANGED mBatteryLevel = 33;mIsCharging =true
04-13 11:38:33.826  4115  4115 I BatteryInfoReceiver: ACTION_BATTERY_CHANGED
04-13 11:38:33.827  6036  6536 D PowerCheckerService: onBatteryChanged, mBatteryLevel = 33, status = 2, level = 33, plug = 2, scale = 100
04-13 11:38:33.828  2862  2862 D DeviceStatisticsService: chargerType=2 batteryLevel=33 totalBatteryCapacity=4311800
04-13 11:38:33.859  2539  2539 D KeyguardUpdateMonitor: received broadcast android.intent.action.BATTERY_CHANGED
