04-07 10:42:07.238 15889 15889 D TESDownloadManager: action:android.intent.action.BATTERY_CHANGED
04-07 10:42:07.231   796   796 W health@2.0-serv: type=1400 audit(0.0:1452050): avc: denied { read } for name="type" dev="sysfs" ino=55635 scontext=u:r:hal_health_default:s0 tcontext=u:object_r:sysfs:s0 tclass=file permissive=0
04-07 10:42:07.239  2539  2539 D KeyguardUpdateMonitor: received broadcast android.intent.action.BATTERY_CHANGED
04-07 10:42:07.240  2862  2862 D NetworkSpeedTracker: receive actionandroid.intent.action.BATTERY_CHANGED
04-07 10:42:07.240  2862  2862 D NetworkSpeedTracker: onReceive ACTION_BATTERY_CHANGED mBatteryLevel = 25;mIsCharging =true
04-07 10:42:07.241  4115  4115 I BatteryInfoReceiver: ACTION_BATTERY_CHANGED
04-07 10:42:07.242  6036  6536 D PowerCheckerService: onBatteryChanged, mBatteryLevel = 25, status = 2, level = 25, plug = 2, scale = 100
04-07 10:42:07.243  2862  2862 D DeviceStatisticsService: chargerType=2 batteryLevel=25 totalBatteryCapacity=4725700
04-07 10:42:07.246 15889 15889 D TESDownloadManager: AppSystemReceiver onReceive
04-07 10:42:07.246 15889 15889 D TESDownloadManager: action:android.intent.action.BATTERY_CHANGED
04-07 10:42:07.267   796   796 W health@2.0-serv: type=1400 audit(0.0:1452051): avc: denied { read } for name="type" dev="sysfs" ino=55635 scontext=u:r:hal_health_default:s0 tcontext=u:object_r:sysfs:s0 tclass=file permissive=0
04-07 10:42:07.277  2539  2539 D KeyguardUpdateMonitor: received broadcast android.intent.action.BATTERY_CHANGED
04-07 10:42:07.278  2862  2862 D NetworkSpeedTracker: receive actionandroid.intent.action.BATTERY_CHANGED
04-07 10:42:07.278  2862  2862 D NetworkSpeedTracker: onReceive ACTION_BATTERY_CHANGED mBatteryLevel = 25;mIsCharging =true
04-07 10:42:07.280  4115  4115 I BatteryInfoReceiver: ACTION_BATTERY_CHANGED
04-07 10:42:07.281  6036  6536 D PowerCheckerService: onBatteryChanged, mBatteryLevel = 25, status = 2, level = 25, plug = 2, scale = 100
04-07 10:42:07.289 15889 15889 D TESDownloadManager: AppSystemReceiver onReceive
04-07 10:42:07.289 15889 15889 D TESDownloadManager: action:android.intent.action.BATTERY_CHANGED
04-07 10:42:07.291  2862  2862 D DeviceStatisticsService: chargerType=2 batteryLevel=25 totalBatteryCapacity=4725700
04-07 10:42:07.287   796   796 W health@2.0-serv: type=1400 audit(0.0:1452052): avc: denied { read } for name="type" dev="sysfs" ino=55635 scontext=u:r:hal_health_default:s0 tcontext=u:object_r:sysfs:s0 tclass=file permissive=0
04-07 10:42:07.294  2539  2539 D KeyguardUpdateMonitor: received broadcast android.intent.action.BATTERY_CHANGED
04-07 10:42:07.295  2862  2862 D NetworkSpeedTracker: receive actionandroid.intent.action.BATTERY_CHANGED
04-07 10:42:07.295  2862  2862 D NetworkSpeedTracker: onReceive ACTION_BATTERY_CHANGED mBatteryLevel = 25;mIsCharging =true
04-07 10:42:07.297  4115  4115 I BatteryInfoReceiver: ACTION_BATTERY_CHANGED
04-07 10:42:07.298  6036  6536 D PowerCheckerService: onBatteryChanged, mBatteryLevel = 25, status = 2, level = 25, plug = 2, scale = 100
04-07 10:42:07.301  2862  2862 D DeviceStatisticsService: chargerType=2 batteryLevel=25 totalBatteryCapacity=4725700
04-07 10:42:07.305 15889 15889 D TESDownloadManager: AppSystemReceiver onReceive
04-07 10:42:07.305 15889 15889 D TESDownloadManager: action:android.intent.action.BATTERY_CHANGED
04-07 10:42:07.316  8927  9382 I SmartThreadExecutor: handleMessage: start check 0
04-07 10:42:07.316  8927  9382 I SmartThreadExecutor: handleMessage: check end 0 -83 false
04-07 10:42:07.315   796   796 W health@2.0-serv: type=1400 audit(0.0:1452053): avc: denied { read } for name="type" dev="sysfs" ino=55635 scontext=u:r:hal_health_default:s0 tcontext=u:object_r:sysfs:s0 tclass=file permissive=0
04-07 10:42:07.323  2539  2539 D KeyguardUpdateMonitor: received broadcast android.intent.action.BATTERY_CHANGED
04-07 10:42:07.325  2862  2862 D NetworkSpeedTracker: receive actionandroid.intent.action.BATTERY_CHANGED
04-07 10:42:07.325  2862  2862 D NetworkSpeedTracker: onReceive ACTION_BATTERY_CHANGED mBatteryLevel = 25;mIsCharging =true
04-07 10:42:07.326  4115  4115 I BatteryInfoReceiver: ACTION_BATTERY_CHANGED
04-07 10:42:07.328  6036  6536 D PowerCheckerService: onBatteryChanged, mBatteryLevel = 25, status = 2, level = 25, plug = 2, scale = 100
04-07 10:42:07.330  2862  2862 D DeviceStatisticsService: chargerType=2 batteryLevel=25 totalBatteryCapacity=4725700
04-07 10:42:07.334 15889 15889 D TESDownloadManager: AppSystemReceiver onReceive
04-07 10:42:07.334 15889 15889 D TESDownloadManager: action:android.intent.action.BATTERY_CHANGED
04-07 10:42:07.336  2539  2539 D KeyguardUpdateMonitor: received broadcast android.intent.action.BATTERY_CHANGED
04-07 10:42:07.337  2862  2862 D NetworkSpeedTracker: receive actionandroid.intent.action.BATTERY_CHANGED
04-07 10:42:07.337  2862  2862 D NetworkSpeedTracker: onReceive ACTION_BATTERY_CHANGED mBatteryLevel = 25;mIsCharging =true
04-07 10:42:07.338  4115  4115 I BatteryInfoReceiver: ACTION_BATTERY_CHANGED
04-07 10:42:07.339  6036  6536 D PowerCheckerService: onBatteryChanged, mBatteryLevel = 25, status = 2, level = 25, plug = 2, scale = 100
04-07 10:42:07.342  2862  2862 D DeviceStatisticsService: chargerType=2 batteryLevel=25 totalBatteryCapacity=4725700
04-07 10:42:07.344 15889 15889 D TESDownloadManager: AppSystemReceiver onReceive
04-07 10:42:07.344 15889 15889 D TESDownloadManager: action:android.intent.action.BATTERY_CHANGED
04-07 10:42:07.364  2539  2539 D KeyguardUpdateMonitor: received broadcast android.intent.action.BATTERY_CHANGED
04-07 10:42:07.366  2862  2862 D NetworkSpeedTracker: receive actionandroid.intent.action.BATTERY_CHANGED
04-07 10:42:07.366  2862  2862 D NetworkSpeedTracker: onReceive ACTION_BATTERY_CHANGED mBatteryLevel = 25;mIsCharging =true
04-07 10:42:07.367  4115  4115 I BatteryInfoReceiver: ACTION_BATTERY_CHANGED
04-07 10:42:07.368  6036  6536 D PowerCheckerService: onBatteryChanged, mBatteryLevel = 25, status = 2, level = 25, plug = 2, scale = 100
04-07 10:42:07.373 15889 15889 D TESDownloadManager: AppSystemReceiver onReceive
04-07 10:42:07.373 15889 15889 D TESDownloadManager: action:android.intent.action.BATTERY_CHANGED
04-07 10:42:07.373  2862  2862 D DeviceStatisticsService: chargerType=2 batteryLevel=25 totalBatteryCapacity=4725700
04-07 10:42:07.377  2539  2539 D KeyguardUpdateMonitor: received broadcast android.intent.action.BATTERY_CHANGED
04-07 10:42:07.377  2862  2862 D NetworkSpeedTracker: receive actionandroid.intent.action.BATTERY_CHANGED
04-07 10:42:07.378  2862  2862 D NetworkSpeedTracker: onReceive ACTION_BATTERY_CHANGED mBatteryLevel = 25;mIsCharging =true
04-07 10:42:07.379  4115  4115 I BatteryInfoReceiver: ACTION_BATTERY_CHANGED
04-07 10:42:07.379  6036  6536 D PowerCheckerService: onBatteryChanged, mBatteryLevel = 25, status = 2, level = 25, plug = 2, scale = 100
04-07 10:42:07.381  2862  2862 D DeviceStatisticsService: chargerType=2 batteryLevel=25 totalBatteryCapacity=4725700
04-07 10:42:07.384 15889 15889 D TESDownloadManager: AppSystemReceiver onReceive
04-07 10:42:07.384 15889 15889 D TESDownloadManager: action:android.intent.action.BATTERY_CHANGED
04-07 10:42:07.409  2539  2539 D KeyguardUpdateMonitor: received broadcast android.intent.action.BATTERY_CHANGED
04-07 10:42:07.410  2862  2862 D NetworkSpeedTracker: receive actionandroid.intent.action.BATTERY_CHANGED
04-07 10:42:07.410  2862  2862 D NetworkSpeedTracker: onReceive ACTION_BATTERY_CHANGED mBatteryLevel = 25;mIsCharging =true
04-07 10:42:07.411  4115  4115 I BatteryInfoReceiver: ACTION_BATTERY_CHANGED
04-07 10:42:07.413  6036  6536 D PowerCheckerService: onBatteryChanged, mBatteryLevel = 25, status = 2, level = 25, plug = 2, scale = 100
04-07 10:42:07.414  2862  2862 D DeviceStatisticsService: chargerType=2 batteryLevel=25 totalBatteryCapacity=4725700
04-07 10:42:07.417 15889 15889 D TESDownloadManager: AppSystemReceiver onReceive
04-07 10:42:07.417 15889 15889 D TESDownloadManager: action:android.intent.action.BATTERY_CHANGED
04-07 10:42:07.419  2539  2539 D KeyguardUpdateMonitor: received broadcast android.intent.action.BATTERY_CHANGED
04-07 10:42:07.420  2862  2862 D NetworkSpeedTracker: receive actionandroid.intent.action.BATTERY_CHANGED
04-07 10:42:07.420  2862  2862 D NetworkSpeedTracker: onReceive ACTION_BATTERY_CHANGED mBatteryLevel = 25;mIsCharging =true
04-07 10:42:07.421  4115  4115 I BatteryInfoReceiver: ACTION_BATTERY_CHANGED
04-07 10:42:07.423  6036  6536 D PowerCheckerService: onBatteryChanged, mBatteryLevel = 25, status = 2, level = 25, plug = 2, scale = 100
04-07 10:42:07.424  2862  2862 D DeviceStatisticsService: chargerType=2 batteryLevel=25 totalBatteryCapacity=4725700
04-07 10:42:07.428 15889 15889 D TESDownloadManager: AppSystemReceiver onReceive
04-07 10:42:07.428 15889 15889 D TESDownloadManager: action:android.intent.action.BATTERY_CHANGED
04-07 10:42:07.460  2539  2539 D KeyguardUpdateMonitor: received broadcast android.intent.action.BATTERY_CHANGED
04-07 10:42:07.460  2862  2862 D NetworkSpeedTracker: receive actionandroid.intent.action.BATTERY_CHANGED
04-07 10:42:07.461  2862  2862 D NetworkSpeedTracker: onReceive ACTION_BATTERY_CHANGED mBatteryLevel = 25;mIsCharging =true
04-07 10:42:07.463  4115  4115 I BatteryInfoReceiver: ACTION_BATTERY_CHANGED
04-07 10:42:07.464  6036  6536 D PowerCheckerService: onBatteryChanged, mBatteryLevel = 25, status = 2, level = 25, plug = 2, scale = 100
04-07 10:42:07.467  2862  2862 D DeviceStatisticsService: chargerType=2 batteryLevel=25 totalBatteryCapacity=4725700
04-07 10:42:07.472 15889 15889 D TESDownloadManager: AppSystemReceiver onReceive
04-07 10:42:07.472 15889 15889 D TESDownloadManager: action:android.intent.action.BATTERY_CHANGED
04-07 10:42:07.474  2539  2539 D KeyguardUpdateMonitor: received broadcast android.intent.action.BATTERY_CHANGED
04-07 10:42:07.475  2862  2862 D NetworkSpeedTracker: receive actionandroid.intent.action.BATTERY_CHANGED
04-07 10:42:07.475  2862  2862 D NetworkSpeedTracker: onReceive ACTION_BATTERY_CHANGED mBatteryLevel = 25;mIsCharging =true
04-07 10:42:07.477  4115  4115 I BatteryInfoReceiver: ACTION_BATTERY_CHANGED
04-07 10:42:07.478  6036  6536 D PowerCheckerService: onBatteryChanged, mBatteryLevel = 25, status = 2, level = 25, plug = 2, scale = 100
04-07 10:42:07.481  2862  2862 D DeviceStatisticsService: chargerType=2 batteryLevel=25 totalBatteryCapacity=4725700
04-07 10:42:07.484 15889 15889 D TESDownloadManager: AppSystemReceiver onReceive
04-07 10:42:07.484 15889 15889 D TESDownloadManager: action:android.intent.action.BATTERY_CHANGED
04-07 10:42:07.497  2539  2539 D KeyguardUpdateMonitor: received broadcast android.intent.action.BATTERY_CHANGED
04-07 10:42:07.497  2862  2862 D NetworkSpeedTracker: receive actionandroid.intent.action.BATTERY_CHANGED
04-07 10:42:07.497  2862  2862 D NetworkSpeedTracker: onReceive ACTION_BATTERY_CHANGED mBatteryLevel = 25;mIsCharging =true
04-07 10:42:07.499  4115  4115 I BatteryInfoReceiver: ACTION_BATTERY_CHANGED
04-07 10:42:07.500  6036  6536 D PowerCheckerService: onBatteryChanged, mBatteryLevel = 25, status = 2, level = 25, plug = 2, scale = 100
04-07 10:42:07.503  2862  2862 D DeviceStatisticsService: chargerType=2 batteryLevel=25 totalBatteryCapacity=4725700
04-07 10:42:07.505 15889 15889 D TESDownloadManager: AppSystemReceiver onReceive
04-07 10:42:07.505 15889 15889 D TESDownloadManager: action:android.intent.action.BATTERY_CHANGED
04-07 10:42:07.507  2539  2539 D KeyguardUpdateMonitor: received broadcast android.intent.action.BATTERY_CHANGED
04-07 10:42:07.507  2862  2862 D NetworkSpeedTracker: receive actionandroid.intent.action.BATTERY_CHANGED
04-07 10:42:07.507  2862  2862 D NetworkSpeedTracker: onReceive ACTION_BATTERY_CHANGED mBatteryLevel = 25;mIsCharging =true
04-07 10:42:07.508  4115  4115 I BatteryInfoReceiver: ACTION_BATTERY_CHANGED
04-07 10:42:07.509  6036  6536 D PowerCheckerService: onBatteryChanged, mBatteryLevel = 25, status = 2, level = 25, plug = 2, scale = 100
04-07 10:42:07.512  2862  2862 D DeviceStatisticsService: chargerType=2 batteryLevel=25 totalBatteryCapacity=4725700
04-07 10:42:07.514 15889 15889 D TESDownloadManager: AppSystemReceiver onReceive
04-07 10:42:07.514 15889 15889 D TESDownloadManager: action:android.intent.action.BATTERY_CHANGED
04-07 10:42:07.548  2539  2539 D KeyguardUpdateMonitor: received broadcast android.intent.action.BATTERY_CHANGED
04-07 10:42:07.549  2862  2862 D NetworkSpeedTracker: receive actionandroid.intent.action.BATTERY_CHANGED
04-07 10:42:07.549  2862  2862 D NetworkSpeedTracker: onReceive ACTION_BATTERY_CHANGED mBatteryLevel = 25;mIsCharging =true
04-07 10:42:07.551  4115  4115 I BatteryInfoReceiver: ACTION_BATTERY_CHANGED
04-07 10:42:07.554  6036  6536 D PowerCheckerService: onBatteryChanged, mBatteryLevel = 25, status = 2, level = 25, plug = 2, scale = 100
04-07 10:42:07.556  2862  2862 D DeviceStatisticsService: chargerType=2 batteryLevel=25 totalBatteryCapacity=4725700
04-07 10:42:07.563 15889 15889 D TESDownloadManager: AppSystemReceiver onReceive
04-07 10:42:07.563 15889 15889 D TESDownloadManager: action:android.intent.action.BATTERY_CHANGED
04-07 10:42:07.566  2539  2539 D KeyguardUpdateMonitor: received broadcast android.intent.action.BATTERY_CHANGED
04-07 10:42:07.568  2862  2862 D NetworkSpeedTracker: receive actionandroid.intent.action.BATTERY_CHANGED
04-07 10:42:07.569  2862  2862 D NetworkSpeedTracker: onReceive ACTION_BATTERY_CHANGED mBatteryLevel = 25;mIsCharging =true
04-07 10:42:07.571  4115  4115 I BatteryInfoReceiver: ACTION_BATTERY_CHANGED
04-07 10:42:07.573  6036  6536 D PowerCheckerService: onBatteryChanged, mBatteryLevel = 25, status = 2, level = 25, plug = 2, scale = 100
04-07 10:42:07.577  2862  2862 D DeviceStatisticsService: chargerType=2 batteryLevel=25 totalBatteryCapacity=4725700
04-07 10:42:07.580 15889 15889 D TESDownloadManager: AppSystemReceiver onReceive
04-07 10:42:07.580 15889 15889 D TESDownloadManager: action:android.intent.action.BATTERY_CHANGED
04-07 10:42:07.590  2539  2539 D KeyguardUpdateMonitor: received broadcast android.intent.action.BATTERY_CHANGED
04-07 10:42:07.591  2862  2862 D NetworkSpeedTracker: receive actionandroid.intent.action.BATTERY_CHANGED
04-07 10:42:07.591  2862  2862 D NetworkSpeedTracker: onReceive ACTION_BATTERY_CHANGED mBatteryLevel = 25;mIsCharging =true
04-07 10:42:07.592  4115  4115 I BatteryInfoReceiver: ACTION_BATTERY_CHANGED
04-07 10:42:07.593  6036  6536 D PowerCheckerService: onBatteryChanged, mBatteryLevel = 25, status = 2, level = 25, plug = 2, scale = 100
04-07 10:42:07.595  2862  2862 D DeviceStatisticsService: chargerType=2 batteryLevel=25 totalBatteryCapacity=4725700
04-07 10:42:07.599 15889 15889 D TESDownloadManager: AppSystemReceiver onReceive
04-07 10:42:07.599 15889 15889 D TESDownloadManager: action:android.intent.action.BATTERY_CHANGED
04-07 10:42:07.601  2539  2539 D KeyguardUpdateMonitor: received broadcast android.intent.action.BATTERY_CHANGED
04-07 10:42:07.602  2862  2862 D NetworkSpeedTracker: receive actionandroid.intent.action.BATTERY_CHANGED
04-07 10:42:07.602  2862  2862 D NetworkSpeedTracker: onReceive ACTION_BATTERY_CHANGED mBatteryLevel = 25;mIsCharging =true
04-07 10:42:07.603  4115  4115 I BatteryInfoReceiver: ACTION_BATTERY_CHANGED
04-07 10:42:07.605  2862  2862 D DeviceStatisticsService: chargerType=2 batteryLevel=25 totalBatteryCapacity=4725700
04-07 10:42:07.608 15889 15889 D TESDownloadManager: AppSystemReceiver onReceive
04-07 10:42:07.608 15889 15889 D TESDownloadManager: action:android.intent.action.BATTERY_CHANGED
04-07 10:42:07.609  6036  6536 D PowerCheckerService: onBatteryChanged, mBatteryLevel = 25, status = 2, level = 25, plug = 2, scale = 100
04-07 10:42:07.628  2539  2539 D KeyguardUpdateMonitor: received broadcast android.intent.action.BATTERY_CHANGED
04-07 10:42:07.629  2862  2862 D NetworkSpeedTracker: receive actionandroid.intent.action.BATTERY_CHANGED
04-07 10:42:07.629  2862  2862 D NetworkSpeedTracker: onReceive ACTION_BATTERY_CHANGED mBatteryLevel = 25;mIsCharging =true
04-07 10:42:07.631  4115  4115 I BatteryInfoReceiver: ACTION_BATTERY_CHANGED
04-07 10:42:07.631  6036  6536 D PowerCheckerService: onBatteryChanged, mBatteryLevel = 25, status = 2, level = 25, plug = 2, scale = 100
04-07 10:42:07.634  2862  2862 D DeviceStatisticsService: chargerType=2 batteryLevel=25 totalBatteryCapacity=4725700
04-07 10:42:07.636 15889 15889 D TESDownloadManager: AppSystemReceiver onReceive
04-07 10:42:07.636 15889 15889 D TESDownloadManager: action:android.intent.action.BATTERY_CHANGED
04-07 10:42:07.637  2539  2539 D KeyguardUpdateMonitor: received broadcast android.intent.action.BATTERY_CHANGED
04-07 10:42:07.638  2862  2862 D NetworkSpeedTracker: receive actionandroid.intent.action.BATTERY_CHANGED
04-07 10:42:07.638  2862  2862 D NetworkSpeedTracker: onReceive ACTION_BATTERY_CHANGED mBatteryLevel = 25;mIsCharging =true
04-07 10:42:07.640  4115  4115 I BatteryInfoReceiver: ACTION_BATTERY_CHANGED
04-07 10:42:07.641  6036  6536 D PowerCheckerService: onBatteryChanged, mBatteryLevel = 25, status = 2, level = 25, plug = 2, scale = 100
04-07 10:42:07.643  2862  2862 D DeviceStatisticsService: chargerType=2 batteryLevel=25 totalBatteryCapacity=4725700
04-07 10:42:07.648 15889 15889 D TESDownloadManager: AppSystemReceiver onReceive
04-07 10:42:07.649 15889 15889 D TESDownloadManager: action:android.intent.action.BATTERY_CHANGED
04-07 10:42:07.675  2539  2539 D KeyguardUpdateMonitor: received broadcast android.intent.action.BATTERY_CHANGED
04-07 10:42:07.677  2862  2862 D NetworkSpeedTracker: receive actionandroid.intent.action.BATTERY_CHANGED
04-07 10:42:07.677  2862  2862 D NetworkSpeedTracker: onReceive ACTION_BATTERY_CHANGED mBatteryLevel = 25;mIsCharging =true
04-07 10:42:07.679  4115  4115 I BatteryInfoReceiver: ACTION_BATTERY_CHANGED
04-07 10:42:07.679  6036  6536 D PowerCheckerService: onBatteryChanged, mBatteryLevel = 25, status = 2, level = 25, plug = 2, scale = 100
04-07 10:42:07.681  2862  2862 D DeviceStatisticsService: chargerType=2 batteryLevel=25 totalBatteryCapacity=4725700
04-07 10:42:07.685 15889 15889 D TESDownloadManager: AppSystemReceiver onReceive
04-07 10:42:07.685 15889 15889 D TESDownloadManager: action:android.intent.action.BATTERY_CHANGED
04-07 10:42:07.687  2539  2539 D KeyguardUpdateMonitor: received broadcast android.intent.action.BATTERY_CHANGED
04-07 10:42:07.688  2862  2862 D NetworkSpeedTracker: receive actionandroid.intent.action.BATTERY_CHANGED
04-07 10:42:07.688  2862  2862 D NetworkSpeedTracker: onReceive ACTION_BATTERY_CHANGED mBatteryLevel = 25;mIsCharging =true
04-07 10:42:07.690  4115  4115 I BatteryInfoReceiver: ACTION_BATTERY_CHANGED
04-07 10:42:07.691  6036  6536 D PowerCheckerService: onBatteryChanged, mBatteryLevel = 25, status = 2, level = 25, plug = 2, scale = 100
04-07 10:42:07.694  2862  2862 D DeviceStatisticsService: chargerType=2 batteryLevel=25 totalBatteryCapacity=4725700
04-07 10:42:07.696 15889 15889 D TESDownloadManager: AppSystemReceiver onReceive
04-07 10:42:07.696 15889 15889 D TESDownloadManager: action:android.intent.action.BATTERY_CHANGED
04-07 10:42:07.721  2862  2862 D NetworkSpeedTracker: receive actionandroid.intent.action.BATTERY_CHANGED
04-07 10:42:07.721  2862  2862 D NetworkSpeedTracker: onReceive ACTION_BATTERY_CHANGED mBatteryLevel = 25;mIsCharging =true
04-07 10:42:07.721  2539  2539 D KeyguardUpdateMonitor: received broadcast android.intent.action.BATTERY_CHANGED
04-07 10:42:07.721  4115  4115 I BatteryInfoReceiver: ACTION_BATTERY_CHANGED
04-07 10:42:07.722  6036  6536 D PowerCheckerService: onBatteryChanged, mBatteryLevel = 25, status = 2, level = 25, plug = 2, scale = 100
04-07 10:42:07.728 15889 15889 D TESDownloadManager: AppSystemReceiver onReceive
04-07 10:42:07.728 15889 15889 D TESDownloadManager: action:android.intent.action.BATTERY_CHANGED
04-07 10:42:07.731  2862  2862 D DeviceStatisticsService: chargerType=2 batteryLevel=25 totalBatteryCapacity=4725700
04-07 10:42:07.733  2539  2539 D KeyguardUpdateMonitor: received broadcast android.intent.action.BATTERY_CHANGED
04-07 10:42:07.734  2862  2862 D NetworkSpeedTracker: receive actionandroid.intent.action.BATTERY_CHANGED
04-07 10:42:07.734  2862  2862 D NetworkSpeedTracker: onReceive ACTION_BATTERY_CHANGED mBatteryLevel = 25;mIsCharging =true
04-07 10:42:07.736  4115  4115 I BatteryInfoReceiver: ACTION_BATTERY_CHANGED
04-07 10:42:07.738  6036  6536 D PowerCheckerService: onBatteryChanged, mBatteryLevel = 25, status = 2, level = 25, plug = 2, scale = 100
04-07 10:42:07.740  2862  2862 D DeviceStatisticsService: chargerType=2 batteryLevel=25 totalBatteryCapacity=4725700
04-07 10:42:07.743 15889 15889 D TESDownloadManager: AppSystemReceiver onReceive
04-07 10:42:07.743 15889 15889 D TESDownloadManager: action:android.intent.action.BATTERY_CHANGED
04-07 10:42:07.763  2539  2539 D KeyguardUpdateMonitor: received broadcast android.intent.action.BATTERY_CHANGED
04-07 10:42:07.765  2862  2862 D NetworkSpeedTracker: receive actionandroid.intent.action.BATTERY_CHANGED
04-07 10:42:07.765  2862  2862 D NetworkSpeedTracker: onReceive ACTION_BATTERY_CHANGED mBatteryLevel = 25;mIsCharging =true
04-07 10:42:07.769  4115  4115 I BatteryInfoReceiver: ACTION_BATTERY_CHANGED
04-07 10:42:07.771  6036  6536 D PowerCheckerService: onBatteryChanged, mBatteryLevel = 25, status = 2, level = 25, plug = 2, scale = 100
04-07 10:42:07.773  2862  2862 D DeviceStatisticsService: chargerType=2 batteryLevel=25 totalBatteryCapacity=4725700
04-07 10:42:07.777 15889 15889 D TESDownloadManager: AppSystemReceiver onReceive
04-07 10:42:07.777 15889 15889 D TESDownloadManager: action:android.intent.action.BATTERY_CHANGED
04-07 10:42:07.779  2539  2539 D KeyguardUpdateMonitor: received broadcast android.intent.action.BATTERY_CHANGED
04-07 10:42:07.780  2862  2862 D NetworkSpeedTracker: receive actionandroid.intent.action.BATTERY_CHANGED
04-07 10:42:07.780  2862  2862 D NetworkSpeedTracker: onReceive ACTION_BATTERY_CHANGED mBatteryLevel = 25;mIsCharging =true
04-07 10:42:07.781  4115  4115 I BatteryInfoReceiver: ACTION_BATTERY_CHANGED
04-07 10:42:07.782  6036  6536 D PowerCheckerService: onBatteryChanged, mBatteryLevel = 25, status = 2, level = 25, plug = 2, scale = 100
04-07 10:42:07.783  2862  2862 D DeviceStatisticsService: chargerType=2 batteryLevel=25 totalBatteryCapacity=4725700
04-07 10:42:07.785 15889 15889 D TESDownloadManager: AppSystemReceiver onReceive
04-07 10:42:07.785 15889 15889 D TESDownloadManager: action:android.intent.action.BATTERY_CHANGED
04-07 10:42:07.808  2539  2539 D KeyguardUpdateMonitor: received broadcast android.intent.action.BATTERY_CHANGED
04-07 10:42:07.810  2862  2862 D NetworkSpeedTracker: receive actionandroid.intent.action.BATTERY_CHANGED
04-07 10:42:07.810  2862  2862 D NetworkSpeedTracker: onReceive ACTION_BATTERY_CHANGED mBatteryLevel = 25;mIsCharging =true
04-07 10:42:07.811  4115  4115 I BatteryInfoReceiver: ACTION_BATTERY_CHANGED
04-07 10:42:07.812  6036  6536 D PowerCheckerService: onBatteryChanged, mBatteryLevel = 25, status = 2, level = 25, plug = 2, scale = 100
04-07 10:42:07.816  2862  2862 D DeviceStatisticsService: chargerType=2 batteryLevel=25 totalBatteryCapacity=4725700
04-07 10:42:07.817 15889 15889 D TESDownloadManager: AppSystemReceiver onReceive
04-07 10:42:07.817 15889 15889 D TESDownloadManager: action:android.intent.action.BATTERY_CHANGED
04-07 10:42:07.820  2539  2539 D KeyguardUpdateMonitor: received broadcast android.intent.action.BATTERY_CHANGED
04-07 10:42:07.820  2862  2862 D NetworkSpeedTracker: receive actionandroid.intent.action.BATTERY_CHANGED
04-07 10:42:07.821  2862  2862 D NetworkSpeedTracker: onReceive ACTION_BATTERY_CHANGED mBatteryLevel = 25;mIsCharging =true
04-07 10:42:07.822  4115  4115 I BatteryInfoReceiver: ACTION_BATTERY_CHANGED
04-07 10:42:07.823  6036  6536 D PowerCheckerService: onBatteryChanged, mBatteryLevel = 25, status = 2, level = 25, plug = 2, scale = 100
04-07 10:42:07.826  2862  2862 D DeviceStatisticsService: chargerType=2 batteryLevel=25 totalBatteryCapacity=4725700
04-07 10:42:07.830 15889 15889 D TESDownloadManager: AppSystemReceiver onReceive
04-07 10:42:07.830 15889 15889 D TESDownloadManager: action:android.intent.action.BATTERY_CHANGED
04-07 10:42:07.860  2539  2539 D KeyguardUpdateMonitor: received broadcast android.intent.action.BATTERY_CHANGED
04-07 10:42:07.861  2862  2862 D NetworkSpeedTracker: receive actionandroid.intent.action.BATTERY_CHANGED
04-07 10:42:07.861  2862  2862 D NetworkSpeedTracker: onReceive ACTION_BATTERY_CHANGED mBatteryLevel = 25;mIsCharging =true
04-07 10:42:07.863  4115  4115 I BatteryInfoReceiver: ACTION_BATTERY_CHANGED
04-07 10:42:07.864  6036  6536 D PowerCheckerService: onBatteryChanged, mBatteryLevel = 25, status = 2, level = 25, plug = 2, scale = 100
04-07 10:42:07.867  2862  2862 D DeviceStatisticsService: chargerType=2 batteryLevel=25 totalBatteryCapacity=4725700
04-07 10:42:07.870 15889 15889 D TESDownloadManager: AppSystemReceiver onReceive
04-07 10:42:07.870 15889 15889 D TESDownloadManager: action:android.intent.action.BATTERY_CHANGED
04-07 10:42:07.872  2539  2539 D KeyguardUpdateMonitor: received broadcast android.intent.action.BATTERY_CHANGED
04-07 10:42:07.873  2862  2862 D NetworkSpeedTracker: receive actionandroid.intent.action.BATTERY_CHANGED
04-07 10:42:07.873  2862  2862 D NetworkSpeedTracker: onReceive ACTION_BATTERY_CHANGED mBatteryLevel = 25;mIsCharging =true
04-07 10:42:07.875  4115  4115 I BatteryInfoReceiver: ACTION_BATTERY_CHANGED
04-07 10:42:07.876  6036  6536 D PowerCheckerService: onBatteryChanged, mBatteryLevel = 25, status = 2, level = 25, plug = 2, scale = 100
04-07 10:42:07.879  2862  2862 D DeviceStatisticsService: chargerType=2 batteryLevel=25 totalBatteryCapacity=4725700
04-07 10:42:07.882 15889 15889 D TESDownloadManager: AppSystemReceiver onReceive
04-07 10:42:07.882 15889 15889 D TESDownloadManager: action:android.intent.action.BATTERY_CHANGED
04-07 10:42:07.899  2539  2539 D KeyguardUpdateMonitor: received broadcast android.intent.action.BATTERY_CHANGED
04-07 10:42:07.900  2862  2862 D NetworkSpeedTracker: receive actionandroid.intent.action.BATTERY_CHANGED
04-07 10:42:07.900  2862  2862 D NetworkSpeedTracker: onReceive ACTION_BATTERY_CHANGED mBatteryLevel = 25;mIsCharging =true
04-07 10:42:07.901  4115  4115 I BatteryInfoReceiver: ACTION_BATTERY_CHANGED
04-07 10:42:07.903  6036  6536 D PowerCheckerService: onBatteryChanged, mBatteryLevel = 25, status = 2, level = 25, plug = 2, scale = 100
04-07 10:42:07.906  2862  2862 D DeviceStatisticsService: chargerType=2 batteryLevel=25 totalBatteryCapacity=4725700
04-07 10:42:07.909 15889 15889 D TESDownloadManager: AppSystemReceiver onReceive
04-07 10:42:07.909 15889 15889 D TESDownloadManager: action:android.intent.action.BATTERY_CHANGED
04-07 10:42:07.911  2539  2539 D KeyguardUpdateMonitor: received broadcast android.intent.action.BATTERY_CHANGED
04-07 10:42:07.912  2862  2862 D NetworkSpeedTracker: receive actionandroid.intent.action.BATTERY_CHANGED
04-07 10:42:07.912  2862  2862 D NetworkSpeedTracker: onReceive ACTION_BATTERY_CHANGED mBatteryLevel = 25;mIsCharging =true
04-07 10:42:07.913  4115  4115 I BatteryInfoReceiver: ACTION_BATTERY_CHANGED
04-07 10:42:07.915  6036  6536 D PowerCheckerService: onBatteryChanged, mBatteryLevel = 25, status = 2, level = 25, plug = 2, scale = 100
04-07 10:42:07.918  2862  2862 D DeviceStatisticsService: chargerType=2 batteryLevel=25 totalBatteryCapacity=4725700
04-07 10:42:07.920 15889 15889 D TESDownloadManager: AppSystemReceiver onReceive
04-07 10:42:07.920 15889 15889 D TESDownloadManager: action:android.intent.action.BATTERY_CHANGED
04-07 10:42:07.944  2539  2539 D KeyguardUpdateMonitor: received broadcast android.intent.action.BATTERY_CHANGED
04-07 10:42:07.945  2862  2862 D NetworkSpeedTracker: receive actionandroid.intent.action.BATTERY_CHANGED
04-07 10:42:07.946  2862  2862 D NetworkSpeedTracker: onReceive ACTION_BATTERY_CHANGED mBatteryLevel = 25;mIsCharging =true
04-07 10:42:07.947  4115  4115 I BatteryInfoReceiver: ACTION_BATTERY_CHANGED
04-07 10:42:07.950  6036  6536 D PowerCheckerService: onBatteryChanged, mBatteryLevel = 25, status = 2, level = 25, plug = 2, scale = 100
04-07 10:42:07.955 15889 15889 D TESDownloadManager: AppSystemReceiver onReceive
04-07 10:42:07.955 15889 15889 D TESDownloadManager: action:android.intent.action.BATTERY_CHANGED
04-07 10:42:07.956  2862  2862 D DeviceStatisticsService: chargerType=2 batteryLevel=25 totalBatteryCapacity=4725700
04-07 10:42:07.959  2539  2539 D KeyguardUpdateMonitor: received broadcast android.intent.action.BATTERY_CHANGED
04-07 10:42:07.960  2862  2862 D NetworkSpeedTracker: receive actionandroid.intent.action.BATTERY_CHANGED
04-07 10:42:07.960  2862  2862 D NetworkSpeedTracker: onReceive ACTION_BATTERY_CHANGED mBatteryLevel = 25;mIsCharging =true
04-07 10:42:07.962  4115  4115 I BatteryInfoReceiver: ACTION_BATTERY_CHANGED
04-07 10:42:07.963  6036  6536 D PowerCheckerService: onBatteryChanged, mBatteryLevel = 25, status = 2, level = 25, plug = 2, scale = 100
04-07 10:42:07.965  2862  2862 D DeviceStatisticsService: chargerType=2 batteryLevel=25 totalBatteryCapacity=4725700
04-07 10:42:07.970 15889 15889 D TESDownloadManager: AppSystemReceiver onReceive
04-07 10:42:07.970 15889 15889 D TESDownloadManager: action:android.intent.action.BATTERY_CHANGED
04-07 10:42:07.986  2539  2539 D KeyguardUpdateMonitor: received broadcast android.intent.action.BATTERY_CHANGED
04-07 10:42:07.986  2862  2862 D NetworkSpeedTracker: receive actionandroid.intent.action.BATTERY_CHANGED
04-07 10:42:07.986  2862  2862 D NetworkSpeedTracker: onReceive ACTION_BATTERY_CHANGED mBatteryLevel = 25;mIsCharging =true
04-07 10:42:07.988  4115  4115 I BatteryInfoReceiver: ACTION_BATTERY_CHANGED
04-07 10:42:07.989  6036  6536 D PowerCheckerService: onBatteryChanged, mBatteryLevel = 25, status = 2, level = 25, plug = 2, scale = 100
04-07 10:42:07.991  2862  2862 D DeviceStatisticsService: chargerType=2 batteryLevel=25 totalBatteryCapacity=4725700
04-07 10:42:07.994 15889 15889 D TESDownloadManager: AppSystemReceiver onReceive
04-07 10:42:07.995 15889 15889 D TESDownloadManager: action:android.intent.action.BATTERY_CHANGED
04-07 10:42:07.996  2539  2539 D KeyguardUpdateMonitor: received broadcast android.intent.action.BATTERY_CHANGED
04-07 10:42:07.997  2862  2862 D NetworkSpeedTracker: receive actionandroid.intent.action.BATTERY_CHANGED
04-07 10:42:07.997  2862  2862 D NetworkSpeedTracker: onReceive ACTION_BATTERY_CHANGED mBatteryLevel = 25;mIsCharging =true
04-07 10:42:07.998  4115  4115 I BatteryInfoReceiver: ACTION_BATTERY_CHANGED
04-07 10:42:07.999  6036  6536 D PowerCheckerService: onBatteryChanged, mBatteryLevel = 25, status = 2, level = 25, plug = 2, scale = 100
04-07 10:42:08.001  2862  2862 D DeviceStatisticsService: chargerType=2 batteryLevel=25 totalBatteryCapacity=4725700
04-07 10:42:08.003 15889 15889 D TESDownloadManager: AppSystemReceiver onReceive
04-07 10:42:08.003 15889 15889 D TESDownloadManager: action:android.intent.action.BATTERY_CHANGED
04-07 10:42:08.030  2539  2539 D KeyguardUpdateMonitor: received broadcast android.intent.action.BATTERY_CHANGED
04-07 10:42:08.032  2862  2862 D NetworkSpeedTracker: receive actionandroid.intent.action.BATTERY_CHANGED
04-07 10:42:08.032  2862  2862 D NetworkSpeedTracker: onReceive ACTION_BATTERY_CHANGED mBatteryLevel = 25;mIsCharging =true
04-07 10:42:08.034  6036  6536 D PowerCheckerService: onBatteryChanged, mBatteryLevel = 25, status = 2, level = 25, plug = 2, scale = 100
04-07 10:42:08.034  4115  4115 I BatteryInfoReceiver: ACTION_BATTERY_CHANGED
04-07 10:42:08.040 15889 15889 D TESDownloadManager: AppSystemReceiver onReceive
04-07 10:42:08.040 15889 15889 D TESDownloadManager: action:android.intent.action.BATTERY_CHANGED
04-07 10:42:08.041  2862  2862 D DeviceStatisticsService: chargerType=2 batteryLevel=25 totalBatteryCapacity=4725700
04-07 10:42:08.044  2539  2539 D KeyguardUpdateMonitor: received broadcast android.intent.action.BATTERY_CHANGED
04-07 10:42:08.046  2862  2862 D NetworkSpeedTracker: receive actionandroid.intent.action.BATTERY_CHANGED
04-07 10:42:08.046  2862  2862 D NetworkSpeedTracker: onReceive ACTION_BATTERY_CHANGED mBatteryLevel = 25;mIsCharging =true
04-07 10:42:08.048  4115  4115 I BatteryInfoReceiver: ACTION_BATTERY_CHANGED
04-07 10:42:08.049  6036  6536 D PowerCheckerService: onBatteryChanged, mBatteryLevel = 25, status = 2, level = 25, plug = 2, scale = 100
04-07 10:42:08.051  2862  2862 D DeviceStatisticsService: chargerType=2 batteryLevel=25 totalBatteryCapacity=4725700
04-07 10:42:08.055 15889 15889 D TESDownloadManager: AppSystemReceiver onReceive
04-07 10:42:08.055 15889 15889 D TESDownloadManager: action:android.intent.action.BATTERY_CHANGED
04-07 10:42:08.075  2539  2539 D KeyguardUpdateMonitor: received broadcast android.intent.action.BATTERY_CHANGED
04-07 10:42:08.075  2862  2862 D NetworkSpeedTracker: receive actionandroid.intent.action.BATTERY_CHANGED
04-07 10:42:08.076  2862  2862 D NetworkSpeedTracker: onReceive ACTION_BATTERY_CHANGED mBatteryLevel = 25;mIsCharging =true
04-07 10:42:08.078  4115  4115 I BatteryInfoReceiver: ACTION_BATTERY_CHANGED
04-07 10:42:08.079  6036  6536 D PowerCheckerService: onBatteryChanged, mBatteryLevel = 25, status = 2, level = 25, plug = 2, scale = 100
04-07 10:42:08.082  2862  2862 D DeviceStatisticsService: chargerType=2 batteryLevel=25 totalBatteryCapacity=4725700
04-07 10:42:08.086 15889 15889 D TESDownloadManager: AppSystemReceiver onReceive
04-07 10:42:08.086 15889 15889 D TESDownloadManager: action:android.intent.action.BATTERY_CHANGED
04-07 10:42:08.088  2539  2539 D KeyguardUpdateMonitor: received broadcast android.intent.action.BATTERY_CHANGED
04-07 10:42:08.089  2862  2862 D NetworkSpeedTracker: receive actionandroid.intent.action.BATTERY_CHANGED
04-07 10:42:08.089  2862  2862 D NetworkSpeedTracker: onReceive ACTION_BATTERY_CHANGED mBatteryLevel = 25;mIsCharging =true
04-07 10:42:08.091  4115  4115 I BatteryInfoReceiver: ACTION_BATTERY_CHANGED
04-07 10:42:08.092  6036  6536 D PowerCheckerService: onBatteryChanged, mBatteryLevel = 25, status = 2, level = 25, plug = 2, scale = 100
04-07 10:42:08.094  2862  2862 D DeviceStatisticsService: chargerType=2 batteryLevel=25 totalBatteryCapacity=4725700
04-07 10:42:08.097 15889 15889 D TESDownloadManager: AppSystemReceiver onReceive
04-07 10:42:08.097 15889 15889 D TESDownloadManager: action:android.intent.action.BATTERY_CHANGED
04-07 10:42:08.119  2539  2539 D KeyguardUpdateMonitor: received broadcast android.intent.action.BATTERY_CHANGED
04-07 10:42:08.119  2862  2862 D NetworkSpeedTracker: receive actionandroid.intent.action.BATTERY_CHANGED
04-07 10:42:08.120  2862  2862 D NetworkSpeedTracker: onReceive ACTION_BATTERY_CHANGED mBatteryLevel = 25;mIsCharging =true
04-07 10:42:08.122  4115  4115 I BatteryInfoReceiver: ACTION_BATTERY_CHANGED
04-07 10:42:08.123  6036  6536 D PowerCheckerService: onBatteryChanged, mBatteryLevel = 25, status = 2, level = 25, plug = 2, scale = 100
04-07 10:42:08.127  2862  2862 D DeviceStatisticsService: chargerType=2 batteryLevel=25 totalBatteryCapacity=4725700
04-07 10:42:08.131 15889 15889 D TESDownloadManager: AppSystemReceiver onReceive
04-07 10:42:08.131 15889 15889 D TESDownloadManager: action:android.intent.action.BATTERY_CHANGED
04-07 10:42:08.134  2539  2539 D KeyguardUpdateMonitor: received broadcast android.intent.action.BATTERY_CHANGED
04-07 10:42:08.134  2862  2862 D NetworkSpeedTracker: receive actionandroid.intent.action.BATTERY_CHANGED
04-07 10:42:08.134  2862  2862 D NetworkSpeedTracker: onReceive ACTION_BATTERY_CHANGED mBatteryLevel = 25;mIsCharging =true
04-07 10:42:08.135  4115  4115 I BatteryInfoReceiver: ACTION_BATTERY_CHANGED
04-07 10:42:08.137  6036  6536 D PowerCheckerService: onBatteryChanged, mBatteryLevel = 25, status = 2, level = 25, plug = 2, scale = 100
04-07 10:42:08.138  2862  2862 D DeviceStatisticsService: chargerType=2 batteryLevel=25 totalBatteryCapacity=4725700
04-07 10:42:08.141 15889 15889 D TESDownloadManager: AppSystemReceiver onReceive
04-07 10:42:08.142 15889 15889 D TESDownloadManager: action:android.intent.action.BATTERY_CHANGED
04-07 10:42:08.162  2539  2539 D KeyguardUpdateMonitor: received broadcast android.intent.action.BATTERY_CHANGED
04-07 10:42:08.163  2862  2862 D NetworkSpeedTracker: receive actionandroid.intent.action.BATTERY_CHANGED
04-07 10:42:08.163  2862  2862 D NetworkSpeedTracker: onReceive ACTION_BATTERY_CHANGED mBatteryLevel = 25;mIsCharging =true
04-07 10:42:08.166  6036  6536 D PowerCheckerService: onBatteryChanged, mBatteryLevel = 25, status = 2, level = 25, plug = 2, scale = 100
04-07 10:42:08.170  4115  4115 I BatteryInfoReceiver: ACTION_BATTERY_CHANGED
04-07 10:42:08.170  2862  2862 D DeviceStatisticsService: chargerType=2 batteryLevel=25 totalBatteryCapacity=4725700
04-07 10:42:08.173 15889 15889 D TESDownloadManager: AppSystemReceiver onReceive
04-07 10:42:08.173 15889 15889 D TESDownloadManager: action:android.intent.action.BATTERY_CHANGED
04-07 10:42:08.174  2539  2539 D KeyguardUpdateMonitor: received broadcast android.intent.action.BATTERY_CHANGED
04-07 10:42:08.175  2862  2862 D NetworkSpeedTracker: receive actionandroid.intent.action.BATTERY_CHANGED
04-07 10:42:08.175  2862  2862 D NetworkSpeedTracker: onReceive ACTION_BATTERY_CHANGED mBatteryLevel = 25;mIsCharging =true
04-07 10:42:08.177  4115  4115 I BatteryInfoReceiver: ACTION_BATTERY_CHANGED
04-07 10:42:08.178  6036  6536 D PowerCheckerService: onBatteryChanged, mBatteryLevel = 25, status = 2, level = 25, plug = 2, scale = 100
04-07 10:42:08.179  2862  2862 D DeviceStatisticsService: chargerType=2 batteryLevel=25 totalBatteryCapacity=4725700
04-07 10:42:08.184 15889 15889 D TESDownloadManager: AppSystemReceiver onReceive
04-07 10:42:08.184 15889 15889 D TESDownloadManager: action:android.intent.action.BATTERY_CHANGED
04-07 10:42:08.208  2539  2539 D KeyguardUpdateMonitor: received broadcast android.intent.action.BATTERY_CHANGED
04-07 10:42:08.209  2862  2862 D NetworkSpeedTracker: receive actionandroid.intent.action.BATTERY_CHANGED
04-07 10:42:08.209  2862  2862 D NetworkSpeedTracker: onReceive ACTION_BATTERY_CHANGED mBatteryLevel = 25;mIsCharging =true
04-07 10:42:08.211  4115  4115 I BatteryInfoReceiver: ACTION_BATTERY_CHANGED
04-07 10:42:08.212  6036  6536 D PowerCheckerService: onBatteryChanged, mBatteryLevel = 25, status = 2, level = 25, plug = 2, scale = 100
04-07 10:42:08.217 15889 15889 D TESDownloadManager: AppSystemReceiver onReceive
04-07 10:42:08.217 15889 15889 D TESDownloadManager: action:android.intent.action.BATTERY_CHANGED
04-07 10:42:08.218  2862  2862 D DeviceStatisticsService: chargerType=2 batteryLevel=25 totalBatteryCapacity=4725700
04-07 10:42:08.220  2539  2539 D KeyguardUpdateMonitor: received broadcast android.intent.action.BATTERY_CHANGED
04-07 10:42:08.221  2862  2862 D NetworkSpeedTracker: receive actionandroid.intent.action.BATTERY_CHANGED
04-07 10:42:08.221  2862  2862 D NetworkSpeedTracker: onReceive ACTION_BATTERY_CHANGED mBatteryLevel = 25;mIsCharging =true
04-07 10:42:08.222  4115  4115 I BatteryInfoReceiver: ACTION_BATTERY_CHANGED
04-07 10:42:08.224  6036  6536 D PowerCheckerService: onBatteryChanged, mBatteryLevel = 25, status = 2, level = 25, plug = 2, scale = 100
04-07 10:42:08.226  2862  2862 D DeviceStatisticsService: chargerType=2 batteryLevel=25 totalBatteryCapacity=4725700
04-07 10:42:08.230 15889 15889 D TESDownloadManager: AppSystemReceiver onReceive
04-07 10:42:08.230 15889 15889 D TESDownloadManager: action:android.intent.action.BATTERY_CHANGED
04-07 10:42:08.255   796   796 W health@2.0-serv: type=1400 audit(0.0:1452095): avc: denied { read } for name="type" dev="sysfs" ino=55635 scontext=u:r:hal_health_default:s0 tcontext=u:object_r:sysfs:s0 tclass=file permissive=0
04-07 10:42:08.259   796   796 W health@2.0-serv: type=1400 audit(0.0:1452096): avc: denied { read } for name="type" dev="sysfs" ino=55635 scontext=u:r:hal_health_default:s0 tcontext=u:object_r:sysfs:s0 tclass=file permissive=0
04-07 10:42:08.268  2539  2539 D KeyguardUpdateMonitor: received broadcast android.intent.action.BATTERY_CHANGED
04-07 10:42:08.269  2862  2862 D NetworkSpeedTracker: receive actionandroid.intent.action.BATTERY_CHANGED
04-07 10:42:08.269  2862  2862 D NetworkSpeedTracker: onReceive ACTION_BATTERY_CHANGED mBatteryLevel = 25;mIsCharging =true
04-07 10:42:08.271  4115  4115 I BatteryInfoReceiver: ACTION_BATTERY_CHANGED
04-07 10:42:08.273  6036  6536 D PowerCheckerService: onBatteryChanged, mBatteryLevel = 25, status = 2, level = 25, plug = 2, scale = 100
04-07 10:42:08.275  2862  2862 D DeviceStatisticsService: chargerType=2 batteryLevel=25 totalBatteryCapacity=4725700
04-07 10:42:08.280 15889 15889 D TESDownloadManager: AppSystemReceiver onReceive
04-07 10:42:08.280 15889 15889 D TESDownloadManager: action:android.intent.action.BATTERY_CHANGED
04-07 10:42:08.291   796   796 W health@2.0-serv: type=1400 audit(0.0:1452097): avc: denied { read } for name="type" dev="sysfs" ino=55635 scontext=u:r:hal_health_default:s0 tcontext=u:object_r:sysfs:s0 tclass=file permissive=0
04-07 10:42:08.299  2539  2539 D KeyguardUpdateMonitor: received broadcast android.intent.action.BATTERY_CHANGED
04-07 10:42:08.299  2862  2862 D NetworkSpeedTracker: receive actionandroid.intent.action.BATTERY_CHANGED
04-07 10:42:08.299  2862  2862 D NetworkSpeedTracker: onReceive ACTION_BATTERY_CHANGED mBatteryLevel = 25;mIsCharging =true
04-07 10:42:08.301  4115  4115 I BatteryInfoReceiver: ACTION_BATTERY_CHANGED
04-07 10:42:08.302  6036  6536 D PowerCheckerService: onBatteryChanged, mBatteryLevel = 25, status = 2, level = 25, plug = 2, scale = 100
04-07 10:42:08.303   796   796 W health@2.0-serv: type=1400 audit(0.0:1452098): avc: denied { read } for name="type" dev="sysfs" ino=55635 scontext=u:r:hal_health_default:s0 tcontext=u:object_r:sysfs:s0 tclass=file permissive=0
04-07 10:42:08.310 15889 15889 D TESDownloadManager: AppSystemReceiver onReceive
04-07 10:42:08.310 15889 15889 D TESDownloadManager: action:android.intent.action.BATTERY_CHANGED
04-07 10:42:08.310  2862  2862 D DeviceStatisticsService: chargerType=2 batteryLevel=25 totalBatteryCapacity=4725700
04-07 10:42:08.311  2539  2539 D KeyguardUpdateMonitor: received broadcast android.intent.action.BATTERY_CHANGED
04-07 10:42:08.313  2862  2862 D NetworkSpeedTracker: receive actionandroid.intent.action.BATTERY_CHANGED
04-07 10:42:08.313  2862  2862 D NetworkSpeedTracker: onReceive ACTION_BATTERY_CHANGED mBatteryLevel = 25;mIsCharging =true
04-07 10:42:08.314  4115  4115 I BatteryInfoReceiver: ACTION_BATTERY_CHANGED
04-07 10:42:08.315  6036  6536 D PowerCheckerService: onBatteryChanged, mBatteryLevel = 25, status = 2, level = 25, plug = 2, scale = 100
04-07 10:42:08.319  2862  2862 D DeviceStatisticsService: chargerType=2 batteryLevel=25 totalBatteryCapacity=4725700
04-07 10:42:08.320 15889 15889 D TESDownloadManager: AppSystemReceiver onReceive
04-07 10:42:08.320 15889 15889 D TESDownloadManager: action:android.intent.action.BATTERY_CHANGED
04-07 10:42:08.335   796   796 W health@2.0-serv: type=1400 audit(0.0:1452099): avc: denied { read } for name="type" dev="sysfs" ino=55635 scontext=u:r:hal_health_default:s0 tcontext=u:object_r:sysfs:s0 tclass=file permissive=0
04-07 10:42:08.343  2539  2539 D KeyguardUpdateMonitor: received broadcast android.intent.action.BATTERY_CHANGED
04-07 10:42:08.343  2862  2862 D NetworkSpeedTracker: receive actionandroid.intent.action.BATTERY_CHANGED
04-07 10:42:08.343  2862  2862 D NetworkSpeedTracker: onReceive ACTION_BATTERY_CHANGED mBatteryLevel = 25;mIsCharging =true
04-07 10:42:08.345  4115  4115 I BatteryInfoReceiver: ACTION_BATTERY_CHANGED
04-07 10:42:08.346  6036  6536 D PowerCheckerService: onBatteryChanged, mBatteryLevel = 25, status = 2, level = 25, plug = 2, scale = 100
04-07 10:42:08.351 15889 15889 D TESDownloadManager: AppSystemReceiver onReceive
04-07 10:42:08.351 15889 15889 D TESDownloadManager: action:android.intent.action.BATTERY_CHANGED
04-07 10:42:08.359  2862  2862 D DeviceStatisticsService: chargerType=2 batteryLevel=25 totalBatteryCapacity=4725700
04-07 10:42:08.361  2539  2539 D KeyguardUpdateMonitor: received broadcast android.intent.action.BATTERY_CHANGED
04-07 10:42:08.362  2862  2862 D NetworkSpeedTracker: receive actionandroid.intent.action.BATTERY_CHANGED
04-07 10:42:08.362  2862  2862 D NetworkSpeedTracker: onReceive ACTION_BATTERY_CHANGED mBatteryLevel = 25;mIsCharging =true
04-07 10:42:08.363  4115  4115 I BatteryInfoReceiver: ACTION_BATTERY_CHANGED
04-07 10:42:08.364  6036  6536 D PowerCheckerService: onBatteryChanged, mBatteryLevel = 25, status = 2, level = 25, plug = 2, scale = 100
04-07 10:42:08.366  2862  2862 D DeviceStatisticsService: chargerType=2 batteryLevel=25 totalBatteryCapacity=4725700
04-07 10:42:08.369 15889 15889 D TESDownloadManager: AppSystemReceiver onReceive
04-07 10:42:08.369 15889 15889 D TESDownloadManager: action:android.intent.action.BATTERY_CHANGED
04-07 10:42:08.384  2539  2539 D KeyguardUpdateMonitor: received broadcast android.intent.action.BATTERY_CHANGED
04-07 10:42:08.385  2862  2862 D NetworkSpeedTracker: receive actionandroid.intent.action.BATTERY_CHANGED
04-07 10:42:08.385  2862  2862 D NetworkSpeedTracker: onReceive ACTION_BATTERY_CHANGED mBatteryLevel = 25;mIsCharging =true
04-07 10:42:08.385  4115  4115 I BatteryInfoReceiver: ACTION_BATTERY_CHANGED
04-07 10:42:08.388  6036  6536 D PowerCheckerService: onBatteryChanged, mBatteryLevel = 25, status = 2, level = 25, plug = 2, scale = 100
04-07 10:42:08.389  2862  2862 D DeviceStatisticsService: chargerType=2 batteryLevel=25 totalBatteryCapacity=4725700
04-07 10:42:08.391 15889 15889 D TESDownloadManager: AppSystemReceiver onReceive
04-07 10:42:08.392 15889 15889 D TESDownloadManager: action:android.intent.action.BATTERY_CHANGED
04-07 10:42:08.394  2539  2539 D KeyguardUpdateMonitor: received broadcast android.intent.action.BATTERY_CHANGED
04-07 10:42:08.395  2862  2862 D NetworkSpeedTracker: receive actionandroid.intent.action.BATTERY_CHANGED
04-07 10:42:08.395  2862  2862 D NetworkSpeedTracker: onReceive ACTION_BATTERY_CHANGED mBatteryLevel = 25;mIsCharging =true
04-07 10:42:08.396  4115  4115 I BatteryInfoReceiver: ACTION_BATTERY_CHANGED
04-07 10:42:08.397  6036  6536 D PowerCheckerService: onBatteryChanged, mBatteryLevel = 25, status = 2, level = 25, plug = 2, scale = 100
04-07 10:42:08.399  2862  2862 D DeviceStatisticsService: chargerType=2 batteryLevel=25 totalBatteryCapacity=4725700
04-07 10:42:08.401 15889 15889 D TESDownloadManager: AppSystemReceiver onReceive
04-07 10:42:08.401 15889 15889 D TESDownloadManager: action:android.intent.action.BATTERY_CHANGED
04-07 10:42:08.429  2539  2539 D KeyguardUpdateMonitor: received broadcast android.intent.action.BATTERY_CHANGED
04-07 10:42:08.430  2862  2862 D NetworkSpeedTracker: receive actionandroid.intent.action.BATTERY_CHANGED
04-07 10:42:08.430  2862  2862 D NetworkSpeedTracker: onReceive ACTION_BATTERY_CHANGED mBatteryLevel = 25;mIsCharging =true
04-07 10:42:08.431  4115  4115 I BatteryInfoReceiver: ACTION_BATTERY_CHANGED
04-07 10:42:08.433  6036  6536 D PowerCheckerService: onBatteryChanged, mBatteryLevel = 25, status = 2, level = 25, plug = 2, scale = 100
04-07 10:42:08.435  2862  2862 D DeviceStatisticsService: chargerType=2 batteryLevel=25 totalBatteryCapacity=4725700
04-07 10:42:08.440 15889 15889 D TESDownloadManager: AppSystemReceiver onReceive
04-07 10:42:08.440 15889 15889 D TESDownloadManager: action:android.intent.action.BATTERY_CHANGED
04-07 10:42:08.442  2539  2539 D KeyguardUpdateMonitor: received broadcast android.intent.action.BATTERY_CHANGED
04-07 10:42:08.443  2862  2862 D NetworkSpeedTracker: receive actionandroid.intent.action.BATTERY_CHANGED
04-07 10:42:08.443  2862  2862 D NetworkSpeedTracker: onReceive ACTION_BATTERY_CHANGED mBatteryLevel = 25;mIsCharging =true
04-07 10:42:08.445  4115  4115 I BatteryInfoReceiver: ACTION_BATTERY_CHANGED
04-07 10:42:08.446  6036  6536 D PowerCheckerService: onBatteryChanged, mBatteryLevel = 25, status = 2, level = 25, plug = 2, scale = 100
04-07 10:42:08.448  2862  2862 D DeviceStatisticsService: chargerType=2 batteryLevel=25 totalBatteryCapacity=4725700
04-07 10:42:08.452 15889 15889 D TESDownloadManager: AppSystemReceiver onReceive
04-07 10:42:08.452 15889 15889 D TESDownloadManager: action:android.intent.action.BATTERY_CHANGED
04-07 10:42:08.473  2539  2539 D KeyguardUpdateMonitor: received broadcast android.intent.action.BATTERY_CHANGED
04-07 10:42:08.474  2862  2862 D NetworkSpeedTracker: receive actionandroid.intent.action.BATTERY_CHANGED
04-07 10:42:08.474  2862  2862 D NetworkSpeedTracker: onReceive ACTION_BATTERY_CHANGED mBatteryLevel = 25;mIsCharging =true
04-07 10:42:08.475  4115  4115 I BatteryInfoReceiver: ACTION_BATTERY_CHANGED
04-07 10:42:08.476  6036  6536 D PowerCheckerService: onBatteryChanged, mBatteryLevel = 25, status = 2, level = 25, plug = 2, scale = 100
04-07 10:42:08.479  2862  2862 D DeviceStatisticsService: chargerType=2 batteryLevel=25 totalBatteryCapacity=4725700
04-07 10:42:08.482 15889 15889 D TESDownloadManager: AppSystemReceiver onReceive
04-07 10:42:08.482 15889 15889 D TESDownloadManager: action:android.intent.action.BATTERY_CHANGED
04-07 10:42:08.484  2539  2539 D KeyguardUpdateMonitor: received broadcast android.intent.action.BATTERY_CHANGED
04-07 10:42:08.484  2862  2862 D NetworkSpeedTracker: receive actionandroid.intent.action.BATTERY_CHANGED
04-07 10:42:08.484  2862  2862 D NetworkSpeedTracker: onReceive ACTION_BATTERY_CHANGED mBatteryLevel = 25;mIsCharging =true
04-07 10:42:08.486  4115  4115 I BatteryInfoReceiver: ACTION_BATTERY_CHANGED
04-07 10:42:08.487  6036  6536 D PowerCheckerService: onBatteryChanged, mBatteryLevel = 25, status = 2, level = 25, plug = 2, scale = 100
04-07 10:42:08.488  2862  2862 D DeviceStatisticsService: chargerType=2 batteryLevel=25 totalBatteryCapacity=4725700
