04-13 11:09:06.479  2862  2862 D NetworkSpeedTracker: onReceive ACTION_BATTERY_CHANGED mBatteryLevel = 34;mIsCharging =true
04-13 11:09:06.480  4115  4115 I BatteryInfoReceiver: ACTION_BATTERY_CHANGED
04-13 11:09:06.481  6036  6536 D PowerCheckerService: onBatteryChanged, mBatteryLevel = 34, status = 2, level = 34, plug = 2, scale = 100
04-13 11:09:06.483  2862  2862 D DeviceStatisticsService: chargerType=2 batteryLevel=34 totalBatteryCapacity=4320000
04-13 11:09:06.488  2539  2539 D KeyguardUpdateMonitor: received broadcast android.intent.action.BATTERY_CHANGED
04-13 11:09:06.489  2862  2862 D NetworkSpeedTracker: receive actionandroid.intent.action.BATTERY_CHANGED
04-13 11:09:06.489  2862  2862 D NetworkSpeedTracker: onReceive ACTION_BATTERY_CHANGED mBatteryLevel = 34;mIsCharging =true
04-13 11:09:06.490  4115  4115 I BatteryInfoReceiver: ACTION_BATTERY_CHANGED
04-13 11:09:06.490  6036  6536 D PowerCheckerService: onBatteryChanged, mBatteryLevel = 34, status = 2, level = 34, plug = 2, scale = 100
04-13 11:09:06.492  2862  2862 D DeviceStatisticsService: chargerType=2 batteryLevel=34 totalBatteryCapacity=4320000
04-13 11:09:06.523  2539  2539 D KeyguardUpdateMonitor: received broadcast android.intent.action.BATTERY_CHANGED
04-13 11:09:06.525  2862  2862 D NetworkSpeedTracker: receive actionandroid.intent.action.BATTERY_CHANGED
04-13 11:09:06.525  2862  2862 D NetworkSpeedTracker: onReceive ACTION_BATTERY_CHANGED mBatteryLevel = 34;mIsCharging =true
04-13 11:09:06.525  4115  4115 I BatteryInfoReceiver: ACTION_BATTERY_CHANGED
04-13 11:09:06.527  6036  6536 D PowerCheckerService: onBatteryChanged, mBatteryLevel = 34, status = 2, level = 34, plug = 2, scale = 100
04-13 11:09:06.539  2862  2862 D DeviceStatisticsService: chargerType=2 batteryLevel=34 totalBatteryCapacity=4320000
04-13 11:09:06.542  2539  2539 D KeyguardUpdateMonitor: received broadcast android.intent.action.BATTERY_CHANGED
04-13 11:09:06.543  2862  2862 D NetworkSpeedTracker: receive actionandroid.intent.action.BATTERY_CHANGED
04-13 11:09:06.543  2862  2862 D NetworkSpeedTracker: onReceive ACTION_BATTERY_CHANGED mBatteryLevel = 34;mIsCharging =true
04-13 11:09:06.544  4115  4115 I BatteryInfoReceiver: ACTION_BATTERY_CHANGED
04-13 11:09:06.545  6036  6536 D PowerCheckerService: onBatteryChanged, mBatteryLevel = 34, status = 2, level = 34, plug = 2, scale = 100
04-13 11:09:06.546  2862  2862 D DeviceStatisticsService: chargerType=2 batteryLevel=34 totalBatteryCapacity=4320000
04-13 11:09:06.565  2539  2539 D KeyguardUpdateMonitor: received broadcast android.intent.action.BATTERY_CHANGED
04-13 11:09:06.565  2862  2862 D NetworkSpeedTracker: receive actionandroid.intent.action.BATTERY_CHANGED
04-13 11:09:06.565  2862  2862 D NetworkSpeedTracker: onReceive ACTION_BATTERY_CHANGED mBatteryLevel = 34;mIsCharging =true
04-13 11:09:06.568  6036  6536 D PowerCheckerService: onBatteryChanged, mBatteryLevel = 34, status = 2, level = 34, plug = 2, scale = 100
04-13 11:09:06.570  4115  4115 I BatteryInfoReceiver: ACTION_BATTERY_CHANGED
04-13 11:09:06.572  2862  2862 D DeviceStatisticsService: chargerType=2 batteryLevel=34 totalBatteryCapacity=4320000
04-13 11:09:06.577  2539  2539 D KeyguardUpdateMonitor: received broadcast android.intent.action.BATTERY_CHANGED
04-13 11:09:06.578  2862  2862 D NetworkSpeedTracker: receive actionandroid.intent.action.BATTERY_CHANGED
04-13 11:09:06.578  2862  2862 D NetworkSpeedTracker: onReceive ACTION_BATTERY_CHANGED mBatteryLevel = 34;mIsCharging =true
04-13 11:09:06.579  4115  4115 I BatteryInfoReceiver: ACTION_BATTERY_CHANGED
04-13 11:09:06.580  6036  6536 D PowerCheckerService: onBatteryChanged, mBatteryLevel = 34, status = 2, level = 34, plug = 2, scale = 100
04-13 11:09:06.581  2862  2862 D DeviceStatisticsService: chargerType=2 batteryLevel=34 totalBatteryCapacity=4320000
04-13 11:09:06.594 21376 21663 I SmartThreadExecutor: handleMessage: start check 0
04-13 11:09:06.594 21376 21663 I SmartThreadExecutor: handleMessage: check end 0 -13 false
04-13 11:09:06.613  2539  2539 D KeyguardUpdateMonitor: received broadcast android.intent.action.BATTERY_CHANGED
04-13 11:09:06.614   805 15815 I WifiHAL : event received NL80211_CMD_VENDOR, vendor_id = 0x1374, subcmd = 0x6b
04-13 11:09:06.614  2862  2862 D NetworkSpeedTracker: receive actionandroid.intent.action.BATTERY_CHANGED
04-13 11:09:06.614  2862  2862 D NetworkSpeedTracker: onReceive ACTION_BATTERY_CHANGED mBatteryLevel = 34;mIsCharging =true
04-13 11:09:06.616  4115  4115 I BatteryInfoReceiver: ACTION_BATTERY_CHANGED
04-13 11:09:06.618  6036  6536 D PowerCheckerService: onBatteryChanged, mBatteryLevel = 34, status = 2, level = 34, plug = 2, scale = 100
04-13 11:09:06.619 15731 15731 I wpa_supplicant: P2P-DEVICE-FOUND 8e:c6:81:3c:89:30 p2p_dev_addr=8c:c6:81:3c:89:31 pri_dev_type=7-0050F200-0 name='sz-00115657' config_methods=0x88 dev_capab=0x25 group_capab=0x8b wfd_dev_info=0x00111c440006 vendor_elems=1 new=0
04-13 11:09:06.622  1193  1193 I cnss-daemon: nl80211 response handler invoked
04-13 11:09:06.622  1193  1193 I cnss-daemon: nl80211_response_handler: cmd 103, vendorID 4980, subcmd 107  received
04-13 11:09:06.624  2862  2862 D DeviceStatisticsService: chargerType=2 batteryLevel=34 totalBatteryCapacity=4320000
04-13 11:09:06.631  2539  2539 D KeyguardUpdateMonitor: received broadcast android.intent.action.BATTERY_CHANGED
04-13 11:09:06.633  2862  2862 D NetworkSpeedTracker: receive actionandroid.intent.action.BATTERY_CHANGED
04-13 11:09:06.633  2862  2862 D NetworkSpeedTracker: onReceive ACTION_BATTERY_CHANGED mBatteryLevel = 34;mIsCharging =true
04-13 11:09:06.635  4115  4115 I BatteryInfoReceiver: ACTION_BATTERY_CHANGED
04-13 11:09:06.636  6036  6536 D PowerCheckerService: onBatteryChanged, mBatteryLevel = 34, status = 2, level = 34, plug = 2, scale = 100
04-13 11:09:06.638  2862  2862 D DeviceStatisticsService: chargerType=2 batteryLevel=34 totalBatteryCapacity=4320000
04-13 11:09:06.656  2539  2539 D KeyguardUpdateMonitor: received broadcast android.intent.action.BATTERY_CHANGED
04-13 11:09:06.657  2862  2862 D NetworkSpeedTracker: receive actionandroid.intent.action.BATTERY_CHANGED
04-13 11:09:06.657  2862  2862 D NetworkSpeedTracker: onReceive ACTION_BATTERY_CHANGED mBatteryLevel = 34;mIsCharging =true
04-13 11:09:06.658  4115  4115 I BatteryInfoReceiver: ACTION_BATTERY_CHANGED
04-13 11:09:06.659  6036  6536 D PowerCheckerService: onBatteryChanged, mBatteryLevel = 34, status = 2, level = 34, plug = 2, scale = 100
04-13 11:09:06.665  2862  2862 D DeviceStatisticsService: chargerType=2 batteryLevel=34 totalBatteryCapacity=4320000
04-13 11:09:06.667  2539  2539 D KeyguardUpdateMonitor: received broadcast android.intent.action.BATTERY_CHANGED
04-13 11:09:06.667  2862  2862 D NetworkSpeedTracker: receive actionandroid.intent.action.BATTERY_CHANGED
04-13 11:09:06.667  2862  2862 D NetworkSpeedTracker: onReceive ACTION_BATTERY_CHANGED mBatteryLevel = 34;mIsCharging =true
04-13 11:09:06.668  4115  4115 I BatteryInfoReceiver: ACTION_BATTERY_CHANGED
04-13 11:09:06.669  6036  6536 D PowerCheckerService: onBatteryChanged, mBatteryLevel = 34, status = 2, level = 34, plug = 2, scale = 100
04-13 11:09:06.671  2862  2862 D DeviceStatisticsService: chargerType=2 batteryLevel=34 totalBatteryCapacity=4320000
04-13 11:09:06.700  2539  2539 D KeyguardUpdateMonitor: received broadcast android.intent.action.BATTERY_CHANGED
04-13 11:09:06.700  2862  2862 D NetworkSpeedTracker: receive actionandroid.intent.action.BATTERY_CHANGED
04-13 11:09:06.701  2862  2862 D NetworkSpeedTracker: onReceive ACTION_BATTERY_CHANGED mBatteryLevel = 34;mIsCharging =true
04-13 11:09:06.702  4115  4115 I BatteryInfoReceiver: ACTION_BATTERY_CHANGED
04-13 11:09:06.704  6036  6536 D PowerCheckerService: onBatteryChanged, mBatteryLevel = 34, status = 2, level = 34, plug = 2, scale = 100
04-13 11:09:06.707  2862  2862 D DeviceStatisticsService: chargerType=2 batteryLevel=34 totalBatteryCapacity=4320000
04-13 11:09:06.715  2539  2539 D KeyguardUpdateMonitor: received broadcast android.intent.action.BATTERY_CHANGED
04-13 11:09:06.717  2862  2862 D NetworkSpeedTracker: receive actionandroid.intent.action.BATTERY_CHANGED
04-13 11:09:06.717  2862  2862 D NetworkSpeedTracker: onReceive ACTION_BATTERY_CHANGED mBatteryLevel = 34;mIsCharging =true
04-13 11:09:06.718  4115  4115 I BatteryInfoReceiver: ACTION_BATTERY_CHANGED
04-13 11:09:06.720  6036  6536 D PowerCheckerService: onBatteryChanged, mBatteryLevel = 34, status = 2, level = 34, plug = 2, scale = 100
04-13 11:09:06.721  2862  2862 D DeviceStatisticsService: chargerType=2 batteryLevel=34 totalBatteryCapacity=4320000
04-13 11:09:06.744  2539  2539 D KeyguardUpdateMonitor: received broadcast android.intent.action.BATTERY_CHANGED
04-13 11:09:06.745  2862  2862 D NetworkSpeedTracker: receive actionandroid.intent.action.BATTERY_CHANGED
04-13 11:09:06.745  2862  2862 D NetworkSpeedTracker: onReceive ACTION_BATTERY_CHANGED mBatteryLevel = 34;mIsCharging =true
04-13 11:09:06.747  4115  4115 I BatteryInfoReceiver: ACTION_BATTERY_CHANGED
04-13 11:09:06.748  6036  6536 D PowerCheckerService: onBatteryChanged, mBatteryLevel = 34, status = 2, level = 34, plug = 2, scale = 100
04-13 11:09:06.754  2862  2862 D DeviceStatisticsService: chargerType=2 batteryLevel=34 totalBatteryCapacity=4320000
04-13 11:09:06.758  2539  2539 D KeyguardUpdateMonitor: received broadcast android.intent.action.BATTERY_CHANGED
04-13 11:09:06.759  2862  2862 D NetworkSpeedTracker: receive actionandroid.intent.action.BATTERY_CHANGED
04-13 11:09:06.759  2862  2862 D NetworkSpeedTracker: onReceive ACTION_BATTERY_CHANGED mBatteryLevel = 34;mIsCharging =true
04-13 11:09:06.760  4115  4115 I BatteryInfoReceiver: ACTION_BATTERY_CHANGED
04-13 11:09:06.761  6036  6536 D PowerCheckerService: onBatteryChanged, mBatteryLevel = 34, status = 2, level = 34, plug = 2, scale = 100
04-13 11:09:06.764  2862  2862 D DeviceStatisticsService: chargerType=2 batteryLevel=34 totalBatteryCapacity=4320000
04-13 11:09:06.788  2539  2539 D KeyguardUpdateMonitor: received broadcast android.intent.action.BATTERY_CHANGED
04-13 11:09:06.789  2862  2862 D NetworkSpeedTracker: receive actionandroid.intent.action.BATTERY_CHANGED
04-13 11:09:06.789  2862  2862 D NetworkSpeedTracker: onReceive ACTION_BATTERY_CHANGED mBatteryLevel = 34;mIsCharging =true
04-13 11:09:06.790  4115  4115 I BatteryInfoReceiver: ACTION_BATTERY_CHANGED
04-13 11:09:06.792  6036  6536 D PowerCheckerService: onBatteryChanged, mBatteryLevel = 34, status = 2, level = 34, plug = 2, scale = 100
04-13 11:09:06.794  2862  2862 D DeviceStatisticsService: chargerType=2 batteryLevel=34 totalBatteryCapacity=4320000
04-13 11:09:06.801  2539  2539 D KeyguardUpdateMonitor: received broadcast android.intent.action.BATTERY_CHANGED
04-13 11:09:06.802  2862  2862 D NetworkSpeedTracker: receive actionandroid.intent.action.BATTERY_CHANGED
04-13 11:09:06.802  2862  2862 D NetworkSpeedTracker: onReceive ACTION_BATTERY_CHANGED mBatteryLevel = 34;mIsCharging =true
04-13 11:09:06.804  4115  4115 I BatteryInfoReceiver: ACTION_BATTERY_CHANGED
04-13 11:09:06.805  6036  6536 D PowerCheckerService: onBatteryChanged, mBatteryLevel = 34, status = 2, level = 34, plug = 2, scale = 100
04-13 11:09:06.807  2862  2862 D DeviceStatisticsService: chargerType=2 batteryLevel=34 totalBatteryCapacity=4320000
04-13 11:09:06.852  2539  2539 D KeyguardUpdateMonitor: received broadcast android.intent.action.BATTERY_CHANGED
04-13 11:09:06.853  2862  2862 D NetworkSpeedTracker: receive actionandroid.intent.action.BATTERY_CHANGED
04-13 11:09:06.853  2862  2862 D NetworkSpeedTracker: onReceive ACTION_BATTERY_CHANGED mBatteryLevel = 34;mIsCharging =true
04-13 11:09:06.856  4115  4115 I BatteryInfoReceiver: ACTION_BATTERY_CHANGED
04-13 11:09:06.859  6036  6536 D PowerCheckerService: onBatteryChanged, mBatteryLevel = 34, status = 2, level = 34, plug = 2, scale = 100
04-13 11:09:06.862  2862  2862 D DeviceStatisticsService: chargerType=2 batteryLevel=34 totalBatteryCapacity=4320000
04-13 11:09:06.875  2539  2539 D KeyguardUpdateMonitor: received broadcast android.intent.action.BATTERY_CHANGED
04-13 11:09:06.876  2862  2862 D NetworkSpeedTracker: receive actionandroid.intent.action.BATTERY_CHANGED
04-13 11:09:06.877  2862  2862 D NetworkSpeedTracker: onReceive ACTION_BATTERY_CHANGED mBatteryLevel = 34;mIsCharging =true
04-13 11:09:06.875   796   796 W health@2.0-serv: type=1400 audit(0.0:2410663): avc: denied { read } for name="type" dev="sysfs" ino=55635 scontext=u:r:hal_health_default:s0 tcontext=u:object_r:sysfs:s0 tclass=file permissive=0
04-13 11:09:06.878  4115  4115 I BatteryInfoReceiver: ACTION_BATTERY_CHANGED
04-13 11:09:06.879  6036  6536 D PowerCheckerService: onBatteryChanged, mBatteryLevel = 34, status = 2, level = 34, plug = 2, scale = 100
04-13 11:09:06.879   796   796 W health@2.0-serv: type=1400 audit(0.0:2410664): avc: denied { read } for name="type" dev="sysfs" ino=55635 scontext=u:r:hal_health_default:s0 tcontext=u:object_r:sysfs:s0 tclass=file permissive=0
04-13 11:09:06.886  2862  2862 D DeviceStatisticsService: chargerType=2 batteryLevel=34 totalBatteryCapacity=4320000
04-13 11:09:06.888  2539  2539 D KeyguardUpdateMonitor: received broadcast android.intent.action.BATTERY_CHANGED
04-13 11:09:06.888  2862  2862 D NetworkSpeedTracker: receive actionandroid.intent.action.BATTERY_CHANGED
04-13 11:09:06.888  2862  2862 D NetworkSpeedTracker: onReceive ACTION_BATTERY_CHANGED mBatteryLevel = 34;mIsCharging =true
04-13 11:09:06.890  4115  4115 I BatteryInfoReceiver: ACTION_BATTERY_CHANGED
04-13 11:09:06.890  6036  6536 D PowerCheckerService: onBatteryChanged, mBatteryLevel = 34, status = 2, level = 34, plug = 2, scale = 100
04-13 11:09:06.892  2862  2862 D DeviceStatisticsService: chargerType=2 batteryLevel=34 totalBatteryCapacity=4320000
04-13 11:09:06.897  2539  2539 D KeyguardUpdateMonitor: received broadcast android.intent.action.BATTERY_CHANGED
04-13 11:09:06.898  2862  2862 D NetworkSpeedTracker: receive actionandroid.intent.action.BATTERY_CHANGED
04-13 11:09:06.898  2862  2862 D NetworkSpeedTracker: onReceive ACTION_BATTERY_CHANGED mBatteryLevel = 34;mIsCharging =true
04-13 11:09:06.899  4115  4115 I BatteryInfoReceiver: ACTION_BATTERY_CHANGED
04-13 11:09:06.900  6036  6536 D PowerCheckerService: onBatteryChanged, mBatteryLevel = 34, status = 2, level = 34, plug = 2, scale = 100
04-13 11:09:06.902  2862  2862 D DeviceStatisticsService: chargerType=2 batteryLevel=34 totalBatteryCapacity=4320000
04-13 11:09:06.911   796   796 W health@2.0-serv: type=1400 audit(0.0:2410665): avc: denied { read } for name="type" dev="sysfs" ino=55635 scontext=u:r:hal_health_default:s0 tcontext=u:object_r:sysfs:s0 tclass=file permissive=0
04-13 11:09:06.921  2862  2862 D NetworkSpeedTracker: receive actionandroid.intent.action.BATTERY_CHANGED
04-13 11:09:06.921  2862  2862 D NetworkSpeedTracker: onReceive ACTION_BATTERY_CHANGED mBatteryLevel = 34;mIsCharging =true
04-13 11:09:06.919   796   796 W health@2.0-serv: type=1400 audit(0.0:2410666): avc: denied { read } for name="type" dev="sysfs" ino=55635 scontext=u:r:hal_health_default:s0 tcontext=u:object_r:sysfs:s0 tclass=file permissive=0
04-13 11:09:06.921  2539  2539 D KeyguardUpdateMonitor: received broadcast android.intent.action.BATTERY_CHANGED
04-13 11:09:06.922  6036  6536 D PowerCheckerService: onBatteryChanged, mBatteryLevel = 34, status = 2, level = 34, plug = 2, scale = 100
04-13 11:09:06.923  4115  4115 I BatteryInfoReceiver: ACTION_BATTERY_CHANGED
04-13 11:09:06.924  2862  2862 D DeviceStatisticsService: chargerType=2 batteryLevel=34 totalBatteryCapacity=4320000
04-13 11:09:06.927  2539  2539 D KeyguardUpdateMonitor: received broadcast android.intent.action.BATTERY_CHANGED
04-13 11:09:06.928  2862  2862 D NetworkSpeedTracker: receive actionandroid.intent.action.BATTERY_CHANGED
04-13 11:09:06.928  2862  2862 D NetworkSpeedTracker: onReceive ACTION_BATTERY_CHANGED mBatteryLevel = 34;mIsCharging =true
04-13 11:09:06.930  4115  4115 I BatteryInfoReceiver: ACTION_BATTERY_CHANGED
04-13 11:09:06.930  6036  6536 D PowerCheckerService: onBatteryChanged, mBatteryLevel = 34, status = 2, level = 34, plug = 2, scale = 100
04-13 11:09:06.931  2862  2862 D DeviceStatisticsService: chargerType=2 batteryLevel=34 totalBatteryCapacity=4320000
04-13 11:09:06.959   796   796 W health@2.0-serv: type=1400 audit(0.0:2410667): avc: denied { read } for name="type" dev="sysfs" ino=55635 scontext=u:r:hal_health_default:s0 tcontext=u:object_r:sysfs:s0 tclass=file permissive=0
04-13 11:09:06.968  2539  2539 D KeyguardUpdateMonitor: received broadcast android.intent.action.BATTERY_CHANGED
04-13 11:09:06.969  2862  2862 D NetworkSpeedTracker: receive actionandroid.intent.action.BATTERY_CHANGED
04-13 11:09:06.969  2862  2862 D NetworkSpeedTracker: onReceive ACTION_BATTERY_CHANGED mBatteryLevel = 34;mIsCharging =true
04-13 11:09:06.972  4115  4115 I BatteryInfoReceiver: ACTION_BATTERY_CHANGED
04-13 11:09:06.973  1193  1193 I cnss-daemon: nl80211 response handler invoked
04-13 11:09:06.973  1193  1193 I cnss-daemon: nl80211_response_handler: cmd 103, vendorID 4980, subcmd 106  received
04-13 11:09:06.975   805 15815 I WifiHAL : event received NL80211_CMD_VENDOR, vendor_id = 0x1374, subcmd = 0x6a
04-13 11:09:06.975  6036  6536 D PowerCheckerService: onBatteryChanged, mBatteryLevel = 34, status = 2, level = 34, plug = 2, scale = 100
04-13 11:09:06.982  2862  2862 D DeviceStatisticsService: chargerType=2 batteryLevel=34 totalBatteryCapacity=4320000
04-13 11:09:06.986  2539  2539 D KeyguardUpdateMonitor: received broadcast android.intent.action.BATTERY_CHANGED
04-13 11:09:06.987  2862  2862 D NetworkSpeedTracker: receive actionandroid.intent.action.BATTERY_CHANGED
04-13 11:09:06.987  2862  2862 D NetworkSpeedTracker: onReceive ACTION_BATTERY_CHANGED mBatteryLevel = 34;mIsCharging =true
04-13 11:09:06.988  4115  4115 I BatteryInfoReceiver: ACTION_BATTERY_CHANGED
04-13 11:09:06.989  6036  6536 D PowerCheckerService: onBatteryChanged, mBatteryLevel = 34, status = 2, level = 34, plug = 2, scale = 100
04-13 11:09:06.990  2862  2862 D DeviceStatisticsService: chargerType=2 batteryLevel=34 totalBatteryCapacity=4320000
04-13 11:09:07.011  2539  2539 D KeyguardUpdateMonitor: received broadcast android.intent.action.BATTERY_CHANGED
04-13 11:09:07.012  2862  2862 D NetworkSpeedTracker: receive actionandroid.intent.action.BATTERY_CHANGED
04-13 11:09:07.012  2862  2862 D NetworkSpeedTracker: onReceive ACTION_BATTERY_CHANGED mBatteryLevel = 34;mIsCharging =true
04-13 11:09:07.014  4115  4115 I BatteryInfoReceiver: ACTION_BATTERY_CHANGED
04-13 11:09:07.015  6036  6536 D PowerCheckerService: onBatteryChanged, mBatteryLevel = 34, status = 2, level = 34, plug = 2, scale = 100
04-13 11:09:07.018  2862  2862 D DeviceStatisticsService: chargerType=2 batteryLevel=34 totalBatteryCapacity=4320000
04-13 11:09:07.026  2539  2539 D KeyguardUpdateMonitor: received broadcast android.intent.action.BATTERY_CHANGED
04-13 11:09:07.027  2862  2862 D NetworkSpeedTracker: receive actionandroid.intent.action.BATTERY_CHANGED
04-13 11:09:07.027  2862  2862 D NetworkSpeedTracker: onReceive ACTION_BATTERY_CHANGED mBatteryLevel = 34;mIsCharging =true
04-13 11:09:07.028  4115  4115 I BatteryInfoReceiver: ACTION_BATTERY_CHANGED
04-13 11:09:07.029  6036  6536 D PowerCheckerService: onBatteryChanged, mBatteryLevel = 34, status = 2, level = 34, plug = 2, scale = 100
04-13 11:09:07.030  2862  2862 D DeviceStatisticsService: chargerType=2 batteryLevel=34 totalBatteryCapacity=4320000
04-13 11:09:07.055  2539  2539 D KeyguardUpdateMonitor: received broadcast android.intent.action.BATTERY_CHANGED
04-13 11:09:07.056  2862  2862 D NetworkSpeedTracker: receive actionandroid.intent.action.BATTERY_CHANGED
04-13 11:09:07.056  2862  2862 D NetworkSpeedTracker: onReceive ACTION_BATTERY_CHANGED mBatteryLevel = 34;mIsCharging =true
04-13 11:09:07.057  4115  4115 I BatteryInfoReceiver: ACTION_BATTERY_CHANGED
04-13 11:09:07.058  6036  6536 D PowerCheckerService: onBatteryChanged, mBatteryLevel = 34, status = 2, level = 34, plug = 2, scale = 100
04-13 11:09:07.059  2862  2862 D DeviceStatisticsService: chargerType=2 batteryLevel=34 totalBatteryCapacity=4320000
04-13 11:09:07.065  2539  2539 D KeyguardUpdateMonitor: received broadcast android.intent.action.BATTERY_CHANGED
04-13 11:09:07.066  2862  2862 D NetworkSpeedTracker: receive actionandroid.intent.action.BATTERY_CHANGED
04-13 11:09:07.066  2862  2862 D NetworkSpeedTracker: onReceive ACTION_BATTERY_CHANGED mBatteryLevel = 34;mIsCharging =true
04-13 11:09:07.067  4115  4115 I BatteryInfoReceiver: ACTION_BATTERY_CHANGED
04-13 11:09:07.068  6036  6536 D PowerCheckerService: onBatteryChanged, mBatteryLevel = 34, status = 2, level = 34, plug = 2, scale = 100
04-13 11:09:07.070  2862  2862 D DeviceStatisticsService: chargerType=2 batteryLevel=34 totalBatteryCapacity=4320000
04-13 11:09:07.100  2539  2539 D KeyguardUpdateMonitor: received broadcast android.intent.action.BATTERY_CHANGED
04-13 11:09:07.101  2862  2862 D NetworkSpeedTracker: receive actionandroid.intent.action.BATTERY_CHANGED
04-13 11:09:07.101  2862  2862 D NetworkSpeedTracker: onReceive ACTION_BATTERY_CHANGED mBatteryLevel = 34;mIsCharging =true
04-13 11:09:07.103  4115  4115 I BatteryInfoReceiver: ACTION_BATTERY_CHANGED
04-13 11:09:07.104  6036  6536 D PowerCheckerService: onBatteryChanged, mBatteryLevel = 34, status = 2, level = 34, plug = 2, scale = 100
04-13 11:09:07.108  2862  2862 D DeviceStatisticsService: chargerType=2 batteryLevel=34 totalBatteryCapacity=4320000
04-13 11:09:07.116  2862  2862 D NetworkSpeedTracker: receive actionandroid.intent.action.BATTERY_CHANGED
04-13 11:09:07.117  2862  2862 D NetworkSpeedTracker: onReceive ACTION_BATTERY_CHANGED mBatteryLevel = 34;mIsCharging =true
04-13 11:09:07.118  2539  2539 D KeyguardUpdateMonitor: received broadcast android.intent.action.BATTERY_CHANGED
04-13 11:09:07.119  6036  6536 D PowerCheckerService: onBatteryChanged, mBatteryLevel = 34, status = 2, level = 34, plug = 2, scale = 100
04-13 11:09:07.121  4115  4115 I BatteryInfoReceiver: ACTION_BATTERY_CHANGED
04-13 11:09:07.123  2862  2862 D DeviceStatisticsService: chargerType=2 batteryLevel=34 totalBatteryCapacity=4320000
04-13 11:09:07.144  2539  2539 D KeyguardUpdateMonitor: received broadcast android.intent.action.BATTERY_CHANGED
04-13 11:09:07.145  2862  2862 D NetworkSpeedTracker: receive actionandroid.intent.action.BATTERY_CHANGED
04-13 11:09:07.146  2862  2862 D NetworkSpeedTracker: onReceive ACTION_BATTERY_CHANGED mBatteryLevel = 34;mIsCharging =true
04-13 11:09:07.146  4115  4115 I BatteryInfoReceiver: ACTION_BATTERY_CHANGED
04-13 11:09:07.149  6036  6536 D PowerCheckerService: onBatteryChanged, mBatteryLevel = 34, status = 2, level = 34, plug = 2, scale = 100
04-13 11:09:07.150  2862  2862 D DeviceStatisticsService: chargerType=2 batteryLevel=34 totalBatteryCapacity=4320000
04-13 11:09:07.156  2539  2539 D KeyguardUpdateMonitor: received broadcast android.intent.action.BATTERY_CHANGED
04-13 11:09:07.157  2862  2862 D NetworkSpeedTracker: receive actionandroid.intent.action.BATTERY_CHANGED
04-13 11:09:07.157  2862  2862 D NetworkSpeedTracker: onReceive ACTION_BATTERY_CHANGED mBatteryLevel = 34;mIsCharging =true
04-13 11:09:07.158  4115  4115 I BatteryInfoReceiver: ACTION_BATTERY_CHANGED
04-13 11:09:07.159  6036  6536 D PowerCheckerService: onBatteryChanged, mBatteryLevel = 34, status = 2, level = 34, plug = 2, scale = 100
04-13 11:09:07.161  2862  2862 D DeviceStatisticsService: chargerType=2 batteryLevel=34 totalBatteryCapacity=4320000
04-13 11:09:07.181  1193  1193 I cnss-daemon: nl80211 response handler invoked
04-13 11:09:07.181   805 15815 I WifiHAL : event received NL80211_CMD_VENDOR, vendor_id = 0x1374, subcmd = 0x6b
04-13 11:09:07.182  1193  1193 I cnss-daemon: nl80211_response_handler: cmd 103, vendorID 4980, subcmd 107  received
04-13 11:09:07.185  2539  2539 D KeyguardUpdateMonitor: received broadcast android.intent.action.BATTERY_CHANGED
04-13 11:09:07.186  2862  2862 D NetworkSpeedTracker: receive actionandroid.intent.action.BATTERY_CHANGED
04-13 11:09:07.186  2862  2862 D NetworkSpeedTracker: onReceive ACTION_BATTERY_CHANGED mBatteryLevel = 34;mIsCharging =true
04-13 11:09:07.188  4115  4115 I BatteryInfoReceiver: ACTION_BATTERY_CHANGED
04-13 11:09:07.188  6036  6536 D PowerCheckerService: onBatteryChanged, mBatteryLevel = 34, status = 2, level = 34, plug = 2, scale = 100
04-13 11:09:07.196  2862  2862 D DeviceStatisticsService: chargerType=2 batteryLevel=34 totalBatteryCapacity=4320000
04-13 11:09:07.202  2539  2539 D KeyguardUpdateMonitor: received broadcast android.intent.action.BATTERY_CHANGED
04-13 11:09:07.203  2862  2862 D NetworkSpeedTracker: receive actionandroid.intent.action.BATTERY_CHANGED
04-13 11:09:07.204  2862  2862 D NetworkSpeedTracker: onReceive ACTION_BATTERY_CHANGED mBatteryLevel = 34;mIsCharging =true
04-13 11:09:07.205  4115  4115 I BatteryInfoReceiver: ACTION_BATTERY_CHANGED
04-13 11:09:07.206  6036  6536 D PowerCheckerService: onBatteryChanged, mBatteryLevel = 34, status = 2, level = 34, plug = 2, scale = 100
04-13 11:09:07.209  2862  2862 D DeviceStatisticsService: chargerType=2 batteryLevel=34 totalBatteryCapacity=4320000
04-13 11:09:07.252  2539  2539 D KeyguardUpdateMonitor: received broadcast android.intent.action.BATTERY_CHANGED
04-13 11:09:07.253  2862  2862 D NetworkSpeedTracker: receive actionandroid.intent.action.BATTERY_CHANGED
04-13 11:09:07.254  2862  2862 D NetworkSpeedTracker: onReceive ACTION_BATTERY_CHANGED mBatteryLevel = 34;mIsCharging =true
04-13 11:09:07.256  4115  4115 I BatteryInfoReceiver: ACTION_BATTERY_CHANGED
04-13 11:09:07.258  6036  6536 D PowerCheckerService: onBatteryChanged, mBatteryLevel = 34, status = 2, level = 34, plug = 2, scale = 100
04-13 11:09:07.260  2862  2862 D DeviceStatisticsService: chargerType=2 batteryLevel=34 totalBatteryCapacity=4320000
04-13 11:09:07.279  2539  2539 D KeyguardUpdateMonitor: received broadcast android.intent.action.BATTERY_CHANGED
04-13 11:09:07.280  2862  2862 D NetworkSpeedTracker: receive actionandroid.intent.action.BATTERY_CHANGED
04-13 11:09:07.280  2862  2862 D NetworkSpeedTracker: onReceive ACTION_BATTERY_CHANGED mBatteryLevel = 34;mIsCharging =true
04-13 11:09:07.281  4115  4115 I BatteryInfoReceiver: ACTION_BATTERY_CHANGED
04-13 11:09:07.282  6036  6536 D PowerCheckerService: onBatteryChanged, mBatteryLevel = 34, status = 2, level = 34, plug = 2, scale = 100
04-13 11:09:07.288  2862  2862 D DeviceStatisticsService: chargerType=2 batteryLevel=34 totalBatteryCapacity=4320000
04-13 11:09:07.291  2539  2539 D KeyguardUpdateMonitor: received broadcast android.intent.action.BATTERY_CHANGED
04-13 11:09:07.292  2862  2862 D NetworkSpeedTracker: receive actionandroid.intent.action.BATTERY_CHANGED
04-13 11:09:07.292  2862  2862 D NetworkSpeedTracker: onReceive ACTION_BATTERY_CHANGED mBatteryLevel = 34;mIsCharging =true
04-13 11:09:07.292  4115  4115 I BatteryInfoReceiver: ACTION_BATTERY_CHANGED
04-13 11:09:07.293  6036  6536 D PowerCheckerService: onBatteryChanged, mBatteryLevel = 34, status = 2, level = 34, plug = 2, scale = 100
04-13 11:09:07.295  2862  2862 D DeviceStatisticsService: chargerType=2 batteryLevel=34 totalBatteryCapacity=4320000
04-13 11:09:07.321  2539  2539 D KeyguardUpdateMonitor: received broadcast android.intent.action.BATTERY_CHANGED
04-13 11:09:07.322  2862  2862 D NetworkSpeedTracker: receive actionandroid.intent.action.BATTERY_CHANGED
04-13 11:09:07.322  2862  2862 D NetworkSpeedTracker: onReceive ACTION_BATTERY_CHANGED mBatteryLevel = 34;mIsCharging =true
04-13 11:09:07.323  4115  4115 I BatteryInfoReceiver: ACTION_BATTERY_CHANGED
04-13 11:09:07.323  6036  6536 D PowerCheckerService: onBatteryChanged, mBatteryLevel = 34, status = 2, level = 34, plug = 2, scale = 100
04-13 11:09:07.324  2862  2862 D DeviceStatisticsService: chargerType=2 batteryLevel=34 totalBatteryCapacity=4320000
04-13 11:09:07.331  2539  2539 D KeyguardUpdateMonitor: received broadcast android.intent.action.BATTERY_CHANGED
04-13 11:09:07.332  2862  2862 D NetworkSpeedTracker: receive actionandroid.intent.action.BATTERY_CHANGED
04-13 11:09:07.332  2862  2862 D NetworkSpeedTracker: onReceive ACTION_BATTERY_CHANGED mBatteryLevel = 34;mIsCharging =true
04-13 11:09:07.334  6036  6536 D PowerCheckerService: onBatteryChanged, mBatteryLevel = 34, status = 2, level = 34, plug = 2, scale = 100
04-13 11:09:07.334  4115  4115 I BatteryInfoReceiver: ACTION_BATTERY_CHANGED
04-13 11:09:07.336  2862  2862 D DeviceStatisticsService: chargerType=2 batteryLevel=34 totalBatteryCapacity=4320000
04-13 11:09:07.364  2539  2539 D KeyguardUpdateMonitor: received broadcast android.intent.action.BATTERY_CHANGED
04-13 11:09:07.365  2862  2862 D NetworkSpeedTracker: receive actionandroid.intent.action.BATTERY_CHANGED
04-13 11:09:07.365  2862  2862 D NetworkSpeedTracker: onReceive ACTION_BATTERY_CHANGED mBatteryLevel = 34;mIsCharging =true
04-13 11:09:07.367  4115  4115 I BatteryInfoReceiver: ACTION_BATTERY_CHANGED
04-13 11:09:07.368  6036  6536 D PowerCheckerService: onBatteryChanged, mBatteryLevel = 34, status = 2, level = 34, plug = 2, scale = 100
04-13 11:09:07.369  2862  2862 D DeviceStatisticsService: chargerType=2 batteryLevel=34 totalBatteryCapacity=4320000
04-13 11:09:07.376  2539  2539 D KeyguardUpdateMonitor: received broadcast android.intent.action.BATTERY_CHANGED
04-13 11:09:07.377  2862  2862 D NetworkSpeedTracker: receive actionandroid.intent.action.BATTERY_CHANGED
04-13 11:09:07.378  2862  2862 D NetworkSpeedTracker: onReceive ACTION_BATTERY_CHANGED mBatteryLevel = 34;mIsCharging =true
04-13 11:09:07.379  4115  4115 I BatteryInfoReceiver: ACTION_BATTERY_CHANGED
04-13 11:09:07.380  6036  6536 D PowerCheckerService: onBatteryChanged, mBatteryLevel = 34, status = 2, level = 34, plug = 2, scale = 100
04-13 11:09:07.382  2862  2862 D DeviceStatisticsService: chargerType=2 batteryLevel=34 totalBatteryCapacity=4320000
04-13 11:09:07.385   813  1035 I SDM     : HWEventsDRM::HandleIdleTimeout: Received Enter Idle event
04-13 11:09:07.410  2539  2539 D KeyguardUpdateMonitor: received broadcast android.intent.action.BATTERY_CHANGED
04-13 11:09:07.411  2862  2862 D NetworkSpeedTracker: receive actionandroid.intent.action.BATTERY_CHANGED
04-13 11:09:07.411  2862  2862 D NetworkSpeedTracker: onReceive ACTION_BATTERY_CHANGED mBatteryLevel = 34;mIsCharging =true
04-13 11:09:07.412  4115  4115 I BatteryInfoReceiver: ACTION_BATTERY_CHANGED
04-13 11:09:07.414  6036  6536 D PowerCheckerService: onBatteryChanged, mBatteryLevel = 34, status = 2, level = 34, plug = 2, scale = 100
04-13 11:09:07.418  2862  2862 D DeviceStatisticsService: chargerType=2 batteryLevel=34 totalBatteryCapacity=4320000
04-13 11:09:07.424  2539  2539 D KeyguardUpdateMonitor: received broadcast android.intent.action.BATTERY_CHANGED
04-13 11:09:07.425  2862  2862 D NetworkSpeedTracker: receive actionandroid.intent.action.BATTERY_CHANGED
04-13 11:09:07.425  2862  2862 D NetworkSpeedTracker: onReceive ACTION_BATTERY_CHANGED mBatteryLevel = 34;mIsCharging =true
04-13 11:09:07.426  4115  4115 I BatteryInfoReceiver: ACTION_BATTERY_CHANGED
04-13 11:09:07.427  6036  6536 D PowerCheckerService: onBatteryChanged, mBatteryLevel = 34, status = 2, level = 34, plug = 2, scale = 100
04-13 11:09:07.430  2862  2862 D DeviceStatisticsService: chargerType=2 batteryLevel=34 totalBatteryCapacity=4320000
04-13 11:09:07.457  2539  2539 D KeyguardUpdateMonitor: received broadcast android.intent.action.BATTERY_CHANGED
04-13 11:09:07.458  2862  2862 D NetworkSpeedTracker: receive actionandroid.intent.action.BATTERY_CHANGED
04-13 11:09:07.458  2862  2862 D NetworkSpeedTracker: onReceive ACTION_BATTERY_CHANGED mBatteryLevel = 34;mIsCharging =true
04-13 11:09:07.460  4115  4115 I BatteryInfoReceiver: ACTION_BATTERY_CHANGED
04-13 11:09:07.460  6036  6536 D PowerCheckerService: onBatteryChanged, mBatteryLevel = 34, status = 2, level = 34, plug = 2, scale = 100
04-13 11:09:07.465  2862  2862 D DeviceStatisticsService: chargerType=2 batteryLevel=34 totalBatteryCapacity=4320000
04-13 11:09:07.472  2539  2539 D KeyguardUpdateMonitor: received broadcast android.intent.action.BATTERY_CHANGED
04-13 11:09:07.473  2862  2862 D NetworkSpeedTracker: receive actionandroid.intent.action.BATTERY_CHANGED
04-13 11:09:07.474  2862  2862 D NetworkSpeedTracker: onReceive ACTION_BATTERY_CHANGED mBatteryLevel = 34;mIsCharging =true
04-13 11:09:07.476  4115  4115 I BatteryInfoReceiver: ACTION_BATTERY_CHANGED
04-13 11:09:07.478  6036  6536 D PowerCheckerService: onBatteryChanged, mBatteryLevel = 34, status = 2, level = 34, plug = 2, scale = 100
04-13 11:09:07.480  2862  2862 D DeviceStatisticsService: chargerType=2 batteryLevel=34 totalBatteryCapacity=4320000
04-13 11:09:07.501  2539  2539 D KeyguardUpdateMonitor: received broadcast android.intent.action.BATTERY_CHANGED
04-13 11:09:07.501  2862  2862 D NetworkSpeedTracker: receive actionandroid.intent.action.BATTERY_CHANGED
04-13 11:09:07.502  2862  2862 D NetworkSpeedTracker: onReceive ACTION_BATTERY_CHANGED mBatteryLevel = 34;mIsCharging =true
04-13 11:09:07.503  4115  4115 I BatteryInfoReceiver: ACTION_BATTERY_CHANGED
04-13 11:09:07.504  6036  6536 D PowerCheckerService: onBatteryChanged, mBatteryLevel = 34, status = 2, level = 34, plug = 2, scale = 100
04-13 11:09:07.506  2862  2862 D DeviceStatisticsService: chargerType=2 batteryLevel=34 totalBatteryCapacity=4320000
04-13 11:09:07.512  2539  2539 D KeyguardUpdateMonitor: received broadcast android.intent.action.BATTERY_CHANGED
04-13 11:09:07.513  2862  2862 D NetworkSpeedTracker: receive actionandroid.intent.action.BATTERY_CHANGED
04-13 11:09:07.513  2862  2862 D NetworkSpeedTracker: onReceive ACTION_BATTERY_CHANGED mBatteryLevel = 34;mIsCharging =true
04-13 11:09:07.514  4115  4115 I BatteryInfoReceiver: ACTION_BATTERY_CHANGED
04-13 11:09:07.514  6036  6536 D PowerCheckerService: onBatteryChanged, mBatteryLevel = 34, status = 2, level = 34, plug = 2, scale = 100
04-13 11:09:07.515  2862  2862 D DeviceStatisticsService: chargerType=2 batteryLevel=34 totalBatteryCapacity=4320000
04-13 11:09:07.524  1193  1193 I cnss-daemon: nl80211 response handler invoked
04-13 11:09:07.524  1193  1193 I cnss-daemon: nl80211_response_handler: cmd 103, vendorID 4980, subcmd 106  received
04-13 11:09:07.524   805 15815 I WifiHAL : event received NL80211_CMD_VENDOR, vendor_id = 0x1374, subcmd = 0x6a
04-13 11:09:07.546  2539  2539 D KeyguardUpdateMonitor: received broadcast android.intent.action.BATTERY_CHANGED
04-13 11:09:07.547  2862  2862 D NetworkSpeedTracker: receive actionandroid.intent.action.BATTERY_CHANGED
04-13 11:09:07.547  2862  2862 D NetworkSpeedTracker: onReceive ACTION_BATTERY_CHANGED mBatteryLevel = 34;mIsCharging =true
04-13 11:09:07.548  4115  4115 I BatteryInfoReceiver: ACTION_BATTERY_CHANGED
04-13 11:09:07.549  6036  6536 D PowerCheckerService: onBatteryChanged, mBatteryLevel = 34, status = 2, level = 34, plug = 2, scale = 100
04-13 11:09:07.551  2862  2862 D DeviceStatisticsService: chargerType=2 batteryLevel=34 totalBatteryCapacity=4320000
04-13 11:09:07.556  2539  2539 D KeyguardUpdateMonitor: received broadcast android.intent.action.BATTERY_CHANGED
04-13 11:09:07.556  2862  2862 D NetworkSpeedTracker: receive actionandroid.intent.action.BATTERY_CHANGED
04-13 11:09:07.557  2862  2862 D NetworkSpeedTracker: onReceive ACTION_BATTERY_CHANGED mBatteryLevel = 34;mIsCharging =true
04-13 11:09:07.558  6036  6536 D PowerCheckerService: onBatteryChanged, mBatteryLevel = 34, status = 2, level = 34, plug = 2, scale = 100
04-13 11:09:07.559  4115  4115 I BatteryInfoReceiver: ACTION_BATTERY_CHANGED
04-13 11:09:07.559  2862  2862 D DeviceStatisticsService: chargerType=2 batteryLevel=34 totalBatteryCapacity=4320000
04-13 11:09:07.587  2539  2539 D KeyguardUpdateMonitor: received broadcast android.intent.action.BATTERY_CHANGED
04-13 11:09:07.588  2862  2862 D NetworkSpeedTracker: receive actionandroid.intent.action.BATTERY_CHANGED
04-13 11:09:07.588  2862  2862 D NetworkSpeedTracker: onReceive ACTION_BATTERY_CHANGED mBatteryLevel = 34;mIsCharging =true
04-13 11:09:07.590  4115  4115 I BatteryInfoReceiver: ACTION_BATTERY_CHANGED
04-13 11:09:07.592  6036  6536 D PowerCheckerService: onBatteryChanged, mBatteryLevel = 34, status = 2, level = 34, plug = 2, scale = 100
04-13 11:09:07.601  2862  2862 D DeviceStatisticsService: chargerType=2 batteryLevel=34 totalBatteryCapacity=4320000
04-13 11:09:07.607  2539  2539 D KeyguardUpdateMonitor: received broadcast android.intent.action.BATTERY_CHANGED
04-13 11:09:07.609  2862  2862 D NetworkSpeedTracker: receive actionandroid.intent.action.BATTERY_CHANGED
04-13 11:09:07.609  2862  2862 D NetworkSpeedTracker: onReceive ACTION_BATTERY_CHANGED mBatteryLevel = 34;mIsCharging =true
04-13 11:09:07.609  4115  4115 I BatteryInfoReceiver: ACTION_BATTERY_CHANGED
04-13 11:09:07.611  6036  6536 D PowerCheckerService: onBatteryChanged, mBatteryLevel = 34, status = 2, level = 34, plug = 2, scale = 100
04-13 11:09:07.612  2862  2862 D DeviceStatisticsService: chargerType=2 batteryLevel=34 totalBatteryCapacity=4320000
04-13 11:09:07.654  2539  2539 D KeyguardUpdateMonitor: received broadcast android.intent.action.BATTERY_CHANGED
04-13 11:09:07.656  2862  2862 D NetworkSpeedTracker: receive actionandroid.intent.action.BATTERY_CHANGED
04-13 11:09:07.656  2862  2862 D NetworkSpeedTracker: onReceive ACTION_BATTERY_CHANGED mBatteryLevel = 34;mIsCharging =true
04-13 11:09:07.660  6036  6536 D PowerCheckerService: onBatteryChanged, mBatteryLevel = 34, status = 2, level = 34, plug = 2, scale = 100
04-13 11:09:07.661  4115  4115 I BatteryInfoReceiver: ACTION_BATTERY_CHANGED
04-13 11:09:07.662  2862  2862 D DeviceStatisticsService: chargerType=2 batteryLevel=34 totalBatteryCapacity=4320000
04-13 11:09:07.679  2539  2539 D KeyguardUpdateMonitor: received broadcast android.intent.action.BATTERY_CHANGED
04-13 11:09:07.681  2862  2862 D NetworkSpeedTracker: receive actionandroid.intent.action.BATTERY_CHANGED
04-13 11:09:07.681  2862  2862 D NetworkSpeedTracker: onReceive ACTION_BATTERY_CHANGED mBatteryLevel = 34;mIsCharging =true
04-13 11:09:07.686  4115  4115 I BatteryInfoReceiver: ACTION_BATTERY_CHANGED
04-13 11:09:07.687  6036  6536 D PowerCheckerService: onBatteryChanged, mBatteryLevel = 34, status = 2, level = 34, plug = 2, scale = 100
04-13 11:09:07.696  2862  2862 D DeviceStatisticsService: chargerType=2 batteryLevel=34 totalBatteryCapacity=4320000
04-13 11:09:07.699  2539  2539 D KeyguardUpdateMonitor: received broadcast android.intent.action.BATTERY_CHANGED
04-13 11:09:07.700  2862  2862 D NetworkSpeedTracker: receive actionandroid.intent.action.BATTERY_CHANGED
04-13 11:09:07.700  2862  2862 D NetworkSpeedTracker: onReceive ACTION_BATTERY_CHANGED mBatteryLevel = 34;mIsCharging =true
04-13 11:09:07.702  4115  4115 I BatteryInfoReceiver: ACTION_BATTERY_CHANGED
04-13 11:09:07.703  6036  6536 D PowerCheckerService: onBatteryChanged, mBatteryLevel = 34, status = 2, level = 34, plug = 2, scale = 100
04-13 11:09:07.704  2862  2862 D DeviceStatisticsService: chargerType=2 batteryLevel=34 totalBatteryCapacity=4320000
04-13 11:09:07.721  2539  2539 D KeyguardUpdateMonitor: received broadcast android.intent.action.BATTERY_CHANGED
04-13 11:09:07.721   805 15815 I WifiHAL : event received NL80211_CMD_VENDOR, vendor_id = 0x1374, subcmd = 0x6b
04-13 11:09:07.722  2862  2862 D NetworkSpeedTracker: receive actionandroid.intent.action.BATTERY_CHANGED
04-13 11:09:07.723  2862  2862 D NetworkSpeedTracker: onReceive ACTION_BATTERY_CHANGED mBatteryLevel = 34;mIsCharging =true
04-13 11:09:07.724  4115  4115 I BatteryInfoReceiver: ACTION_BATTERY_CHANGED
04-13 11:09:07.726  6036  6536 D PowerCheckerService: onBatteryChanged, mBatteryLevel = 34, status = 2, level = 34, plug = 2, scale = 100
04-13 11:09:07.726  1193  1193 I cnss-daemon: nl80211 response handler invoked
04-13 11:09:07.726  1193  1193 I cnss-daemon: nl80211_response_handler: cmd 103, vendorID 4980, subcmd 107  received
04-13 11:09:07.740  2862  2862 D DeviceStatisticsService: chargerType=2 batteryLevel=34 totalBatteryCapacity=4320000
04-13 11:09:07.743  2539  2539 D KeyguardUpdateMonitor: received broadcast android.intent.action.BATTERY_CHANGED
04-13 11:09:07.743  2862  2862 D NetworkSpeedTracker: receive actionandroid.intent.action.BATTERY_CHANGED
04-13 11:09:07.744  2862  2862 D NetworkSpeedTracker: onReceive ACTION_BATTERY_CHANGED mBatteryLevel = 34;mIsCharging =true
04-13 11:09:07.744  4115  4115 I BatteryInfoReceiver: ACTION_BATTERY_CHANGED
04-13 11:09:07.746  6036  6536 D PowerCheckerService: onBatteryChanged, mBatteryLevel = 34, status = 2, level = 34, plug = 2, scale = 100
04-13 11:09:07.748  2862  2862 D DeviceStatisticsService: chargerType=2 batteryLevel=34 totalBatteryCapacity=4320000
04-13 11:09:07.763  2539  2539 D KeyguardUpdateMonitor: received broadcast android.intent.action.BATTERY_CHANGED
04-13 11:09:07.764  2862  2862 D NetworkSpeedTracker: receive actionandroid.intent.action.BATTERY_CHANGED
04-13 11:09:07.764  2862  2862 D NetworkSpeedTracker: onReceive ACTION_BATTERY_CHANGED mBatteryLevel = 34;mIsCharging =true
04-13 11:09:07.766  4115  4115 I BatteryInfoReceiver: ACTION_BATTERY_CHANGED
04-13 11:09:07.768  6036  6536 D PowerCheckerService: onBatteryChanged, mBatteryLevel = 34, status = 2, level = 34, plug = 2, scale = 100
04-13 11:09:07.770  2862  2862 D DeviceStatisticsService: chargerType=2 batteryLevel=34 totalBatteryCapacity=4320000
04-13 11:09:07.776  2539  2539 D KeyguardUpdateMonitor: received broadcast android.intent.action.BATTERY_CHANGED
04-13 11:09:07.777  2862  2862 D NetworkSpeedTracker: receive actionandroid.intent.action.BATTERY_CHANGED
04-13 11:09:07.777  2862  2862 D NetworkSpeedTracker: onReceive ACTION_BATTERY_CHANGED mBatteryLevel = 34;mIsCharging =true
04-13 11:09:07.778  4115  4115 I BatteryInfoReceiver: ACTION_BATTERY_CHANGED
04-13 11:09:07.778  6036  6536 D PowerCheckerService: onBatteryChanged, mBatteryLevel = 34, status = 2, level = 34, plug = 2, scale = 100
04-13 11:09:07.779  2862  2862 D DeviceStatisticsService: chargerType=2 batteryLevel=34 totalBatteryCapacity=4320000
04-13 11:09:07.786 16058 16076 W appium.setting: Reducing the number of considered missed Gc histogram windows from 216 to 100
04-13 11:09:07.796 20268 20282 I BrowseShutd:  mnds querier close
04-13 11:09:07.797 20268 20282 I NetworkProcessor: ------------------------ > >>> >>> close
04-13 11:09:07.797 20268 20282 W DatagramProcessor: -------close  -----
04-13 11:09:07.797 20268 20282 I DatagramProcessor: ------------------------close socket
04-13 11:09:07.797 20268 20282 I NetworkProcessor: ------------------------ > >>> >>> close
04-13 11:09:07.797 20268 20282 W DatagramProcessor: -------close  -----
04-13 11:09:07.797 20268 20282 I DatagramProcessor: ------------------------close socket
04-13 11:09:07.807  2862  2862 D NetworkSpeedTracker: receive actionandroid.intent.action.BATTERY_CHANGED
04-13 11:09:07.808  2862  2862 D NetworkSpeedTracker: onReceive ACTION_BATTERY_CHANGED mBatteryLevel = 34;mIsCharging =true
04-13 11:09:07.808  4115  4115 I BatteryInfoReceiver: ACTION_BATTERY_CHANGED
04-13 11:09:07.809  6036  6536 D PowerCheckerService: onBatteryChanged, mBatteryLevel = 34, status = 2, level = 34, plug = 2, scale = 100
04-13 11:09:07.810  2539  2539 D KeyguardUpdateMonitor: received broadcast android.intent.action.BATTERY_CHANGED
04-13 11:09:07.813  2862  2862 D DeviceStatisticsService: chargerType=2 batteryLevel=34 totalBatteryCapacity=4320000
04-13 11:09:07.815  2539  2539 D KeyguardUpdateMonitor: received broadcast android.intent.action.BATTERY_CHANGED
04-13 11:09:07.816  2862  2862 D NetworkSpeedTracker: receive actionandroid.intent.action.BATTERY_CHANGED
04-13 11:09:07.816  2862  2862 D NetworkSpeedTracker: onReceive ACTION_BATTERY_CHANGED mBatteryLevel = 34;mIsCharging =true
04-13 11:09:07.817  4115  4115 I BatteryInfoReceiver: ACTION_BATTERY_CHANGED
04-13 11:09:07.817  6036  6536 D PowerCheckerService: onBatteryChanged, mBatteryLevel = 34, status = 2, level = 34, plug = 2, scale = 100
04-13 11:09:07.818  2862  2862 D DeviceStatisticsService: chargerType=2 batteryLevel=34 totalBatteryCapacity=4320000
04-13 11:09:07.860  2539  2539 D KeyguardUpdateMonitor: received broadcast android.intent.action.BATTERY_CHANGED
04-13 11:09:07.861  2862  2862 D NetworkSpeedTracker: receive actionandroid.intent.action.BATTERY_CHANGED
04-13 11:09:07.861  2862  2862 D NetworkSpeedTracker: onReceive ACTION_BATTERY_CHANGED mBatteryLevel = 34;mIsCharging =true
04-13 11:09:07.863  6036  6536 D PowerCheckerService: onBatteryChanged, mBatteryLevel = 34, status = 2, level = 34, plug = 2, scale = 100
04-13 11:09:07.864  4115  4115 I BatteryInfoReceiver: ACTION_BATTERY_CHANGED
04-13 11:09:07.865  2862  2862 D DeviceStatisticsService: chargerType=2 batteryLevel=34 totalBatteryCapacity=4320000
04-13 11:09:07.872  2539  2539 D KeyguardUpdateMonitor: received broadcast android.intent.action.BATTERY_CHANGED
04-13 11:09:07.874  2862  2862 D NetworkSpeedTracker: receive actionandroid.intent.action.BATTERY_CHANGED
04-13 11:09:07.874  2862  2862 D NetworkSpeedTracker: onReceive ACTION_BATTERY_CHANGED mBatteryLevel = 34;mIsCharging =true
04-13 11:09:07.875  4115  4115 I BatteryInfoReceiver: ACTION_BATTERY_CHANGED
04-13 11:09:07.877  6036  6536 D PowerCheckerService: onBatteryChanged, mBatteryLevel = 34, status = 2, level = 34, plug = 2, scale = 100
04-13 11:09:07.880  2862  2862 D DeviceStatisticsService: chargerType=2 batteryLevel=34 totalBatteryCapacity=4320000
04-13 11:09:07.887   796   796 W health@2.0-serv: type=1400 audit(0.0:2410709): avc: denied { read } for name="type" dev="sysfs" ino=55635 scontext=u:r:hal_health_default:s0 tcontext=u:object_r:sysfs:s0 tclass=file permissive=0
04-13 11:09:07.895  2539  2539 D KeyguardUpdateMonitor: received broadcast android.intent.action.BATTERY_CHANGED
04-13 11:09:07.897  2862  2862 D NetworkSpeedTracker: receive actionandroid.intent.action.BATTERY_CHANGED
04-13 11:09:07.897  2862  2862 D NetworkSpeedTracker: onReceive ACTION_BATTERY_CHANGED mBatteryLevel = 34;mIsCharging =true
04-13 11:09:07.899   796   796 W health@2.0-serv: type=1400 audit(0.0:2410710): avc: denied { read } for name="type" dev="sysfs" ino=55635 scontext=u:r:hal_health_default:s0 tcontext=u:object_r:sysfs:s0 tclass=file permissive=0
04-13 11:09:07.900  4115  4115 I BatteryInfoReceiver: ACTION_BATTERY_CHANGED
04-13 11:09:07.901  6036  6536 D PowerCheckerService: onBatteryChanged, mBatteryLevel = 34, status = 2, level = 34, plug = 2, scale = 100
04-13 11:09:07.904  2862  2862 D DeviceStatisticsService: chargerType=2 batteryLevel=34 totalBatteryCapacity=4320000
04-13 11:09:07.908  2539  2539 D KeyguardUpdateMonitor: received broadcast android.intent.action.BATTERY_CHANGED
04-13 11:09:07.909  2862  2862 D NetworkSpeedTracker: receive actionandroid.intent.action.BATTERY_CHANGED
04-13 11:09:07.909  2862  2862 D NetworkSpeedTracker: onReceive ACTION_BATTERY_CHANGED mBatteryLevel = 34;mIsCharging =true
04-13 11:09:07.910  4115  4115 I BatteryInfoReceiver: ACTION_BATTERY_CHANGED
04-13 11:09:07.911  6036  6536 D PowerCheckerService: onBatteryChanged, mBatteryLevel = 34, status = 2, level = 34, plug = 2, scale = 100
04-13 11:09:07.912  2862  2862 D DeviceStatisticsService: chargerType=2 batteryLevel=34 totalBatteryCapacity=4320000
04-13 11:09:07.939   796   796 W health@2.0-serv: type=1400 audit(0.0:2410711): avc: denied { read } for name="type" dev="sysfs" ino=55635 scontext=u:r:hal_health_default:s0 tcontext=u:object_r:sysfs:s0 tclass=file permissive=0
04-13 11:09:07.951  2862  2862 D NetworkSpeedTracker: receive actionandroid.intent.action.BATTERY_CHANGED
04-13 11:09:07.951  2862  2862 D NetworkSpeedTracker: onReceive ACTION_BATTERY_CHANGED mBatteryLevel = 34;mIsCharging =true
04-13 11:09:07.951  2539  2539 D KeyguardUpdateMonitor: received broadcast android.intent.action.BATTERY_CHANGED
04-13 11:09:07.953  6036  6536 D PowerCheckerService: onBatteryChanged, mBatteryLevel = 34, status = 2, level = 34, plug = 2, scale = 100
04-13 11:09:07.954  4115  4115 I BatteryInfoReceiver: ACTION_BATTERY_CHANGED
04-13 11:09:07.956  2862  2862 D DeviceStatisticsService: chargerType=2 batteryLevel=34 totalBatteryCapacity=4320000
04-13 11:09:07.951   796   796 W health@2.0-serv: type=1400 audit(0.0:2410712): avc: denied { read } for name="type" dev="sysfs" ino=55635 scontext=u:r:hal_health_default:s0 tcontext=u:object_r:sysfs:s0 tclass=file permissive=0
04-13 11:09:07.962  2862  2862 D NetworkSpeedTracker: receive actionandroid.intent.action.BATTERY_CHANGED
04-13 11:09:07.963  2862  2862 D NetworkSpeedTracker: onReceive ACTION_BATTERY_CHANGED mBatteryLevel = 34;mIsCharging =true
04-13 11:09:07.963  2539  2539 D KeyguardUpdateMonitor: received broadcast android.intent.action.BATTERY_CHANGED
04-13 11:09:07.964  6036  6536 D PowerCheckerService: onBatteryChanged, mBatteryLevel = 34, status = 2, level = 34, plug = 2, scale = 100
04-13 11:09:07.965  4115  4115 I BatteryInfoReceiver: ACTION_BATTERY_CHANGED
04-13 11:09:07.965  2862  2862 D DeviceStatisticsService: chargerType=2 batteryLevel=34 totalBatteryCapacity=4320000
04-13 11:09:07.967   805 15815 I WifiHAL : event received NL80211_CMD_VENDOR, vendor_id = 0x1374, subcmd = 0x6a
04-13 11:09:07.968  1193  1193 I cnss-daemon: nl80211 response handler invoked
04-13 11:09:07.968  1193  1193 I cnss-daemon: nl80211_response_handler: cmd 103, vendorID 4980, subcmd 106  received
04-13 11:09:07.979   796   796 W health@2.0-serv: type=1400 audit(0.0:2410713): avc: denied { read } for name="type" dev="sysfs" ino=55635 scontext=u:r:hal_health_default:s0 tcontext=u:object_r:sysfs:s0 tclass=file permissive=0
04-13 11:09:07.987  2862  2862 D NetworkSpeedTracker: receive actionandroid.intent.action.BATTERY_CHANGED
04-13 11:09:07.987  2862  2862 D NetworkSpeedTracker: onReceive ACTION_BATTERY_CHANGED mBatteryLevel = 34;mIsCharging =true
