04-13 11:09:02.598  1571  2412 I ActivityTaskManager: START u0 {act=android.intent.action.MAIN cat=[android.intent.category.HOME] flg=0x10000100 cmp=com.miui.home/.launcher.Launcher (has extras)} from uid 0
04-13 11:09:02.598  1571  2412 D MiuiMultiWindowAdapter: MiuiMultiWindowAdapter::getFreeformBlackList::sSmallWindowBlackList = [com.miui.securitycenter, com.miui.weather2, com.miui.miservice, com.android.calendar, com.xiaomi.calendar, com.android.contacts, com.miui.mishare.connectivity, com.android.settings, com.android.printspooler, com.miui.backup, com.miui.huanji, com.miui.calculator, com.android.deskclock, com.android.thememanager, com.mfashiongallery.emag, com.miui.virtualsim, com.miui.smarttravel, com.mi.health, com.android.camera, com.lbe.security.miui, com.miui.cleanmaster, com.miui.newhome, com.miui.voiceassist, com.android.phone, com.miui.yellowpage, com.android.updater, com.miui.tsmclient, com.miui.securitycore, com.xiaomi.account, com.xiaomi.shop, com.xiaomi.smarthome, com.mipay.wallet, com.xiaomi.youpin, com.xiaomi.hm.health, com.miui.bugreport, com.xiaomi.mibrain.speech, com.xiaomi.mimoji, com.xiaomi.scanner, com.duokan.phone.remotecontroller, com.miui.hybrid, com.android.incallui, com.miui.video, com.miui.videoplayer, com.miui.player, com.miui.fm, com.miui.packageinstaller, com.mi.android.globallauncher, com.mi.android.globallauncher-poco, com.google.android.dialer, com.google.android.apps.magazines, com.miui.compass, com.miui.greenguard, com.kiteguard, com.google.android.apps.prodcasts, com.google.ar.lens, com.xiangkan.android, com.android.bankabc, com.sohu.inputmethod.sogou, com.tencent.mtt, com.shyz.toutiao, com.netease.mc.mi, com.outfit7.talkingtomgoldrun.mi, com.doudz.mi, com.wepie.snake.new.mi, cn.jj, com.standddz002.mi, com.miHoYo.bh3.mi, com.qqgame.hlddz, com.happyelements.AndroidAnimal, com.minitech.miniworld.TMobile.mi, com.mfp.jelly.xiaomi, com.lilithgames.afk.mi, com.tencent.peng, com.teenpatti.hd.gold, blockpuzzle.jewelgames.jewelslegend, com.playgendary.tanks, com.chillingo.robberybobfree.android.row, com.episodeinteractive.android.catalog, com.playrix.township, com.ansangha.drdriving, com.google.android.youtube, com.gbits.atm.mi, com.tencent.tetris, com.sukhavati.gotoplaying.bubble.BubbleShooter.mint, com.block.puzzle.game.hippo.mi, com.youzu.bs.mi, com.appsomniacs.da2, com.miHoYo.Yuanshen, com.baidu.BaiduMap, com.google.android.googlequicksearchbox]
04-13 11:09:02.599  2539  2539 W HeadsUpManager: removeHeadsUpNotification() no heads up notification on show
04-13 11:09:02.600  2539  2539 I vol.MiuiVolumeDialogImp: dismissH mShowing:false dialog showing:false reason:2
04-13 11:09:02.602  1571  2412 D ActivityTrigger: ActivityTrigger activityPauseTrigger
04-13 11:09:02.607  1571  2412 D CompatibilityInfo: mCompatibilityFlags - 0
04-13 11:09:02.607  1571  2412 D CompatibilityInfo: applicationDensity - 440
04-13 11:09:02.607  1571  2412 D CompatibilityInfo: applicationScale - 1.0
04-13 11:09:02.608  4115 10527 I ProcessMonitor: onForegroundInfoChanged: ForegroundInfo{mForegroundPackageName='com.miui.home', mForegroundUid=10092, mForegroundPid=2874, mLastForegroundPackageName='com.milink.service', mLastForegroundUid=10137, mLastForegroundPid=17458, mMultiWindowForegroundPackageName='null', mMultiWindowForegroundUid=-1, mFlags=0}
04-13 11:09:02.608  4115 10527 I GameBoosterService: onForegroundInfoChanged: Cur=com.miui.home	 last=com.milink.service
04-13 11:09:02.609  9698 10029 I GST     : forePkg: com.miui.home, preForePkg: com.milink.service
04-13 11:09:02.609  1571  2412 I Timeline: Timeline: App_transition_ready time:628426264
04-13 11:09:02.609  4115 10527 D GameBoosterService: onGameStatusChange foreground:ForegroundInfo{mForegroundPackageName='com.miui.home', mForegroundUid=10092, mForegroundPid=2874, mLastForegroundPackageName='com.milink.service', mLastForegroundUid=10137, mLastForegroundPid=17458, mMultiWindowForegroundPackageName='null', mMultiWindowForegroundUid=-1, mFlags=0}
04-13 11:09:02.609  4115 10527 I GameBoosterService: onForegroundInfoChanged: Exit
04-13 11:09:02.609  4115 10527 I VideoBoxUtils: isSupportVideoBox: true
04-13 11:09:02.610  1571  2412 V InputDispatcher: Asynchronous input event injection succeeded.
04-13 11:09:02.610  2874 15677 D Launcher: getLastLaunchApp, pkg=null
04-13 11:09:02.611  4115 10527 I VideoToolBoxService: onForegroundInfoChanged: Exit Vtb
04-13 11:09:02.614  2862  2862 D NetworkSpeedTracker: receive actionandroid.intent.action.BATTERY_CHANGED
04-13 11:09:02.614  2862  2862 D NetworkSpeedTracker: onReceive ACTION_BATTERY_CHANGED mBatteryLevel = 34;mIsCharging =true
04-13 11:09:02.615  1571  5782 I Timeline: Timeline: App_transition_ready time:628426270
04-13 11:09:02.615  4115  4115 I BatteryInfoReceiver: ACTION_BATTERY_CHANGED
04-13 11:09:02.616  1571  3006 D MIUIInput: [FoucsChange]: Display  0 FocusedWindow From Window{1a83390 u0 选择设备(16)}(1,1)  to null(0,0)
04-13 11:09:02.616  2539  2539 D KeyguardUpdateMonitor: received broadcast android.intent.action.BATTERY_CHANGED
04-13 11:09:02.617  1571  7635 I Timeline: Timeline: App_transition_ready time:628426272
04-13 11:09:02.618  6036  6536 D PowerCheckerService: onBatteryChanged, mBatteryLevel = 34, status = 2, level = 34, plug = 2, scale = 100
04-13 11:09:02.619  1571  1658 I Timeline: Timeline: App_transition_ready time:628426274
04-13 11:09:02.622  1571  5740 I Timeline: Timeline: App_transition_ready time:628426276
04-13 11:09:02.625  1571  1658 I Timeline: Timeline: App_transition_ready time:628426279
04-13 11:09:02.625  2874  2874 D Launcher.Lifecycle: onStart:UserHandle{0},8581a5b,false
04-13 11:09:02.625  2874  3181 I RenderThread: RenderThread resumed
04-13 11:09:02.626  2874  3181 I RenderThread: All controllers paused.
04-13 11:09:02.626  2874  3181 I RenderThread: RenderThread paused, waiting for signal
04-13 11:09:02.626 15321 15337 D LauncherOverlay: setActivityState:1
04-13 11:09:02.626 15321 15321 D LauncherOverlay.Window: onStart
04-13 11:09:02.626  2874  2874 D EventBus: No subscribers registered for event class com.miui.home.launcher.common.messages.CloseAllOverLauncherWindowMessage
04-13 11:09:02.626  2874  2874 D EventBus: No subscribers registered for event class org.greenrobot.eventbus.NoSubscriberEvent
04-13 11:09:02.627  2874  2874 D Launcher.Lifecycle: onResume:UserHandle{0},8581a5b,false
04-13 11:09:02.627  2874  2874 D ScreenElementRoot: resume
04-13 11:09:02.627  2874  3044 D MiBridge: requestCpuHighFreq---- uid: 10092 level: 1 timeoutms:500
04-13 11:09:02.627  2862  2862 D DeviceStatisticsService: chargerType=2 batteryLevel=34 totalBatteryCapacity=4320000
04-13 11:09:02.627  2874  3044 D MiBridge: requestCpuHighFreq handle: -1
04-13 11:09:02.628  2874  3044 D Launcher_CPUBooster: boostCpuToMax:-1
04-13 11:09:02.629  2874  3181 I RenderThread: RenderThread resumed
04-13 11:09:02.629  2874  3181 I RenderThread: All controllers paused.
04-13 11:09:02.629  2874  3181 I RenderThread: RenderThread paused, waiting for signal
04-13 11:09:02.629 15321 15337 D LauncherOverlay: setActivityState:3
04-13 11:09:02.629 15321 15321 D LauncherOverlay.Window: onResume
04-13 11:09:02.633  2874  2990 D StatusBarClockController: hide status bar clock
04-13 11:09:02.634   872  2428 D Layer   : SaveSurface: set Launcher alpha=1.000000
04-13 11:09:02.634  1571  7635 I Timeline: Timeline: App_transition_ready time:628426289
04-13 11:09:02.634  2862  3224 D FiveGPowerController: onDisplayChanged to STATE ON
04-13 11:09:02.634  2862  3224 D FiveGPowerController: onDisplayChanged isLastScreenOn is still on,ignore current displayChanged!!!
04-13 11:09:02.635  2862  3226 D NetworkSpeedTracker: onDisplayChanged mIsScreenOn=true
04-13 11:09:02.635   872  1028 D Layer   : SaveSurface: set Launcher alpha=1.000000
04-13 11:09:02.635  2862  3226 D NetworkSpeedTracker: onUpdateDeviceState eventType=4,mIsScreenOn=true,mIsMobileDataOn=true
04-13 11:09:02.635  2862  3226 D NetworkSpeedTracker: startDataPoll mPollActive=true
04-13 11:09:02.635  2862  3226 D NetworkSpeedTracker: pollActive or message contains update,then ignore!
04-13 11:09:02.637   872  2428 D Layer   : SaveSurface: set Launcher alpha=1.000000
04-13 11:09:02.637  1571  1658 I Timeline: Timeline: App_transition_ready time:628426292
04-13 11:09:02.640   872  2428 D Layer   : SaveSurface: set Launcher alpha=1.000000
04-13 11:09:02.641  2874  2874 D ScreenView_ScreenView: dispatchDraw:0
04-13 11:09:02.641  2874  2874 D ScreenView_Workspace: dispatchDraw:0
04-13 11:09:02.642  2874  2874 D ScreenView_HotSeats: dispatchDraw:0
04-13 11:09:02.644  1571  2437 I MiuiNetworkPolicy: updateUidState uid = 10092, uidState = 2
04-13 11:09:02.644  1571  2437 I MiuiNetworkPolicy: updateUidState uid = 10076, uidState = 4
04-13 11:09:02.647  4999 13261 I MetokLocationProvider: onSetRequest
04-13 11:09:02.647  4999  4999 I MetokLocationProvider: setRequest: request =ProviderRequest[OFF] ; client =WorkSource{}
04-13 11:09:02.647  4999  4999 I NLPWrapper: request exit
04-13 11:09:02.649   872  3538 D BufferQueueLayer: SaveSurface: Launcher new frame Arrived
04-13 11:09:02.650  5039 14583 I FusedLocationProvider: onSetRequest
04-13 11:09:02.650 17519 17598 I BtGatt.ScanManager: msg.what = 8
04-13 11:09:02.650  5039  5382 I AbsoluteLocationDispatcher: request type:0
04-13 11:09:02.651  2862  2862 D NetworkSpeedTracker: receive actionandroid.intent.action.BATTERY_CHANGED
04-13 11:09:02.651  2862  2862 D NetworkSpeedTracker: onReceive ACTION_BATTERY_CHANGED mBatteryLevel = 34;mIsCharging =true
04-13 11:09:02.651  2874  2874 W Launcher: onDisplayChanged: newRotation=0, mCurrentRotation=0
04-13 11:09:02.654  6036  6536 D PowerCheckerService: onBatteryChanged, mBatteryLevel = 34, status = 2, level = 34, plug = 2, scale = 100
04-13 11:09:02.654  4115  4115 I BatteryInfoReceiver: ACTION_BATTERY_CHANGED
04-13 11:09:02.658   872  2203 D Layer   : SaveSurface: set Launcher alpha=1.000000
04-13 11:09:02.659  2862  2862 D DeviceStatisticsService: chargerType=2 batteryLevel=34 totalBatteryCapacity=4320000
04-13 11:09:02.660 17519 17598 I BtGatt.ScanManager: msg.what = 5
04-13 11:09:02.661   872  1028 D BufferQueueLayer: SaveSurface: Launcher new frame Arrived
04-13 11:09:02.663  2874  2874 D LauncherClient.Service: service already connected:com.miui.personalassistant
04-13 11:09:02.665   872  1028 D BufferQueueLayer: SaveSurface: Launcher new frame Arrived
04-13 11:09:02.670  2539  2539 D StatusBar: disable<e i a s b h r C!s > disable2<q i n g r >
04-13 11:09:02.670  2539  2539 D StatusBarClock:  isNormalMode= true clock visible=false
04-13 11:09:02.670  2539  2539 D StatusBar: recevie broadbcast ACTION_APPLICATION_MESSAGE_QUERY, requestFirstTime=false
04-13 11:09:02.670  2539  2539 I vol.MiuiVolumeDialogImp: dismissH mShowing:false dialog showing:false reason:2
04-13 11:09:02.670  2539  2539 W HeadsUpManager: removeHeadsUpNotification() no heads up notification on show
04-13 11:09:02.670  2539  2539 D KeyguardUpdateMonitor: received broadcast android.intent.action.BATTERY_CHANGED
04-13 11:09:02.673   872  2428 D BufferQueueLayer: SaveSurface: Launcher new frame Arrived
04-13 11:09:02.677  1571  1658 I Timeline: Timeline: App_transition_ready time:628426331
04-13 11:09:02.679   872  2203 D Layer   : SaveSurface: set Launcher alpha=1.000000
04-13 11:09:02.680   872  2428 D BufferQueueLayer: SaveSurface: Launcher new frame Arrived
04-13 11:09:02.680  2539  2539 D StatusBar: disable<e i a s b h r C s > disable2<q i n g r >
04-13 11:09:02.680  2539  2539 D StatusBarClock:  isNormalMode= true clock visible=false
04-13 11:09:02.682  1571  5782 D MIUIInput: [FoucsChange]: Display  0 FocusedWindow From null(0,0)  to Window{c1d7b35 u0 com.miui.home/com.miui.home.launcher.Launcher}(1,1)
04-13 11:09:02.685  1571  1658 I Timeline: Timeline: Activity_windows_visible id: ActivityRecord{d0da56e u0 com.miui.home/.launcher.Launcher t1} time:628426339
04-13 11:09:02.687  1571  1658 I Timeline: Timeline: App_transition_stopped time:628426342
04-13 11:09:02.689   872  1028 D BufferQueueLayer: SaveSurface: Launcher new frame Arrived
04-13 11:09:02.690  1571  1657 D ActivityTrigger: ActivityTrigger activityStopTrigger
04-13 11:09:02.691  1571  1657 D ActivityTrigger: ActivityTrigger activityStopTrigger
04-13 11:09:02.698   872  1026 D BufferQueueLayer: SaveSurface: Launcher new frame Arrived
04-13 11:09:02.700  2862  2862 D NetworkSpeedTracker: receive actionandroid.intent.action.BATTERY_CHANGED
04-13 11:09:02.700  2862  2862 D NetworkSpeedTracker: onReceive ACTION_BATTERY_CHANGED mBatteryLevel = 34;mIsCharging =true
04-13 11:09:02.701  4115  4115 I BatteryInfoReceiver: ACTION_BATTERY_CHANGED
04-13 11:09:02.701 16433 16457 D ActivityUtils: packageNameComponentInfo{com.miui.home/com.miui.home.launcher.Launcher}
04-13 11:09:02.702  6036  6536 D PowerCheckerService: onBatteryChanged, mBatteryLevel = 34, status = 2, level = 34, plug = 2, scale = 100
04-13 11:09:02.704  2539  2539 D KeyguardUpdateMonitor: received broadcast android.intent.action.BATTERY_CHANGED
04-13 11:09:02.704  2862  2862 D DeviceStatisticsService: chargerType=2 batteryLevel=34 totalBatteryCapacity=4320000
04-13 11:09:02.705   872  3538 D BufferQueueLayer: SaveSurface: Launcher new frame Arrived
04-13 11:09:02.713   872  3538 D BufferQueueLayer: SaveSurface: Launcher new frame Arrived
04-13 11:09:02.715  2862  2862 D NetworkSpeedTracker: receive actionandroid.intent.action.BATTERY_CHANGED
04-13 11:09:02.715  2862  2862 D NetworkSpeedTracker: onReceive ACTION_BATTERY_CHANGED mBatteryLevel = 34;mIsCharging =true
04-13 11:09:02.716  4115  4115 I BatteryInfoReceiver: ACTION_BATTERY_CHANGED
04-13 11:09:02.718  6036  6536 D PowerCheckerService: onBatteryChanged, mBatteryLevel = 34, status = 2, level = 34, plug = 2, scale = 100
04-13 11:09:02.723   872  1028 D BufferQueueLayer: SaveSurface: Launcher new frame Arrived
04-13 11:09:02.728  2539  2539 D EventBus: [2539, u0] send(AppTransitionFinishedEvent)
04-13 11:09:02.728  2539  2539 D EventBus: [2539, u0]  -> ForcedResizableInfoActivityController [0xd053db5, P1] onBusEvent(AppTransitionFinishedEvent)
04-13 11:09:02.729  2539  2539 D EventBus: [2539, u0] onBusEvent(AppTransitionFinishedEvent) duration: 29 microseconds, avg: 219
04-13 11:09:02.729  4115  4115 I BatteryInfoReceiver: ACTION_BATTERY_CHANGED
04-13 11:09:02.729  2539  2539 D EventBus: [2539, u0] send(AppTransitionFinishedEvent)
04-13 11:09:02.729  2539  2539 D EventBus: [2539, u0]  -> ForcedResizableInfoActivityController [0xd053db5, P1] onBusEvent(AppTransitionFinishedEvent)
04-13 11:09:02.729  2539  2539 D EventBus: [2539, u0] onBusEvent(AppTransitionFinishedEvent) duration: 27 microseconds, avg: 219
04-13 11:09:02.729  2539  2539 D EventBus: [2539, u0] send(AppTransitionFinishedEvent)
04-13 11:09:02.729  2539  2539 D EventBus: [2539, u0]  -> ForcedResizableInfoActivityController [0xd053db5, P1] onBusEvent(AppTransitionFinishedEvent)
04-13 11:09:02.729  2539  2539 D EventBus: [2539, u0] onBusEvent(AppTransitionFinishedEvent) duration: 24 microseconds, avg: 219
04-13 11:09:02.729  6036  6536 D PowerCheckerService: onBatteryChanged, mBatteryLevel = 34, status = 2, level = 34, plug = 2, scale = 100
04-13 11:09:02.729  2539  2539 D KeyguardUpdateMonitor: received broadcast android.intent.action.BATTERY_CHANGED
04-13 11:09:02.730   872  3538 D BufferQueueLayer: SaveSurface: Launcher new frame Arrived
04-13 11:09:02.732  2539  2539 D KeyguardUpdateMonitor: received broadcast android.intent.action.BATTERY_CHANGED
04-13 11:09:02.732  2862  2862 D DeviceStatisticsService: chargerType=2 batteryLevel=34 totalBatteryCapacity=4320000
04-13 11:09:02.737  2862  2862 D NetworkSpeedTracker: receive actionandroid.intent.action.BATTERY_CHANGED
04-13 11:09:02.737  2862  2862 D NetworkSpeedTracker: onReceive ACTION_BATTERY_CHANGED mBatteryLevel = 34;mIsCharging =true
04-13 11:09:02.739   872  2428 D BufferQueueLayer: SaveSurface: Launcher new frame Arrived
04-13 11:09:02.740  6036  6536 D PowerCheckerService: onBatteryChanged, mBatteryLevel = 34, status = 2, level = 34, plug = 2, scale = 100
04-13 11:09:02.741  2862  2862 D DeviceStatisticsService: chargerType=2 batteryLevel=34 totalBatteryCapacity=4320000
04-13 11:09:02.741  2862  2862 D NetworkSpeedTracker: receive actionandroid.intent.action.BATTERY_CHANGED
04-13 11:09:02.741  2862  2862 D NetworkSpeedTracker: onReceive ACTION_BATTERY_CHANGED mBatteryLevel = 34;mIsCharging =true
04-13 11:09:02.742  2539  2539 D KeyguardUpdateMonitor: received broadcast android.intent.action.BATTERY_CHANGED
04-13 11:09:02.747   872  3538 D BufferQueueLayer: SaveSurface: Launcher new frame Arrived
04-13 11:09:02.747  1571  2437 I MiuiNetworkPolicy: updateUidState uid = 10160, uidState = 16
04-13 11:09:02.747  1571  2437 I MiuiNetworkPolicy: updateUidState uid = 10137, uidState = 16
04-13 11:09:02.748  2874  2874 D Launcher.Lifecycle: onWindowFocusChanged:true,UserHandle{0},8581a5b,false
04-13 11:09:02.748  2874  2874 D Launcher_UnlockAnimationStateMachine: onWindowFocus:IDLE
04-13 11:09:02.752   821 10603 I /vendor/bin/hw/vendor.qti.hardware.servicetracker@1.1-service: unbindService is called for service : io.appium.settings/.UnicodeIME and for client system
04-13 11:09:02.754  2539  2539 D EventBus: [2539, u0] send(TaskSnapshotChangedEvent)
04-13 11:09:02.753  4115  4115 I BatteryInfoReceiver: ACTION_BATTERY_CHANGED
04-13 11:09:02.759   821 10603 I /vendor/bin/hw/vendor.qti.hardware.servicetracker@1.1-service: unbindService is called for service : io.appium.settings/.UnicodeIME and for client system
04-13 11:09:02.761   821 10603 I /vendor/bin/hw/vendor.qti.hardware.servicetracker@1.1-service: size of service connections for service: io.appium.settings/.UnicodeIMEafter removal is 0
04-13 11:09:02.761   821 10603 I /vendor/bin/hw/vendor.qti.hardware.servicetracker@1.1-service: size of client connections for client: systemafter removal is 18
04-13 11:09:02.761   821 10603 I /vendor/bin/hw/vendor.qti.hardware.servicetracker@1.1-service: destroyService is called for service : io.appium.settings/.UnicodeIME
04-13 11:09:02.762 16058 16058 I UnicodeIME: onFinishInput:
04-13 11:09:02.769  1571  2437 I MiuiNetworkPolicy: updateUidState uid = 10309, uidState = 11
04-13 11:09:02.772  2862  2862 D DeviceStatisticsService: chargerType=2 batteryLevel=34 totalBatteryCapacity=4320000
04-13 11:09:02.773  1571  2437 I MiuiNetworkPolicy: updateUidState uid = 10309, uidState = 17
04-13 11:09:02.773   821 10603 I /vendor/bin/hw/vendor.qti.hardware.servicetracker@1.1-service: bindService is called for service : com.baidu.input_mi/.ImeService and for client system
04-13 11:09:02.773   821 10603 I /vendor/bin/hw/vendor.qti.hardware.servicetracker@1.1-service: total connections for service : com.baidu.input_mi/.ImeServiceare :1
04-13 11:09:02.773   821 10603 I /vendor/bin/hw/vendor.qti.hardware.servicetracker@1.1-service: total connections for client : systemare :19
04-13 11:09:02.781  1571  2437 I MiuiNetworkPolicy: updateUidState uid = 10231, uidState = 20
04-13 11:09:02.781   821 10603 I /vendor/bin/hw/vendor.qti.hardware.servicetracker@1.1-service: bindService is called for service : com.baidu.input_mi/.ImeService and for client system
04-13 11:09:02.781   821 10603 I /vendor/bin/hw/vendor.qti.hardware.servicetracker@1.1-service: total connections for service : com.baidu.input_mi/.ImeServiceare :1
04-13 11:09:02.781   821 10603 I /vendor/bin/hw/vendor.qti.hardware.servicetracker@1.1-service: total connections for client : systemare :19
04-13 11:09:02.784   872  2203 D BufferQueueLayer: SaveSurface: Launcher new frame Arrived
04-13 11:09:02.784  2862  2862 D NetworkSpeedTracker: receive actionandroid.intent.action.BATTERY_CHANGED
04-13 11:09:02.784  2862  2862 D NetworkSpeedTracker: onReceive ACTION_BATTERY_CHANGED mBatteryLevel = 34;mIsCharging =true
04-13 11:09:02.785  4115  4115 I BatteryInfoReceiver: ACTION_BATTERY_CHANGED
04-13 11:09:02.789   872  3538 D BufferQueueLayer: SaveSurface: Launcher new frame Arrived
04-13 11:09:02.791  6036  6536 D PowerCheckerService: onBatteryChanged, mBatteryLevel = 34, status = 2, level = 34, plug = 2, scale = 100
04-13 11:09:02.795  6036  6536 D PowerCheckerService: onBatteryChanged, mBatteryLevel = 34, status = 2, level = 34, plug = 2, scale = 100
04-13 11:09:02.797   872  2428 D BufferQueueLayer: SaveSurface: Launcher new frame Arrived
04-13 11:09:02.795   796   796 W health@2.0-serv: type=1400 audit(0.0:2410476): avc: denied { read } for name="type" dev="sysfs" ino=55635 scontext=u:r:hal_health_default:s0 tcontext=u:object_r:sysfs:s0 tclass=file permissive=0
04-13 11:09:02.797  4115  4115 I BatteryInfoReceiver: ACTION_BATTERY_CHANGED
04-13 11:09:02.798  2539  2539 D KeyguardUpdateMonitor: received broadcast android.intent.action.BATTERY_CHANGED
04-13 11:09:02.802   870   870 I lowmemorykiller: adjust pid = 17458, oomadj old  = 200, new = 700,com.milink.service,1098545591 ms
04-13 11:09:02.804   870   870 I lowmemorykiller: adjust pid = 20268, oomadj old  = 200, new = 700,com.milink.service:lelinkps,1098545592 ms
04-13 11:09:02.805   870   870 I lowmemorykiller: adjust pid = 17540, oomadj old  = 200, new = 700,com.xiaomi.miplay_client,1098545593 ms
04-13 11:09:02.805   872  2428 D BufferQueueLayer: SaveSurface: Launcher new frame Arrived
04-13 11:09:02.808  6036  6536 D PowerCheckerService: onBatteryChanged, mBatteryLevel = 34, status = 2, level = 34, plug = 2, scale = 100
04-13 11:09:02.812  4115  4115 I BatteryInfoReceiver: ACTION_BATTERY_CHANGED
04-13 11:09:02.813   872  1026 D BufferQueueLayer: SaveSurface: Launcher new frame Arrived
04-13 11:09:02.813   678   678 D Zygote  : Forked child process 22313
04-13 11:09:02.817  2539  2539 D KeyguardUpdateMonitor: received broadcast android.intent.action.BATTERY_CHANGED
04-13 11:09:02.817   677   677 D OemNetd : setPidForPackage: packageName=com.baidu.input_mi, pid=22313, pid=10231
04-13 11:09:02.818  1571  1710 I ActivityManager: Start proc 22313:com.baidu.input_mi/u0a231 for service {com.baidu.input_mi/com.baidu.input_mi.ImeService} caller=android
04-13 11:09:02.819   796   796 W health@2.0-serv: type=1400 audit(0.0:2410477): avc: denied { read } for name="type" dev="sysfs" ino=55635 scontext=u:r:hal_health_default:s0 tcontext=u:object_r:sysfs:s0 tclass=file permissive=0
04-13 11:09:02.822   872  3538 D BufferQueueLayer: SaveSurface: Launcher new frame Arrived
04-13 11:09:02.824  2862  2862 D DeviceStatisticsService: chargerType=2 batteryLevel=34 totalBatteryCapacity=4320000
04-13 11:09:02.824  2862  2862 D NetworkSpeedTracker: receive actionandroid.intent.action.BATTERY_CHANGED
04-13 11:09:02.824  2862  2862 D NetworkSpeedTracker: onReceive ACTION_BATTERY_CHANGED mBatteryLevel = 34;mIsCharging =true
04-13 11:09:02.825  2862  2862 D DeviceStatisticsService: chargerType=2 batteryLevel=34 totalBatteryCapacity=4320000
04-13 11:09:02.825  2862  2862 D NetworkSpeedTracker: receive actionandroid.intent.action.BATTERY_CHANGED
04-13 11:09:02.825  2862  2862 D NetworkSpeedTracker: onReceive ACTION_BATTERY_CHANGED mBatteryLevel = 34;mIsCharging =true
04-13 11:09:02.829  4115  4115 I BatteryInfoReceiver: ACTION_BATTERY_CHANGED
04-13 11:09:02.830  2862  2862 D DeviceStatisticsService: chargerType=2 batteryLevel=34 totalBatteryCapacity=4320000
04-13 11:09:02.830   872  1028 D BufferQueueLayer: SaveSurface: Launcher new frame Arrived
04-13 11:09:02.831  2862  2862 D NetworkSpeedTracker: receive actionandroid.intent.action.BATTERY_CHANGED
04-13 11:09:02.831  2862  2862 D NetworkSpeedTracker: onReceive ACTION_BATTERY_CHANGED mBatteryLevel = 34;mIsCharging =true
04-13 11:09:02.834  6036  6536 D PowerCheckerService: onBatteryChanged, mBatteryLevel = 34, status = 2, level = 34, plug = 2, scale = 100
04-13 11:09:02.836 22313 22313 E .baidu.input_m: Not starting debugger since process cannot load the jdwp agent.
04-13 11:09:02.838   872  1026 D BufferQueueLayer: SaveSurface: Launcher new frame Arrived
04-13 11:09:02.840  2539  2539 D KeyguardUpdateMonitor: received broadcast android.intent.action.BATTERY_CHANGED
04-13 11:09:02.840  2539  2539 D KeyguardUpdateMonitor: received broadcast android.intent.action.BATTERY_CHANGED
04-13 11:09:02.842  2862  2862 D DeviceStatisticsService: chargerType=2 batteryLevel=34 totalBatteryCapacity=4320000
04-13 11:09:02.843  2862  2862 D NetworkSpeedTracker: receive actionandroid.intent.action.BATTERY_CHANGED
04-13 11:09:02.844  2862  2862 D NetworkSpeedTracker: onReceive ACTION_BATTERY_CHANGED mBatteryLevel = 34;mIsCharging =true
04-13 11:09:02.846  4115  4115 I BatteryInfoReceiver: ACTION_BATTERY_CHANGED
04-13 11:09:02.846   872  2203 D BufferQueueLayer: SaveSurface: Launcher new frame Arrived
04-13 11:09:02.847  6036  6536 D PowerCheckerService: onBatteryChanged, mBatteryLevel = 34, status = 2, level = 34, plug = 2, scale = 100
04-13 11:09:02.851  2862  2862 D DeviceStatisticsService: chargerType=2 batteryLevel=34 totalBatteryCapacity=4320000
04-13 11:09:02.854   872  2203 D BufferQueueLayer: SaveSurface: Launcher new frame Arrived
04-13 11:09:02.854  2862  2862 D NetworkSpeedTracker: receive actionandroid.intent.action.BATTERY_CHANGED
04-13 11:09:02.854  2862  2862 D NetworkSpeedTracker: onReceive ACTION_BATTERY_CHANGED mBatteryLevel = 34;mIsCharging =true
04-13 11:09:02.855  4115  4115 I BatteryInfoReceiver: ACTION_BATTERY_CHANGED
04-13 11:09:02.856  6036  6536 D PowerCheckerService: onBatteryChanged, mBatteryLevel = 34, status = 2, level = 34, plug = 2, scale = 100
04-13 11:09:02.835   796   796 W health@2.0-serv: type=1400 audit(0.0:2410478): avc: denied { read } for name="type" dev="sysfs" ino=55635 scontext=u:r:hal_health_default:s0 tcontext=u:object_r:sysfs:s0 tclass=file permissive=0
04-13 11:09:02.847   796   796 W health@2.0-serv: type=1400 audit(0.0:2410479): avc: denied { read } for name="type" dev="sysfs" ino=55635 scontext=u:r:hal_health_default:s0 tcontext=u:object_r:sysfs:s0 tclass=file permissive=0
04-13 11:09:02.857  2862  2862 D DeviceStatisticsService: chargerType=2 batteryLevel=34 totalBatteryCapacity=4320000
04-13 11:09:02.859  1571  3005 D CompatibilityInfo: mCompatibilityFlags - 0
04-13 11:09:02.859  1571  3005 D CompatibilityInfo: applicationDensity - 440
04-13 11:09:02.859  1571  3005 D CompatibilityInfo: applicationScale - 1.0
04-13 11:09:02.862  1571  3005 D CompatibilityInfo: mCompatibilityFlags - 0
04-13 11:09:02.862  1571  3005 D CompatibilityInfo: applicationDensity - 440
04-13 11:09:02.862  1571  3005 D CompatibilityInfo: applicationScale - 1.0
04-13 11:09:02.861  2539  2539 D KeyguardUpdateMonitor: received broadcast android.intent.action.BATTERY_CHANGED
04-13 11:09:02.862   821 10603 I /vendor/bin/hw/vendor.qti.hardware.servicetracker@1.1-service: startService() is called for servicecom.baidu.input_mi/.ImeService
04-13 11:09:02.863  1571  2437 I MiuiNetworkPolicy: updateUidState uid = 10231, uidState = 3
04-13 11:09:02.865   872  3538 D BufferQueueLayer: SaveSurface: Launcher new frame Arrived
04-13 11:09:02.868  5039 14583 I FusedLocationProvider: onSetRequest
04-13 11:09:02.868  5039  5382 I AbsoluteLocationDispatcher: request type:0
04-13 11:09:02.868  4999 13261 I MetokLocationProvider: onSetRequest
04-13 11:09:02.869  4999  4999 I MetokLocationProvider: setRequest: request =ProviderRequest[OFF] ; client =WorkSource{}
04-13 11:09:02.869  4999  4999 I NLPWrapper: request exit
04-13 11:09:02.882  2539  2539 D KeyguardUpdateMonitor: received broadcast android.intent.action.BATTERY_CHANGED
04-13 11:09:02.883   821 10603 I /vendor/bin/hw/vendor.qti.hardware.servicetracker@1.1-service: bindService is called for service : com.xiaomi.xmsf/.push.service.HttpService and for client com.milink.service
04-13 11:09:02.883   821 10603 I /vendor/bin/hw/vendor.qti.hardware.servicetracker@1.1-service: total connections for service : com.xiaomi.xmsf/.push.service.HttpServiceare :1
04-13 11:09:02.883   821 10603 I /vendor/bin/hw/vendor.qti.hardware.servicetracker@1.1-service: total connections for client : com.milink.serviceare :4
04-13 11:09:02.883  1571  2712 D CompatibilityInfo: mCompatibilityFlags - 0
04-13 11:09:02.883  1571  2712 D CompatibilityInfo: applicationDensity - 440
04-13 11:09:02.883  1571  2712 D CompatibilityInfo: applicationScale - 1.0
04-13 11:09:02.885   821 10603 I /vendor/bin/hw/vendor.qti.hardware.servicetracker@1.1-service: startService() is called for servicecom.xiaomi.xmsf/.push.service.HttpService
04-13 11:09:02.888   872  1026 D BufferQueueLayer: SaveSurface: Launcher new frame Arrived
04-13 11:09:02.889 22313 22313 I .baidu.input_m: The ClassLoaderContext is a special shared library.
04-13 11:09:02.889  2862  2862 D NetworkSpeedTracker: receive actionandroid.intent.action.BATTERY_CHANGED
04-13 11:09:02.889  2862  2862 D NetworkSpeedTracker: onReceive ACTION_BATTERY_CHANGED mBatteryLevel = 34;mIsCharging =true
04-13 11:09:02.892  4115  4115 I BatteryInfoReceiver: ACTION_BATTERY_CHANGED
04-13 11:09:02.894  6036  6536 D PowerCheckerService: onBatteryChanged, mBatteryLevel = 34, status = 2, level = 34, plug = 2, scale = 100
04-13 11:09:02.898  2539  2539 D KeyguardUpdateMonitor: received broadcast android.intent.action.BATTERY_CHANGED
04-13 11:09:02.900   872  3538 D BufferQueueLayer: SaveSurface: Launcher new frame Arrived
04-13 11:09:02.875   796   796 W health@2.0-serv: type=1400 audit(0.0:2410480): avc: denied { read } for name="type" dev="sysfs" ino=55635 scontext=u:r:hal_health_default:s0 tcontext=u:object_r:sysfs:s0 tclass=file permissive=0
04-13 11:09:02.901  2862  2862 D DeviceStatisticsService: chargerType=2 batteryLevel=34 totalBatteryCapacity=4320000
04-13 11:09:02.904 22313 22313 I Perf    : Connecting to perf service.
04-13 11:09:02.906   872  3538 D BufferQueueLayer: SaveSurface: Launcher new frame Arrived
04-13 11:09:02.906   821 10603 I /vendor/bin/hw/vendor.qti.hardware.servicetracker@1.1-service: unbindService is called for service : com.xiaomi.xmsf/.push.service.HttpService and for client com.milink.service
04-13 11:09:02.906   821 10603 I /vendor/bin/hw/vendor.qti.hardware.servicetracker@1.1-service: size of service connections for service: com.xiaomi.xmsf/.push.service.HttpServiceafter removal is 0
04-13 11:09:02.906   821 10603 I /vendor/bin/hw/vendor.qti.hardware.servicetracker@1.1-service: size of client connections for client: com.milink.serviceafter removal is 3
04-13 11:09:02.908   821 10603 I /vendor/bin/hw/vendor.qti.hardware.servicetracker@1.1-service: destroyService is called for service : com.xiaomi.xmsf/.push.service.HttpService
04-13 11:09:02.911 22313 22313 D Tinker.TinkerLoader: tryLoad test test
04-13 11:09:02.913   872  3538 D BufferQueueLayer: SaveSurface: Launcher new frame Arrived
04-13 11:09:02.914  2862  2862 D NetworkSpeedTracker: receive actionandroid.intent.action.BATTERY_CHANGED
04-13 11:09:02.914  2862  2862 D NetworkSpeedTracker: onReceive ACTION_BATTERY_CHANGED mBatteryLevel = 34;mIsCharging =true
04-13 11:09:02.914  4115  4115 I BatteryInfoReceiver: ACTION_BATTERY_CHANGED
04-13 11:09:02.914  2539  2539 D KeyguardUpdateMonitor: received broadcast android.intent.action.BATTERY_CHANGED
04-13 11:09:02.916  6036  6536 D PowerCheckerService: onBatteryChanged, mBatteryLevel = 34, status = 2, level = 34, plug = 2, scale = 100
04-13 11:09:02.918 22313 22313 W Tinker.TinkerLoader: tryLoadPatchFiles:patch dir not exist:/data/user/0/com.baidu.input_mi/tinker
04-13 11:09:02.918 22313 22313 D Tinker.DefaultAppLike: onBaseContextAttached:
04-13 11:09:02.919 22313 22313 I MultiDex: VM with version 2.1.0 has multidex support
04-13 11:09:02.919 22313 22313 I MultiDex: Installing application
04-13 11:09:02.919 22313 22313 I MultiDex: VM has multidex support, MultiDex support library is disabled.
04-13 11:09:02.921   872  3538 D BufferQueueLayer: SaveSurface: Launcher new frame Arrived
04-13 11:09:02.922  2862  2862 D DeviceStatisticsService: chargerType=2 batteryLevel=34 totalBatteryCapacity=4320000
04-13 11:09:02.925 22313 22313 I Helios  : provider onCreate
04-13 11:09:02.931  2862  2862 D NetworkSpeedTracker: receive actionandroid.intent.action.BATTERY_CHANGED
04-13 11:09:02.931  2862  2862 D NetworkSpeedTracker: onReceive ACTION_BATTERY_CHANGED mBatteryLevel = 34;mIsCharging =true
04-13 11:09:02.931  2539  2539 D KeyguardUpdateMonitor: received broadcast android.intent.action.BATTERY_CHANGED
04-13 11:09:02.934  4115  4115 I BatteryInfoReceiver: ACTION_BATTERY_CHANGED
04-13 11:09:02.935  6036  6536 D PowerCheckerService: onBatteryChanged, mBatteryLevel = 34, status = 2, level = 34, plug = 2, scale = 100
04-13 11:09:02.935   872  2428 D BufferQueueLayer: SaveSurface: Launcher new frame Arrived
04-13 11:09:02.937   872  1026 D BufferQueueLayer: SaveSurface: Launcher new frame Arrived
04-13 11:09:02.939  2862  2862 D DeviceStatisticsService: chargerType=2 batteryLevel=34 totalBatteryCapacity=4320000
04-13 11:09:02.941 22313 22313 I FeatureParser: can't find gauguinpro.xml in assets/device_features/,it may be in /vendor/etc/device_features
04-13 11:09:02.942 22313 22313 E libc    : Access denied finding property "ro.vendor.df.effect.conflict"
04-13 11:09:02.943 22313 22313 E libc    : Access denied finding property "ro.vendor.knock.type"
04-13 11:09:02.943 22313 22313 I Tinker.ComponentHotplug: method install() is not invoked, ignore ensuring operations.
04-13 11:09:02.943 22313 22313 D Tinker.DefaultAppLike: onCreate
04-13 11:09:02.946   872  1026 D BufferQueueLayer: SaveSurface: Launcher new frame Arrived
04-13 11:09:02.947  2862  2862 D NetworkSpeedTracker: receive actionandroid.intent.action.BATTERY_CHANGED
04-13 11:09:02.947  2862  2862 D NetworkSpeedTracker: onReceive ACTION_BATTERY_CHANGED mBatteryLevel = 34;mIsCharging =true
04-13 11:09:02.948  4115  4115 I BatteryInfoReceiver: ACTION_BATTERY_CHANGED
04-13 11:09:02.948  6036  6536 D PowerCheckerService: onBatteryChanged, mBatteryLevel = 34, status = 2, level = 34, plug = 2, scale = 100
04-13 11:09:02.950  2862  2862 D DeviceStatisticsService: chargerType=2 batteryLevel=34 totalBatteryCapacity=4320000
04-13 11:09:02.954   872  2428 D BufferQueueLayer: SaveSurface: Launcher new frame Arrived
04-13 11:09:02.955  2539  2539 D KeyguardUpdateMonitor: received broadcast android.intent.action.BATTERY_CHANGED
04-13 11:09:02.955   821 10603 I /vendor/bin/hw/vendor.qti.hardware.servicetracker@1.1-service: bindService is called for service : com.xiaomi.xmsf/.push.service.HttpService and for client com.milink.service
04-13 11:09:02.955   821 10603 I /vendor/bin/hw/vendor.qti.hardware.servicetracker@1.1-service: total connections for service : com.xiaomi.xmsf/.push.service.HttpServiceare :1
04-13 11:09:02.955   821 10603 I /vendor/bin/hw/vendor.qti.hardware.servicetracker@1.1-service: total connections for client : com.milink.serviceare :4
04-13 11:09:02.956  1571  5740 D CompatibilityInfo: mCompatibilityFlags - 0
04-13 11:09:02.956  1571  5740 D CompatibilityInfo: applicationDensity - 440
04-13 11:09:02.956  1571  5740 D CompatibilityInfo: applicationScale - 1.0
04-13 11:09:02.957   821 10603 I /vendor/bin/hw/vendor.qti.hardware.servicetracker@1.1-service: startService() is called for servicecom.xiaomi.xmsf/.push.service.HttpService
04-13 11:09:02.960 22313 22313 D MicroMsg.PaySdk.WXFactory: createWXAPI, appId = wxa278525fb9f661fd, checkSignature = false
04-13 11:09:02.960 22313 22313 D MicroMsg.SDK.WXApiImplV10: <init>, appId = wxa278525fb9f661fd, checkSignature = false
04-13 11:09:02.960 22313 22313 D MicroMsg.SDK.WXMsgImplComm: ignore wechat app signature validation
04-13 11:09:02.960 22313 22313 D MicroMsg.SDK.WXApiImplV10: registerApp, appId = wxa278525fb9f661fd
04-13 11:09:02.960 22313 22313 D MicroMsg.SDK.WXApiImplV10: registerApp, appId = wxa278525fb9f661fd
04-13 11:09:02.960 22313 22313 D MicroMsg.SDK.WXApiImplV10: register app com.baidu.input_mi
04-13 11:09:02.961   821 10603 I /vendor/bin/hw/vendor.qti.hardware.servicetracker@1.1-service: unbindService is called for service : com.xiaomi.xmsf/.push.service.HttpService and for client com.milink.service
04-13 11:09:02.961   821 10603 I /vendor/bin/hw/vendor.qti.hardware.servicetracker@1.1-service: size of service connections for service: com.xiaomi.xmsf/.push.service.HttpServiceafter removal is 0
04-13 11:09:02.961   821 10603 I /vendor/bin/hw/vendor.qti.hardware.servicetracker@1.1-service: size of client connections for client: com.milink.serviceafter removal is 3
04-13 11:09:02.962   821 10603 I /vendor/bin/hw/vendor.qti.hardware.servicetracker@1.1-service: destroyService is called for service : com.xiaomi.xmsf/.push.service.HttpService
04-13 11:09:02.963 22313 22313 D MicroMsg.SDK.MMessage: send mm message, intent=Intent { act=com.tencent.mm.plugin.openapi.Intent.ACTION_HANDLE_APP_REGISTER (has extras) }, perm=com.tencent.mm.permission.MM_MESSAGE
04-13 11:09:02.964   872  1026 D BufferQueueLayer: SaveSurface: Launcher new frame Arrived
04-13 11:09:02.967  1571  1707 D CompatibilityInfo: mCompatibilityFlags - 0
04-13 11:09:02.967  1571  1707 D CompatibilityInfo: applicationDensity - 440
04-13 11:09:02.967  1571  1707 D CompatibilityInfo: applicationScale - 1.0
04-13 11:09:02.970   872  1026 D BufferQueueLayer: SaveSurface: Launcher new frame Arrived
04-13 11:09:02.970 22313 22313 D MicroMsg.SDK.WXMsgImplComm: ignore wechat app signature validation
04-13 11:09:02.970 22313 22313 D MicroMsg.SDK.WXApiImplV10: registerApp, appId = wxa278525fb9f661fd
04-13 11:09:02.970 22313 22313 D MicroMsg.SDK.WXApiImplV10: registerApp, appId = wxa278525fb9f661fd
04-13 11:09:02.970 22313 22313 D MicroMsg.SDK.WXApiImplV10: register app com.baidu.input_mi
04-13 11:09:02.973  2862  2862 D NetworkSpeedTracker: receive actionandroid.intent.action.BATTERY_CHANGED
04-13 11:09:02.973  2862  2862 D NetworkSpeedTracker: onReceive ACTION_BATTERY_CHANGED mBatteryLevel = 34;mIsCharging =true
04-13 11:09:02.974  4115  4115 I BatteryInfoReceiver: ACTION_BATTERY_CHANGED
04-13 11:09:02.974  6036  6536 D PowerCheckerService: onBatteryChanged, mBatteryLevel = 34, status = 2, level = 34, plug = 2, scale = 100
04-13 11:09:02.978   872  2428 D BufferQueueLayer: SaveSurface: Launcher new frame Arrived
04-13 11:09:02.978  2862  2862 D DeviceStatisticsService: chargerType=2 batteryLevel=34 totalBatteryCapacity=4320000
04-13 11:09:02.979  2539  2539 D KeyguardUpdateMonitor: received broadcast android.intent.action.BATTERY_CHANGED
04-13 11:09:02.980 22313 22313 D MicroMsg.SDK.MMessage: send mm message, intent=Intent { act=com.tencent.mm.plugin.openapi.Intent.ACTION_HANDLE_APP_REGISTER (has extras) }, perm=com.tencent.mm.permission.MM_MESSAGE
04-13 11:09:02.982  2862  2862 D NetworkSpeedTracker: receive actionandroid.intent.action.BATTERY_CHANGED
04-13 11:09:02.982  2862  2862 D NetworkSpeedTracker: onReceive ACTION_BATTERY_CHANGED mBatteryLevel = 34;mIsCharging =true
04-13 11:09:02.983  4115  4115 I BatteryInfoReceiver: ACTION_BATTERY_CHANGED
04-13 11:09:02.985  6036  6536 D PowerCheckerService: onBatteryChanged, mBatteryLevel = 34, status = 2, level = 34, plug = 2, scale = 100
04-13 11:09:02.985  2539  2539 D KeyguardUpdateMonitor: received broadcast android.intent.action.BATTERY_CHANGED
04-13 11:09:02.985  2862  2862 D DeviceStatisticsService: chargerType=2 batteryLevel=34 totalBatteryCapacity=4320000
04-13 11:09:02.987   872  2428 D BufferQueueLayer: SaveSurface: Launcher new frame Arrived
04-13 11:09:02.990  1571  1707 D CompatibilityInfo: mCompatibilityFlags - 0
04-13 11:09:02.990  1571  1707 D CompatibilityInfo: applicationDensity - 440
04-13 11:09:02.990  1571  1707 D CompatibilityInfo: applicationScale - 1.0
04-13 11:09:02.995   872  1028 D BufferQueueLayer: SaveSurface: Launcher new frame Arrived
04-13 11:09:03.006   821 10603 I /vendor/bin/hw/vendor.qti.hardware.servicetracker@1.1-service: bindService is called for service : com.xiaomi.xmsf/.push.service.HttpService and for client com.milink.service
04-13 11:09:03.006   821 10603 I /vendor/bin/hw/vendor.qti.hardware.servicetracker@1.1-service: total connections for service : com.xiaomi.xmsf/.push.service.HttpServiceare :1
04-13 11:09:03.006   821 10603 I /vendor/bin/hw/vendor.qti.hardware.servicetracker@1.1-service: total connections for client : com.milink.serviceare :4
04-13 11:09:03.010  1571  5740 D CompatibilityInfo: mCompatibilityFlags - 0
04-13 11:09:03.010  1571  5740 D CompatibilityInfo: applicationDensity - 440
04-13 11:09:03.010  1571  5740 D CompatibilityInfo: applicationScale - 1.0
04-13 11:09:03.011   821 10603 I /vendor/bin/hw/vendor.qti.hardware.servicetracker@1.1-service: startService() is called for servicecom.xiaomi.xmsf/.push.service.HttpService
04-13 11:09:03.011  2874  2874 D ScreenView_HotSeats: dispatchDraw:0
04-13 11:09:03.014   872  2428 D BufferQueueLayer: SaveSurface: Launcher new frame Arrived
04-13 11:09:03.015  2862  2862 D NetworkSpeedTracker: receive actionandroid.intent.action.BATTERY_CHANGED
04-13 11:09:03.015  2539  2539 D KeyguardUpdateMonitor: received broadcast android.intent.action.BATTERY_CHANGED
04-13 11:09:03.015  2862  2862 D NetworkSpeedTracker: onReceive ACTION_BATTERY_CHANGED mBatteryLevel = 34;mIsCharging =true
04-13 11:09:03.016  4115  4115 I BatteryInfoReceiver: ACTION_BATTERY_CHANGED
04-13 11:09:03.016  6036  6536 D PowerCheckerService: onBatteryChanged, mBatteryLevel = 34, status = 2, level = 34, plug = 2, scale = 100
04-13 11:09:03.018  2862  2862 D DeviceStatisticsService: chargerType=2 batteryLevel=34 totalBatteryCapacity=4320000
04-13 11:09:03.024   821 10603 I /vendor/bin/hw/vendor.qti.hardware.servicetracker@1.1-service: unbindService is called for service : com.xiaomi.xmsf/.push.service.HttpService and for client com.milink.service
04-13 11:09:03.024   821 10603 I /vendor/bin/hw/vendor.qti.hardware.servicetracker@1.1-service: size of service connections for service: com.xiaomi.xmsf/.push.service.HttpServiceafter removal is 0
04-13 11:09:03.024   821 10603 I /vendor/bin/hw/vendor.qti.hardware.servicetracker@1.1-service: size of client connections for client: com.milink.serviceafter removal is 3
04-13 11:09:03.024   821 10603 I /vendor/bin/hw/vendor.qti.hardware.servicetracker@1.1-service: destroyService is called for service : com.xiaomi.xmsf/.push.service.HttpService
04-13 11:09:03.030  2539  2539 D KeyguardUpdateMonitor: received broadcast android.intent.action.BATTERY_CHANGED
04-13 11:09:03.031  2862  2862 D NetworkSpeedTracker: receive actionandroid.intent.action.BATTERY_CHANGED
04-13 11:09:03.031  2862  2862 D NetworkSpeedTracker: onReceive ACTION_BATTERY_CHANGED mBatteryLevel = 34;mIsCharging =true
04-13 11:09:03.034  4115  4115 I BatteryInfoReceiver: ACTION_BATTERY_CHANGED
04-13 11:09:03.034  6036  6536 D PowerCheckerService: onBatteryChanged, mBatteryLevel = 34, status = 2, level = 34, plug = 2, scale = 100
04-13 11:09:03.035  2862  2862 D DeviceStatisticsService: chargerType=2 batteryLevel=34 totalBatteryCapacity=4320000
04-13 11:09:03.048  2874  2874 D Launcher: reset shortcutMenuLayer alpha and scale
04-13 11:09:03.048  2874  2874 E Launcher: changeViewByFsGestureState,  view=ShortcutMenuLayer,  alpha=1.0,  scale=1.0
04-13 11:09:03.050 22313 22313 I InputMethodService: ScreenHeight : 2400
04-13 11:09:03.050 22313 22313 I InputMethodService: sScreenWidth : 1080
04-13 11:09:03.050 22313 22313 I InputMethodService: sStatusBarHeight : 91
04-13 11:09:03.050 22313 22313 I InputMethodService: ScreenHeightWithoutStatusBar : 2309
04-13 11:09:03.051 22313 22313 D MiuiBottomConfig: use normal bottom
04-13 11:09:03.060  2862  2862 D NetworkSpeedTracker: receive actionandroid.intent.action.BATTERY_CHANGED
04-13 11:09:03.060  2862  2862 D NetworkSpeedTracker: onReceive ACTION_BATTERY_CHANGED mBatteryLevel = 34;mIsCharging =true
04-13 11:09:03.060  4115  4115 I BatteryInfoReceiver: ACTION_BATTERY_CHANGED
04-13 11:09:03.063  6036  6536 D PowerCheckerService: onBatteryChanged, mBatteryLevel = 34, status = 2, level = 34, plug = 2, scale = 100
04-13 11:09:03.063  2862  2862 D DeviceStatisticsService: chargerType=2 batteryLevel=34 totalBatteryCapacity=4320000
04-13 11:09:03.065   821 10603 I /vendor/bin/hw/vendor.qti.hardware.servicetracker@1.1-service: bindService is called for service : com.xiaomi.xmsf/.push.service.HttpService and for client com.milink.service
04-13 11:09:03.065   821 10603 I /vendor/bin/hw/vendor.qti.hardware.servicetracker@1.1-service: total connections for service : com.xiaomi.xmsf/.push.service.HttpServiceare :1
04-13 11:09:03.065   821 10603 I /vendor/bin/hw/vendor.qti.hardware.servicetracker@1.1-service: total connections for client : com.milink.serviceare :4
04-13 11:09:03.067  1571  5782 D CompatibilityInfo: mCompatibilityFlags - 0
04-13 11:09:03.067  1571  5782 D CompatibilityInfo: applicationDensity - 440
04-13 11:09:03.067  1571  5782 D CompatibilityInfo: applicationScale - 1.0
04-13 11:09:03.067   821 10603 I /vendor/bin/hw/vendor.qti.hardware.servicetracker@1.1-service: startService() is called for servicecom.xiaomi.xmsf/.push.service.HttpService
04-13 11:09:03.070 22313 22313 D SubtypeParser: Start parse configurations.
04-13 11:09:03.070 22313 22313 D SubtypeParser: Start Tag: subtype
04-13 11:09:03.071 22313 22313 D SubtypeParser: SubtypeItem: (subtypeId:0xb045e755,imeSubtypeLocale:en_GB,imeSubtypeMode:keyboard,imeSubtypeExtraValue:TrySuppressingImeSwitcher,AsciiCapable,SupportTouchPositionCorrection,EmojiCapable,isAsciiCapable:true)
04-13 11:09:03.071 22313 22313 D SubtypeParser: End Tag: subtype
04-13 11:09:03.071 22313 22313 D SubtypeParser: Start Tag: subtype
04-13 11:09:03.071 22313 22313 D SubtypeParser: SubtypeItem: (subtypeId:0x8d58fc2d,imeSubtypeLocale:en_IN,imeSubtypeMode:keyboard,imeSubtypeExtraValue:KeyboardLayoutSet=qwerty,AsciiCapable,EmojiCapable,isAsciiCapable:true)
04-13 11:09:03.071 22313 22313 D SubtypeParser: End Tag: subtype
04-13 11:09:03.071 22313 22313 D SubtypeParser: Start Tag: subtype
04-13 11:09:03.071 22313 22313 D SubtypeParser: SubtypeItem: (subtypeId:0xc9194f98,imeSubtypeLocale:en_US,imeSubtypeMode:keyboard,imeSubtypeExtraValue:TrySuppressingImeSwitcher,AsciiCapable,SupportTouchPositionCorrection,EmojiCapable,isAsciiCapable:true)
04-13 11:09:03.071 22313 22313 D SubtypeParser: End Tag: subtype
04-13 11:09:03.071 22313 22313 D SubtypeParser: Start Tag: subtype
04-13 11:09:03.071 22313 22313 D SubtypeParser: SubtypeItem: (subtypeId:0x30a6e00e,imeSubtypeLocale:es,imeSubtypeMode:keyboard,imeSubtypeExtraValue:AsciiCapable,SupportTouchPositionCorrection,EmojiCapable,isAsciiCapable:true)
04-13 11:09:03.071 22313 22313 D SubtypeParser: End Tag: subtype
04-13 11:09:03.071 22313 22313 D SubtypeParser: Start Tag: subtype
04-13 11:09:03.071 22313 22313 D SubtypeParser: SubtypeItem: (subtypeId:0x84d2efc6,imeSubtypeLocale:es_US,imeSubtypeMode:keyboard,imeSubtypeExtraValue:KeyboardLayoutSet=spanish,AsciiCapable,EmojiCapable,isAsciiCapable:true)
04-13 11:09:03.071 22313 22313 D SubtypeParser: End Tag: subtype
04-13 11:09:03.071 22313 22313 D SubtypeParser: Start Tag: subtype
04-13 11:09:03.071 22313 22313 D SubtypeParser: SubtypeItem: (subtypeId:0xa23e5d19,imeSubtypeLocale:es_419,imeSubtypeMode:keyboard,imeSubtypeExtraValue:KeyboardLayoutSet=spanish,AsciiCapable,EmojiCapable,isAsciiCapable:true)
04-13 11:09:03.071 22313 22313 D SubtypeParser: End Tag: subtype
04-13 11:09:03.071 22313 22313 D SubtypeParser: Start Tag: subtype
04-13 11:09:03.071 22313 22313 D SubtypeParser: SubtypeItem: (subtypeId:0xcafff4a6,imeSubtypeLocale:pt_BR,imeSubtypeMode:keyboard,imeSubtypeExtraValue:KeyboardLayoutSet=qwerty,AsciiCapable,EmojiCapable,isAsciiCapable:true)
04-13 11:09:03.071 22313 22313 D SubtypeParser: End Tag: subtype
04-13 11:09:03.071 22313 22313 D SubtypeParser: Start Tag: subtype
04-13 11:09:03.071 22313 22313 D SubtypeParser: SubtypeItem: (subtypeId:0xe2fffc5a,imeSubtypeLocale:pt_PT,imeSubtypeMode:keyboard,imeSubtypeExtraValue:KeyboardLayoutSet=qwerty,AsciiCapable,EmojiCapable,isAsciiCapable:true)
04-13 11:09:03.071 22313 22313 D SubtypeParser: End Tag: subtype
04-13 11:09:03.071 22313 22313 D SubtypeParser: Start Tag: subtype
04-13 11:09:03.071 22313 22313 D SubtypeParser: SubtypeItem: (subtypeId:0x324da12c,imeSubtypeLocale:fr,imeSubtypeMode:keyboard,imeSubtypeExtraValue:AsciiCapable,SupportTouchPositionCorrection,EmojiCapable,isAsciiCapable:true)
04-13 11:09:03.071 22313 22313 D SubtypeParser: End Tag: subtype
04-13 11:09:03.071 22313 22313 D SubtypeParser: Start Tag: subtype
04-13 11:09:03.071 22313 22313 D SubtypeParser: SubtypeItem: (subtypeId:0xeadbb691,imeSubtypeLocale:fr_CA,imeSubtypeMode:keyboard,imeSubtypeExtraValue:AsciiCapable,SupportTouchPositionCorrection,EmojiCapable,isAsciiCapable:true)
04-13 11:09:03.071 22313 22313 D SubtypeParser: End Tag: subtype
04-13 11:09:03.071 22313 22313 D SubtypeParser: Start Tag: subtype
04-13 11:09:03.071 22313 22313 D SubtypeParser: SubtypeItem: (subtypeId:0x590dde40,imeSubtypeLocale:ar,imeSubtypeMode:keyboard,imeSubtypeExtraValue:SupportTouchPositionCorrection,EmojiCapable,isAsciiCapable:false)
04-13 11:09:03.071 22313 22313 D SubtypeParser: End Tag: subtype
04-13 11:09:03.071 22313 22313 D SubtypeParser: Start Tag: subtype
04-13 11:09:03.071 22313 22313 D SubtypeParser: SubtypeItem: (subtypeId:0xbff5986c,imeSubtypeLocale:bn_IN,imeSubtypeMode:keyboard,imeSubtypeExtraValue:KeyboardLayoutSet=bengali,EmojiCapable,isAsciiCapable:false)
04-13 11:09:03.071 22313 22313 D SubtypeParser: End Tag: subtype
04-13 11:09:03.071 22313 22313 D SubtypeParser: Start Tag: subtype
04-13 11:09:03.071 22313 22313 D SubtypeParser: SubtypeItem: (subtypeId:0x4090554a,imeSubtypeLocale:eo,imeSubtypeMode:keyboard,imeSubtypeExtraValue:KeyboardLayoutSet=spanish,EmojiCapable,CapitalizationCapable,AsciiCapable,isAsciiCapable:false)
04-13 11:09:03.071 22313 22313 D SubtypeParser: End Tag: subtype
04-13 11:09:03.071 22313 22313 D SubtypeParser: Start Tag: subtype
04-13 11:09:03.071 22313 22313 D SubtypeParser: SubtypeItem: (subtypeId:0x2e2cbe61,imeSubtypeLocale:de,imeSubtypeMode:keyboard,imeSubtypeExtraValue:AsciiCapable,SupportTouchPositionCorrection,EmojiCapable,isAsciiCapable:true)
