04-13 11:09:09.514  2539  2539 D KeyguardUpdateMonitor: received broadcast android.intent.action.BATTERY_CHANGED
04-13 11:09:09.515  2862  2862 D NetworkSpeedTracker: receive actionandroid.intent.action.BATTERY_CHANGED
04-13 11:09:09.515  2862  2862 D NetworkSpeedTracker: onReceive ACTION_BATTERY_CHANGED mBatteryLevel = 34;mIsCharging =true
04-13 11:09:09.515  4115  4115 I BatteryInfoReceiver: ACTION_BATTERY_CHANGED
04-13 11:09:09.517  6036  6536 D PowerCheckerService: onBatteryChanged, mBatteryLevel = 34, status = 2, level = 34, plug = 2, scale = 100
04-13 11:09:09.522  2862  2862 D DeviceStatisticsService: chargerType=2 batteryLevel=34 totalBatteryCapacity=4320000
04-13 11:09:09.551  2539  2539 D KeyguardUpdateMonitor: received broadcast android.intent.action.BATTERY_CHANGED
04-13 11:09:09.552  2862  2862 D NetworkSpeedTracker: receive actionandroid.intent.action.BATTERY_CHANGED
04-13 11:09:09.552  2862  2862 D NetworkSpeedTracker: onReceive ACTION_BATTERY_CHANGED mBatteryLevel = 34;mIsCharging =true
04-13 11:09:09.553  4115  4115 I BatteryInfoReceiver: ACTION_BATTERY_CHANGED
04-13 11:09:09.556  6036  6536 D PowerCheckerService: onBatteryChanged, mBatteryLevel = 34, status = 2, level = 34, plug = 2, scale = 100
04-13 11:09:09.562  2862  2862 D DeviceStatisticsService: chargerType=2 batteryLevel=34 totalBatteryCapacity=4320000
04-13 11:09:09.564  2539  2539 D KeyguardUpdateMonitor: received broadcast android.intent.action.BATTERY_CHANGED
04-13 11:09:09.564  2862  2862 D NetworkSpeedTracker: receive actionandroid.intent.action.BATTERY_CHANGED
04-13 11:09:09.564  2862  2862 D NetworkSpeedTracker: onReceive ACTION_BATTERY_CHANGED mBatteryLevel = 34;mIsCharging =true
04-13 11:09:09.565  4115  4115 I BatteryInfoReceiver: ACTION_BATTERY_CHANGED
04-13 11:09:09.566  6036  6536 D PowerCheckerService: onBatteryChanged, mBatteryLevel = 34, status = 2, level = 34, plug = 2, scale = 100
04-13 11:09:09.568  2862  2862 D DeviceStatisticsService: chargerType=2 batteryLevel=34 totalBatteryCapacity=4320000
04-13 11:09:09.582  2539  2539 D KeyguardUpdateMonitor: received broadcast android.intent.action.BATTERY_CHANGED
04-13 11:09:09.583  2862  2862 D NetworkSpeedTracker: receive actionandroid.intent.action.BATTERY_CHANGED
04-13 11:09:09.583  2862  2862 D NetworkSpeedTracker: onReceive ACTION_BATTERY_CHANGED mBatteryLevel = 34;mIsCharging =true
04-13 11:09:09.584  6036  6536 D PowerCheckerService: onBatteryChanged, mBatteryLevel = 34, status = 2, level = 34, plug = 2, scale = 100
04-13 11:09:09.586  4115  4115 I BatteryInfoReceiver: ACTION_BATTERY_CHANGED
04-13 11:09:09.590  2862  2862 D DeviceStatisticsService: chargerType=2 batteryLevel=34 totalBatteryCapacity=4320000
04-13 11:09:09.590  2539  2539 D KeyguardUpdateMonitor: received broadcast android.intent.action.BATTERY_CHANGED
04-13 11:09:09.591  2862  2862 D NetworkSpeedTracker: receive actionandroid.intent.action.BATTERY_CHANGED
04-13 11:09:09.591  2862  2862 D NetworkSpeedTracker: onReceive ACTION_BATTERY_CHANGED mBatteryLevel = 34;mIsCharging =true
04-13 11:09:09.592  6036  6536 D PowerCheckerService: onBatteryChanged, mBatteryLevel = 34, status = 2, level = 34, plug = 2, scale = 100
04-13 11:09:09.594  2862  2862 D DeviceStatisticsService: chargerType=2 batteryLevel=34 totalBatteryCapacity=4320000
04-13 11:09:09.594  4115  4115 I BatteryInfoReceiver: ACTION_BATTERY_CHANGED
04-13 11:09:09.626  2539  2539 D KeyguardUpdateMonitor: received broadcast android.intent.action.BATTERY_CHANGED
04-13 11:09:09.629  2862  2862 D NetworkSpeedTracker: receive actionandroid.intent.action.BATTERY_CHANGED
04-13 11:09:09.629  2862  2862 D NetworkSpeedTracker: onReceive ACTION_BATTERY_CHANGED mBatteryLevel = 34;mIsCharging =true
04-13 11:09:09.630  4115  4115 I BatteryInfoReceiver: ACTION_BATTERY_CHANGED
04-13 11:09:09.630  6036  6536 D PowerCheckerService: onBatteryChanged, mBatteryLevel = 34, status = 2, level = 34, plug = 2, scale = 100
04-13 11:09:09.635  2862  2862 D DeviceStatisticsService: chargerType=2 batteryLevel=34 totalBatteryCapacity=4320000
04-13 11:09:09.636   805 15815 I WifiHAL : event received NL80211_CMD_VENDOR, vendor_id = 0x1374, subcmd = 0x6b
04-13 11:09:09.637  1193  1193 I cnss-daemon: nl80211 response handler invoked
04-13 11:09:09.637  1193  1193 I cnss-daemon: nl80211_response_handler: cmd 103, vendorID 4980, subcmd 107  received
04-13 11:09:09.640  2539  2539 D KeyguardUpdateMonitor: received broadcast android.intent.action.BATTERY_CHANGED
04-13 11:09:09.640  2862  2862 D NetworkSpeedTracker: receive actionandroid.intent.action.BATTERY_CHANGED
04-13 11:09:09.640  2862  2862 D NetworkSpeedTracker: onReceive ACTION_BATTERY_CHANGED mBatteryLevel = 34;mIsCharging =true
04-13 11:09:09.641  4115  4115 I BatteryInfoReceiver: ACTION_BATTERY_CHANGED
04-13 11:09:09.642  6036  6536 D PowerCheckerService: onBatteryChanged, mBatteryLevel = 34, status = 2, level = 34, plug = 2, scale = 100
04-13 11:09:09.644  2862  2862 D DeviceStatisticsService: chargerType=2 batteryLevel=34 totalBatteryCapacity=4320000
04-13 11:09:09.660   787 17682 I vendor.qti.bluetooth@1.0-ibs_handler: ProcessIbsCmd: Received IBS_WAKE_IND: 0xFD
04-13 11:09:09.660   787 17682 D vendor.qti.bluetooth@1.0-ibs_handler: SerialClockVote: vote for UART CLK ON
04-13 11:09:09.660   787 17682 D vendor.qti.bluetooth@1.0-wake_lock: Acquire wakelock is acquired
04-13 11:09:09.660   787 17682 I vendor.qti.bluetooth@1.0-ibs_handler: ProcessIbsCmd: Writing IBS_WAKE_ACK
04-13 11:09:09.661 17519 17685 V bt_stack: [VERBOSE1:btm_ble_gap.cc(1923)] btm_ble_process_ext_adv_pkt: bda=47:3f:29:51:84:ac
04-13 11:09:09.662 17519 17685 V bt_stack: [VERBOSE1:btm_ble_gap.cc(1847)] btm_ble_process_adv_addr: bda=47:3f:29:51:84:ac
04-13 11:09:09.662 17519 17685 V bt_stack: [VERBOSE1:btm_ble_gap.cc(2052)]  Waiting for scan response 47:3f:29:51:84:ac
04-13 11:09:09.672  2539  2539 D KeyguardUpdateMonitor: received broadcast android.intent.action.BATTERY_CHANGED
04-13 11:09:09.674  2862  2862 D NetworkSpeedTracker: receive actionandroid.intent.action.BATTERY_CHANGED
04-13 11:09:09.674  2862  2862 D NetworkSpeedTracker: onReceive ACTION_BATTERY_CHANGED mBatteryLevel = 34;mIsCharging =true
04-13 11:09:09.675  4115  4115 I BatteryInfoReceiver: ACTION_BATTERY_CHANGED
04-13 11:09:09.677  6036  6536 D PowerCheckerService: onBatteryChanged, mBatteryLevel = 34, status = 2, level = 34, plug = 2, scale = 100
04-13 11:09:09.680  2862  2862 D DeviceStatisticsService: chargerType=2 batteryLevel=34 totalBatteryCapacity=4320000
04-13 11:09:09.682  2539  2539 D KeyguardUpdateMonitor: received broadcast android.intent.action.BATTERY_CHANGED
04-13 11:09:09.683  2862  2862 D NetworkSpeedTracker: receive actionandroid.intent.action.BATTERY_CHANGED
04-13 11:09:09.683  2862  2862 D NetworkSpeedTracker: onReceive ACTION_BATTERY_CHANGED mBatteryLevel = 34;mIsCharging =true
04-13 11:09:09.684  4115  4115 I BatteryInfoReceiver: ACTION_BATTERY_CHANGED
04-13 11:09:09.686  6036  6536 D PowerCheckerService: onBatteryChanged, mBatteryLevel = 34, status = 2, level = 34, plug = 2, scale = 100
04-13 11:09:09.687  2862  2862 D DeviceStatisticsService: chargerType=2 batteryLevel=34 totalBatteryCapacity=4320000
04-13 11:09:09.705 21376 21663 I SmartThreadExecutor: handleMessage: start check 1
04-13 11:09:09.705 21376 21663 I SmartThreadExecutor: handleMessage: check end 1 -13 false
04-13 11:09:09.717  2862  2862 D NetworkSpeedTracker: receive actionandroid.intent.action.BATTERY_CHANGED
04-13 11:09:09.717  2862  2862 D NetworkSpeedTracker: onReceive ACTION_BATTERY_CHANGED mBatteryLevel = 34;mIsCharging =true
04-13 11:09:09.719  4115  4115 I BatteryInfoReceiver: ACTION_BATTERY_CHANGED
04-13 11:09:09.719  2539  2539 D KeyguardUpdateMonitor: received broadcast android.intent.action.BATTERY_CHANGED
04-13 11:09:09.720  6036  6536 D PowerCheckerService: onBatteryChanged, mBatteryLevel = 34, status = 2, level = 34, plug = 2, scale = 100
04-13 11:09:09.727  2862  2862 D DeviceStatisticsService: chargerType=2 batteryLevel=34 totalBatteryCapacity=4320000
04-13 11:09:09.734  2539  2539 D KeyguardUpdateMonitor: received broadcast android.intent.action.BATTERY_CHANGED
04-13 11:09:09.735  2862  2862 D NetworkSpeedTracker: receive actionandroid.intent.action.BATTERY_CHANGED
04-13 11:09:09.735  2862  2862 D NetworkSpeedTracker: onReceive ACTION_BATTERY_CHANGED mBatteryLevel = 34;mIsCharging =true
04-13 11:09:09.736  4115  4115 I BatteryInfoReceiver: ACTION_BATTERY_CHANGED
04-13 11:09:09.736  6036  6536 D PowerCheckerService: onBatteryChanged, mBatteryLevel = 34, status = 2, level = 34, plug = 2, scale = 100
04-13 11:09:09.738  2862  2862 D DeviceStatisticsService: chargerType=2 batteryLevel=34 totalBatteryCapacity=4320000
04-13 11:09:09.741   787 17682 I vendor.qti.bluetooth@1.0-ibs_handler: ProcessIbsCmd: Received IBS_SLEEP_IND: 0xFE
04-13 11:09:09.741   787 17682 D vendor.qti.bluetooth@1.0-ibs_handler: SerialClockVote: vote for UART CLK OFF
04-13 11:09:09.746  1571  1707 W BroadcastQueue: Background execution not allowed: receiving Intent { act=android.intent.action.INPUT_METHOD_CHANGED flg=0x20000010 (has extras) } to com.baidu.input_mi/com.baidu.input.switchguide.InputMethodChangedReceiver
04-13 11:09:09.750   821 31064 I /vendor/bin/hw/vendor.qti.hardware.servicetracker@1.1-service: unbindService is called for service : com.baidu.input_mi/.ImeService and for client system
04-13 11:09:09.755   821 31064 I /vendor/bin/hw/vendor.qti.hardware.servicetracker@1.1-service: unbindService is called for service : com.baidu.input_mi/.ImeService and for client system
04-13 11:09:09.756   821 31064 I /vendor/bin/hw/vendor.qti.hardware.servicetracker@1.1-service: size of service connections for service: com.baidu.input_mi/.ImeServiceafter removal is 0
04-13 11:09:09.756   821 31064 I /vendor/bin/hw/vendor.qti.hardware.servicetracker@1.1-service: size of client connections for client: systemafter removal is 18
04-13 11:09:09.756   821 31064 I /vendor/bin/hw/vendor.qti.hardware.servicetracker@1.1-service: destroyService is called for service : com.baidu.input_mi/.ImeService
04-13 11:09:09.760   821 31064 I /vendor/bin/hw/vendor.qti.hardware.servicetracker@1.1-service: bindService is called for service : io.appium.settings/.UnicodeIME and for client system
04-13 11:09:09.760   821 31064 I /vendor/bin/hw/vendor.qti.hardware.servicetracker@1.1-service: total connections for service : io.appium.settings/.UnicodeIMEare :1
04-13 11:09:09.760   821 31064 I /vendor/bin/hw/vendor.qti.hardware.servicetracker@1.1-service: total connections for client : systemare :19
04-13 11:09:09.764  1571  5782 D CompatibilityInfo: mCompatibilityFlags - 0
04-13 11:09:09.764  1571  5782 D CompatibilityInfo: applicationDensity - 440
04-13 11:09:09.764  1571  5782 D CompatibilityInfo: applicationScale - 1.0
04-13 11:09:09.766   821 31064 I /vendor/bin/hw/vendor.qti.hardware.servicetracker@1.1-service: startService() is called for serviceio.appium.settings/.UnicodeIME
04-13 11:09:09.768   821 31064 I /vendor/bin/hw/vendor.qti.hardware.servicetracker@1.1-service: bindService is called for service : io.appium.settings/.UnicodeIME and for client system
04-13 11:09:09.768   821 31064 I /vendor/bin/hw/vendor.qti.hardware.servicetracker@1.1-service: total connections for service : io.appium.settings/.UnicodeIMEare :1
04-13 11:09:09.768   821 31064 I /vendor/bin/hw/vendor.qti.hardware.servicetracker@1.1-service: total connections for client : systemare :19
04-13 11:09:09.768 22313 22313 I Facemoji: LatinManager=>onDestroy
04-13 11:09:09.769  6036  6342 I IMECheckManager: getSelectedInputMethod, ime is io.appium.settings/.UnicodeIME
04-13 11:09:09.769  6036  6342 I IMECheckManager: InputMethodObserver, userId is 0, ime = io.appium.settings/.UnicodeIME
04-13 11:09:09.771  1571  2437 I MiuiNetworkPolicy: updateUidState uid = 10231, uidState = 11
04-13 11:09:09.771  1571  2437 I MiuiNetworkPolicy: updateUidState uid = 10309, uidState = 3
04-13 11:09:09.771  6036  6342 I IMECheckManager: getSelectedInputMethod, ime is io.appium.settings/.UnicodeIME
04-13 11:09:09.774  6036  6342 I IMECheckManager: updateCurrentIME, userId is 0, ime is io.appium.settings/.UnicodeIME, pkg is io.appium.settings, uid is 10309
04-13 11:09:09.774  6036  6342 I ActiveStateController: Ime outdated, uid is 10231
04-13 11:09:09.774  6036  6496 I PowerKeeperConfigureManager: userId is 0, Ime outdated, uid is 10231
04-13 11:09:09.775  2862  2862 D NetworkSpeedTracker: receive actionandroid.intent.action.BATTERY_CHANGED
04-13 11:09:09.775  2862  2862 D NetworkSpeedTracker: onReceive ACTION_BATTERY_CHANGED mBatteryLevel = 34;mIsCharging =true
04-13 11:09:09.775  2539  2539 D KeyguardUpdateMonitor: received broadcast android.intent.action.BATTERY_CHANGED
04-13 11:09:09.777  4115  4115 I BatteryInfoReceiver: ACTION_BATTERY_CHANGED
04-13 11:09:09.777  2862  2862 D DeviceStatisticsService: chargerType=2 batteryLevel=34 totalBatteryCapacity=4320000
04-13 11:09:09.778  6036  6536 D PowerCheckerService: onBatteryChanged, mBatteryLevel = 34, status = 2, level = 34, plug = 2, scale = 100
04-13 11:09:09.783  6036  6342 I ActiveStateController: Ime update, uid is 10309
04-13 11:09:09.789  2539 32468 D KeyguardViewMediator: setKeyguardEnabled(true)
04-13 11:09:09.791 16058 16058 I UnicodeIME: onStartInput
04-13 11:09:09.794  2862  2862 D NetworkSpeedTracker: receive actionandroid.intent.action.BATTERY_CHANGED
04-13 11:09:09.794  2862  2862 D NetworkSpeedTracker: onReceive ACTION_BATTERY_CHANGED mBatteryLevel = 34;mIsCharging =true
04-13 11:09:09.795  4115  4115 I BatteryInfoReceiver: ACTION_BATTERY_CHANGED
04-13 11:09:09.797  6036  6536 D PowerCheckerService: onBatteryChanged, mBatteryLevel = 34, status = 2, level = 34, plug = 2, scale = 100
04-13 11:09:09.798  2862  2862 D DeviceStatisticsService: chargerType=2 batteryLevel=34 totalBatteryCapacity=4320000
04-13 11:09:09.799  2539  2539 D KeyguardUpdateMonitor: received broadcast android.intent.action.BATTERY_CHANGED
04-13 11:09:09.801  6036  6496 I PowerKeeperConfigureManager: userId is 0, Ime update, uid is 10309
04-13 11:09:09.811   813   813 I SDM     : DisplayBuiltIn::SetRefreshRate: current period = 19191615, last period = 18594375, exit idle mode !
04-13 11:09:09.812  2862  2862 D NetworkSpeedTracker: receive actionandroid.intent.action.BATTERY_CHANGED
04-13 11:09:09.812  2862  2862 D NetworkSpeedTracker: onReceive ACTION_BATTERY_CHANGED mBatteryLevel = 34;mIsCharging =true
04-13 11:09:09.812  6396  6396 E adbd    : failed to connect to socket 'tcp:6790': Connection refused
04-13 11:09:09.812  4115  4115 I BatteryInfoReceiver: ACTION_BATTERY_CHANGED
04-13 11:09:09.813  6036  6536 D PowerCheckerService: onBatteryChanged, mBatteryLevel = 34, status = 2, level = 34, plug = 2, scale = 100
04-13 11:09:09.817  2539  2539 D KeyguardUpdateMonitor: received broadcast android.intent.action.BATTERY_CHANGED
04-13 11:09:09.818 22313 22313 I .baidu.input_m: System.exit called, status: 0
04-13 11:09:09.818 22313 22313 I AndroidRuntime: VM exiting with result code 0, cleanup skipped.
04-13 11:09:09.820  2862  2862 D DeviceStatisticsService: chargerType=2 batteryLevel=34 totalBatteryCapacity=4320000
04-13 11:09:09.822  2539  2539 D KeyguardUpdateMonitor: received broadcast android.intent.action.BATTERY_CHANGED
04-13 11:09:09.823  2862  2862 D NetworkSpeedTracker: receive actionandroid.intent.action.BATTERY_CHANGED
04-13 11:09:09.823  2862  2862 D NetworkSpeedTracker: onReceive ACTION_BATTERY_CHANGED mBatteryLevel = 34;mIsCharging =true
04-13 11:09:09.824  4115  4115 I BatteryInfoReceiver: ACTION_BATTERY_CHANGED
04-13 11:09:09.824  6036  6536 D PowerCheckerService: onBatteryChanged, mBatteryLevel = 34, status = 2, level = 34, plug = 2, scale = 100
04-13 11:09:09.824  6036  6296 W WakelockManagerService: uid: 10309 is unblock state
04-13 11:09:09.829  2862  2862 D DeviceStatisticsService: chargerType=2 batteryLevel=34 totalBatteryCapacity=4320000
04-13 11:09:09.854  2539  2539 D KeyguardUpdateMonitor: received broadcast android.intent.action.BATTERY_CHANGED
04-13 11:09:09.854  2862  2862 D NetworkSpeedTracker: receive actionandroid.intent.action.BATTERY_CHANGED
04-13 11:09:09.854  2862  2862 D NetworkSpeedTracker: onReceive ACTION_BATTERY_CHANGED mBatteryLevel = 34;mIsCharging =true
04-13 11:09:09.855  4115  4115 I BatteryInfoReceiver: ACTION_BATTERY_CHANGED
04-13 11:09:09.856  6036  6536 D PowerCheckerService: onBatteryChanged, mBatteryLevel = 34, status = 2, level = 34, plug = 2, scale = 100
04-13 11:09:09.859  2862  2862 D DeviceStatisticsService: chargerType=2 batteryLevel=34 totalBatteryCapacity=4320000
04-13 11:09:09.864  2539  2539 D KeyguardUpdateMonitor: received broadcast android.intent.action.BATTERY_CHANGED
04-13 11:09:09.864  2862  2862 D NetworkSpeedTracker: receive actionandroid.intent.action.BATTERY_CHANGED
04-13 11:09:09.864  2862  2862 D NetworkSpeedTracker: onReceive ACTION_BATTERY_CHANGED mBatteryLevel = 34;mIsCharging =true
04-13 11:09:09.866  6036  6536 D PowerCheckerService: onBatteryChanged, mBatteryLevel = 34, status = 2, level = 34, plug = 2, scale = 100
04-13 11:09:09.867  4115  4115 I BatteryInfoReceiver: ACTION_BATTERY_CHANGED
04-13 11:09:09.871  2862  2862 D DeviceStatisticsService: chargerType=2 batteryLevel=34 totalBatteryCapacity=4320000
04-13 11:09:09.874  1571  4191 I ActivityManager: Process com.baidu.input_mi (pid 22313) has died: fore SVC
04-13 11:09:09.875   678   678 I Zygote  : Process 22313 exited cleanly (0)
04-13 11:09:09.877   821 31064 I /vendor/bin/hw/vendor.qti.hardware.servicetracker@1.1-service: killProcess is called for pid : 22313
04-13 11:09:09.878  1193  1193 I cnss-daemon: nl80211 response handler invoked
04-13 11:09:09.878  1193  1193 I cnss-daemon: nl80211_response_handler: cmd 103, vendorID 4980, subcmd 106  received
04-13 11:09:09.879   805 15815 I WifiHAL : event received NL80211_CMD_VENDOR, vendor_id = 0x1374, subcmd = 0x6a
04-13 11:09:09.880  1571  1712 I libprocessgroup: Successfully killed process cgroup uid 10231 pid 22313 in 5ms
04-13 11:09:09.881  1571  2437 I MiuiNetworkPolicy: removeUidState uid = 10231
04-13 11:09:09.891   787 17601 D vendor.qti.bluetooth@1.0-wake_lock: Release wakelock is released
04-13 11:09:09.895  2539  2539 D KeyguardUpdateMonitor: received broadcast android.intent.action.BATTERY_CHANGED
04-13 11:09:09.896  2862  2862 D NetworkSpeedTracker: receive actionandroid.intent.action.BATTERY_CHANGED
04-13 11:09:09.896  2862  2862 D NetworkSpeedTracker: onReceive ACTION_BATTERY_CHANGED mBatteryLevel = 34;mIsCharging =true
04-13 11:09:09.897  6036  6536 D PowerCheckerService: onBatteryChanged, mBatteryLevel = 34, status = 2, level = 34, plug = 2, scale = 100
04-13 11:09:09.901  4115  4115 I BatteryInfoReceiver: ACTION_BATTERY_CHANGED
04-13 11:09:09.902  2862  2862 D DeviceStatisticsService: chargerType=2 batteryLevel=34 totalBatteryCapacity=4320000
04-13 11:09:09.906  1571  4191 I ActivityManager: Force stopping io.appium.uiautomator2.server.test appid=10291 user=0: from process:22409
04-13 11:09:09.906  1571  4191 I AutoStartManagerService: MIUILOG- Reject RestartService packageName :io.appium.uiautomator2.server.test uid : 10291
04-13 11:09:09.917  1571  1571 W RemoteDisplayProvider: Ignoring remote display provider service because it does not have the REMOTE_DISPLAY_PROVIDER permission: com.google.android.gms/com.google.android.gms.cast.media.CastRemoteDisplayProviderService
04-13 11:09:09.920 15755 15755 D AggregateListener: notifyAction action:android.intent.action.PACKAGE_RESTARTED
04-13 11:09:09.920 15755 15755 D AggregateListener: onPackageRestarted packageName:io.appium.uiautomator2.server.test
04-13 11:09:09.922  4115  4115 I BatteryInfoReceiver: ACTION_BATTERY_CHANGED
04-13 11:09:09.923  2539  2539 D KeyguardUpdateMonitor: received broadcast android.intent.action.BATTERY_CHANGED
04-13 11:09:09.923  6036  6536 D PowerCheckerService: onBatteryChanged, mBatteryLevel = 34, status = 2, level = 34, plug = 2, scale = 100
04-13 11:09:09.927  2862  2862 D CarrierSvcBindHelper: No carrier app for: 0
04-13 11:09:09.927  2862  2862 E PhoneInterfaceManager: [PhoneIntfMgr] getCarrierPackageNamesForIntent: No UICC
04-13 11:09:09.927  2862  2862 D CarrierSvcBindHelper: No carrier app for: 1
04-13 11:09:09.927  2862  2862 D NetworkSpeedTracker: receive actionandroid.intent.action.BATTERY_CHANGED
04-13 11:09:09.927  2862  2862 D NetworkSpeedTracker: onReceive ACTION_BATTERY_CHANGED mBatteryLevel = 34;mIsCharging =true
04-13 11:09:09.928  2862  2862 D DeviceStatisticsService: chargerType=2 batteryLevel=34 totalBatteryCapacity=4320000
04-13 11:09:09.929  1571  1707 W BroadcastQueue: Background execution not allowed: receiving Intent { act=android.intent.action.PACKAGE_RESTARTED dat=package:io.appium.uiautomator2.server.test flg=0x10 (has extras) } to com.jingdong.app.mall/.broadcastReceiver.AppStateRecevier
04-13 11:09:09.932 19832 19832 E RegisteredServicesCache: Skipping application component ComponentInfo{com.autonavi.minimap/com.alibaba.ariver.commonability.device.jsapi.nfc.service.TinyAppHostApduService}: it must request the permission android.permission.NFC
04-13 11:09:09.933 19832 19832 E RegisteredServicesCache: Skipping application component ComponentInfo{com.autonavi.minimap/com.alipay.mobile.aompdevice.nfc.service.TinyAppHostApduService}: it must request the permission android.permission.NFC
04-13 11:09:09.939 19832 19832 E RegisteredServicesCache: Skipping application component ComponentInfo{com.taobao.taobao/com.alibaba.ariver.commonability.device.jsapi.nfc.service.TinyAppHostApduService}: it must request the permission android.permission.NFC
04-13 11:09:09.945 19832 19832 D RegisteredServicesCache:  Reading service state data always from file
04-13 11:09:09.946 19832 19832 D RegisteredServicesCache: ServiceStateFileVersion=1.0
04-13 11:09:09.946 19832 19832 E RegisteredServicesCache: Next Tag=services
04-13 11:09:09.946 19832 19832 E RegisteredServicesCache: 1invalidateCache:WriteServiceStateToFile
04-13 11:09:09.946  6396  6396 E adbd    : failed to connect to socket 'tcp:6790': Connection refused
04-13 11:09:09.946 19832 19832 E RegisteredServicesCache:  Writing service state Data Always
04-13 11:09:09.943   796   796 W health@2.0-serv: type=1400 audit(0.0:2410801): avc: denied { read } for name="type" dev="sysfs" ino=55635 scontext=u:r:hal_health_default:s0 tcontext=u:object_r:sysfs:s0 tclass=file permissive=0
04-13 11:09:09.951  2539  2539 D KeyguardUpdateMonitor: received broadcast android.intent.action.BATTERY_CHANGED
04-13 11:09:09.952 19832 19832 D CardEmulationManager: Current default: ComponentInfo{com.eg.android.AlipayGphone/com.alipay.android.phone.offlinepay.nfc.CardService}
04-13 11:09:09.952 19832 19832 D RegisteredAidCache: onServicesUpdated
04-13 11:09:09.953 19832 19832 D RegisteredAidCache: generateServiceMap component: ComponentInfo{com.eg.android.AlipayGphone/com.alibaba.ariver.commonability.device.jsapi.nfc.service.TinyAppHostApduService}
04-13 11:09:09.947   796   796 W health@2.0-serv: type=1400 audit(0.0:2410802): avc: denied { read } for name="type" dev="sysfs" ino=55635 scontext=u:r:hal_health_default:s0 tcontext=u:object_r:sysfs:s0 tclass=file permissive=0
04-13 11:09:09.953 19832 19832 D RegisteredAidCache: generateServiceMap component: ComponentInfo{com.eg.android.AlipayGphone/com.alipay.android.phone.offlinepay.nfc.CardService}
04-13 11:09:09.953  2862  2862 D NetworkSpeedTracker: receive actionandroid.intent.action.BATTERY_CHANGED
04-13 11:09:09.953  2862  2862 D NetworkSpeedTracker: onReceive ACTION_BATTERY_CHANGED mBatteryLevel = 34;mIsCharging =true
04-13 11:09:09.953 19832 19832 D RegisteredAidCache: generateServiceMap component: ComponentInfo{com.eg.android.AlipayGphone/com.alipay.mobile.aompdevice.nfc.service.TinyAppHostApduService}
04-13 11:09:09.953 19832 19832 D RegisteredAidCache: generateServiceMap component: ComponentInfo{com.google.android.gms/com.google.android.gms.tapandpay.hce.service.TpHceService}
04-13 11:09:09.954  6036  6536 D PowerCheckerService: onBatteryChanged, mBatteryLevel = 34, status = 2, level = 34, plug = 2, scale = 100
04-13 11:09:09.954 19832 19832 D RegisteredAidCache: generateServiceMap component: ComponentInfo{com.jingdong.app.mall/com.jdpaysdk.payment.quickpass.server.QuickPassNFCServer}
04-13 11:09:09.954 19832 19832 D RegisteredAidCache: generateServiceMap component: ComponentInfo{com.tencent.mm/com.tencent.mm.plugin.appbrand.jsapi.nfc.hce.HCEService}
04-13 11:09:09.954 19832 19832 D RegisteredAidCache: generateServiceMap component: ComponentInfo{com.tencent.mtt/com.tencent.mm.plugin.appbrand.jsapi.nfc.hce.HCEService}
04-13 11:09:09.954 19832 19832 D RegisteredAidCache: generateServiceMap component: ComponentInfo{com.tencent.qqlive/com.tencent.mm.plugin.appbrand.jsapi.nfc.hce.HCEService}
04-13 11:09:09.954 19832 19832 D RegisteredAidCache: generateServiceMap component: ComponentInfo{com.tencent.wework/com.tencent.mm.plugin.appbrand.jsapi.nfc.hce.HCEService}
04-13 11:09:09.954 19832 19832 D RegisteredAidCache: generateServiceMap component: ComponentInfo{com.youku.phone/com.alibaba.ariver.commonability.device.jsapi.nfc.service.TinyAppHostApduService}
04-13 11:09:09.954 19832 19832 D RegisteredAidCache: generateServiceMap component: ComponentInfo{com.youku.phone/com.alipay.mobile.aompdevice.nfc.service.TinyAppHostApduService}
04-13 11:09:09.954 19832 19832 D RegisteredAidCache: generateServiceMap component: ComponentInfo{com.chinamworld.bocmbci/com.boc.bocsoft.mobile.bocmobile.buss.equickpay.service.BocopApduService}
04-13 11:09:09.955 19832 19832 D RegisteredAidCache: generateAidCacheLocked: starting with aid 325041592E5359532E4444463031
04-13 11:09:09.955 19832 19832 D RegisteredAidCache: Exact AID, resolving.
04-13 11:09:09.955 19832 19832 D RegisteredAidCache: resolveAidLocked: (Ignoring handling service ComponentInfo{com.google.android.gms/com.google.android.gms.tapandpay.hce.service.TpHceService} because it's not the payment default.)
04-13 11:09:09.955 19832 19832 D RegisteredAidCache: resolveAidLocked: (Ignoring handling service ComponentInfo{com.jingdong.app.mall/com.jdpaysdk.payment.quickpass.server.QuickPassNFCServer} because it's not the payment default.)
04-13 11:09:09.955 19832 19832 D RegisteredAidCache: resolveAidLocked: (Ignoring handling service ComponentInfo{com.chinamworld.bocmbci/com.boc.bocsoft.mobile.bocmobile.buss.equickpay.service.BocopApduService} because it's not the payment default.)
04-13 11:09:09.955 19832 19832 D RegisteredAidCache: resolveAidLocked: DECISION: routing to all matching services
04-13 11:09:09.955 19832 19832 D RegisteredAidCache: AIDs: [325041592E5359532E4444463031] were resolved.
04-13 11:09:09.955 19832 19832 D RegisteredAidCache: generateAidCacheLocked: starting with aid A000000003
04-13 11:09:09.955 19832 19832 D RegisteredAidCache: Exact AID, resolving.
04-13 11:09:09.955 19832 19832 D RegisteredAidCache: resolveAidLocked: (Ignoring handling service ComponentInfo{com.google.android.gms/com.google.android.gms.tapandpay.hce.service.TpHceService} because it's not the payment default.)
04-13 11:09:09.955 19832 19832 D RegisteredAidCache: resolveAidLocked: DECISION: routing to all matching services
04-13 11:09:09.955 19832 19832 D RegisteredAidCache: AIDs: [A000000003] were resolved.
04-13 11:09:09.955 19832 19832 D RegisteredAidCache: generateAidCacheLocked: starting with aid A00000000307010001
04-13 11:09:09.955 19832 19832 D RegisteredAidCache: Exact AID, resolving.
04-13 11:09:09.955 19832 19832 D RegisteredAidCache: resolveAidLocked: (Ignoring handling service ComponentInfo{com.google.android.gms/com.google.android.gms.tapandpay.hce.service.TpHceService} because it's not the payment default.)
04-13 11:09:09.955 19832 19832 D RegisteredAidCache: resolveAidLocked: DECISION: routing to all matching services
04-13 11:09:09.955 19832 19832 D RegisteredAidCache: AIDs: [A00000000307010001] were resolved.
04-13 11:09:09.955 19832 19832 D RegisteredAidCache: generateAidCacheLocked: starting with aid A0000000031010
04-13 11:09:09.955 19832 19832 D RegisteredAidCache: Exact AID, resolving.
04-13 11:09:09.955 19832 19832 D RegisteredAidCache: resolveAidLocked: (Ignoring handling service ComponentInfo{com.google.android.gms/com.google.android.gms.tapandpay.hce.service.TpHceService} because it's not the payment default.)
04-13 11:09:09.955 19832 19832 D RegisteredAidCache: resolveAidLocked: (Ignoring handling service ComponentInfo{com.chinamworld.bocmbci/com.boc.bocsoft.mobile.bocmobile.buss.equickpay.service.BocopApduService} because it's not the payment default.)
04-13 11:09:09.955 19832 19832 D RegisteredAidCache: resolveAidLocked: DECISION: routing to all matching services
04-13 11:09:09.955 19832 19832 D RegisteredAidCache: AIDs: [A0000000031010] were resolved.
04-13 11:09:09.955 19832 19832 D RegisteredAidCache: generateAidCacheLocked: starting with aid A0000000032010
04-13 11:09:09.955 19832 19832 D RegisteredAidCache: Exact AID, resolving.
04-13 11:09:09.955 19832 19832 D RegisteredAidCache: resolveAidLocked: (Ignoring handling service ComponentInfo{com.google.android.gms/com.google.android.gms.tapandpay.hce.service.TpHceService} because it's not the payment default.)
04-13 11:09:09.955 19832 19832 D RegisteredAidCache: resolveAidLocked: DECISION: routing to all matching services
04-13 11:09:09.955 19832 19832 D RegisteredAidCache: AIDs: [A0000000032010] were resolved.
04-13 11:09:09.955 19832 19832 D RegisteredAidCache: generateAidCacheLocked: starting with aid A0000000032020
04-13 11:09:09.955 19832 19832 D RegisteredAidCache: Exact AID, resolving.
04-13 11:09:09.955 19832 19832 D RegisteredAidCache: resolveAidLocked: (Ignoring handling service ComponentInfo{com.google.android.gms/com.google.android.gms.tapandpay.hce.service.TpHceService} because it's not the payment default.)
04-13 11:09:09.955 19832 19832 D RegisteredAidCache: resolveAidLocked: DECISION: routing to all matching services
04-13 11:09:09.955 19832 19832 D RegisteredAidCache: AIDs: [A0000000032020] were resolved.
04-13 11:09:09.955 19832 19832 D RegisteredAidCache: generateAidCacheLocked: starting with aid A000000004
04-13 11:09:09.955 19832 19832 D RegisteredAidCache: Exact AID, resolving.
04-13 11:09:09.955 19832 19832 D RegisteredAidCache: resolveAidLocked: (Ignoring handling service ComponentInfo{com.google.android.gms/com.google.android.gms.tapandpay.hce.service.TpHceService} because it's not the payment default.)
04-13 11:09:09.955 19832 19832 D RegisteredAidCache: resolveAidLocked: DECISION: routing to all matching services
04-13 11:09:09.955 19832 19832 D RegisteredAidCache: AIDs: [A000000004] were resolved.
04-13 11:09:09.955 19832 19832 D RegisteredAidCache: generateAidCacheLocked: starting with aid A0000000041010
04-13 11:09:09.955 19832 19832 D RegisteredAidCache: Exact AID, resolving.
04-13 11:09:09.955 19832 19832 D RegisteredAidCache: resolveAidLocked: (Ignoring handling service ComponentInfo{com.google.android.gms/com.google.android.gms.tapandpay.hce.service.TpHceService} because it's not the payment default.)
04-13 11:09:09.955 19832 19832 D RegisteredAidCache: resolveAidLocked: (Ignoring handling service ComponentInfo{com.chinamworld.bocmbci/com.boc.bocsoft.mobile.bocmobile.buss.equickpay.service.BocopApduService} because it's not the payment default.)
04-13 11:09:09.955 19832 19832 D RegisteredAidCache: resolveAidLocked: DECISION: routing to all matching services
04-13 11:09:09.955 19832 19832 D RegisteredAidCache: AIDs: [A0000000041010] were resolved.
04-13 11:09:09.955 19832 19832 D RegisteredAidCache: generateAidCacheLocked: starting with aid A0000000042203
04-13 11:09:09.955 19832 19832 D RegisteredAidCache: Exact AID, resolving.
04-13 11:09:09.955 19832 19832 D RegisteredAidCache: resolveAidLocked: (Ignoring handling service ComponentInfo{com.google.android.gms/com.google.android.gms.tapandpay.hce.service.TpHceService} because it's not the payment default.)
04-13 11:09:09.955 19832 19832 D RegisteredAidCache: resolveAidLocked: DECISION: routing to all matching services
04-13 11:09:09.955 19832 19832 D RegisteredAidCache: AIDs: [A0000000042203] were resolved.
04-13 11:09:09.955 19832 19832 D RegisteredAidCache: generateAidCacheLocked: starting with aid A0000000043060
04-13 11:09:09.955 19832 19832 D RegisteredAidCache: Exact AID, resolving.
04-13 11:09:09.955 19832 19832 D RegisteredAidCache: resolveAidLocked: (Ignoring handling service ComponentInfo{com.google.android.gms/com.google.android.gms.tapandpay.hce.service.TpHceService} because it's not the payment default.)
04-13 11:09:09.955 19832 19832 D RegisteredAidCache: resolveAidLocked: DECISION: routing to all matching services
04-13 11:09:09.955 19832 19832 D RegisteredAidCache: AIDs: [A0000000043060] were resolved.
04-13 11:09:09.955 19832 19832 D RegisteredAidCache: generateAidCacheLocked: starting with aid A0000000049100
04-13 11:09:09.955 19832 19832 D RegisteredAidCache: Exact AID, resolving.
04-13 11:09:09.955 19832 19832 D RegisteredAidCache: resolveAidLocked: (Ignoring handling service ComponentInfo{com.google.android.gms/com.google.android.gms.tapandpay.hce.service.TpHceService} because it's not the payment default.)
04-13 11:09:09.955 19832 19832 D RegisteredAidCache: resolveAidLocked: DECISION: routing to all matching services
04-13 11:09:09.955 19832 19832 D RegisteredAidCache: AIDs: [A0000000049100] were resolved.
04-13 11:09:09.955 19832 19832 D RegisteredAidCache: generateAidCacheLocked: starting with aid A000000025
04-13 11:09:09.955 19832 19832 D RegisteredAidCache: Exact AID, resolving.
04-13 11:09:09.955 19832 19832 D RegisteredAidCache: resolveAidLocked: (Ignoring handling service ComponentInfo{com.google.android.gms/com.google.android.gms.tapandpay.hce.service.TpHceService} because it's not the payment default.)
04-13 11:09:09.956 19832 19832 D RegisteredAidCache: resolveAidLocked: DECISION: routing to all matching services
04-13 11:09:09.956 19832 19832 D RegisteredAidCache: AIDs: [A000000025] were resolved.
04-13 11:09:09.956 19832 19832 D RegisteredAidCache: generateAidCacheLocked: starting with aid A0000000250000
04-13 11:09:09.956 19832 19832 D RegisteredAidCache: Exact AID, resolving.
04-13 11:09:09.956 19832 19832 D RegisteredAidCache: resolveAidLocked: (Ignoring handling service ComponentInfo{com.google.android.gms/com.google.android.gms.tapandpay.hce.service.TpHceService} because it's not the payment default.)
04-13 11:09:09.956 19832 19832 D RegisteredAidCache: resolveAidLocked: DECISION: routing to all matching services
04-13 11:09:09.956 19832 19832 D RegisteredAidCache: AIDs: [A0000000250000] were resolved.
04-13 11:09:09.956 19832 19832 D RegisteredAidCache: generateAidCacheLocked: starting with aid A00000002501
04-13 11:09:09.956 19832 19832 D RegisteredAidCache: Exact AID, resolving.
04-13 11:09:09.956 19832 19832 D RegisteredAidCache: resolveAidLocked: (Ignoring handling service ComponentInfo{com.google.android.gms/com.google.android.gms.tapandpay.hce.service.TpHceService} because it's not the payment default.)
04-13 11:09:09.956 19832 19832 D RegisteredAidCache: resolveAidLocked: DECISION: routing to all matching services
04-13 11:09:09.956 19832 19832 D RegisteredAidCache: AIDs: [A00000002501] were resolved.
04-13 11:09:09.956 19832 19832 D RegisteredAidCache: generateAidCacheLocked: starting with aid A000000025010801
04-13 11:09:09.956 19832 19832 D RegisteredAidCache: Exact AID, resolving.
04-13 11:09:09.956 19832 19832 D RegisteredAidCache: resolveAidLocked: (Ignoring handling service ComponentInfo{com.google.android.gms/com.google.android.gms.tapandpay.hce.service.TpHceService} because it's not the payment default.)
04-13 11:09:09.956 19832 19832 D RegisteredAidCache: resolveAidLocked: DECISION: routing to all matching services
04-13 11:09:09.956 19832 19832 D RegisteredAidCache: AIDs: [A000000025010801] were resolved.
04-13 11:09:09.956 19832 19832 D RegisteredAidCache: generateAidCacheLocked: starting with aid A000000025011001
04-13 11:09:09.956 19832 19832 D RegisteredAidCache: Exact AID, resolving.
04-13 11:09:09.956 19832 19832 D RegisteredAidCache: resolveAidLocked: (Ignoring handling service ComponentInfo{com.google.android.gms/com.google.android.gms.tapandpay.hce.service.TpHceService} because it's not the payment default.)
04-13 11:09:09.956 19832 19832 D RegisteredAidCache: resolveAidLocked: DECISION: routing to all matching services
04-13 11:09:09.956 19832 19832 D RegisteredAidCache: AIDs: [A000000025011001] were resolved.
04-13 11:09:09.956 19832 19832 D RegisteredAidCache: generateAidCacheLocked: starting with aid A00000002502
04-13 11:09:09.956 19832 19832 D RegisteredAidCache: Exact AID, resolving.
04-13 11:09:09.956 19832 19832 D RegisteredAidCache: resolveAidLocked: (Ignoring handling service ComponentInfo{com.google.android.gms/com.google.android.gms.tapandpay.hce.service.TpHceService} because it's not the payment default.)
04-13 11:09:09.956 19832 19832 D RegisteredAidCache: resolveAidLocked: DECISION: routing to all matching services
04-13 11:09:09.956 19832 19832 D RegisteredAidCache: AIDs: [A00000002502] were resolved.
04-13 11:09:09.956 19832 19832 D RegisteredAidCache: generateAidCacheLocked: starting with aid A000000025021001
04-13 11:09:09.956 19832 19832 D RegisteredAidCache: Exact AID, resolving.
04-13 11:09:09.956 19832 19832 D RegisteredAidCache: resolveAidLocked: (Ignoring handling service ComponentInfo{com.google.android.gms/com.google.android.gms.tapandpay.hce.service.TpHceService} because it's not the payment default.)
04-13 11:09:09.956 19832 19832 D RegisteredAidCache: resolveAidLocked: DECISION: routing to all matching services
04-13 11:09:09.956 19832 19832 D RegisteredAidCache: AIDs: [A000000025021001] were resolved.
04-13 11:09:09.956 19832 19832 D RegisteredAidCache: generateAidCacheLocked: starting with aid A0000000980840
04-13 11:09:09.956 19832 19832 D RegisteredAidCache: Exact AID, resolving.
04-13 11:09:09.956  2862  2862 D DeviceStatisticsService: chargerType=2 batteryLevel=34 totalBatteryCapacity=4320000
04-13 11:09:09.956 19832 19832 D RegisteredAidCache: resolveAidLocked: (Ignoring handling service ComponentInfo{com.google.android.gms/com.google.android.gms.tapandpay.hce.service.TpHceService} because it's not the payment default.)
04-13 11:09:09.956 19832 19832 D RegisteredAidCache: resolveAidLocked: DECISION: routing to all matching services
04-13 11:09:09.956 19832 19832 D RegisteredAidCache: AIDs: [A0000000980840] were resolved.
04-13 11:09:09.956 19832 19832 D RegisteredAidCache: generateAidCacheLocked: starting with aid A0000001523010
04-13 11:09:09.956 19832 19832 D RegisteredAidCache: Exact AID, resolving.
04-13 11:09:09.956 19832 19832 D RegisteredAidCache: resolveAidLocked: (Ignoring handling service ComponentInfo{com.google.android.gms/com.google.android.gms.tapandpay.hce.service.TpHceService} because it's not the payment default.)
04-13 11:09:09.956 19832 19832 D RegisteredAidCache: resolveAidLocked: DECISION: routing to all matching services
04-13 11:09:09.956 19832 19832 D RegisteredAidCache: AIDs: [A0000001523010] were resolved.
04-13 11:09:09.956 19832 19832 D RegisteredAidCache: generateAidCacheLocked: starting with aid A0000001524010
04-13 11:09:09.956 19832 19832 D RegisteredAidCache: Exact AID, resolving.
04-13 11:09:09.956 19832 19832 D RegisteredAidCache: resolveAidLocked: (Ignoring handling service ComponentInfo{com.google.android.gms/com.google.android.gms.tapandpay.hce.service.TpHceService} because it's not the payment default.)
04-13 11:09:09.956 19832 19832 D RegisteredAidCache: resolveAidLocked: DECISION: routing to all matching services
04-13 11:09:09.956 19832 19832 D RegisteredAidCache: AIDs: [A0000001524010] were resolved.
04-13 11:09:09.956 19832 19832 D RegisteredAidCache: generateAidCacheLocked: starting with aid A0000002771010
04-13 11:09:09.956 19832 19832 D RegisteredAidCache: Exact AID, resolving.
04-13 11:09:09.956 19832 19832 D RegisteredAidCache: resolveAidLocked: (Ignoring handling service ComponentInfo{com.google.android.gms/com.google.android.gms.tapandpay.hce.service.TpHceService} because it's not the payment default.)
04-13 11:09:09.956 19832 19832 D RegisteredAidCache: resolveAidLocked: DECISION: routing to all matching services
04-13 11:09:09.956 19832 19832 D RegisteredAidCache: AIDs: [A0000002771010] were resolved.
04-13 11:09:09.956 19832 19832 D RegisteredAidCache: generateAidCacheLocked: starting with aid A0000003241010
04-13 11:09:09.956 19832 19832 D RegisteredAidCache: Exact AID, resolving.
04-13 11:09:09.956 19832 19832 D RegisteredAidCache: resolveAidLocked: (Ignoring handling service ComponentInfo{com.google.android.gms/com.google.android.gms.tapandpay.hce.service.TpHceService} because it's not the payment default.)
04-13 11:09:09.956 19832 19832 D RegisteredAidCache: resolveAidLocked: DECISION: routing to all matching services
04-13 11:09:09.956 19832 19832 D RegisteredAidCache: AIDs: [A0000003241010] were resolved.
04-13 11:09:09.956 19832 19832 D RegisteredAidCache: generateAidCacheLocked: starting with aid A000000333010101
04-13 11:09:09.956 19832 19832 D RegisteredAidCache: Exact AID, resolving.
04-13 11:09:09.956 19832 19832 D RegisteredAidCache: resolveAidLocked: (Ignoring handling service ComponentInfo{com.jingdong.app.mall/com.jdpaysdk.payment.quickpass.server.QuickPassNFCServer} because it's not the payment default.)
04-13 11:09:09.956 19832 19832 D RegisteredAidCache: resolveAidLocked: (Ignoring handling service ComponentInfo{com.chinamworld.bocmbci/com.boc.bocsoft.mobile.bocmobile.buss.equickpay.service.BocopApduService} because it's not the payment default.)
04-13 11:09:09.956 19832 19832 D RegisteredAidCache: resolveAidLocked: DECISION: routing to all matching services
04-13 11:09:09.956 19832 19832 D RegisteredAidCache: AIDs: [A000000333010101] were resolved.
04-13 11:09:09.956 19832 19832 D RegisteredAidCache: generateAidCacheLocked: starting with aid A000000333010102
04-13 11:09:09.956 19832 19832 D RegisteredAidCache: Exact AID, resolving.
04-13 11:09:09.956 19832 19832 D RegisteredAidCache: resolveAidLocked: (Ignoring handling service ComponentInfo{com.jingdong.app.mall/com.jdpaysdk.payment.quickpass.server.QuickPassNFCServer} because it's not the payment default.)
04-13 11:09:09.956 19832 19832 D RegisteredAidCache: resolveAidLocked: (Ignoring handling service ComponentInfo{com.chinamworld.bocmbci/com.boc.bocsoft.mobile.bocmobile.buss.equickpay.service.BocopApduService} because it's not the payment default.)
04-13 11:09:09.956 19832 19832 D RegisteredAidCache: resolveAidLocked: DECISION: routing to all matching services
04-13 11:09:09.956 19832 19832 D RegisteredAidCache: AIDs: [A000000333010102] were resolved.
04-13 11:09:09.956 19832 19832 D RegisteredAidCache: generateAidCacheLocked: starting with aid A000000333010103
04-13 11:09:09.956 19832 19832 D RegisteredAidCache: Exact AID, resolving.
04-13 11:09:09.956 19832 19832 D RegisteredAidCache: resolveAidLocked: (Ignoring handling service ComponentInfo{com.jingdong.app.mall/com.jdpaysdk.payment.quickpass.server.QuickPassNFCServer} because it's not the payment default.)
04-13 11:09:09.956 19832 19832 D RegisteredAidCache: resolveAidLocked: DECISION: routing to all matching services
04-13 11:09:09.957 19832 19832 D RegisteredAidCache: AIDs: [A000000333010103] were resolved.
04-13 11:09:09.957 19832 19832 D RegisteredAidCache: generateAidCacheLocked: starting with aid A00000038410
04-13 11:09:09.957 19832 19832 D RegisteredAidCache: Exact AID, resolving.
04-13 11:09:09.957 19832 19832 D RegisteredAidCache: resolveAidLocked: (Ignoring handling service ComponentInfo{com.google.android.gms/com.google.android.gms.tapandpay.hce.service.TpHceService} because it's not the payment default.)
04-13 11:09:09.957 19832 19832 D RegisteredAidCache: resolveAidLocked: DECISION: routing to all matching services
04-13 11:09:09.957 19832 19832 D RegisteredAidCache: AIDs: [A00000038410] were resolved.
04-13 11:09:09.957 19832 19832 D RegisteredAidCache: generateAidCacheLocked: starting with aid A00000038420
04-13 11:09:09.957 19832 19832 D RegisteredAidCache: Exact AID, resolving.
04-13 11:09:09.957 19832 19832 D RegisteredAidCache: resolveAidLocked: (Ignoring handling service ComponentInfo{com.google.android.gms/com.google.android.gms.tapandpay.hce.service.TpHceService} because it's not the payment default.)
04-13 11:09:09.957 19832 19832 D RegisteredAidCache: resolveAidLocked: DECISION: routing to all matching services
04-13 11:09:09.957 19832 19832 D RegisteredAidCache: AIDs: [A00000038420] were resolved.
04-13 11:09:09.957 19832 19832 D RegisteredAidCache: generateAidCacheLocked: starting with aid B06937896756002478
04-13 11:09:09.957 19832 19832 D RegisteredAidCache: Exact AID, resolving.
04-13 11:09:09.957  4115  4115 I BatteryInfoReceiver: ACTION_BATTERY_CHANGED
04-13 11:09:09.957 19832 19832 D RegisteredAidCache: resolveAidLocked: DECISION: routing to payment default default ApduService: ComponentInfo{com.eg.android.AlipayGphone/com.alipay.android.phone.offlinepay.nfc.CardService}, description: 支付宝, Static AID Groups: Category: payment, AIDs:B06937896756002478, , Dynamic AID Groups:
04-13 11:09:09.957 19832 19832 D RegisteredAidCache: AIDs: [B06937896756002478] were resolved.
04-13 11:09:09.957 19832 19832 D RegisteredAidCache: generateAidCacheLocked: starting with aid F0010203040506
04-13 11:09:09.957 19832 19832 D RegisteredAidCache: Exact AID, resolving.
04-13 11:09:09.957 19832 19832 D RegisteredAidCache: resolveAidLocked: (Ignoring handling service ComponentInfo{com.chinamworld.bocmbci/com.boc.bocsoft.mobile.bocmobile.buss.equickpay.service.BocopApduService} because it's not the payment default.)
04-13 11:09:09.957 19832 19832 D RegisteredAidCache: resolveAidLocked: DECISION: routing to all matching services
04-13 11:09:09.957 19832 19832 D RegisteredAidCache: AIDs: [F0010203040506] were resolved.
04-13 11:09:09.957 19832 19832 D RegisteredAidCache: generateAidCacheLocked: starting with aid F0394148148100
04-13 11:09:09.957 19832 19832 D RegisteredAidCache: Exact AID, resolving.
04-13 11:09:09.957 19832 19832 D RegisteredAidCache: resolveAidLocked: (Ignoring handling service ComponentInfo{com.chinamworld.bocmbci/com.boc.bocsoft.mobile.bocmobile.buss.equickpay.service.BocopApduService} because it's not the payment default.)
04-13 11:09:09.957 19832 19832 D RegisteredAidCache: resolveAidLocked: DECISION: routing to all matching services
04-13 11:09:09.957 19832 19832 D RegisteredAidCache: AIDs: [F0394148148100] were resolved.
04-13 11:09:09.957 19832 19832 D RegisteredAidCache: generateAidCacheLocked: starting with aid F123456789
04-13 11:09:09.957 19832 19832 D RegisteredAidCache: Exact AID, resolving.
04-13 11:09:09.957 19832 19832 D RegisteredAidCache: resolveAidLocked: (Ignoring handling service ComponentInfo{com.tencent.mm/com.tencent.mm.plugin.appbrand.jsapi.nfc.hce.HCEService} because it's not the payment default.)
04-13 11:09:09.957 19832 19832 D RegisteredAidCache: resolveAidLocked: (Ignoring handling service ComponentInfo{com.tencent.mtt/com.tencent.mm.plugin.appbrand.jsapi.nfc.hce.HCEService} because it's not the payment default.)
04-13 11:09:09.957 19832 19832 D RegisteredAidCache: resolveAidLocked: (Ignoring handling service ComponentInfo{com.tencent.qqlive/com.tencent.mm.plugin.appbrand.jsapi.nfc.hce.HCEService} because it's not the payment default.)
04-13 11:09:09.957 19832 19832 D RegisteredAidCache: resolveAidLocked: (Ignoring handling service ComponentInfo{com.tencent.wework/com.tencent.mm.plugin.appbrand.jsapi.nfc.hce.HCEService} because it's not the payment default.)
04-13 11:09:09.957 19832 19832 D RegisteredAidCache: resolveAidLocked: DECISION: routing to all matching services
04-13 11:09:09.957 19832 19832 D RegisteredAidCache: AIDs: [F123456789] were resolved.
04-13 11:09:09.957 19832 19832 D RegisteredAidCache: Exact or Prefix AID.F123456789
04-13 11:09:09.957 19832 19832 D RegisteredAidCache: AIDs: [F123456789] were resolved.
04-13 11:09:09.957 19832 19832 D RegisteredAidCache: Exact or Prefix AID.F0394148148100
04-13 11:09:09.957 19832 19832 D RegisteredAidCache: AIDs: [F0394148148100] were resolved.
04-13 11:09:09.957 19832 19832 D RegisteredAidCache: Exact or Prefix AID.F0010203040506
04-13 11:09:09.957 19832 19832 D RegisteredAidCache: AIDs: [F0010203040506] were resolved.
04-13 11:09:09.957 19832 19832 D RegisteredAidCache: Exact or Prefix AID.B06937896756002478
04-13 11:09:09.957 19832 19832 D RegisteredAidCache: AIDs: [B06937896756002478] were resolved.
04-13 11:09:09.957 19832 19832 D RegisteredAidCache: Exact or Prefix AID.A00000038420
04-13 11:09:09.957 19832 19832 D RegisteredAidCache: AIDs: [A00000038420] were resolved.
04-13 11:09:09.957 19832 19832 D RegisteredAidCache: Exact or Prefix AID.A00000038410
04-13 11:09:09.957 19832 19832 D RegisteredAidCache: AIDs: [A00000038410] were resolved.
04-13 11:09:09.957 19832 19832 D RegisteredAidCache: Exact or Prefix AID.A000000333010103
04-13 11:09:09.957 19832 19832 D RegisteredAidCache: AIDs: [A000000333010103] were resolved.
04-13 11:09:09.957 19832 19832 D RegisteredAidCache: Exact or Prefix AID.A000000333010102
04-13 11:09:09.957 19832 19832 D RegisteredAidCache: AIDs: [A000000333010102] were resolved.
04-13 11:09:09.957 19832 19832 D RegisteredAidCache: Exact or Prefix AID.A000000333010101
04-13 11:09:09.957 19832 19832 D RegisteredAidCache: AIDs: [A000000333010101] were resolved.
04-13 11:09:09.957 19832 19832 D RegisteredAidCache: Exact or Prefix AID.A0000003241010
04-13 11:09:09.957 19832 19832 D RegisteredAidCache: AIDs: [A0000003241010] were resolved.
04-13 11:09:09.957 19832 19832 D RegisteredAidCache: Exact or Prefix AID.A0000002771010
04-13 11:09:09.957 19832 19832 D RegisteredAidCache: AIDs: [A0000002771010] were resolved.
04-13 11:09:09.957 19832 19832 D RegisteredAidCache: Exact or Prefix AID.A0000001524010
04-13 11:09:09.957 19832 19832 D RegisteredAidCache: AIDs: [A0000001524010] were resolved.
