04-13 11:34:32.799  2539  2539 D KeyguardUpdateMonitor: received broadcast android.intent.action.BATTERY_CHANGED
04-13 11:34:32.800  2862  2862 D NetworkSpeedTracker: receive actionandroid.intent.action.BATTERY_CHANGED
04-13 11:34:32.800  2862  2862 D NetworkSpeedTracker: onReceive ACTION_BATTERY_CHANGED mBatteryLevel = 33;mIsCharging =true
04-13 11:34:32.802  4115  4115 I BatteryInfoReceiver: ACTION_BATTERY_CHANGED
04-13 11:34:32.803  6036  6536 D PowerCheckerService: onBatteryChanged, mBatteryLevel = 33, status = 2, level = 33, plug = 2, scale = 100
04-13 11:34:32.813  2862  2862 D DeviceStatisticsService: chargerType=2 batteryLevel=33 totalBatteryCapacity=4311800
04-13 11:34:32.818  2539  2539 D KeyguardUpdateMonitor: received broadcast android.intent.action.BATTERY_CHANGED
04-13 11:34:32.819  2862  2862 D NetworkSpeedTracker: receive actionandroid.intent.action.BATTERY_CHANGED
04-13 11:34:32.820  2862  2862 D NetworkSpeedTracker: onReceive ACTION_BATTERY_CHANGED mBatteryLevel = 33;mIsCharging =true
04-13 11:34:32.822  4115  4115 I BatteryInfoReceiver: ACTION_BATTERY_CHANGED
04-13 11:34:32.823  6036  6536 D PowerCheckerService: onBatteryChanged, mBatteryLevel = 33, status = 2, level = 33, plug = 2, scale = 100
04-13 11:34:32.825  2862  2862 D DeviceStatisticsService: chargerType=2 batteryLevel=33 totalBatteryCapacity=4311800
04-13 11:34:32.846  2539  2539 D KeyguardUpdateMonitor: received broadcast android.intent.action.BATTERY_CHANGED
04-13 11:34:32.846  2862  2862 D NetworkSpeedTracker: receive actionandroid.intent.action.BATTERY_CHANGED
04-13 11:34:32.846  2862  2862 D NetworkSpeedTracker: onReceive ACTION_BATTERY_CHANGED mBatteryLevel = 33;mIsCharging =true
04-13 11:34:32.849  4115  4115 I BatteryInfoReceiver: ACTION_BATTERY_CHANGED
04-13 11:34:32.850  6036  6536 D PowerCheckerService: onBatteryChanged, mBatteryLevel = 33, status = 2, level = 33, plug = 2, scale = 100
04-13 11:34:32.852  2862  2862 D DeviceStatisticsService: chargerType=2 batteryLevel=33 totalBatteryCapacity=4311800
04-13 11:34:32.861  2539  2539 D KeyguardUpdateMonitor: received broadcast android.intent.action.BATTERY_CHANGED
04-13 11:34:32.862  2862  2862 D NetworkSpeedTracker: receive actionandroid.intent.action.BATTERY_CHANGED
04-13 11:34:32.862  2862  2862 D NetworkSpeedTracker: onReceive ACTION_BATTERY_CHANGED mBatteryLevel = 33;mIsCharging =true
04-13 11:34:32.865  4115  4115 I BatteryInfoReceiver: ACTION_BATTERY_CHANGED
04-13 11:34:32.865  6036  6536 D PowerCheckerService: onBatteryChanged, mBatteryLevel = 33, status = 2, level = 33, plug = 2, scale = 100
04-13 11:34:32.867  2862  2862 D DeviceStatisticsService: chargerType=2 batteryLevel=33 totalBatteryCapacity=4311800
04-13 11:34:32.893  2539  2539 D KeyguardUpdateMonitor: received broadcast android.intent.action.BATTERY_CHANGED
04-13 11:34:32.895  2862  2862 D NetworkSpeedTracker: receive actionandroid.intent.action.BATTERY_CHANGED
04-13 11:34:32.895  2862  2862 D NetworkSpeedTracker: onReceive ACTION_BATTERY_CHANGED mBatteryLevel = 33;mIsCharging =true
04-13 11:34:32.896  4115  4115 I BatteryInfoReceiver: ACTION_BATTERY_CHANGED
04-13 11:34:32.897  6036  6536 D PowerCheckerService: onBatteryChanged, mBatteryLevel = 33, status = 2, level = 33, plug = 2, scale = 100
04-13 11:34:32.900  2862  2862 D DeviceStatisticsService: chargerType=2 batteryLevel=33 totalBatteryCapacity=4311800
04-13 11:34:32.907  2539  2539 D KeyguardUpdateMonitor: received broadcast android.intent.action.BATTERY_CHANGED
04-13 11:34:32.908  2862  2862 D NetworkSpeedTracker: receive actionandroid.intent.action.BATTERY_CHANGED
04-13 11:34:32.908  2862  2862 D NetworkSpeedTracker: onReceive ACTION_BATTERY_CHANGED mBatteryLevel = 33;mIsCharging =true
04-13 11:34:32.909  4115  4115 I BatteryInfoReceiver: ACTION_BATTERY_CHANGED
04-13 11:34:32.910  6036  6536 D PowerCheckerService: onBatteryChanged, mBatteryLevel = 33, status = 2, level = 33, plug = 2, scale = 100
04-13 11:34:32.912  2862  2862 D DeviceStatisticsService: chargerType=2 batteryLevel=33 totalBatteryCapacity=4311800
04-13 11:34:32.932  2539  2539 D KeyguardUpdateMonitor: received broadcast android.intent.action.BATTERY_CHANGED
04-13 11:34:32.934  2862  2862 D NetworkSpeedTracker: receive actionandroid.intent.action.BATTERY_CHANGED
04-13 11:34:32.934  2862  2862 D NetworkSpeedTracker: onReceive ACTION_BATTERY_CHANGED mBatteryLevel = 33;mIsCharging =true
04-13 11:34:32.935  4115  4115 I BatteryInfoReceiver: ACTION_BATTERY_CHANGED
04-13 11:34:32.937  6036  6536 D PowerCheckerService: onBatteryChanged, mBatteryLevel = 33, status = 2, level = 33, plug = 2, scale = 100
04-13 11:34:32.940  2862  2862 D DeviceStatisticsService: chargerType=2 batteryLevel=33 totalBatteryCapacity=4311800
04-13 11:34:32.946  2539  2539 D KeyguardUpdateMonitor: received broadcast android.intent.action.BATTERY_CHANGED
04-13 11:34:32.946  2862  2862 D NetworkSpeedTracker: receive actionandroid.intent.action.BATTERY_CHANGED
04-13 11:34:32.946  2862  2862 D NetworkSpeedTracker: onReceive ACTION_BATTERY_CHANGED mBatteryLevel = 33;mIsCharging =true
04-13 11:34:32.948  4115  4115 I BatteryInfoReceiver: ACTION_BATTERY_CHANGED
04-13 11:34:32.949  6036  6536 D PowerCheckerService: onBatteryChanged, mBatteryLevel = 33, status = 2, level = 33, plug = 2, scale = 100
04-13 11:34:32.951  2862  2862 D DeviceStatisticsService: chargerType=2 batteryLevel=33 totalBatteryCapacity=4311800
04-13 11:34:32.953   813  1035 I SDM     : HWEventsDRM::HandleIdleTimeout: Received Enter Idle event
04-13 11:34:32.975  2539  2539 D KeyguardUpdateMonitor: received broadcast android.intent.action.BATTERY_CHANGED
04-13 11:34:32.976  2862  2862 D NetworkSpeedTracker: receive actionandroid.intent.action.BATTERY_CHANGED
04-13 11:34:32.976  2862  2862 D NetworkSpeedTracker: onReceive ACTION_BATTERY_CHANGED mBatteryLevel = 33;mIsCharging =true
04-13 11:34:32.978  4115  4115 I BatteryInfoReceiver: ACTION_BATTERY_CHANGED
04-13 11:34:32.979  6036  6536 D PowerCheckerService: onBatteryChanged, mBatteryLevel = 33, status = 2, level = 33, plug = 2, scale = 100
04-13 11:34:32.988  2862  2862 D DeviceStatisticsService: chargerType=2 batteryLevel=33 totalBatteryCapacity=4311800
04-13 11:34:32.991  2539  2539 D KeyguardUpdateMonitor: received broadcast android.intent.action.BATTERY_CHANGED
04-13 11:34:32.992  2862  2862 D NetworkSpeedTracker: receive actionandroid.intent.action.BATTERY_CHANGED
04-13 11:34:32.992  2862  2862 D NetworkSpeedTracker: onReceive ACTION_BATTERY_CHANGED mBatteryLevel = 33;mIsCharging =true
04-13 11:34:32.993  4115  4115 I BatteryInfoReceiver: ACTION_BATTERY_CHANGED
04-13 11:34:32.994  6036  6536 D PowerCheckerService: onBatteryChanged, mBatteryLevel = 33, status = 2, level = 33, plug = 2, scale = 100
04-13 11:34:32.995  2862  2862 D DeviceStatisticsService: chargerType=2 batteryLevel=33 totalBatteryCapacity=4311800
04-13 11:34:33.020  2539  2539 D KeyguardUpdateMonitor: received broadcast android.intent.action.BATTERY_CHANGED
04-13 11:34:33.021  2862  2862 D NetworkSpeedTracker: receive actionandroid.intent.action.BATTERY_CHANGED
04-13 11:34:33.021  2862  2862 D NetworkSpeedTracker: onReceive ACTION_BATTERY_CHANGED mBatteryLevel = 33;mIsCharging =true
04-13 11:34:33.022  4115  4115 I BatteryInfoReceiver: ACTION_BATTERY_CHANGED
04-13 11:34:33.023  6036  6536 D PowerCheckerService: onBatteryChanged, mBatteryLevel = 33, status = 2, level = 33, plug = 2, scale = 100
04-13 11:34:33.027  2862  2862 D DeviceStatisticsService: chargerType=2 batteryLevel=33 totalBatteryCapacity=4311800
04-13 11:34:33.032  2539  2539 D KeyguardUpdateMonitor: received broadcast android.intent.action.BATTERY_CHANGED
04-13 11:34:33.033  2862  2862 D NetworkSpeedTracker: receive actionandroid.intent.action.BATTERY_CHANGED
04-13 11:34:33.033  2862  2862 D NetworkSpeedTracker: onReceive ACTION_BATTERY_CHANGED mBatteryLevel = 33;mIsCharging =true
04-13 11:34:33.034  4115  4115 I BatteryInfoReceiver: ACTION_BATTERY_CHANGED
04-13 11:34:33.035  6036  6536 D PowerCheckerService: onBatteryChanged, mBatteryLevel = 33, status = 2, level = 33, plug = 2, scale = 100
04-13 11:34:33.038  2862  2862 D DeviceStatisticsService: chargerType=2 batteryLevel=33 totalBatteryCapacity=4311800
04-13 11:34:33.065  2539  2539 D KeyguardUpdateMonitor: received broadcast android.intent.action.BATTERY_CHANGED
04-13 11:34:33.066  2862  2862 D NetworkSpeedTracker: receive actionandroid.intent.action.BATTERY_CHANGED
04-13 11:34:33.066  2862  2862 D NetworkSpeedTracker: onReceive ACTION_BATTERY_CHANGED mBatteryLevel = 33;mIsCharging =true
04-13 11:34:33.068  4115  4115 I BatteryInfoReceiver: ACTION_BATTERY_CHANGED
04-13 11:34:33.070  6036  6536 D PowerCheckerService: onBatteryChanged, mBatteryLevel = 33, status = 2, level = 33, plug = 2, scale = 100
04-13 11:34:33.073  2862  2862 D DeviceStatisticsService: chargerType=2 batteryLevel=33 totalBatteryCapacity=4311800
04-13 11:34:33.082  2539  2539 D KeyguardUpdateMonitor: received broadcast android.intent.action.BATTERY_CHANGED
04-13 11:34:33.083  2862  2862 D NetworkSpeedTracker: receive actionandroid.intent.action.BATTERY_CHANGED
04-13 11:34:33.083  2862  2862 D NetworkSpeedTracker: onReceive ACTION_BATTERY_CHANGED mBatteryLevel = 33;mIsCharging =true
04-13 11:34:33.086  4115  4115 I BatteryInfoReceiver: ACTION_BATTERY_CHANGED
04-13 11:34:33.088  6036  6536 D PowerCheckerService: onBatteryChanged, mBatteryLevel = 33, status = 2, level = 33, plug = 2, scale = 100
04-13 11:34:33.089  2862  2862 D DeviceStatisticsService: chargerType=2 batteryLevel=33 totalBatteryCapacity=4311800
04-13 11:34:33.111  2539  2539 D KeyguardUpdateMonitor: received broadcast android.intent.action.BATTERY_CHANGED
04-13 11:34:33.112  2862  2862 D NetworkSpeedTracker: receive actionandroid.intent.action.BATTERY_CHANGED
04-13 11:34:33.112  2862  2862 D NetworkSpeedTracker: onReceive ACTION_BATTERY_CHANGED mBatteryLevel = 33;mIsCharging =true
04-13 11:34:33.113  4115  4115 I BatteryInfoReceiver: ACTION_BATTERY_CHANGED
04-13 11:34:33.114  6036  6536 D PowerCheckerService: onBatteryChanged, mBatteryLevel = 33, status = 2, level = 33, plug = 2, scale = 100
04-13 11:34:33.116  2862  2862 D DeviceStatisticsService: chargerType=2 batteryLevel=33 totalBatteryCapacity=4311800
04-13 11:34:33.124  2539  2539 D KeyguardUpdateMonitor: received broadcast android.intent.action.BATTERY_CHANGED
04-13 11:34:33.125  2862  2862 D NetworkSpeedTracker: receive actionandroid.intent.action.BATTERY_CHANGED
04-13 11:34:33.125  2862  2862 D NetworkSpeedTracker: onReceive ACTION_BATTERY_CHANGED mBatteryLevel = 33;mIsCharging =true
04-13 11:34:33.127  4115  4115 I BatteryInfoReceiver: ACTION_BATTERY_CHANGED
04-13 11:34:33.128  6036  6536 D PowerCheckerService: onBatteryChanged, mBatteryLevel = 33, status = 2, level = 33, plug = 2, scale = 100
04-13 11:34:33.130  2862  2862 D DeviceStatisticsService: chargerType=2 batteryLevel=33 totalBatteryCapacity=4311800
04-13 11:34:33.154  2539  2539 D KeyguardUpdateMonitor: received broadcast android.intent.action.BATTERY_CHANGED
04-13 11:34:33.155  2862  2862 D NetworkSpeedTracker: receive actionandroid.intent.action.BATTERY_CHANGED
04-13 11:34:33.155  2862  2862 D NetworkSpeedTracker: onReceive ACTION_BATTERY_CHANGED mBatteryLevel = 33;mIsCharging =true
04-13 11:34:33.156  4115  4115 I BatteryInfoReceiver: ACTION_BATTERY_CHANGED
04-13 11:34:33.157  6036  6536 D PowerCheckerService: onBatteryChanged, mBatteryLevel = 33, status = 2, level = 33, plug = 2, scale = 100
04-13 11:34:33.160  2862  2862 D DeviceStatisticsService: chargerType=2 batteryLevel=33 totalBatteryCapacity=4311800
04-13 11:34:33.167  2539  2539 D KeyguardUpdateMonitor: received broadcast android.intent.action.BATTERY_CHANGED
04-13 11:34:33.168  2862  2862 D NetworkSpeedTracker: receive actionandroid.intent.action.BATTERY_CHANGED
04-13 11:34:33.168  2862  2862 D NetworkSpeedTracker: onReceive ACTION_BATTERY_CHANGED mBatteryLevel = 33;mIsCharging =true
04-13 11:34:33.169  4115  4115 I BatteryInfoReceiver: ACTION_BATTERY_CHANGED
04-13 11:34:33.170  6036  6536 D PowerCheckerService: onBatteryChanged, mBatteryLevel = 33, status = 2, level = 33, plug = 2, scale = 100
04-13 11:34:33.172  2862  2862 D DeviceStatisticsService: chargerType=2 batteryLevel=33 totalBatteryCapacity=4311800
04-13 11:34:33.199  2539  2539 D KeyguardUpdateMonitor: received broadcast android.intent.action.BATTERY_CHANGED
04-13 11:34:33.199  2862  2862 D NetworkSpeedTracker: receive actionandroid.intent.action.BATTERY_CHANGED
04-13 11:34:33.200  2862  2862 D NetworkSpeedTracker: onReceive ACTION_BATTERY_CHANGED mBatteryLevel = 33;mIsCharging =true
04-13 11:34:33.200  4115  4115 I BatteryInfoReceiver: ACTION_BATTERY_CHANGED
04-13 11:34:33.202  6036  6536 D PowerCheckerService: onBatteryChanged, mBatteryLevel = 33, status = 2, level = 33, plug = 2, scale = 100
04-13 11:34:33.203  2862  2862 D DeviceStatisticsService: chargerType=2 batteryLevel=33 totalBatteryCapacity=4311800
04-13 11:34:33.210  2539  2539 D KeyguardUpdateMonitor: received broadcast android.intent.action.BATTERY_CHANGED
04-13 11:34:33.210  2862  2862 D NetworkSpeedTracker: receive actionandroid.intent.action.BATTERY_CHANGED
04-13 11:34:33.210  2862  2862 D NetworkSpeedTracker: onReceive ACTION_BATTERY_CHANGED mBatteryLevel = 33;mIsCharging =true
04-13 11:34:33.212  4115  4115 I BatteryInfoReceiver: ACTION_BATTERY_CHANGED
04-13 11:34:33.212  6036  6536 D PowerCheckerService: onBatteryChanged, mBatteryLevel = 33, status = 2, level = 33, plug = 2, scale = 100
04-13 11:34:33.213  2862  2862 D DeviceStatisticsService: chargerType=2 batteryLevel=33 totalBatteryCapacity=4311800
04-13 11:34:33.243  2539  2539 D KeyguardUpdateMonitor: received broadcast android.intent.action.BATTERY_CHANGED
04-13 11:34:33.244  2862  2862 D NetworkSpeedTracker: receive actionandroid.intent.action.BATTERY_CHANGED
04-13 11:34:33.244  2862  2862 D NetworkSpeedTracker: onReceive ACTION_BATTERY_CHANGED mBatteryLevel = 33;mIsCharging =true
04-13 11:34:33.246  4115  4115 I BatteryInfoReceiver: ACTION_BATTERY_CHANGED
04-13 11:34:33.247  6036  6536 D PowerCheckerService: onBatteryChanged, mBatteryLevel = 33, status = 2, level = 33, plug = 2, scale = 100
04-13 11:34:33.249  2862  2862 D DeviceStatisticsService: chargerType=2 batteryLevel=33 totalBatteryCapacity=4311800
04-13 11:34:33.257  2539  2539 D KeyguardUpdateMonitor: received broadcast android.intent.action.BATTERY_CHANGED
04-13 11:34:33.258  2862  2862 D NetworkSpeedTracker: receive actionandroid.intent.action.BATTERY_CHANGED
04-13 11:34:33.259  2862  2862 D NetworkSpeedTracker: onReceive ACTION_BATTERY_CHANGED mBatteryLevel = 33;mIsCharging =true
04-13 11:34:33.260  4115  4115 I BatteryInfoReceiver: ACTION_BATTERY_CHANGED
04-13 11:34:33.261  6036  6536 D PowerCheckerService: onBatteryChanged, mBatteryLevel = 33, status = 2, level = 33, plug = 2, scale = 100
04-13 11:34:33.262  2862  2862 D DeviceStatisticsService: chargerType=2 batteryLevel=33 totalBatteryCapacity=4311800
04-13 11:34:33.294  2539  2539 D KeyguardUpdateMonitor: received broadcast android.intent.action.BATTERY_CHANGED
04-13 11:34:33.294  2862  2862 D NetworkSpeedTracker: receive actionandroid.intent.action.BATTERY_CHANGED
04-13 11:34:33.294  2862  2862 D NetworkSpeedTracker: onReceive ACTION_BATTERY_CHANGED mBatteryLevel = 33;mIsCharging =true
04-13 11:34:33.296  4115  4115 I BatteryInfoReceiver: ACTION_BATTERY_CHANGED
04-13 11:34:33.297  6036  6536 D PowerCheckerService: onBatteryChanged, mBatteryLevel = 33, status = 2, level = 33, plug = 2, scale = 100
04-13 11:34:33.299  2862  2862 D DeviceStatisticsService: chargerType=2 batteryLevel=33 totalBatteryCapacity=4311800
04-13 11:34:33.304  2539  2539 D KeyguardUpdateMonitor: received broadcast android.intent.action.BATTERY_CHANGED
04-13 11:34:33.305  2862  2862 D NetworkSpeedTracker: receive actionandroid.intent.action.BATTERY_CHANGED
04-13 11:34:33.305  2862  2862 D NetworkSpeedTracker: onReceive ACTION_BATTERY_CHANGED mBatteryLevel = 33;mIsCharging =true
04-13 11:34:33.307  4115  4115 I BatteryInfoReceiver: ACTION_BATTERY_CHANGED
04-13 11:34:33.309  6036  6536 D PowerCheckerService: onBatteryChanged, mBatteryLevel = 33, status = 2, level = 33, plug = 2, scale = 100
04-13 11:34:33.310  2862  2862 D DeviceStatisticsService: chargerType=2 batteryLevel=33 totalBatteryCapacity=4311800
04-13 11:34:33.333  2862  2862 D NetworkSpeedTracker: receive actionandroid.intent.action.BATTERY_CHANGED
04-13 11:34:33.333  2862  2862 D NetworkSpeedTracker: onReceive ACTION_BATTERY_CHANGED mBatteryLevel = 33;mIsCharging =true
04-13 11:34:33.333  2539  2539 D KeyguardUpdateMonitor: received broadcast android.intent.action.BATTERY_CHANGED
04-13 11:34:33.335  4115  4115 I BatteryInfoReceiver: ACTION_BATTERY_CHANGED
04-13 11:34:33.336  6036  6536 D PowerCheckerService: onBatteryChanged, mBatteryLevel = 33, status = 2, level = 33, plug = 2, scale = 100
04-13 11:34:33.342  2862  2862 D DeviceStatisticsService: chargerType=2 batteryLevel=33 totalBatteryCapacity=4311800
04-13 11:34:33.347  2539  2539 D KeyguardUpdateMonitor: received broadcast android.intent.action.BATTERY_CHANGED
04-13 11:34:33.347  2862  2862 D NetworkSpeedTracker: receive actionandroid.intent.action.BATTERY_CHANGED
04-13 11:34:33.348  2862  2862 D NetworkSpeedTracker: onReceive ACTION_BATTERY_CHANGED mBatteryLevel = 33;mIsCharging =true
04-13 11:34:33.349  4115  4115 I BatteryInfoReceiver: ACTION_BATTERY_CHANGED
04-13 11:34:33.350  6036  6536 D PowerCheckerService: onBatteryChanged, mBatteryLevel = 33, status = 2, level = 33, plug = 2, scale = 100
04-13 11:34:33.353  2862  2862 D DeviceStatisticsService: chargerType=2 batteryLevel=33 totalBatteryCapacity=4311800
04-13 11:34:33.374  2539  2539 D KeyguardUpdateMonitor: received broadcast android.intent.action.BATTERY_CHANGED
04-13 11:34:33.375  2862  2862 D NetworkSpeedTracker: receive actionandroid.intent.action.BATTERY_CHANGED
04-13 11:34:33.375  2862  2862 D NetworkSpeedTracker: onReceive ACTION_BATTERY_CHANGED mBatteryLevel = 33;mIsCharging =true
04-13 11:34:33.379  4115  4115 I BatteryInfoReceiver: ACTION_BATTERY_CHANGED
04-13 11:34:33.379  6036  6536 D PowerCheckerService: onBatteryChanged, mBatteryLevel = 33, status = 2, level = 33, plug = 2, scale = 100
04-13 11:34:33.390  2862  2862 D DeviceStatisticsService: chargerType=2 batteryLevel=33 totalBatteryCapacity=4311800
04-13 11:34:33.392  2539  2539 D KeyguardUpdateMonitor: received broadcast android.intent.action.BATTERY_CHANGED
04-13 11:34:33.393  2862  2862 D NetworkSpeedTracker: receive actionandroid.intent.action.BATTERY_CHANGED
04-13 11:34:33.393  2862  2862 D NetworkSpeedTracker: onReceive ACTION_BATTERY_CHANGED mBatteryLevel = 33;mIsCharging =true
04-13 11:34:33.394  4115  4115 I BatteryInfoReceiver: ACTION_BATTERY_CHANGED
04-13 11:34:33.395  6036  6536 D PowerCheckerService: onBatteryChanged, mBatteryLevel = 33, status = 2, level = 33, plug = 2, scale = 100
04-13 11:34:33.397  2862  2862 D DeviceStatisticsService: chargerType=2 batteryLevel=33 totalBatteryCapacity=4311800
04-13 11:34:33.418  2539  2539 D KeyguardUpdateMonitor: received broadcast android.intent.action.BATTERY_CHANGED
04-13 11:34:33.419  2862  2862 D NetworkSpeedTracker: receive actionandroid.intent.action.BATTERY_CHANGED
04-13 11:34:33.420  2862  2862 D NetworkSpeedTracker: onReceive ACTION_BATTERY_CHANGED mBatteryLevel = 33;mIsCharging =true
04-13 11:34:33.422  6036  6536 D PowerCheckerService: onBatteryChanged, mBatteryLevel = 33, status = 2, level = 33, plug = 2, scale = 100
04-13 11:34:33.422  4115  4115 I BatteryInfoReceiver: ACTION_BATTERY_CHANGED
04-13 11:34:33.427  2862  2862 D DeviceStatisticsService: chargerType=2 batteryLevel=33 totalBatteryCapacity=4311800
04-13 11:34:33.431  2539  2539 D KeyguardUpdateMonitor: received broadcast android.intent.action.BATTERY_CHANGED
04-13 11:34:33.432  2862  2862 D NetworkSpeedTracker: receive actionandroid.intent.action.BATTERY_CHANGED
04-13 11:34:33.432  2862  2862 D NetworkSpeedTracker: onReceive ACTION_BATTERY_CHANGED mBatteryLevel = 33;mIsCharging =true
04-13 11:34:33.433  4115  4115 I BatteryInfoReceiver: ACTION_BATTERY_CHANGED
04-13 11:34:33.434  6036  6536 D PowerCheckerService: onBatteryChanged, mBatteryLevel = 33, status = 2, level = 33, plug = 2, scale = 100
04-13 11:34:33.437  2862  2862 D DeviceStatisticsService: chargerType=2 batteryLevel=33 totalBatteryCapacity=4311800
04-13 11:34:33.466  2539  2539 D KeyguardUpdateMonitor: received broadcast android.intent.action.BATTERY_CHANGED
04-13 11:34:33.467  2862  2862 D NetworkSpeedTracker: receive actionandroid.intent.action.BATTERY_CHANGED
04-13 11:34:33.467  2862  2862 D NetworkSpeedTracker: onReceive ACTION_BATTERY_CHANGED mBatteryLevel = 33;mIsCharging =true
04-13 11:34:33.469  4115  4115 I BatteryInfoReceiver: ACTION_BATTERY_CHANGED
04-13 11:34:33.469  6036  6536 D PowerCheckerService: onBatteryChanged, mBatteryLevel = 33, status = 2, level = 33, plug = 2, scale = 100
04-13 11:34:33.471  2862  2862 D DeviceStatisticsService: chargerType=2 batteryLevel=33 totalBatteryCapacity=4311800
04-13 11:34:33.478  2539  2539 D KeyguardUpdateMonitor: received broadcast android.intent.action.BATTERY_CHANGED
04-13 11:34:33.480  2862  2862 D NetworkSpeedTracker: receive actionandroid.intent.action.BATTERY_CHANGED
04-13 11:34:33.480  2862  2862 D NetworkSpeedTracker: onReceive ACTION_BATTERY_CHANGED mBatteryLevel = 33;mIsCharging =true
04-13 11:34:33.481  4115  4115 I BatteryInfoReceiver: ACTION_BATTERY_CHANGED
04-13 11:34:33.482  6036  6536 D PowerCheckerService: onBatteryChanged, mBatteryLevel = 33, status = 2, level = 33, plug = 2, scale = 100
04-13 11:34:33.484  2862  2862 D DeviceStatisticsService: chargerType=2 batteryLevel=33 totalBatteryCapacity=4311800
04-13 11:34:33.503   796   796 W health@2.0-serv: type=1400 audit(0.0:2479822): avc: denied { read } for name="type" dev="sysfs" ino=55635 scontext=u:r:hal_health_default:s0 tcontext=u:object_r:sysfs:s0 tclass=file permissive=0
04-13 11:34:33.510  2539  2539 D KeyguardUpdateMonitor: received broadcast android.intent.action.BATTERY_CHANGED
04-13 11:34:33.511  2862  2862 D NetworkSpeedTracker: receive actionandroid.intent.action.BATTERY_CHANGED
04-13 11:34:33.511  2862  2862 D NetworkSpeedTracker: onReceive ACTION_BATTERY_CHANGED mBatteryLevel = 33;mIsCharging =true
04-13 11:34:33.507   796   796 W health@2.0-serv: type=1400 audit(0.0:2479823): avc: denied { read } for name="type" dev="sysfs" ino=55635 scontext=u:r:hal_health_default:s0 tcontext=u:object_r:sysfs:s0 tclass=file permissive=0
04-13 11:34:33.514  4115  4115 I BatteryInfoReceiver: ACTION_BATTERY_CHANGED
04-13 11:34:33.516  6036  6536 D PowerCheckerService: onBatteryChanged, mBatteryLevel = 33, status = 2, level = 33, plug = 2, scale = 100
04-13 11:34:33.518  2862  2862 D DeviceStatisticsService: chargerType=2 batteryLevel=33 totalBatteryCapacity=4311800
04-13 11:34:33.527  2539  2539 D KeyguardUpdateMonitor: received broadcast android.intent.action.BATTERY_CHANGED
04-13 11:34:33.528  2862  2862 D NetworkSpeedTracker: receive actionandroid.intent.action.BATTERY_CHANGED
04-13 11:34:33.528  2862  2862 D NetworkSpeedTracker: onReceive ACTION_BATTERY_CHANGED mBatteryLevel = 33;mIsCharging =true
04-13 11:34:33.530  4115  4115 I BatteryInfoReceiver: ACTION_BATTERY_CHANGED
04-13 11:34:33.533  2862  2862 D DeviceStatisticsService: chargerType=2 batteryLevel=33 totalBatteryCapacity=4311800
04-13 11:34:33.534  6036  6536 D PowerCheckerService: onBatteryChanged, mBatteryLevel = 33, status = 2, level = 33, plug = 2, scale = 100
04-13 11:34:33.547   796   796 W health@2.0-serv: type=1400 audit(0.0:2479824): avc: denied { read } for name="type" dev="sysfs" ino=55635 scontext=u:r:hal_health_default:s0 tcontext=u:object_r:sysfs:s0 tclass=file permissive=0
04-13 11:34:33.555  2539  2539 D KeyguardUpdateMonitor: received broadcast android.intent.action.BATTERY_CHANGED
04-13 11:34:33.556  2862  2862 D NetworkSpeedTracker: receive actionandroid.intent.action.BATTERY_CHANGED
04-13 11:34:33.556  2862  2862 D NetworkSpeedTracker: onReceive ACTION_BATTERY_CHANGED mBatteryLevel = 33;mIsCharging =true
04-13 11:34:33.557  4115  4115 I BatteryInfoReceiver: ACTION_BATTERY_CHANGED
04-13 11:34:33.558  6036  6536 D PowerCheckerService: onBatteryChanged, mBatteryLevel = 33, status = 2, level = 33, plug = 2, scale = 100
04-13 11:34:33.555   796   796 W health@2.0-serv: type=1400 audit(0.0:2479825): avc: denied { read } for name="type" dev="sysfs" ino=55635 scontext=u:r:hal_health_default:s0 tcontext=u:object_r:sysfs:s0 tclass=file permissive=0
04-13 11:34:33.560  2862  2862 D DeviceStatisticsService: chargerType=2 batteryLevel=33 totalBatteryCapacity=4311800
04-13 11:34:33.564  2539  2539 D KeyguardUpdateMonitor: received broadcast android.intent.action.BATTERY_CHANGED
04-13 11:34:33.564  2862  2862 D NetworkSpeedTracker: receive actionandroid.intent.action.BATTERY_CHANGED
04-13 11:34:33.564  2862  2862 D NetworkSpeedTracker: onReceive ACTION_BATTERY_CHANGED mBatteryLevel = 33;mIsCharging =true
04-13 11:34:33.565  4115  4115 I BatteryInfoReceiver: ACTION_BATTERY_CHANGED
04-13 11:34:33.566  6036  6536 D PowerCheckerService: onBatteryChanged, mBatteryLevel = 33, status = 2, level = 33, plug = 2, scale = 100
04-13 11:34:33.568  2862  2862 D DeviceStatisticsService: chargerType=2 batteryLevel=33 totalBatteryCapacity=4311800
04-13 11:34:33.591   796   796 W health@2.0-serv: type=1400 audit(0.0:2479826): avc: denied { read } for name="type" dev="sysfs" ino=55635 scontext=u:r:hal_health_default:s0 tcontext=u:object_r:sysfs:s0 tclass=file permissive=0
04-13 11:34:33.604  2539  2539 D KeyguardUpdateMonitor: received broadcast android.intent.action.BATTERY_CHANGED
04-13 11:34:33.606  2862  2862 D NetworkSpeedTracker: receive actionandroid.intent.action.BATTERY_CHANGED
04-13 11:34:33.606  2862  2862 D NetworkSpeedTracker: onReceive ACTION_BATTERY_CHANGED mBatteryLevel = 33;mIsCharging =true
04-13 11:34:33.608  4115  4115 I BatteryInfoReceiver: ACTION_BATTERY_CHANGED
04-13 11:34:33.612  6036  6536 D PowerCheckerService: onBatteryChanged, mBatteryLevel = 33, status = 2, level = 33, plug = 2, scale = 100
04-13 11:34:33.616  2862  2862 D DeviceStatisticsService: chargerType=2 batteryLevel=33 totalBatteryCapacity=4311800
04-13 11:34:33.626  2862  2862 D NetworkSpeedTracker: receive actionandroid.intent.action.BATTERY_CHANGED
04-13 11:34:33.626  2862  2862 D NetworkSpeedTracker: onReceive ACTION_BATTERY_CHANGED mBatteryLevel = 33;mIsCharging =true
04-13 11:34:33.627  4115  4115 I BatteryInfoReceiver: ACTION_BATTERY_CHANGED
04-13 11:34:33.629  6036  6536 D PowerCheckerService: onBatteryChanged, mBatteryLevel = 33, status = 2, level = 33, plug = 2, scale = 100
04-13 11:34:33.631  2862  2862 D DeviceStatisticsService: chargerType=2 batteryLevel=33 totalBatteryCapacity=4311800
04-13 11:34:33.643  2862  2862 D NetworkSpeedTracker: receive actionandroid.intent.action.BATTERY_CHANGED
04-13 11:34:33.644  2862  2862 D NetworkSpeedTracker: onReceive ACTION_BATTERY_CHANGED mBatteryLevel = 33;mIsCharging =true
04-13 11:34:33.644  4115  4115 I BatteryInfoReceiver: ACTION_BATTERY_CHANGED
04-13 11:34:33.644  6036  6536 D PowerCheckerService: onBatteryChanged, mBatteryLevel = 33, status = 2, level = 33, plug = 2, scale = 100
04-13 11:34:33.650  2862  2862 D DeviceStatisticsService: chargerType=2 batteryLevel=33 totalBatteryCapacity=4311800
04-13 11:34:33.652  2862  2862 D NetworkSpeedTracker: receive actionandroid.intent.action.BATTERY_CHANGED
04-13 11:34:33.652  2862  2862 D NetworkSpeedTracker: onReceive ACTION_BATTERY_CHANGED mBatteryLevel = 33;mIsCharging =true
04-13 11:34:33.653  4115  4115 I BatteryInfoReceiver: ACTION_BATTERY_CHANGED
04-13 11:34:33.653  6036  6536 D PowerCheckerService: onBatteryChanged, mBatteryLevel = 33, status = 2, level = 33, plug = 2, scale = 100
04-13 11:34:33.655  2862  2862 D DeviceStatisticsService: chargerType=2 batteryLevel=33 totalBatteryCapacity=4311800
04-13 11:34:33.662  2539  2539 D SignalClusterView: updateMobileTypeImage  0
04-13 11:34:33.673  2539  2539 D KeyguardUpdateMonitor: received broadcast android.intent.action.BATTERY_CHANGED
04-13 11:34:33.674  2539  2539 I chatty  : uid=1000(system) com.android.systemui identical 2 lines
04-13 11:34:33.708  2539  2539 D KeyguardUpdateMonitor: received broadcast android.intent.action.BATTERY_CHANGED
04-13 11:34:33.710  2862  2862 D NetworkSpeedTracker: receive actionandroid.intent.action.BATTERY_CHANGED
04-13 11:34:33.711  2862  2862 D NetworkSpeedTracker: onReceive ACTION_BATTERY_CHANGED mBatteryLevel = 33;mIsCharging =true
04-13 11:34:33.712  4115  4115 I BatteryInfoReceiver: ACTION_BATTERY_CHANGED
04-13 11:34:33.713  6036  6536 D PowerCheckerService: onBatteryChanged, mBatteryLevel = 33, status = 2, level = 33, plug = 2, scale = 100
04-13 11:34:33.718  2862  2862 D DeviceStatisticsService: chargerType=2 batteryLevel=33 totalBatteryCapacity=4311800
04-13 11:34:33.735  2862  2862 D NetworkSpeedTracker: receive actionandroid.intent.action.BATTERY_CHANGED
04-13 11:34:33.735  2539  2539 D KeyguardUpdateMonitor: received broadcast android.intent.action.BATTERY_CHANGED
04-13 11:34:33.735  2862  2862 D NetworkSpeedTracker: onReceive ACTION_BATTERY_CHANGED mBatteryLevel = 33;mIsCharging =true
04-13 11:34:33.736  4115  4115 I BatteryInfoReceiver: ACTION_BATTERY_CHANGED
04-13 11:34:33.737  6036  6536 D PowerCheckerService: onBatteryChanged, mBatteryLevel = 33, status = 2, level = 33, plug = 2, scale = 100
04-13 11:34:33.740  2862  2862 D DeviceStatisticsService: chargerType=2 batteryLevel=33 totalBatteryCapacity=4311800
04-13 11:34:33.745  2539  2539 D KeyguardUpdateMonitor: received broadcast android.intent.action.BATTERY_CHANGED
04-13 11:34:33.746  2862  2862 D NetworkSpeedTracker: receive actionandroid.intent.action.BATTERY_CHANGED
04-13 11:34:33.746  2862  2862 D NetworkSpeedTracker: onReceive ACTION_BATTERY_CHANGED mBatteryLevel = 33;mIsCharging =true
04-13 11:34:33.747  4115  4115 I BatteryInfoReceiver: ACTION_BATTERY_CHANGED
04-13 11:34:33.749  6036  6536 D PowerCheckerService: onBatteryChanged, mBatteryLevel = 33, status = 2, level = 33, plug = 2, scale = 100
04-13 11:34:33.750  2862  2862 D DeviceStatisticsService: chargerType=2 batteryLevel=33 totalBatteryCapacity=4311800
04-13 11:34:33.755  2539  2539 D KeyguardUpdateMonitor: received broadcast android.intent.action.BATTERY_CHANGED
04-13 11:34:33.756  2862  2862 D NetworkSpeedTracker: receive actionandroid.intent.action.BATTERY_CHANGED
04-13 11:34:33.756  2862  2862 D NetworkSpeedTracker: onReceive ACTION_BATTERY_CHANGED mBatteryLevel = 33;mIsCharging =true
04-13 11:34:33.757  4115  4115 I BatteryInfoReceiver: ACTION_BATTERY_CHANGED
04-13 11:34:33.758  6036  6536 D PowerCheckerService: onBatteryChanged, mBatteryLevel = 33, status = 2, level = 33, plug = 2, scale = 100
04-13 11:34:33.763  2862  2862 D DeviceStatisticsService: chargerType=2 batteryLevel=33 totalBatteryCapacity=4311800
04-13 11:34:33.773  2539  2539 D KeyguardUpdateMonitor: received broadcast android.intent.action.BATTERY_CHANGED
04-13 11:34:33.775  6036  6536 D PowerCheckerService: onBatteryChanged, mBatteryLevel = 33, status = 2, level = 33, plug = 2, scale = 100
04-13 11:34:33.775  4115  4115 I BatteryInfoReceiver: ACTION_BATTERY_CHANGED
04-13 11:34:33.775  2862  2862 D NetworkSpeedTracker: receive actionandroid.intent.action.BATTERY_CHANGED
04-13 11:34:33.775  2862  2862 D NetworkSpeedTracker: onReceive ACTION_BATTERY_CHANGED mBatteryLevel = 33;mIsCharging =true
04-13 11:34:33.792  2862  2862 D DeviceStatisticsService: chargerType=2 batteryLevel=33 totalBatteryCapacity=4311800
04-13 11:34:33.795  2539  2539 D KeyguardUpdateMonitor: received broadcast android.intent.action.BATTERY_CHANGED
04-13 11:34:33.796  2862  2862 D NetworkSpeedTracker: receive actionandroid.intent.action.BATTERY_CHANGED
04-13 11:34:33.797  2862  2862 D NetworkSpeedTracker: onReceive ACTION_BATTERY_CHANGED mBatteryLevel = 33;mIsCharging =true
04-13 11:34:33.798  4115  4115 I BatteryInfoReceiver: ACTION_BATTERY_CHANGED
04-13 11:34:33.799  6036  6536 D PowerCheckerService: onBatteryChanged, mBatteryLevel = 33, status = 2, level = 33, plug = 2, scale = 100
04-13 11:34:33.802  2862  2862 D DeviceStatisticsService: chargerType=2 batteryLevel=33 totalBatteryCapacity=4311800
04-13 11:34:33.819  2539  2539 D KeyguardUpdateMonitor: received broadcast android.intent.action.BATTERY_CHANGED
04-13 11:34:33.819  2862  2862 D NetworkSpeedTracker: receive actionandroid.intent.action.BATTERY_CHANGED
04-13 11:34:33.820  2862  2862 D NetworkSpeedTracker: onReceive ACTION_BATTERY_CHANGED mBatteryLevel = 33;mIsCharging =true
04-13 11:34:33.820  4115  4115 I BatteryInfoReceiver: ACTION_BATTERY_CHANGED
04-13 11:34:33.822  6036  6536 D PowerCheckerService: onBatteryChanged, mBatteryLevel = 33, status = 2, level = 33, plug = 2, scale = 100
04-13 11:34:33.824  2862  2862 D DeviceStatisticsService: chargerType=2 batteryLevel=33 totalBatteryCapacity=4311800
04-13 11:34:33.827  2539  2539 D KeyguardUpdateMonitor: received broadcast android.intent.action.BATTERY_CHANGED
04-13 11:34:33.828  2862  2862 D NetworkSpeedTracker: receive actionandroid.intent.action.BATTERY_CHANGED
04-13 11:34:33.828  2862  2862 D NetworkSpeedTracker: onReceive ACTION_BATTERY_CHANGED mBatteryLevel = 33;mIsCharging =true
04-13 11:34:33.829  4115  4115 I BatteryInfoReceiver: ACTION_BATTERY_CHANGED
04-13 11:34:33.829  6036  6536 D PowerCheckerService: onBatteryChanged, mBatteryLevel = 33, status = 2, level = 33, plug = 2, scale = 100
04-13 11:34:33.831  2862  2862 D DeviceStatisticsService: chargerType=2 batteryLevel=33 totalBatteryCapacity=4311800
04-13 11:34:33.867  2539  2539 D KeyguardUpdateMonitor: received broadcast android.intent.action.BATTERY_CHANGED
04-13 11:34:33.867  2862  2862 D NetworkSpeedTracker: receive actionandroid.intent.action.BATTERY_CHANGED
04-13 11:34:33.867  2862  2862 D NetworkSpeedTracker: onReceive ACTION_BATTERY_CHANGED mBatteryLevel = 33;mIsCharging =true
04-13 11:34:33.869  4115  4115 I BatteryInfoReceiver: ACTION_BATTERY_CHANGED
04-13 11:34:33.871  6036  6536 D PowerCheckerService: onBatteryChanged, mBatteryLevel = 33, status = 2, level = 33, plug = 2, scale = 100
04-13 11:34:33.873  2862  2862 D DeviceStatisticsService: chargerType=2 batteryLevel=33 totalBatteryCapacity=4311800
04-13 11:34:33.883  2539  2539 D KeyguardUpdateMonitor: received broadcast android.intent.action.BATTERY_CHANGED
04-13 11:34:33.884  2862  2862 D NetworkSpeedTracker: receive actionandroid.intent.action.BATTERY_CHANGED
04-13 11:34:33.884  2862  2862 D NetworkSpeedTracker: onReceive ACTION_BATTERY_CHANGED mBatteryLevel = 33;mIsCharging =true
04-13 11:34:33.886  4115  4115 I BatteryInfoReceiver: ACTION_BATTERY_CHANGED
04-13 11:34:33.887  6036  6536 D PowerCheckerService: onBatteryChanged, mBatteryLevel = 33, status = 2, level = 33, plug = 2, scale = 100
04-13 11:34:33.889  2862  2862 D DeviceStatisticsService: chargerType=2 batteryLevel=33 totalBatteryCapacity=4311800
04-13 11:34:33.910  2539  2539 D KeyguardUpdateMonitor: received broadcast android.intent.action.BATTERY_CHANGED
04-13 11:34:33.911  2862  2862 D NetworkSpeedTracker: receive actionandroid.intent.action.BATTERY_CHANGED
04-13 11:34:33.911  2862  2862 D NetworkSpeedTracker: onReceive ACTION_BATTERY_CHANGED mBatteryLevel = 33;mIsCharging =true
04-13 11:34:33.912  4115  4115 I BatteryInfoReceiver: ACTION_BATTERY_CHANGED
04-13 11:34:33.914  6036  6536 D PowerCheckerService: onBatteryChanged, mBatteryLevel = 33, status = 2, level = 33, plug = 2, scale = 100
04-13 11:34:33.918  2862  2862 D DeviceStatisticsService: chargerType=2 batteryLevel=33 totalBatteryCapacity=4311800
04-13 11:34:33.921  2539  2539 D KeyguardUpdateMonitor: received broadcast android.intent.action.BATTERY_CHANGED
04-13 11:34:33.922  2862  2862 D NetworkSpeedTracker: receive actionandroid.intent.action.BATTERY_CHANGED
04-13 11:34:33.922  2862  2862 D NetworkSpeedTracker: onReceive ACTION_BATTERY_CHANGED mBatteryLevel = 33;mIsCharging =true
04-13 11:34:33.923  4115  4115 I BatteryInfoReceiver: ACTION_BATTERY_CHANGED
04-13 11:34:33.924  6036  6536 D PowerCheckerService: onBatteryChanged, mBatteryLevel = 33, status = 2, level = 33, plug = 2, scale = 100
04-13 11:34:33.926  2862  2862 D DeviceStatisticsService: chargerType=2 batteryLevel=33 totalBatteryCapacity=4311800
04-13 11:34:33.955  2539  2539 D KeyguardUpdateMonitor: received broadcast android.intent.action.BATTERY_CHANGED
04-13 11:34:33.957  2862  2862 D NetworkSpeedTracker: receive actionandroid.intent.action.BATTERY_CHANGED
04-13 11:34:33.957  2862  2862 D NetworkSpeedTracker: onReceive ACTION_BATTERY_CHANGED mBatteryLevel = 33;mIsCharging =true
04-13 11:34:33.957  4115  4115 I BatteryInfoReceiver: ACTION_BATTERY_CHANGED
04-13 11:34:33.959  6036  6536 D PowerCheckerService: onBatteryChanged, mBatteryLevel = 33, status = 2, level = 33, plug = 2, scale = 100
04-13 11:34:33.960  2862  2862 D DeviceStatisticsService: chargerType=2 batteryLevel=33 totalBatteryCapacity=4311800
04-13 11:34:33.971  2539  2539 D KeyguardUpdateMonitor: received broadcast android.intent.action.BATTERY_CHANGED
04-13 11:34:33.971  2862  2862 D NetworkSpeedTracker: receive actionandroid.intent.action.BATTERY_CHANGED
04-13 11:34:33.971  2862  2862 D NetworkSpeedTracker: onReceive ACTION_BATTERY_CHANGED mBatteryLevel = 33;mIsCharging =true
04-13 11:34:33.973  4115  4115 I BatteryInfoReceiver: ACTION_BATTERY_CHANGED
04-13 11:34:33.974  6036  6536 D PowerCheckerService: onBatteryChanged, mBatteryLevel = 33, status = 2, level = 33, plug = 2, scale = 100
04-13 11:34:33.975  2862  2862 D DeviceStatisticsService: chargerType=2 batteryLevel=33 totalBatteryCapacity=4311800
04-13 11:34:33.998  2539  2539 D KeyguardUpdateMonitor: received broadcast android.intent.action.BATTERY_CHANGED
04-13 11:34:33.998  2862  2862 D NetworkSpeedTracker: receive actionandroid.intent.action.BATTERY_CHANGED
04-13 11:34:33.999  2862  2862 D NetworkSpeedTracker: onReceive ACTION_BATTERY_CHANGED mBatteryLevel = 33;mIsCharging =true
04-13 11:34:34.000  4115  4115 I BatteryInfoReceiver: ACTION_BATTERY_CHANGED
04-13 11:34:34.001  6036  6536 D PowerCheckerService: onBatteryChanged, mBatteryLevel = 33, status = 2, level = 33, plug = 2, scale = 100
04-13 11:34:34.002  2862  2862 D DeviceStatisticsService: chargerType=2 batteryLevel=33 totalBatteryCapacity=4311800
04-13 11:34:34.009  2539  2539 D KeyguardUpdateMonitor: received broadcast android.intent.action.BATTERY_CHANGED
04-13 11:34:34.010  2862  2862 D NetworkSpeedTracker: receive actionandroid.intent.action.BATTERY_CHANGED
04-13 11:34:34.010  2862  2862 D NetworkSpeedTracker: onReceive ACTION_BATTERY_CHANGED mBatteryLevel = 33;mIsCharging =true
04-13 11:34:34.012  4115  4115 I BatteryInfoReceiver: ACTION_BATTERY_CHANGED
04-13 11:34:34.013  6036  6536 D PowerCheckerService: onBatteryChanged, mBatteryLevel = 33, status = 2, level = 33, plug = 2, scale = 100
04-13 11:34:34.015  2862  2862 D DeviceStatisticsService: chargerType=2 batteryLevel=33 totalBatteryCapacity=4311800
04-13 11:34:34.040  2539  2539 D KeyguardUpdateMonitor: received broadcast android.intent.action.BATTERY_CHANGED
04-13 11:34:34.041  2862  2862 D NetworkSpeedTracker: receive actionandroid.intent.action.BATTERY_CHANGED
04-13 11:34:34.041  2862  2862 D NetworkSpeedTracker: onReceive ACTION_BATTERY_CHANGED mBatteryLevel = 33;mIsCharging =true
04-13 11:34:34.042  4115  4115 I BatteryInfoReceiver: ACTION_BATTERY_CHANGED
04-13 11:34:34.044  6036  6536 D PowerCheckerService: onBatteryChanged, mBatteryLevel = 33, status = 2, level = 33, plug = 2, scale = 100
04-13 11:34:34.052  2862  2862 D DeviceStatisticsService: chargerType=2 batteryLevel=33 totalBatteryCapacity=4311800
04-13 11:34:34.055  2539  2539 D KeyguardUpdateMonitor: received broadcast android.intent.action.BATTERY_CHANGED
04-13 11:34:34.056  2862  2862 D NetworkSpeedTracker: receive actionandroid.intent.action.BATTERY_CHANGED
04-13 11:34:34.056  2862  2862 D NetworkSpeedTracker: onReceive ACTION_BATTERY_CHANGED mBatteryLevel = 33;mIsCharging =true
04-13 11:34:34.057  4115  4115 I BatteryInfoReceiver: ACTION_BATTERY_CHANGED
04-13 11:34:34.059  6036  6536 D PowerCheckerService: onBatteryChanged, mBatteryLevel = 33, status = 2, level = 33, plug = 2, scale = 100
04-13 11:34:34.060  2862  2862 D DeviceStatisticsService: chargerType=2 batteryLevel=33 totalBatteryCapacity=4311800
04-13 11:34:34.097  2539  2539 D KeyguardUpdateMonitor: received broadcast android.intent.action.BATTERY_CHANGED
04-13 11:34:34.098  2862  2862 D NetworkSpeedTracker: receive actionandroid.intent.action.BATTERY_CHANGED
04-13 11:34:34.099  2862  2862 D NetworkSpeedTracker: onReceive ACTION_BATTERY_CHANGED mBatteryLevel = 33;mIsCharging =true
04-13 11:34:34.102  4115  4115 I BatteryInfoReceiver: ACTION_BATTERY_CHANGED
04-13 11:34:34.103  6036  6536 D PowerCheckerService: onBatteryChanged, mBatteryLevel = 33, status = 2, level = 33, plug = 2, scale = 100
04-13 11:34:34.105  2862  2862 D DeviceStatisticsService: chargerType=2 batteryLevel=33 totalBatteryCapacity=4311800
04-13 11:34:34.116  2862  2862 D NetworkSpeedTracker: receive actionandroid.intent.action.BATTERY_CHANGED
04-13 11:34:34.116  2862  2862 D NetworkSpeedTracker: onReceive ACTION_BATTERY_CHANGED mBatteryLevel = 33;mIsCharging =true
04-13 11:34:34.117  2539  2539 D KeyguardUpdateMonitor: received broadcast android.intent.action.BATTERY_CHANGED
04-13 11:34:34.118  4115  4115 I BatteryInfoReceiver: ACTION_BATTERY_CHANGED
04-13 11:34:34.119  6036  6536 D PowerCheckerService: onBatteryChanged, mBatteryLevel = 33, status = 2, level = 33, plug = 2, scale = 100
04-13 11:34:34.131  2862  2862 D DeviceStatisticsService: chargerType=2 batteryLevel=33 totalBatteryCapacity=4311800
04-13 11:34:34.134  2862  2862 D NetworkSpeedTracker: receive actionandroid.intent.action.BATTERY_CHANGED
04-13 11:34:34.135  2862  2862 D NetworkSpeedTracker: onReceive ACTION_BATTERY_CHANGED mBatteryLevel = 33;mIsCharging =true
04-13 11:34:34.135  2539  2539 D KeyguardUpdateMonitor: received broadcast android.intent.action.BATTERY_CHANGED
04-13 11:34:34.135  4115  4115 I BatteryInfoReceiver: ACTION_BATTERY_CHANGED
04-13 11:34:34.136  6036  6536 D PowerCheckerService: onBatteryChanged, mBatteryLevel = 33, status = 2, level = 33, plug = 2, scale = 100
04-13 11:34:34.143  2862  2862 D DeviceStatisticsService: chargerType=2 batteryLevel=33 totalBatteryCapacity=4311800
04-13 11:34:34.145  2539  2539 D KeyguardUpdateMonitor: received broadcast android.intent.action.BATTERY_CHANGED
04-13 11:34:34.146  2862  2862 D NetworkSpeedTracker: receive actionandroid.intent.action.BATTERY_CHANGED
04-13 11:34:34.146  2862  2862 D NetworkSpeedTracker: onReceive ACTION_BATTERY_CHANGED mBatteryLevel = 33;mIsCharging =true
04-13 11:34:34.147  4115  4115 I BatteryInfoReceiver: ACTION_BATTERY_CHANGED
04-13 11:34:34.148  6036  6536 D PowerCheckerService: onBatteryChanged, mBatteryLevel = 33, status = 2, level = 33, plug = 2, scale = 100
04-13 11:34:34.149  2862  2862 D DeviceStatisticsService: chargerType=2 batteryLevel=33 totalBatteryCapacity=4311800
04-13 11:34:34.171  2539  2539 D KeyguardUpdateMonitor: received broadcast android.intent.action.BATTERY_CHANGED
04-13 11:34:34.172  2862  2862 D NetworkSpeedTracker: receive actionandroid.intent.action.BATTERY_CHANGED
04-13 11:34:34.172  2862  2862 D NetworkSpeedTracker: onReceive ACTION_BATTERY_CHANGED mBatteryLevel = 33;mIsCharging =true
04-13 11:34:34.174  4115  4115 I BatteryInfoReceiver: ACTION_BATTERY_CHANGED
04-13 11:34:34.176  6036  6536 D PowerCheckerService: onBatteryChanged, mBatteryLevel = 33, status = 2, level = 33, plug = 2, scale = 100
04-13 11:34:34.193  2862  2862 D DeviceStatisticsService: chargerType=2 batteryLevel=33 totalBatteryCapacity=4311800
04-13 11:34:34.196  2539  2539 D KeyguardUpdateMonitor: received broadcast android.intent.action.BATTERY_CHANGED
04-13 11:34:34.196  2862  2862 D NetworkSpeedTracker: receive actionandroid.intent.action.BATTERY_CHANGED
04-13 11:34:34.197  2862  2862 D NetworkSpeedTracker: onReceive ACTION_BATTERY_CHANGED mBatteryLevel = 33;mIsCharging =true
04-13 11:34:34.199  6036  6536 D PowerCheckerService: onBatteryChanged, mBatteryLevel = 33, status = 2, level = 33, plug = 2, scale = 100
04-13 11:34:34.200  4115  4115 I BatteryInfoReceiver: ACTION_BATTERY_CHANGED
04-13 11:34:34.201  2862  2862 D DeviceStatisticsService: chargerType=2 batteryLevel=33 totalBatteryCapacity=4311800
04-13 11:34:34.215  2862  2862 D NetworkSpeedTracker: receive actionandroid.intent.action.BATTERY_CHANGED
04-13 11:34:34.216  2862  2862 D NetworkSpeedTracker: onReceive ACTION_BATTERY_CHANGED mBatteryLevel = 33;mIsCharging =true
04-13 11:34:34.217  2539  2539 D KeyguardUpdateMonitor: received broadcast android.intent.action.BATTERY_CHANGED
04-13 11:34:34.217  4115  4115 I BatteryInfoReceiver: ACTION_BATTERY_CHANGED
04-13 11:34:34.217  6036  6536 D PowerCheckerService: onBatteryChanged, mBatteryLevel = 33, status = 2, level = 33, plug = 2, scale = 100
04-13 11:34:34.222  2862  2862 D DeviceStatisticsService: chargerType=2 batteryLevel=33 totalBatteryCapacity=4311800
04-13 11:34:34.227  2539  2539 D KeyguardUpdateMonitor: received broadcast android.intent.action.BATTERY_CHANGED
04-13 11:34:34.228  2862  2862 D NetworkSpeedTracker: receive actionandroid.intent.action.BATTERY_CHANGED
04-13 11:34:34.228  2862  2862 D NetworkSpeedTracker: onReceive ACTION_BATTERY_CHANGED mBatteryLevel = 33;mIsCharging =true
04-13 11:34:34.229  4115  4115 I BatteryInfoReceiver: ACTION_BATTERY_CHANGED
04-13 11:34:34.230  6036  6536 D PowerCheckerService: onBatteryChanged, mBatteryLevel = 33, status = 2, level = 33, plug = 2, scale = 100
04-13 11:34:34.231  2862  2862 D DeviceStatisticsService: chargerType=2 batteryLevel=33 totalBatteryCapacity=4311800
04-13 11:34:34.263  2539  2539 D KeyguardUpdateMonitor: received broadcast android.intent.action.BATTERY_CHANGED
04-13 11:34:34.263  2862  2862 D NetworkSpeedTracker: receive actionandroid.intent.action.BATTERY_CHANGED
04-13 11:34:34.263  2862  2862 D NetworkSpeedTracker: onReceive ACTION_BATTERY_CHANGED mBatteryLevel = 33;mIsCharging =true
04-13 11:34:34.265  4115  4115 I BatteryInfoReceiver: ACTION_BATTERY_CHANGED
04-13 11:34:34.266  6036  6536 D PowerCheckerService: onBatteryChanged, mBatteryLevel = 33, status = 2, level = 33, plug = 2, scale = 100
04-13 11:34:34.268  2862  2862 D DeviceStatisticsService: chargerType=2 batteryLevel=33 totalBatteryCapacity=4311800
04-13 11:34:34.276  2539  2539 D KeyguardUpdateMonitor: received broadcast android.intent.action.BATTERY_CHANGED
04-13 11:34:34.277  2862  2862 D NetworkSpeedTracker: receive actionandroid.intent.action.BATTERY_CHANGED
04-13 11:34:34.277  2862  2862 D NetworkSpeedTracker: onReceive ACTION_BATTERY_CHANGED mBatteryLevel = 33;mIsCharging =true
04-13 11:34:34.280  4115  4115 I BatteryInfoReceiver: ACTION_BATTERY_CHANGED
04-13 11:34:34.280  6036  6536 D PowerCheckerService: onBatteryChanged, mBatteryLevel = 33, status = 2, level = 33, plug = 2, scale = 100
04-13 11:34:34.284  2862  2862 D DeviceStatisticsService: chargerType=2 batteryLevel=33 totalBatteryCapacity=4311800
04-13 11:34:34.304  2539  2539 D KeyguardUpdateMonitor: received broadcast android.intent.action.BATTERY_CHANGED
04-13 11:34:34.305  2862  2862 D NetworkSpeedTracker: receive actionandroid.intent.action.BATTERY_CHANGED
04-13 11:34:34.305  2862  2862 D NetworkSpeedTracker: onReceive ACTION_BATTERY_CHANGED mBatteryLevel = 33;mIsCharging =true
04-13 11:34:34.307  4115  4115 I BatteryInfoReceiver: ACTION_BATTERY_CHANGED
04-13 11:34:34.308  6036  6536 D PowerCheckerService: onBatteryChanged, mBatteryLevel = 33, status = 2, level = 33, plug = 2, scale = 100
04-13 11:34:34.312  2862  2862 D DeviceStatisticsService: chargerType=2 batteryLevel=33 totalBatteryCapacity=4311800
04-13 11:34:34.317  2539  2539 D KeyguardUpdateMonitor: received broadcast android.intent.action.BATTERY_CHANGED
04-13 11:34:34.318  2862  2862 D NetworkSpeedTracker: receive actionandroid.intent.action.BATTERY_CHANGED
04-13 11:34:34.318  2862  2862 D NetworkSpeedTracker: onReceive ACTION_BATTERY_CHANGED mBatteryLevel = 33;mIsCharging =true
04-13 11:34:34.320  4115  4115 I BatteryInfoReceiver: ACTION_BATTERY_CHANGED
04-13 11:34:34.321  6036  6536 D PowerCheckerService: onBatteryChanged, mBatteryLevel = 33, status = 2, level = 33, plug = 2, scale = 100
04-13 11:34:34.323  2862  2862 D DeviceStatisticsService: chargerType=2 batteryLevel=33 totalBatteryCapacity=4311800
04-13 11:34:34.351  2539  2539 D KeyguardUpdateMonitor: received broadcast android.intent.action.BATTERY_CHANGED
04-13 11:34:34.352  2862  2862 D NetworkSpeedTracker: receive actionandroid.intent.action.BATTERY_CHANGED
04-13 11:34:34.352  2862  2862 D NetworkSpeedTracker: onReceive ACTION_BATTERY_CHANGED mBatteryLevel = 33;mIsCharging =true
04-13 11:34:34.355  4115  4115 I BatteryInfoReceiver: ACTION_BATTERY_CHANGED
04-13 11:34:34.355  6036  6536 D PowerCheckerService: onBatteryChanged, mBatteryLevel = 33, status = 2, level = 33, plug = 2, scale = 100
04-13 11:34:34.358  2862  2862 D DeviceStatisticsService: chargerType=2 batteryLevel=33 totalBatteryCapacity=4311800
04-13 11:34:34.367  2539  2539 D KeyguardUpdateMonitor: received broadcast android.intent.action.BATTERY_CHANGED
04-13 11:34:34.368  2862  2862 D NetworkSpeedTracker: receive actionandroid.intent.action.BATTERY_CHANGED
04-13 11:34:34.368  2862  2862 D NetworkSpeedTracker: onReceive ACTION_BATTERY_CHANGED mBatteryLevel = 33;mIsCharging =true
04-13 11:34:34.370  4115  4115 I BatteryInfoReceiver: ACTION_BATTERY_CHANGED
04-13 11:34:34.371  6036  6536 D PowerCheckerService: onBatteryChanged, mBatteryLevel = 33, status = 2, level = 33, plug = 2, scale = 100
04-13 11:34:34.373  2862  2862 D DeviceStatisticsService: chargerType=2 batteryLevel=33 totalBatteryCapacity=4311800
04-13 11:34:34.398  2539  2539 D KeyguardUpdateMonitor: received broadcast android.intent.action.BATTERY_CHANGED
