04-13 11:34:40.182  2862  2862 D NetworkSpeedTracker: onReceive ACTION_BATTERY_CHANGED mBatteryLevel = 33;mIsCharging =true
04-13 11:34:40.184  4115  4115 I BatteryInfoReceiver: ACTION_BATTERY_CHANGED
04-13 11:34:40.185  6036  6536 D PowerCheckerService: onBatteryChanged, mBatteryLevel = 33, status = 2, level = 33, plug = 2, scale = 100
04-13 11:34:40.187  2862  2862 D DeviceStatisticsService: chargerType=2 batteryLevel=33 totalBatteryCapacity=4311800
04-13 11:34:40.193  2539  2539 D KeyguardUpdateMonitor: received broadcast android.intent.action.BATTERY_CHANGED
04-13 11:34:40.194  2862  2862 D NetworkSpeedTracker: receive actionandroid.intent.action.BATTERY_CHANGED
04-13 11:34:40.194  2862  2862 D NetworkSpeedTracker: onReceive ACTION_BATTERY_CHANGED mBatteryLevel = 33;mIsCharging =true
04-13 11:34:40.196  4115  4115 I BatteryInfoReceiver: ACTION_BATTERY_CHANGED
04-13 11:34:40.196  6036  6536 D PowerCheckerService: onBatteryChanged, mBatteryLevel = 33, status = 2, level = 33, plug = 2, scale = 100
04-13 11:34:40.198  2862  2862 D DeviceStatisticsService: chargerType=2 batteryLevel=33 totalBatteryCapacity=4311800
04-13 11:34:40.226  2539  2539 D KeyguardUpdateMonitor: received broadcast android.intent.action.BATTERY_CHANGED
04-13 11:34:40.227  2862  2862 D NetworkSpeedTracker: receive actionandroid.intent.action.BATTERY_CHANGED
04-13 11:34:40.227  2862  2862 D NetworkSpeedTracker: onReceive ACTION_BATTERY_CHANGED mBatteryLevel = 33;mIsCharging =true
04-13 11:34:40.230  4115  4115 I BatteryInfoReceiver: ACTION_BATTERY_CHANGED
04-13 11:34:40.232  6036  6536 D PowerCheckerService: onBatteryChanged, mBatteryLevel = 33, status = 2, level = 33, plug = 2, scale = 100
04-13 11:34:40.234  2862  2862 D DeviceStatisticsService: chargerType=2 batteryLevel=33 totalBatteryCapacity=4311800
04-13 11:34:40.243  2539  2539 D KeyguardUpdateMonitor: received broadcast android.intent.action.BATTERY_CHANGED
04-13 11:34:40.244  2862  2862 D NetworkSpeedTracker: receive actionandroid.intent.action.BATTERY_CHANGED
04-13 11:34:40.244  2862  2862 D NetworkSpeedTracker: onReceive ACTION_BATTERY_CHANGED mBatteryLevel = 33;mIsCharging =true
04-13 11:34:40.245  4115  4115 I BatteryInfoReceiver: ACTION_BATTERY_CHANGED
04-13 11:34:40.246  6036  6536 D PowerCheckerService: onBatteryChanged, mBatteryLevel = 33, status = 2, level = 33, plug = 2, scale = 100
04-13 11:34:40.248  2862  2862 D DeviceStatisticsService: chargerType=2 batteryLevel=33 totalBatteryCapacity=4311800
04-13 11:34:40.267  2539  2539 D KeyguardUpdateMonitor: received broadcast android.intent.action.BATTERY_CHANGED
04-13 11:34:40.268  2862  2862 D NetworkSpeedTracker: receive actionandroid.intent.action.BATTERY_CHANGED
04-13 11:34:40.268  2862  2862 D NetworkSpeedTracker: onReceive ACTION_BATTERY_CHANGED mBatteryLevel = 33;mIsCharging =true
04-13 11:34:40.269  4115  4115 I BatteryInfoReceiver: ACTION_BATTERY_CHANGED
04-13 11:34:40.270  6036  6536 D PowerCheckerService: onBatteryChanged, mBatteryLevel = 33, status = 2, level = 33, plug = 2, scale = 100
04-13 11:34:40.273  2862  2862 D DeviceStatisticsService: chargerType=2 batteryLevel=33 totalBatteryCapacity=4311800
04-13 11:34:40.278  2539  2539 D KeyguardUpdateMonitor: received broadcast android.intent.action.BATTERY_CHANGED
04-13 11:34:40.279  2862  2862 D NetworkSpeedTracker: receive actionandroid.intent.action.BATTERY_CHANGED
04-13 11:34:40.279  2862  2862 D NetworkSpeedTracker: onReceive ACTION_BATTERY_CHANGED mBatteryLevel = 33;mIsCharging =true
04-13 11:34:40.281  4115  4115 I BatteryInfoReceiver: ACTION_BATTERY_CHANGED
04-13 11:34:40.282  6036  6536 D PowerCheckerService: onBatteryChanged, mBatteryLevel = 33, status = 2, level = 33, plug = 2, scale = 100
04-13 11:34:40.284  2862  2862 D DeviceStatisticsService: chargerType=2 batteryLevel=33 totalBatteryCapacity=4311800
04-13 11:34:40.321  2539  2539 D KeyguardUpdateMonitor: received broadcast android.intent.action.BATTERY_CHANGED
04-13 11:34:40.322  2862  2862 D NetworkSpeedTracker: receive actionandroid.intent.action.BATTERY_CHANGED
04-13 11:34:40.322  2862  2862 D NetworkSpeedTracker: onReceive ACTION_BATTERY_CHANGED mBatteryLevel = 33;mIsCharging =true
04-13 11:34:40.325  4115  4115 I BatteryInfoReceiver: ACTION_BATTERY_CHANGED
04-13 11:34:40.327  6036  6536 D PowerCheckerService: onBatteryChanged, mBatteryLevel = 33, status = 2, level = 33, plug = 2, scale = 100
04-13 11:34:40.332  2862  2862 D DeviceStatisticsService: chargerType=2 batteryLevel=33 totalBatteryCapacity=4311800
04-13 11:34:40.342  2539  2539 D KeyguardUpdateMonitor: received broadcast android.intent.action.BATTERY_CHANGED
04-13 11:34:40.344  2862  2862 D NetworkSpeedTracker: receive actionandroid.intent.action.BATTERY_CHANGED
04-13 11:34:40.344  2862  2862 D NetworkSpeedTracker: onReceive ACTION_BATTERY_CHANGED mBatteryLevel = 33;mIsCharging =true
04-13 11:34:40.348  6036  6536 D PowerCheckerService: onBatteryChanged, mBatteryLevel = 33, status = 2, level = 33, plug = 2, scale = 100
04-13 11:34:40.349  4115  4115 I BatteryInfoReceiver: ACTION_BATTERY_CHANGED
04-13 11:34:40.361  2539  2539 D KeyguardUpdateMonitor: received broadcast android.intent.action.BATTERY_CHANGED
04-13 11:34:40.365  6036  6536 D PowerCheckerService: onBatteryChanged, mBatteryLevel = 33, status = 2, level = 33, plug = 2, scale = 100
04-13 11:34:40.366  4115  4115 I BatteryInfoReceiver: ACTION_BATTERY_CHANGED
04-13 11:34:40.366  2862  2862 D DeviceStatisticsService: chargerType=2 batteryLevel=33 totalBatteryCapacity=4311800
04-13 11:34:40.367  2862  2862 D NetworkSpeedTracker: receive actionandroid.intent.action.BATTERY_CHANGED
04-13 11:34:40.367  2862  2862 D NetworkSpeedTracker: onReceive ACTION_BATTERY_CHANGED mBatteryLevel = 33;mIsCharging =true
04-13 11:34:40.368  2862  2862 D DeviceStatisticsService: chargerType=2 batteryLevel=33 totalBatteryCapacity=4311800
04-13 11:34:40.374  2539  2539 D KeyguardUpdateMonitor: received broadcast android.intent.action.BATTERY_CHANGED
04-13 11:34:40.374  2862  2862 D NetworkSpeedTracker: receive actionandroid.intent.action.BATTERY_CHANGED
04-13 11:34:40.375  2862  2862 D NetworkSpeedTracker: onReceive ACTION_BATTERY_CHANGED mBatteryLevel = 33;mIsCharging =true
04-13 11:34:40.376  4115  4115 I BatteryInfoReceiver: ACTION_BATTERY_CHANGED
04-13 11:34:40.377  6036  6536 D PowerCheckerService: onBatteryChanged, mBatteryLevel = 33, status = 2, level = 33, plug = 2, scale = 100
04-13 11:34:40.377  2862  2862 D DeviceStatisticsService: chargerType=2 batteryLevel=33 totalBatteryCapacity=4311800
04-13 11:34:40.400  2539  2539 D KeyguardUpdateMonitor: received broadcast android.intent.action.BATTERY_CHANGED
04-13 11:34:40.402  2862  2862 D NetworkSpeedTracker: receive actionandroid.intent.action.BATTERY_CHANGED
04-13 11:34:40.402  2862  2862 D NetworkSpeedTracker: onReceive ACTION_BATTERY_CHANGED mBatteryLevel = 33;mIsCharging =true
04-13 11:34:40.402  4115  4115 I BatteryInfoReceiver: ACTION_BATTERY_CHANGED
04-13 11:34:40.404  6036  6536 D PowerCheckerService: onBatteryChanged, mBatteryLevel = 33, status = 2, level = 33, plug = 2, scale = 100
04-13 11:34:40.415  2862  2862 D DeviceStatisticsService: chargerType=2 batteryLevel=33 totalBatteryCapacity=4311800
04-13 11:34:40.418  2539  2539 D KeyguardUpdateMonitor: received broadcast android.intent.action.BATTERY_CHANGED
04-13 11:34:40.419  2862  2862 D NetworkSpeedTracker: receive actionandroid.intent.action.BATTERY_CHANGED
04-13 11:34:40.419  2862  2862 D NetworkSpeedTracker: onReceive ACTION_BATTERY_CHANGED mBatteryLevel = 33;mIsCharging =true
04-13 11:34:40.420  4115  4115 I BatteryInfoReceiver: ACTION_BATTERY_CHANGED
04-13 11:34:40.421  6036  6536 D PowerCheckerService: onBatteryChanged, mBatteryLevel = 33, status = 2, level = 33, plug = 2, scale = 100
04-13 11:34:40.422  2862  2862 D DeviceStatisticsService: chargerType=2 batteryLevel=33 totalBatteryCapacity=4311800
04-13 11:34:40.448  2539  2539 D KeyguardUpdateMonitor: received broadcast android.intent.action.BATTERY_CHANGED
04-13 11:34:40.449  2862  2862 D NetworkSpeedTracker: receive actionandroid.intent.action.BATTERY_CHANGED
04-13 11:34:40.449  2862  2862 D NetworkSpeedTracker: onReceive ACTION_BATTERY_CHANGED mBatteryLevel = 33;mIsCharging =true
04-13 11:34:40.451  4115  4115 I BatteryInfoReceiver: ACTION_BATTERY_CHANGED
04-13 11:34:40.452  6036  6536 D PowerCheckerService: onBatteryChanged, mBatteryLevel = 33, status = 2, level = 33, plug = 2, scale = 100
04-13 11:34:40.454  2862  2862 D DeviceStatisticsService: chargerType=2 batteryLevel=33 totalBatteryCapacity=4311800
04-13 11:34:40.463  2539  2539 D KeyguardUpdateMonitor: received broadcast android.intent.action.BATTERY_CHANGED
04-13 11:34:40.465  2862  2862 D NetworkSpeedTracker: receive actionandroid.intent.action.BATTERY_CHANGED
04-13 11:34:40.465  2862  2862 D NetworkSpeedTracker: onReceive ACTION_BATTERY_CHANGED mBatteryLevel = 33;mIsCharging =true
04-13 11:34:40.467  4115  4115 I BatteryInfoReceiver: ACTION_BATTERY_CHANGED
04-13 11:34:40.468  6036  6536 D PowerCheckerService: onBatteryChanged, mBatteryLevel = 33, status = 2, level = 33, plug = 2, scale = 100
04-13 11:34:40.470  2862  2862 D DeviceStatisticsService: chargerType=2 batteryLevel=33 totalBatteryCapacity=4311800
04-13 11:34:40.491  2539  2539 D KeyguardUpdateMonitor: received broadcast android.intent.action.BATTERY_CHANGED
04-13 11:34:40.492  2862  2862 D NetworkSpeedTracker: receive actionandroid.intent.action.BATTERY_CHANGED
04-13 11:34:40.492  2862  2862 D NetworkSpeedTracker: onReceive ACTION_BATTERY_CHANGED mBatteryLevel = 33;mIsCharging =true
04-13 11:34:40.492  4115  4115 I BatteryInfoReceiver: ACTION_BATTERY_CHANGED
04-13 11:34:40.493  6036  6536 D PowerCheckerService: onBatteryChanged, mBatteryLevel = 33, status = 2, level = 33, plug = 2, scale = 100
04-13 11:34:40.496  2862  2862 D DeviceStatisticsService: chargerType=2 batteryLevel=33 totalBatteryCapacity=4311800
04-13 11:34:40.501  2539  2539 D KeyguardUpdateMonitor: received broadcast android.intent.action.BATTERY_CHANGED
04-13 11:34:40.502  2862  2862 D NetworkSpeedTracker: receive actionandroid.intent.action.BATTERY_CHANGED
04-13 11:34:40.502  2862  2862 D NetworkSpeedTracker: onReceive ACTION_BATTERY_CHANGED mBatteryLevel = 33;mIsCharging =true
04-13 11:34:40.503  4115  4115 I BatteryInfoReceiver: ACTION_BATTERY_CHANGED
04-13 11:34:40.504  6036  6536 D PowerCheckerService: onBatteryChanged, mBatteryLevel = 33, status = 2, level = 33, plug = 2, scale = 100
04-13 11:34:40.505  2862  2862 D DeviceStatisticsService: chargerType=2 batteryLevel=33 totalBatteryCapacity=4311800
04-13 11:34:40.539  2539  2539 D KeyguardUpdateMonitor: received broadcast android.intent.action.BATTERY_CHANGED
04-13 11:34:40.542  2862  2862 D NetworkSpeedTracker: receive actionandroid.intent.action.BATTERY_CHANGED
04-13 11:34:40.542  4115  4115 I BatteryInfoReceiver: ACTION_BATTERY_CHANGED
04-13 11:34:40.543  2862  2862 D NetworkSpeedTracker: onReceive ACTION_BATTERY_CHANGED mBatteryLevel = 33;mIsCharging =true
04-13 11:34:40.546  6036  6536 D PowerCheckerService: onBatteryChanged, mBatteryLevel = 33, status = 2, level = 33, plug = 2, scale = 100
04-13 11:34:40.551  2862  2862 D DeviceStatisticsService: chargerType=2 batteryLevel=33 totalBatteryCapacity=4311800
04-13 11:34:40.558  2539  2539 D KeyguardUpdateMonitor: received broadcast android.intent.action.BATTERY_CHANGED
04-13 11:34:40.559  2862  2862 D NetworkSpeedTracker: receive actionandroid.intent.action.BATTERY_CHANGED
04-13 11:34:40.559  2862  2862 D NetworkSpeedTracker: onReceive ACTION_BATTERY_CHANGED mBatteryLevel = 33;mIsCharging =true
04-13 11:34:40.562  4115  4115 I BatteryInfoReceiver: ACTION_BATTERY_CHANGED
04-13 11:34:40.562  6036  6536 D PowerCheckerService: onBatteryChanged, mBatteryLevel = 33, status = 2, level = 33, plug = 2, scale = 100
04-13 11:34:40.565  2862  2862 D DeviceStatisticsService: chargerType=2 batteryLevel=33 totalBatteryCapacity=4311800
04-13 11:34:40.580  2539  2539 D KeyguardUpdateMonitor: received broadcast android.intent.action.BATTERY_CHANGED
04-13 11:34:40.581  2862  2862 D NetworkSpeedTracker: receive actionandroid.intent.action.BATTERY_CHANGED
04-13 11:34:40.581  2862  2862 D NetworkSpeedTracker: onReceive ACTION_BATTERY_CHANGED mBatteryLevel = 33;mIsCharging =true
04-13 11:34:40.583  4115  4115 I BatteryInfoReceiver: ACTION_BATTERY_CHANGED
04-13 11:34:40.584  6036  6536 D PowerCheckerService: onBatteryChanged, mBatteryLevel = 33, status = 2, level = 33, plug = 2, scale = 100
04-13 11:34:40.586  2862  2862 D DeviceStatisticsService: chargerType=2 batteryLevel=33 totalBatteryCapacity=4311800
04-13 11:34:40.595  2539  2539 D KeyguardUpdateMonitor: received broadcast android.intent.action.BATTERY_CHANGED
04-13 11:34:40.596  2862  2862 D NetworkSpeedTracker: receive actionandroid.intent.action.BATTERY_CHANGED
04-13 11:34:40.596  2862  2862 D NetworkSpeedTracker: onReceive ACTION_BATTERY_CHANGED mBatteryLevel = 33;mIsCharging =true
04-13 11:34:40.598  4115  4115 I BatteryInfoReceiver: ACTION_BATTERY_CHANGED
04-13 11:34:40.599  6036  6536 D PowerCheckerService: onBatteryChanged, mBatteryLevel = 33, status = 2, level = 33, plug = 2, scale = 100
04-13 11:34:40.600  2862  2862 D DeviceStatisticsService: chargerType=2 batteryLevel=33 totalBatteryCapacity=4311800
04-13 11:34:40.623  2539  2539 D KeyguardUpdateMonitor: received broadcast android.intent.action.BATTERY_CHANGED
04-13 11:34:40.624  2862  2862 D NetworkSpeedTracker: receive actionandroid.intent.action.BATTERY_CHANGED
04-13 11:34:40.624  2862  2862 D NetworkSpeedTracker: onReceive ACTION_BATTERY_CHANGED mBatteryLevel = 33;mIsCharging =true
04-13 11:34:40.624  4115  4115 I BatteryInfoReceiver: ACTION_BATTERY_CHANGED
04-13 11:34:40.626  6036  6536 D PowerCheckerService: onBatteryChanged, mBatteryLevel = 33, status = 2, level = 33, plug = 2, scale = 100
04-13 11:34:40.627  2862  2862 D DeviceStatisticsService: chargerType=2 batteryLevel=33 totalBatteryCapacity=4311800
04-13 11:34:40.632  2539  2539 D KeyguardUpdateMonitor: received broadcast android.intent.action.BATTERY_CHANGED
04-13 11:34:40.634  4115  4115 I BatteryInfoReceiver: ACTION_BATTERY_CHANGED
04-13 11:34:40.637  2862  2862 D NetworkSpeedTracker: receive actionandroid.intent.action.BATTERY_CHANGED
04-13 11:34:40.638  2862  2862 D NetworkSpeedTracker: onReceive ACTION_BATTERY_CHANGED mBatteryLevel = 33;mIsCharging =true
04-13 11:34:40.638  6036  6536 D PowerCheckerService: onBatteryChanged, mBatteryLevel = 33, status = 2, level = 33, plug = 2, scale = 100
04-13 11:34:40.639  2862  2862 D DeviceStatisticsService: chargerType=2 batteryLevel=33 totalBatteryCapacity=4311800
04-13 11:34:40.659   796   796 W health@2.0-serv: type=1400 audit(0.0:2480147): avc: denied { read } for name="type" dev="sysfs" ino=55635 scontext=u:r:hal_health_default:s0 tcontext=u:object_r:sysfs:s0 tclass=file permissive=0
04-13 11:34:40.668  2539  2539 D KeyguardUpdateMonitor: received broadcast android.intent.action.BATTERY_CHANGED
04-13 11:34:40.670  2862  2862 D NetworkSpeedTracker: receive actionandroid.intent.action.BATTERY_CHANGED
04-13 11:34:40.671  2862  2862 D NetworkSpeedTracker: onReceive ACTION_BATTERY_CHANGED mBatteryLevel = 33;mIsCharging =true
04-13 11:34:40.673  6036  6536 D PowerCheckerService: onBatteryChanged, mBatteryLevel = 33, status = 2, level = 33, plug = 2, scale = 100
04-13 11:34:40.674  4115  4115 I BatteryInfoReceiver: ACTION_BATTERY_CHANGED
04-13 11:34:40.675  2862  2862 D DeviceStatisticsService: chargerType=2 batteryLevel=33 totalBatteryCapacity=4311800
04-13 11:34:40.671   796   796 W health@2.0-serv: type=1400 audit(0.0:2480148): avc: denied { read } for name="type" dev="sysfs" ino=55635 scontext=u:r:hal_health_default:s0 tcontext=u:object_r:sysfs:s0 tclass=file permissive=0
04-13 11:34:40.685  2539  2539 D KeyguardUpdateMonitor: received broadcast android.intent.action.BATTERY_CHANGED
04-13 11:34:40.686  2862  2862 D NetworkSpeedTracker: receive actionandroid.intent.action.BATTERY_CHANGED
04-13 11:34:40.686  2862  2862 D NetworkSpeedTracker: onReceive ACTION_BATTERY_CHANGED mBatteryLevel = 33;mIsCharging =true
04-13 11:34:40.687  4115  4115 I BatteryInfoReceiver: ACTION_BATTERY_CHANGED
04-13 11:34:40.688  6036  6536 D PowerCheckerService: onBatteryChanged, mBatteryLevel = 33, status = 2, level = 33, plug = 2, scale = 100
04-13 11:34:40.690  2862  2862 D DeviceStatisticsService: chargerType=2 batteryLevel=33 totalBatteryCapacity=4311800
04-13 11:34:40.711   796   796 W health@2.0-serv: type=1400 audit(0.0:2480149): avc: denied { read } for name="type" dev="sysfs" ino=55635 scontext=u:r:hal_health_default:s0 tcontext=u:object_r:sysfs:s0 tclass=file permissive=0
04-13 11:34:40.719   796   796 W health@2.0-serv: type=1400 audit(0.0:2480150): avc: denied { read } for name="type" dev="sysfs" ino=55635 scontext=u:r:hal_health_default:s0 tcontext=u:object_r:sysfs:s0 tclass=file permissive=0
04-13 11:34:40.723  2539  2539 D KeyguardUpdateMonitor: received broadcast android.intent.action.BATTERY_CHANGED
04-13 11:34:40.726  2862  2862 D NetworkSpeedTracker: receive actionandroid.intent.action.BATTERY_CHANGED
04-13 11:34:40.726  2862  2862 D NetworkSpeedTracker: onReceive ACTION_BATTERY_CHANGED mBatteryLevel = 33;mIsCharging =true
04-13 11:34:40.729  6036  6536 D PowerCheckerService: onBatteryChanged, mBatteryLevel = 33, status = 2, level = 33, plug = 2, scale = 100
04-13 11:34:40.729  4115  4115 I BatteryInfoReceiver: ACTION_BATTERY_CHANGED
04-13 11:34:40.731  2862  2862 D DeviceStatisticsService: chargerType=2 batteryLevel=33 totalBatteryCapacity=4311800
04-13 11:34:40.743  2539  2539 D KeyguardUpdateMonitor: received broadcast android.intent.action.BATTERY_CHANGED
04-13 11:34:40.745  2862  2862 D NetworkSpeedTracker: receive actionandroid.intent.action.BATTERY_CHANGED
04-13 11:34:40.745  2862  2862 D NetworkSpeedTracker: onReceive ACTION_BATTERY_CHANGED mBatteryLevel = 33;mIsCharging =true
04-13 11:34:40.746  4115  4115 I BatteryInfoReceiver: ACTION_BATTERY_CHANGED
04-13 11:34:40.747  6036  6536 D PowerCheckerService: onBatteryChanged, mBatteryLevel = 33, status = 2, level = 33, plug = 2, scale = 100
04-13 11:34:40.751   796   796 W health@2.0-serv: type=1400 audit(0.0:2480151): avc: denied { read } for name="type" dev="sysfs" ino=55635 scontext=u:r:hal_health_default:s0 tcontext=u:object_r:sysfs:s0 tclass=file permissive=0
04-13 11:34:40.755  2862  2862 D DeviceStatisticsService: chargerType=2 batteryLevel=33 totalBatteryCapacity=4311800
04-13 11:34:40.759  2539  2539 D KeyguardUpdateMonitor: received broadcast android.intent.action.BATTERY_CHANGED
04-13 11:34:40.760  2862  2862 D NetworkSpeedTracker: receive actionandroid.intent.action.BATTERY_CHANGED
04-13 11:34:40.760  2862  2862 D NetworkSpeedTracker: onReceive ACTION_BATTERY_CHANGED mBatteryLevel = 33;mIsCharging =true
04-13 11:34:40.761  4115  4115 I BatteryInfoReceiver: ACTION_BATTERY_CHANGED
04-13 11:34:40.762  6036  6536 D PowerCheckerService: onBatteryChanged, mBatteryLevel = 33, status = 2, level = 33, plug = 2, scale = 100
04-13 11:34:40.764  2862  2862 D DeviceStatisticsService: chargerType=2 batteryLevel=33 totalBatteryCapacity=4311800
04-13 11:34:40.770  2539  2539 D KeyguardUpdateMonitor: received broadcast android.intent.action.BATTERY_CHANGED
04-13 11:34:40.771  2862  2862 D NetworkSpeedTracker: receive actionandroid.intent.action.BATTERY_CHANGED
04-13 11:34:40.771  2862  2862 D NetworkSpeedTracker: onReceive ACTION_BATTERY_CHANGED mBatteryLevel = 33;mIsCharging =true
04-13 11:34:40.773  6036  6536 D PowerCheckerService: onBatteryChanged, mBatteryLevel = 33, status = 2, level = 33, plug = 2, scale = 100
04-13 11:34:40.773  4115  4115 I BatteryInfoReceiver: ACTION_BATTERY_CHANGED
04-13 11:34:40.775  2862  2862 D DeviceStatisticsService: chargerType=2 batteryLevel=33 totalBatteryCapacity=4311800
04-13 11:34:40.804  2539  2539 D KeyguardUpdateMonitor: received broadcast android.intent.action.BATTERY_CHANGED
04-13 11:34:40.805  2862  2862 D NetworkSpeedTracker: receive actionandroid.intent.action.BATTERY_CHANGED
04-13 11:34:40.805  2862  2862 D NetworkSpeedTracker: onReceive ACTION_BATTERY_CHANGED mBatteryLevel = 33;mIsCharging =true
04-13 11:34:40.806  4115  4115 I BatteryInfoReceiver: ACTION_BATTERY_CHANGED
04-13 11:34:40.807  6036  6536 D PowerCheckerService: onBatteryChanged, mBatteryLevel = 33, status = 2, level = 33, plug = 2, scale = 100
04-13 11:34:40.817  2862  2862 D DeviceStatisticsService: chargerType=2 batteryLevel=33 totalBatteryCapacity=4311800
04-13 11:34:40.821  2539  2539 D KeyguardUpdateMonitor: received broadcast android.intent.action.BATTERY_CHANGED
04-13 11:34:40.822  2862  2862 D NetworkSpeedTracker: receive actionandroid.intent.action.BATTERY_CHANGED
04-13 11:34:40.822  2862  2862 D NetworkSpeedTracker: onReceive ACTION_BATTERY_CHANGED mBatteryLevel = 33;mIsCharging =true
04-13 11:34:40.824  4115  4115 I BatteryInfoReceiver: ACTION_BATTERY_CHANGED
04-13 11:34:40.825  6036  6536 D PowerCheckerService: onBatteryChanged, mBatteryLevel = 33, status = 2, level = 33, plug = 2, scale = 100
04-13 11:34:40.827  2862  2862 D DeviceStatisticsService: chargerType=2 batteryLevel=33 totalBatteryCapacity=4311800
04-13 11:34:40.847  2539  2539 D KeyguardUpdateMonitor: received broadcast android.intent.action.BATTERY_CHANGED
04-13 11:34:40.848  2862  2862 D NetworkSpeedTracker: receive actionandroid.intent.action.BATTERY_CHANGED
04-13 11:34:40.848  2862  2862 D NetworkSpeedTracker: onReceive ACTION_BATTERY_CHANGED mBatteryLevel = 33;mIsCharging =true
04-13 11:34:40.850  4115  4115 I BatteryInfoReceiver: ACTION_BATTERY_CHANGED
04-13 11:34:40.850  6036  6536 D PowerCheckerService: onBatteryChanged, mBatteryLevel = 33, status = 2, level = 33, plug = 2, scale = 100
04-13 11:34:40.859  2862  2862 D DeviceStatisticsService: chargerType=2 batteryLevel=33 totalBatteryCapacity=4311800
04-13 11:34:40.862  2539  2539 D KeyguardUpdateMonitor: received broadcast android.intent.action.BATTERY_CHANGED
04-13 11:34:40.863  2862  2862 D NetworkSpeedTracker: receive actionandroid.intent.action.BATTERY_CHANGED
04-13 11:34:40.863  2862  2862 D NetworkSpeedTracker: onReceive ACTION_BATTERY_CHANGED mBatteryLevel = 33;mIsCharging =true
04-13 11:34:40.865  4115  4115 I BatteryInfoReceiver: ACTION_BATTERY_CHANGED
04-13 11:34:40.866  6036  6536 D PowerCheckerService: onBatteryChanged, mBatteryLevel = 33, status = 2, level = 33, plug = 2, scale = 100
04-13 11:34:40.868  2862  2862 D DeviceStatisticsService: chargerType=2 batteryLevel=33 totalBatteryCapacity=4311800
04-13 11:34:40.893  2539  2539 D KeyguardUpdateMonitor: received broadcast android.intent.action.BATTERY_CHANGED
04-13 11:34:40.895  2862  2862 D NetworkSpeedTracker: receive actionandroid.intent.action.BATTERY_CHANGED
04-13 11:34:40.895  2862  2862 D NetworkSpeedTracker: onReceive ACTION_BATTERY_CHANGED mBatteryLevel = 33;mIsCharging =true
04-13 11:34:40.896  6036  6536 D PowerCheckerService: onBatteryChanged, mBatteryLevel = 33, status = 2, level = 33, plug = 2, scale = 100
04-13 11:34:40.898  4115  4115 I BatteryInfoReceiver: ACTION_BATTERY_CHANGED
04-13 11:34:40.898  2862  2862 D DeviceStatisticsService: chargerType=2 batteryLevel=33 totalBatteryCapacity=4311800
04-13 11:34:40.907  2539  2539 D KeyguardUpdateMonitor: received broadcast android.intent.action.BATTERY_CHANGED
04-13 11:34:40.908  2862  2862 D NetworkSpeedTracker: receive actionandroid.intent.action.BATTERY_CHANGED
04-13 11:34:40.908  2862  2862 D NetworkSpeedTracker: onReceive ACTION_BATTERY_CHANGED mBatteryLevel = 33;mIsCharging =true
04-13 11:34:40.911  4115  4115 I BatteryInfoReceiver: ACTION_BATTERY_CHANGED
04-13 11:34:40.912  6036  6536 D PowerCheckerService: onBatteryChanged, mBatteryLevel = 33, status = 2, level = 33, plug = 2, scale = 100
04-13 11:34:40.913  2862  2862 D DeviceStatisticsService: chargerType=2 batteryLevel=33 totalBatteryCapacity=4311800
04-13 11:34:40.939  2539  2539 D KeyguardUpdateMonitor: received broadcast android.intent.action.BATTERY_CHANGED
04-13 11:34:40.940  2862  2862 D NetworkSpeedTracker: receive actionandroid.intent.action.BATTERY_CHANGED
04-13 11:34:40.941  2862  2862 D NetworkSpeedTracker: onReceive ACTION_BATTERY_CHANGED mBatteryLevel = 33;mIsCharging =true
04-13 11:34:40.942  4115  4115 I BatteryInfoReceiver: ACTION_BATTERY_CHANGED
04-13 11:34:40.944  6036  6536 D PowerCheckerService: onBatteryChanged, mBatteryLevel = 33, status = 2, level = 33, plug = 2, scale = 100
04-13 11:34:40.946  2862  2862 D DeviceStatisticsService: chargerType=2 batteryLevel=33 totalBatteryCapacity=4311800
04-13 11:34:40.954  2539  2539 D KeyguardUpdateMonitor: received broadcast android.intent.action.BATTERY_CHANGED
04-13 11:34:40.955  2862  2862 D NetworkSpeedTracker: receive actionandroid.intent.action.BATTERY_CHANGED
04-13 11:34:40.955  2862  2862 D NetworkSpeedTracker: onReceive ACTION_BATTERY_CHANGED mBatteryLevel = 33;mIsCharging =true
04-13 11:34:40.957  4115  4115 I BatteryInfoReceiver: ACTION_BATTERY_CHANGED
04-13 11:34:40.958  6036  6536 D PowerCheckerService: onBatteryChanged, mBatteryLevel = 33, status = 2, level = 33, plug = 2, scale = 100
04-13 11:34:40.960  2862  2862 D DeviceStatisticsService: chargerType=2 batteryLevel=33 totalBatteryCapacity=4311800
04-13 11:34:40.978  2539  2539 D KeyguardUpdateMonitor: received broadcast android.intent.action.BATTERY_CHANGED
04-13 11:34:40.979  2862  2862 D NetworkSpeedTracker: receive actionandroid.intent.action.BATTERY_CHANGED
04-13 11:34:40.979  2862  2862 D NetworkSpeedTracker: onReceive ACTION_BATTERY_CHANGED mBatteryLevel = 33;mIsCharging =true
04-13 11:34:40.981  4115  4115 I BatteryInfoReceiver: ACTION_BATTERY_CHANGED
04-13 11:34:40.982  6036  6536 D PowerCheckerService: onBatteryChanged, mBatteryLevel = 33, status = 2, level = 33, plug = 2, scale = 100
04-13 11:34:40.984  2862  2862 D DeviceStatisticsService: chargerType=2 batteryLevel=33 totalBatteryCapacity=4311800
04-13 11:34:40.989  2539  2539 D KeyguardUpdateMonitor: received broadcast android.intent.action.BATTERY_CHANGED
04-13 11:34:40.990  2862  2862 D NetworkSpeedTracker: receive actionandroid.intent.action.BATTERY_CHANGED
04-13 11:34:40.990  2862  2862 D NetworkSpeedTracker: onReceive ACTION_BATTERY_CHANGED mBatteryLevel = 33;mIsCharging =true
04-13 11:34:40.991  4115  4115 I BatteryInfoReceiver: ACTION_BATTERY_CHANGED
04-13 11:34:40.992  6036  6536 D PowerCheckerService: onBatteryChanged, mBatteryLevel = 33, status = 2, level = 33, plug = 2, scale = 100
04-13 11:34:40.993  2862  2862 D DeviceStatisticsService: chargerType=2 batteryLevel=33 totalBatteryCapacity=4311800
04-13 11:34:41.026  2539  2539 D KeyguardUpdateMonitor: received broadcast android.intent.action.BATTERY_CHANGED
04-13 11:34:41.027  2862  2862 D NetworkSpeedTracker: receive actionandroid.intent.action.BATTERY_CHANGED
04-13 11:34:41.027  2862  2862 D NetworkSpeedTracker: onReceive ACTION_BATTERY_CHANGED mBatteryLevel = 33;mIsCharging =true
04-13 11:34:41.030  4115  4115 I BatteryInfoReceiver: ACTION_BATTERY_CHANGED
04-13 11:34:41.031  6036  6536 D PowerCheckerService: onBatteryChanged, mBatteryLevel = 33, status = 2, level = 33, plug = 2, scale = 100
04-13 11:34:41.033  2862  2862 D DeviceStatisticsService: chargerType=2 batteryLevel=33 totalBatteryCapacity=4311800
04-13 11:34:41.045  2539  2539 D KeyguardUpdateMonitor: received broadcast android.intent.action.BATTERY_CHANGED
04-13 11:34:41.046  2862  2862 D NetworkSpeedTracker: receive actionandroid.intent.action.BATTERY_CHANGED
04-13 11:34:41.046  2862  2862 D NetworkSpeedTracker: onReceive ACTION_BATTERY_CHANGED mBatteryLevel = 33;mIsCharging =true
04-13 11:34:41.049  6036  6536 D PowerCheckerService: onBatteryChanged, mBatteryLevel = 33, status = 2, level = 33, plug = 2, scale = 100
04-13 11:34:41.049  4115  4115 I BatteryInfoReceiver: ACTION_BATTERY_CHANGED
04-13 11:34:41.051  2862  2862 D DeviceStatisticsService: chargerType=2 batteryLevel=33 totalBatteryCapacity=4311800
04-13 11:34:41.070  2539  2539 D KeyguardUpdateMonitor: received broadcast android.intent.action.BATTERY_CHANGED
04-13 11:34:41.071  2862  2862 D NetworkSpeedTracker: receive actionandroid.intent.action.BATTERY_CHANGED
04-13 11:34:41.071  2862  2862 D NetworkSpeedTracker: onReceive ACTION_BATTERY_CHANGED mBatteryLevel = 33;mIsCharging =true
04-13 11:34:41.072  4115  4115 I BatteryInfoReceiver: ACTION_BATTERY_CHANGED
04-13 11:34:41.073  6036  6536 D PowerCheckerService: onBatteryChanged, mBatteryLevel = 33, status = 2, level = 33, plug = 2, scale = 100
04-13 11:34:41.078  2862  2862 D DeviceStatisticsService: chargerType=2 batteryLevel=33 totalBatteryCapacity=4311800
04-13 11:34:41.082  2539  2539 D KeyguardUpdateMonitor: received broadcast android.intent.action.BATTERY_CHANGED
04-13 11:34:41.083  2862  2862 D NetworkSpeedTracker: receive actionandroid.intent.action.BATTERY_CHANGED
04-13 11:34:41.083  2862  2862 D NetworkSpeedTracker: onReceive ACTION_BATTERY_CHANGED mBatteryLevel = 33;mIsCharging =true
04-13 11:34:41.087  4115  4115 I BatteryInfoReceiver: ACTION_BATTERY_CHANGED
04-13 11:34:41.087  2862  2862 D DeviceStatisticsService: chargerType=2 batteryLevel=33 totalBatteryCapacity=4311800
04-13 11:34:41.090  6036  6536 D PowerCheckerService: onBatteryChanged, mBatteryLevel = 33, status = 2, level = 33, plug = 2, scale = 100
04-13 11:34:41.122  2539  2539 D KeyguardUpdateMonitor: received broadcast android.intent.action.BATTERY_CHANGED
04-13 11:34:41.123  2862  2862 D NetworkSpeedTracker: receive actionandroid.intent.action.BATTERY_CHANGED
04-13 11:34:41.123  2862  2862 D NetworkSpeedTracker: onReceive ACTION_BATTERY_CHANGED mBatteryLevel = 33;mIsCharging =true
04-13 11:34:41.127  4115  4115 I BatteryInfoReceiver: ACTION_BATTERY_CHANGED
04-13 11:34:41.132  2862  2862 D DeviceStatisticsService: chargerType=2 batteryLevel=33 totalBatteryCapacity=4311800
04-13 11:34:41.133  6036  6536 D PowerCheckerService: onBatteryChanged, mBatteryLevel = 33, status = 2, level = 33, plug = 2, scale = 100
04-13 11:34:41.140  2539  2539 D KeyguardUpdateMonitor: received broadcast android.intent.action.BATTERY_CHANGED
04-13 11:34:41.141  2862  2862 D NetworkSpeedTracker: receive actionandroid.intent.action.BATTERY_CHANGED
04-13 11:34:41.141  2862  2862 D NetworkSpeedTracker: onReceive ACTION_BATTERY_CHANGED mBatteryLevel = 33;mIsCharging =true
04-13 11:34:41.143  4115  4115 I BatteryInfoReceiver: ACTION_BATTERY_CHANGED
04-13 11:34:41.144  6036  6536 D PowerCheckerService: onBatteryChanged, mBatteryLevel = 33, status = 2, level = 33, plug = 2, scale = 100
04-13 11:34:41.148  2862  2862 D DeviceStatisticsService: chargerType=2 batteryLevel=33 totalBatteryCapacity=4311800
04-13 11:34:41.159  2539  2539 D KeyguardUpdateMonitor: received broadcast android.intent.action.BATTERY_CHANGED
04-13 11:34:41.160  2862  2862 D NetworkSpeedTracker: receive actionandroid.intent.action.BATTERY_CHANGED
04-13 11:34:41.160  2862  2862 D NetworkSpeedTracker: onReceive ACTION_BATTERY_CHANGED mBatteryLevel = 33;mIsCharging =true
04-13 11:34:41.161  4115  4115 I BatteryInfoReceiver: ACTION_BATTERY_CHANGED
04-13 11:34:41.162  6036  6536 D PowerCheckerService: onBatteryChanged, mBatteryLevel = 33, status = 2, level = 33, plug = 2, scale = 100
04-13 11:34:41.166  2862  2862 D DeviceStatisticsService: chargerType=2 batteryLevel=33 totalBatteryCapacity=4311800
04-13 11:34:41.170  2539  2539 D KeyguardUpdateMonitor: received broadcast android.intent.action.BATTERY_CHANGED
04-13 11:34:41.170  2862  2862 D NetworkSpeedTracker: receive actionandroid.intent.action.BATTERY_CHANGED
04-13 11:34:41.171  2862  2862 D NetworkSpeedTracker: onReceive ACTION_BATTERY_CHANGED mBatteryLevel = 33;mIsCharging =true
04-13 11:34:41.172  4115  4115 I BatteryInfoReceiver: ACTION_BATTERY_CHANGED
04-13 11:34:41.172  6036  6536 D PowerCheckerService: onBatteryChanged, mBatteryLevel = 33, status = 2, level = 33, plug = 2, scale = 100
04-13 11:34:41.174  2862  2862 D DeviceStatisticsService: chargerType=2 batteryLevel=33 totalBatteryCapacity=4311800
04-13 11:34:41.205  2539  2539 D KeyguardUpdateMonitor: received broadcast android.intent.action.BATTERY_CHANGED
04-13 11:34:41.206  2862  2862 D NetworkSpeedTracker: receive actionandroid.intent.action.BATTERY_CHANGED
04-13 11:34:41.206  2862  2862 D NetworkSpeedTracker: onReceive ACTION_BATTERY_CHANGED mBatteryLevel = 33;mIsCharging =true
04-13 11:34:41.208  4115  4115 I BatteryInfoReceiver: ACTION_BATTERY_CHANGED
04-13 11:34:41.209  6036  6536 D PowerCheckerService: onBatteryChanged, mBatteryLevel = 33, status = 2, level = 33, plug = 2, scale = 100
04-13 11:34:41.220  2862  2862 D DeviceStatisticsService: chargerType=2 batteryLevel=33 totalBatteryCapacity=4311800
04-13 11:34:41.222  2539  2539 D KeyguardUpdateMonitor: received broadcast android.intent.action.BATTERY_CHANGED
04-13 11:34:41.223  2862  2862 D NetworkSpeedTracker: receive actionandroid.intent.action.BATTERY_CHANGED
04-13 11:34:41.223  2862  2862 D NetworkSpeedTracker: onReceive ACTION_BATTERY_CHANGED mBatteryLevel = 33;mIsCharging =true
04-13 11:34:41.224  4115  4115 I BatteryInfoReceiver: ACTION_BATTERY_CHANGED
04-13 11:34:41.226  6036  6536 D PowerCheckerService: onBatteryChanged, mBatteryLevel = 33, status = 2, level = 33, plug = 2, scale = 100
04-13 11:34:41.230  2862  2862 D DeviceStatisticsService: chargerType=2 batteryLevel=33 totalBatteryCapacity=4311800
04-13 11:34:41.247  2539  2539 D KeyguardUpdateMonitor: received broadcast android.intent.action.BATTERY_CHANGED
04-13 11:34:41.248  2862  2862 D NetworkSpeedTracker: receive actionandroid.intent.action.BATTERY_CHANGED
04-13 11:34:41.248  2862  2862 D NetworkSpeedTracker: onReceive ACTION_BATTERY_CHANGED mBatteryLevel = 33;mIsCharging =true
04-13 11:34:41.249  4115  4115 I BatteryInfoReceiver: ACTION_BATTERY_CHANGED
04-13 11:34:41.251  6036  6536 D PowerCheckerService: onBatteryChanged, mBatteryLevel = 33, status = 2, level = 33, plug = 2, scale = 100
04-13 11:34:41.254  2862  2862 D DeviceStatisticsService: chargerType=2 batteryLevel=33 totalBatteryCapacity=4311800
04-13 11:34:41.260  2539  2539 D KeyguardUpdateMonitor: received broadcast android.intent.action.BATTERY_CHANGED
04-13 11:34:41.261  2862  2862 D NetworkSpeedTracker: receive actionandroid.intent.action.BATTERY_CHANGED
04-13 11:34:41.261  2862  2862 D NetworkSpeedTracker: onReceive ACTION_BATTERY_CHANGED mBatteryLevel = 33;mIsCharging =true
04-13 11:34:41.263  4115  4115 I BatteryInfoReceiver: ACTION_BATTERY_CHANGED
04-13 11:34:41.264  6036  6536 D PowerCheckerService: onBatteryChanged, mBatteryLevel = 33, status = 2, level = 33, plug = 2, scale = 100
04-13 11:34:41.266  2862  2862 D DeviceStatisticsService: chargerType=2 batteryLevel=33 totalBatteryCapacity=4311800
04-13 11:34:41.276 30723 30723 E ctxmgr  : [BaseServerTask]Server task (GetConfigTask) got error statusCode=-1.
04-13 11:34:41.276 30723 30723 E ctxmgr  : com.android.volley.NoConnectionError: java.net.ConnectException: Failed to connect to www.googleapis.com/216.58.200.234:443
04-13 11:34:41.276 30723 30723 E ctxmgr  : 	at com.android.volley.toolbox.BasicNetwork.performRequest(:com.google.android.gms@14367039@14.3.67 (100408-216465562):40)
04-13 11:34:41.276 30723 30723 E ctxmgr  : 	at pyw.performRequest(:com.google.android.gms@14367039@14.3.67 (100408-216465562):13)
04-13 11:34:41.276 30723 30723 E ctxmgr  : 	at com.android.volley.NetworkDispatcher.a(:com.google.android.gms@14367039@14.3.67 (100408-216465562):6)
04-13 11:34:41.276 30723 30723 E ctxmgr  : 	at com.android.volley.NetworkDispatcher.run(:com.google.android.gms@14367039@14.3.67 (100408-216465562):2)
04-13 11:34:41.276 30723 30723 E ctxmgr  : Caused by: java.net.ConnectException: Failed to connect to www.googleapis.com/216.58.200.234:443
04-13 11:34:41.276 30723 30723 E ctxmgr  : 	at com.android.okhttp.internal.io.RealConnection.connectSocket(RealConnection.java:147)
04-13 11:34:41.276 30723 30723 E ctxmgr  : 	at com.android.okhttp.internal.io.RealConnection.connect(RealConnection.java:116)
04-13 11:34:41.276 30723 30723 E ctxmgr  : 	at com.android.okhttp.internal.http.StreamAllocation.findConnection(StreamAllocation.java:186)
04-13 11:34:41.276 30723 30723 E ctxmgr  : 	at com.android.okhttp.internal.http.StreamAllocation.findHealthyConnection(StreamAllocation.java:128)
04-13 11:34:41.276 30723 30723 E ctxmgr  : 	at com.android.okhttp.internal.http.StreamAllocation.newStream(StreamAllocation.java:97)
04-13 11:34:41.276 30723 30723 E ctxmgr  : 	at com.android.okhttp.internal.http.HttpEngine.connect(HttpEngine.java:289)
04-13 11:34:41.276 30723 30723 E ctxmgr  : 	at com.android.okhttp.internal.http.HttpEngine.sendRequest(HttpEngine.java:232)
04-13 11:34:41.276 30723 30723 E ctxmgr  : 	at com.android.okhttp.internal.huc.HttpURLConnectionImpl.execute(HttpURLConnectionImpl.java:465)
04-13 11:34:41.276 30723 30723 E ctxmgr  : 	at com.android.okhttp.internal.huc.HttpURLConnectionImpl.connect(HttpURLConnectionImpl.java:131)
04-13 11:34:41.276 30723 30723 E ctxmgr  : 	at com.android.okhttp.internal.huc.HttpURLConnectionImpl.getOutputStream(HttpURLConnectionImpl.java:262)
04-13 11:34:41.276 30723 30723 E ctxmgr  : 	at com.android.okhttp.internal.huc.DelegatingHttpsURLConnection.getOutputStream(DelegatingHttpsURLConnection.java:219)
04-13 11:34:41.276 30723 30723 E ctxmgr  : 	at com.android.okhttp.internal.huc.HttpsURLConnectionImpl.getOutputStream(HttpsURLConnectionImpl.java:30)
04-13 11:34:41.276 30723 30723 E ctxmgr  : 	at yuk.a(:com.google.android.gms@14367039@14.3.67 (100408-216465562):38)
04-13 11:34:41.276 30723 30723 E ctxmgr  : 	at yuk.execute(:com.google.android.gms@14367039@14.3.67 (100408-216465562):8)
04-13 11:34:41.276 30723 30723 E ctxmgr  : 	at yuk.execute(:com.google.android.gms@14367039@14.3.67 (100408-216465562):7)
04-13 11:34:41.276 30723 30723 E ctxmgr  : 	at com.android.volley.toolbox.HttpClientStack.performRequest(:com.google.android.gms@14367039@14.3.67 (100408-216465562):10)
04-13 11:34:41.276 30723 30723 E ctxmgr  : 	at pyv.performRequest(:com.google.android.gms@14367039@14.3.67 (100408-216465562):1)
04-13 11:34:41.276 30723 30723 E ctxmgr  : 	at boc.executeRequest(:com.google.android.gms@14367039@14.3.67 (100408-216465562):1)
04-13 11:34:41.276 30723 30723 E ctxmgr  : 	at com.android.volley.toolbox.BasicNetwork.performRequest(:com.google.android.gms@14367039@14.3.67 (100408-216465562):9)
04-13 11:34:41.276 30723 30723 E ctxmgr  : 	... 3 more
04-13 11:34:41.280   821  5903 I /vendor/bin/hw/vendor.qti.hardware.servicetracker@1.1-service: bindService is called for service : com.google.android.gms/.chimera.PersistentDirectBootAwareApiService and for client com.google.android.gms.persistent
04-13 11:34:41.280   821  5903 I /vendor/bin/hw/vendor.qti.hardware.servicetracker@1.1-service: total connections for service : com.google.android.gms/.chimera.PersistentDirectBootAwareApiServiceare :1
04-13 11:34:41.281   821  5903 I /vendor/bin/hw/vendor.qti.hardware.servicetracker@1.1-service: total connections for client : com.google.android.gms.persistentare :4
04-13 11:34:41.282 30723 17587 E ctxmgr  : [DailyCheckinOperation]Failed daily get config: network status=-1
04-13 11:34:41.283  1571  4117 D CompatibilityInfo: mCompatibilityFlags - 0
04-13 11:34:41.283  1571  4117 D CompatibilityInfo: applicationDensity - 440
04-13 11:34:41.283  1571  4117 D CompatibilityInfo: applicationScale - 1.0
04-13 11:34:41.285   821  5903 I /vendor/bin/hw/vendor.qti.hardware.servicetracker@1.1-service: startService() is called for servicecom.google.android.gms/.chimera.PersistentDirectBootAwareApiService
04-13 11:34:41.293  2539  2539 D KeyguardUpdateMonitor: received broadcast android.intent.action.BATTERY_CHANGED
04-13 11:34:41.294  2862  2862 D NetworkSpeedTracker: receive actionandroid.intent.action.BATTERY_CHANGED
04-13 11:34:41.294  2862  2862 D NetworkSpeedTracker: onReceive ACTION_BATTERY_CHANGED mBatteryLevel = 33;mIsCharging =true
04-13 11:34:41.296  4115  4115 I BatteryInfoReceiver: ACTION_BATTERY_CHANGED
04-13 11:34:41.297  6036  6536 D PowerCheckerService: onBatteryChanged, mBatteryLevel = 33, status = 2, level = 33, plug = 2, scale = 100
04-13 11:34:41.299  2862  2862 D DeviceStatisticsService: chargerType=2 batteryLevel=33 totalBatteryCapacity=4311800
04-13 11:34:41.309  2539  2539 D KeyguardUpdateMonitor: received broadcast android.intent.action.BATTERY_CHANGED
04-13 11:34:41.309  2862  2862 D NetworkSpeedTracker: receive actionandroid.intent.action.BATTERY_CHANGED
04-13 11:34:41.309  2862  2862 D NetworkSpeedTracker: onReceive ACTION_BATTERY_CHANGED mBatteryLevel = 33;mIsCharging =true
04-13 11:34:41.311  4115  4115 I BatteryInfoReceiver: ACTION_BATTERY_CHANGED
04-13 11:34:41.312  6036  6536 D PowerCheckerService: onBatteryChanged, mBatteryLevel = 33, status = 2, level = 33, plug = 2, scale = 100
04-13 11:34:41.314  2862  2862 D DeviceStatisticsService: chargerType=2 batteryLevel=33 totalBatteryCapacity=4311800
04-13 11:34:41.336  2539  2539 D KeyguardUpdateMonitor: received broadcast android.intent.action.BATTERY_CHANGED
04-13 11:34:41.336  2862  2862 D NetworkSpeedTracker: receive actionandroid.intent.action.BATTERY_CHANGED
04-13 11:34:41.337  2862  2862 D NetworkSpeedTracker: onReceive ACTION_BATTERY_CHANGED mBatteryLevel = 33;mIsCharging =true
04-13 11:34:41.338  4115  4115 I BatteryInfoReceiver: ACTION_BATTERY_CHANGED
04-13 11:34:41.339  6036  6536 D PowerCheckerService: onBatteryChanged, mBatteryLevel = 33, status = 2, level = 33, plug = 2, scale = 100
04-13 11:34:41.342  2862  2862 D DeviceStatisticsService: chargerType=2 batteryLevel=33 totalBatteryCapacity=4311800
04-13 11:34:41.350  2539  2539 D KeyguardUpdateMonitor: received broadcast android.intent.action.BATTERY_CHANGED
04-13 11:34:41.350  2862  2862 D NetworkSpeedTracker: receive actionandroid.intent.action.BATTERY_CHANGED
04-13 11:34:41.350  2862  2862 D NetworkSpeedTracker: onReceive ACTION_BATTERY_CHANGED mBatteryLevel = 33;mIsCharging =true
04-13 11:34:41.352  4115  4115 I BatteryInfoReceiver: ACTION_BATTERY_CHANGED
04-13 11:34:41.352  6036  6536 D PowerCheckerService: onBatteryChanged, mBatteryLevel = 33, status = 2, level = 33, plug = 2, scale = 100
04-13 11:34:41.355  2862  2862 D DeviceStatisticsService: chargerType=2 batteryLevel=33 totalBatteryCapacity=4311800
04-13 11:34:41.382  2539  2539 D KeyguardUpdateMonitor: received broadcast android.intent.action.BATTERY_CHANGED
04-13 11:34:41.382  2862  2862 D NetworkSpeedTracker: receive actionandroid.intent.action.BATTERY_CHANGED
04-13 11:34:41.382  2862  2862 D NetworkSpeedTracker: onReceive ACTION_BATTERY_CHANGED mBatteryLevel = 33;mIsCharging =true
04-13 11:34:41.385  4115  4115 I BatteryInfoReceiver: ACTION_BATTERY_CHANGED
04-13 11:34:41.386  6036  6536 D PowerCheckerService: onBatteryChanged, mBatteryLevel = 33, status = 2, level = 33, plug = 2, scale = 100
04-13 11:34:41.387  2862  2862 D DeviceStatisticsService: chargerType=2 batteryLevel=33 totalBatteryCapacity=4311800
04-13 11:34:41.394  2539  2539 D KeyguardUpdateMonitor: received broadcast android.intent.action.BATTERY_CHANGED
04-13 11:34:41.395  2862  2862 D NetworkSpeedTracker: receive actionandroid.intent.action.BATTERY_CHANGED
04-13 11:34:41.395  2862  2862 D NetworkSpeedTracker: onReceive ACTION_BATTERY_CHANGED mBatteryLevel = 33;mIsCharging =true
04-13 11:34:41.398  4115  4115 I BatteryInfoReceiver: ACTION_BATTERY_CHANGED
04-13 11:34:41.399  6036  6536 D PowerCheckerService: onBatteryChanged, mBatteryLevel = 33, status = 2, level = 33, plug = 2, scale = 100
04-13 11:34:41.402  2862  2862 D DeviceStatisticsService: chargerType=2 batteryLevel=33 totalBatteryCapacity=4311800
04-13 11:34:41.423  2539  2539 D KeyguardUpdateMonitor: received broadcast android.intent.action.BATTERY_CHANGED
04-13 11:34:41.423  2862  2862 D NetworkSpeedTracker: receive actionandroid.intent.action.BATTERY_CHANGED
04-13 11:34:41.423  2862  2862 D NetworkSpeedTracker: onReceive ACTION_BATTERY_CHANGED mBatteryLevel = 33;mIsCharging =true
04-13 11:34:41.424  4115  4115 I BatteryInfoReceiver: ACTION_BATTERY_CHANGED
04-13 11:34:41.426  6036  6536 D PowerCheckerService: onBatteryChanged, mBatteryLevel = 33, status = 2, level = 33, plug = 2, scale = 100
04-13 11:34:41.431  2862  2862 D DeviceStatisticsService: chargerType=2 batteryLevel=33 totalBatteryCapacity=4311800
04-13 11:34:41.433  2539  2539 D KeyguardUpdateMonitor: received broadcast android.intent.action.BATTERY_CHANGED
04-13 11:34:41.434  2862  2862 D NetworkSpeedTracker: receive actionandroid.intent.action.BATTERY_CHANGED
04-13 11:34:41.434  2862  2862 D NetworkSpeedTracker: onReceive ACTION_BATTERY_CHANGED mBatteryLevel = 33;mIsCharging =true
04-13 11:34:41.435  4115  4115 I BatteryInfoReceiver: ACTION_BATTERY_CHANGED
04-13 11:34:41.436  6036  6536 D PowerCheckerService: onBatteryChanged, mBatteryLevel = 33, status = 2, level = 33, plug = 2, scale = 100
04-13 11:34:41.437  2862  2862 D DeviceStatisticsService: chargerType=2 batteryLevel=33 totalBatteryCapacity=4311800
04-13 11:34:41.470  2539  2539 D KeyguardUpdateMonitor: received broadcast android.intent.action.BATTERY_CHANGED
04-13 11:34:41.471  2862  2862 D NetworkSpeedTracker: receive actionandroid.intent.action.BATTERY_CHANGED
04-13 11:34:41.471  2862  2862 D NetworkSpeedTracker: onReceive ACTION_BATTERY_CHANGED mBatteryLevel = 33;mIsCharging =true
04-13 11:34:41.473  4115  4115 I BatteryInfoReceiver: ACTION_BATTERY_CHANGED
04-13 11:34:41.473  6036  6536 D PowerCheckerService: onBatteryChanged, mBatteryLevel = 33, status = 2, level = 33, plug = 2, scale = 100
04-13 11:34:41.474  2862  2862 D DeviceStatisticsService: chargerType=2 batteryLevel=33 totalBatteryCapacity=4311800
04-13 11:34:41.480  2539  2539 D KeyguardUpdateMonitor: received broadcast android.intent.action.BATTERY_CHANGED
04-13 11:34:41.480  2862  2862 D NetworkSpeedTracker: receive actionandroid.intent.action.BATTERY_CHANGED
04-13 11:34:41.480  2862  2862 D NetworkSpeedTracker: onReceive ACTION_BATTERY_CHANGED mBatteryLevel = 33;mIsCharging =true
04-13 11:34:41.482  4115  4115 I BatteryInfoReceiver: ACTION_BATTERY_CHANGED
04-13 11:34:41.484  6036  6536 D PowerCheckerService: onBatteryChanged, mBatteryLevel = 33, status = 2, level = 33, plug = 2, scale = 100
04-13 11:34:41.485  2862  2862 D DeviceStatisticsService: chargerType=2 batteryLevel=33 totalBatteryCapacity=4311800
04-13 11:34:41.525  2539  2539 D KeyguardUpdateMonitor: received broadcast android.intent.action.BATTERY_CHANGED
04-13 11:34:41.527  2862  2862 D NetworkSpeedTracker: receive actionandroid.intent.action.BATTERY_CHANGED
04-13 11:34:41.527  2862  2862 D NetworkSpeedTracker: onReceive ACTION_BATTERY_CHANGED mBatteryLevel = 33;mIsCharging =true
04-13 11:34:41.529  4115  4115 I BatteryInfoReceiver: ACTION_BATTERY_CHANGED
04-13 11:34:41.531  6036  6536 D PowerCheckerService: onBatteryChanged, mBatteryLevel = 33, status = 2, level = 33, plug = 2, scale = 100
04-13 11:34:41.535  2862  2862 D DeviceStatisticsService: chargerType=2 batteryLevel=33 totalBatteryCapacity=4311800
04-13 11:34:41.549  4115  4115 I BatteryInfoReceiver: ACTION_BATTERY_CHANGED
04-13 11:34:41.550  6036  6536 D PowerCheckerService: onBatteryChanged, mBatteryLevel = 33, status = 2, level = 33, plug = 2, scale = 100
04-13 11:34:41.551  2862  2862 D NetworkSpeedTracker: receive actionandroid.intent.action.BATTERY_CHANGED
04-13 11:34:41.551  2862  2862 D NetworkSpeedTracker: onReceive ACTION_BATTERY_CHANGED mBatteryLevel = 33;mIsCharging =true
04-13 11:34:41.552  2539  2539 D KeyguardUpdateMonitor: received broadcast android.intent.action.BATTERY_CHANGED
04-13 11:34:41.555  2862  2862 D DeviceStatisticsService: chargerType=2 batteryLevel=33 totalBatteryCapacity=4311800
04-13 11:34:41.559  2539  2539 D KeyguardUpdateMonitor: received broadcast android.intent.action.BATTERY_CHANGED
04-13 11:34:41.559  2862  2862 D NetworkSpeedTracker: receive actionandroid.intent.action.BATTERY_CHANGED
04-13 11:34:41.560  2862  2862 D NetworkSpeedTracker: onReceive ACTION_BATTERY_CHANGED mBatteryLevel = 33;mIsCharging =true
04-13 11:34:41.562  6036  6536 D PowerCheckerService: onBatteryChanged, mBatteryLevel = 33, status = 2, level = 33, plug = 2, scale = 100
04-13 11:34:41.564  4115  4115 I BatteryInfoReceiver: ACTION_BATTERY_CHANGED
04-13 11:34:41.565  2862  2862 D DeviceStatisticsService: chargerType=2 batteryLevel=33 totalBatteryCapacity=4311800
04-13 11:34:41.571  2539  2539 D KeyguardUpdateMonitor: received broadcast android.intent.action.BATTERY_CHANGED
04-13 11:34:41.571  2862  2862 D NetworkSpeedTracker: receive actionandroid.intent.action.BATTERY_CHANGED
04-13 11:34:41.571  2862  2862 D NetworkSpeedTracker: onReceive ACTION_BATTERY_CHANGED mBatteryLevel = 33;mIsCharging =true
04-13 11:34:41.573  4115  4115 I BatteryInfoReceiver: ACTION_BATTERY_CHANGED
04-13 11:34:41.573  6036  6536 D PowerCheckerService: onBatteryChanged, mBatteryLevel = 33, status = 2, level = 33, plug = 2, scale = 100
04-13 11:34:41.574  2862  2862 D DeviceStatisticsService: chargerType=2 batteryLevel=33 totalBatteryCapacity=4311800
04-13 11:34:41.579 18403 18557 I SocketReaderNew: SocketReader(13873) continue
04-13 11:34:41.579 18403 18557 D MSF.C.NetConnTag: MsfCoreSocketReaderNew closeConn readError
04-13 11:34:41.579 18403 18557 D MSF.C.NetConnTag: conn is already closed on readError
04-13 11:34:41.579 18403 18557 W System.err: java.net.SocketException: Socket is closed
04-13 11:34:41.579 18403 18557 W System.err: 	at java.net.Socket.getSoTimeout(Socket.java:1196)
04-13 11:34:41.579 18403 18557 W System.err: 	at com.tencent.qphone.base.util.MsfSocketInputBuffer.isDataAvailable(P:71)
04-13 11:34:41.579 18403 18557 W System.err: 	at com.tencent.mobileqq.msf.core.net.m$b.run(P:478)
04-13 11:34:41.579 18403 18557 I SocketReaderNew: SocketReader(13873) wait
04-13 11:34:41.602  2539  2539 D KeyguardUpdateMonitor: received broadcast android.intent.action.BATTERY_CHANGED
04-13 11:34:41.604  2862  2862 D NetworkSpeedTracker: receive actionandroid.intent.action.BATTERY_CHANGED
