04-01 17:45:43.686  2539  2539 D KeyguardUpdateMonitor: received broadcast android.intent.action.BATTERY_CHANGED
04-01 17:45:43.686  2862  2862 D NetworkSpeedTracker: receive actionandroid.intent.action.BATTERY_CHANGED
04-01 17:45:43.686  2862  2862 D NetworkSpeedTracker: onReceive ACTION_BATTERY_CHANGED mBatteryLevel = 49;mIsCharging =true
04-01 17:45:43.687  4115  4115 I BatteryInfoReceiver: ACTION_BATTERY_CHANGED
04-01 17:45:43.688   805 28628 I WifiHAL : event received NL80211_CMD_VENDOR, vendor_id = 0x1374, subcmd = 0x6b
04-01 17:45:43.688  6036  6536 D PowerCheckerService: onBatteryChanged, mBatteryLevel = 49, status = 2, level = 49, plug = 2, scale = 100
04-01 17:45:43.692  1193  1193 I cnss-daemon: nl80211 response handler invoked
04-01 17:45:43.692  1193  1193 I cnss-daemon: nl80211_response_handler: cmd 103, vendorID 4980, subcmd 107  received
04-01 17:45:43.695 28619 28619 I wpa_supplicant: P2P-DEVICE-FOUND d6:ab:cd:e7:38:06 p2p_dev_addr=d6:ab:cd:e7:38:06 pri_dev_type=10-0050F204-5 name='TV' config_methods=0x88 dev_capab=0x25 group_capab=0x0 wfd_dev_info=0x00111c440032 vendor_elems=1 new=0
04-01 17:45:43.696  2862  2862 D DeviceStatisticsService: chargerType=2 batteryLevel=49 totalBatteryCapacity=4585000
04-01 17:45:43.754  2539  2539 D KeyguardUpdateMonitor: received broadcast android.intent.action.BATTERY_CHANGED
04-01 17:45:43.754  2862  2862 D NetworkSpeedTracker: receive actionandroid.intent.action.BATTERY_CHANGED
04-01 17:45:43.755  2862  2862 D NetworkSpeedTracker: onReceive ACTION_BATTERY_CHANGED mBatteryLevel = 49;mIsCharging =true
04-01 17:45:43.756  6036  6536 D PowerCheckerService: onBatteryChanged, mBatteryLevel = 49, status = 2, level = 49, plug = 2, scale = 100
04-01 17:45:43.756  4115  4115 I BatteryInfoReceiver: ACTION_BATTERY_CHANGED
04-01 17:45:43.760  6036  6536 D PowerCheckerService: onBatteryChanged, mBatteryLevel = 49, status = 2, level = 49, plug = 2, scale = 100
04-01 17:45:43.761  2539  2539 D KeyguardUpdateMonitor: received broadcast android.intent.action.BATTERY_CHANGED
04-01 17:45:43.766  4115  4115 I BatteryInfoReceiver: ACTION_BATTERY_CHANGED
04-01 17:45:43.770  2862  2862 D DeviceStatisticsService: chargerType=2 batteryLevel=49 totalBatteryCapacity=4585000
04-01 17:45:43.771  2862  2862 D NetworkSpeedTracker: receive actionandroid.intent.action.BATTERY_CHANGED
04-01 17:45:43.771  2862  2862 D NetworkSpeedTracker: onReceive ACTION_BATTERY_CHANGED mBatteryLevel = 49;mIsCharging =true
04-01 17:45:43.779  2862  2862 D DeviceStatisticsService: chargerType=2 batteryLevel=49 totalBatteryCapacity=4585000
04-01 17:45:43.789  2539  2539 D KeyguardUpdateMonitor: received broadcast android.intent.action.BATTERY_CHANGED
04-01 17:45:43.790  2862  2862 D NetworkSpeedTracker: receive actionandroid.intent.action.BATTERY_CHANGED
04-01 17:45:43.790  2862  2862 D NetworkSpeedTracker: onReceive ACTION_BATTERY_CHANGED mBatteryLevel = 49;mIsCharging =true
04-01 17:45:43.792  6036  6536 D PowerCheckerService: onBatteryChanged, mBatteryLevel = 49, status = 2, level = 49, plug = 2, scale = 100
04-01 17:45:43.793  4115  4115 I BatteryInfoReceiver: ACTION_BATTERY_CHANGED
04-01 17:45:43.795  2862  2862 D DeviceStatisticsService: chargerType=2 batteryLevel=49 totalBatteryCapacity=4585000
04-01 17:45:43.832  2539  2539 D KeyguardUpdateMonitor: received broadcast android.intent.action.BATTERY_CHANGED
04-01 17:45:43.833  2862  2862 D NetworkSpeedTracker: receive actionandroid.intent.action.BATTERY_CHANGED
04-01 17:45:43.833  2862  2862 D NetworkSpeedTracker: onReceive ACTION_BATTERY_CHANGED mBatteryLevel = 49;mIsCharging =true
04-01 17:45:43.834  4115  4115 I BatteryInfoReceiver: ACTION_BATTERY_CHANGED
04-01 17:45:43.836  6036  6536 D PowerCheckerService: onBatteryChanged, mBatteryLevel = 49, status = 2, level = 49, plug = 2, scale = 100
04-01 17:45:43.841  2862  2862 D DeviceStatisticsService: chargerType=2 batteryLevel=49 totalBatteryCapacity=4585000
04-01 17:45:43.843  2539  2539 D KeyguardUpdateMonitor: received broadcast android.intent.action.BATTERY_CHANGED
04-01 17:45:43.844  2862  2862 D NetworkSpeedTracker: receive actionandroid.intent.action.BATTERY_CHANGED
04-01 17:45:43.844  2862  2862 D NetworkSpeedTracker: onReceive ACTION_BATTERY_CHANGED mBatteryLevel = 49;mIsCharging =true
04-01 17:45:43.845  4115  4115 I BatteryInfoReceiver: ACTION_BATTERY_CHANGED
04-01 17:45:43.846  6036  6536 D PowerCheckerService: onBatteryChanged, mBatteryLevel = 49, status = 2, level = 49, plug = 2, scale = 100
04-01 17:45:43.849  2862  2862 D DeviceStatisticsService: chargerType=2 batteryLevel=49 totalBatteryCapacity=4585000
04-01 17:45:43.861  2539  2539 D KeyguardUpdateMonitor: received broadcast android.intent.action.BATTERY_CHANGED
04-01 17:45:43.861  2862  2862 D NetworkSpeedTracker: receive actionandroid.intent.action.BATTERY_CHANGED
04-01 17:45:43.861  2862  2862 D NetworkSpeedTracker: onReceive ACTION_BATTERY_CHANGED mBatteryLevel = 49;mIsCharging =true
04-01 17:45:43.863  4115  4115 I BatteryInfoReceiver: ACTION_BATTERY_CHANGED
04-01 17:45:43.864  6036  6536 D PowerCheckerService: onBatteryChanged, mBatteryLevel = 49, status = 2, level = 49, plug = 2, scale = 100
04-01 17:45:43.871  2862  2862 D DeviceStatisticsService: chargerType=2 batteryLevel=49 totalBatteryCapacity=4585000
04-01 17:45:43.873  2539  2539 D KeyguardUpdateMonitor: received broadcast android.intent.action.BATTERY_CHANGED
04-01 17:45:43.874  2862  2862 D NetworkSpeedTracker: receive actionandroid.intent.action.BATTERY_CHANGED
04-01 17:45:43.874  2862  2862 D NetworkSpeedTracker: onReceive ACTION_BATTERY_CHANGED mBatteryLevel = 49;mIsCharging =true
04-01 17:45:43.875  4115  4115 I BatteryInfoReceiver: ACTION_BATTERY_CHANGED
04-01 17:45:43.876  6036  6536 D PowerCheckerService: onBatteryChanged, mBatteryLevel = 49, status = 2, level = 49, plug = 2, scale = 100
04-01 17:45:43.881  2862  2862 D DeviceStatisticsService: chargerType=2 batteryLevel=49 totalBatteryCapacity=4585000
04-01 17:45:43.882  5568  5602 I appium  : AppiumResponse: {"sessionId":"3d995efd-5a17-4991-8482-f6efeaa0fe6d","value":null}
04-01 17:45:43.899  5568  5602 I appium  : channel read: POST /wd/hub/session/3d995efd-5a17-4991-8482-f6efeaa0fe6d/element
04-01 17:45:43.901  5568  5602 I appium  : FindElement command
04-01 17:45:43.905  5568  5602 I appium  : method: 'xpath', selector: '//*[@text="aaa"]', contextId: ''
04-01 17:45:43.905  5568  5602 I appium  : Waiting up to 10000ms for the device to idle
04-01 17:45:43.908  5568  5602 I appium  : The following attributes will be included to the page source: [text]
04-01 17:45:43.909  2539  2539 D KeyguardUpdateMonitor: received broadcast android.intent.action.BATTERY_CHANGED
04-01 17:45:43.910  2862  2862 D NetworkSpeedTracker: receive actionandroid.intent.action.BATTERY_CHANGED
04-01 17:45:43.910  2862  2862 D NetworkSpeedTracker: onReceive ACTION_BATTERY_CHANGED mBatteryLevel = 49;mIsCharging =true
04-01 17:45:43.910  4115  4115 I BatteryInfoReceiver: ACTION_BATTERY_CHANGED
04-01 17:45:43.912  6036  6536 D PowerCheckerService: onBatteryChanged, mBatteryLevel = 49, status = 2, level = 49, plug = 2, scale = 100
04-01 17:45:43.915  2862  2862 D DeviceStatisticsService: chargerType=2 batteryLevel=49 totalBatteryCapacity=4585000
04-01 17:45:43.918  2539  2539 D KeyguardUpdateMonitor: received broadcast android.intent.action.BATTERY_CHANGED
04-01 17:45:43.919  2862  2862 D NetworkSpeedTracker: receive actionandroid.intent.action.BATTERY_CHANGED
04-01 17:45:43.919  2862  2862 D NetworkSpeedTracker: onReceive ACTION_BATTERY_CHANGED mBatteryLevel = 49;mIsCharging =true
04-01 17:45:43.921  6036  6536 D PowerCheckerService: onBatteryChanged, mBatteryLevel = 49, status = 2, level = 49, plug = 2, scale = 100
04-01 17:45:43.921  4115  4115 I BatteryInfoReceiver: ACTION_BATTERY_CHANGED
04-01 17:45:43.925  2862  2862 D DeviceStatisticsService: chargerType=2 batteryLevel=49 totalBatteryCapacity=4585000
04-01 17:45:43.951  2539  2539 D KeyguardUpdateMonitor: received broadcast android.intent.action.BATTERY_CHANGED
04-01 17:45:43.952  2862  2862 D NetworkSpeedTracker: receive actionandroid.intent.action.BATTERY_CHANGED
04-01 17:45:43.952  2862  2862 D NetworkSpeedTracker: onReceive ACTION_BATTERY_CHANGED mBatteryLevel = 49;mIsCharging =true
04-01 17:45:43.954  4115  4115 I BatteryInfoReceiver: ACTION_BATTERY_CHANGED
04-01 17:45:43.957  6036  6536 D PowerCheckerService: onBatteryChanged, mBatteryLevel = 49, status = 2, level = 49, plug = 2, scale = 100
04-01 17:45:43.963  2862  2862 D DeviceStatisticsService: chargerType=2 batteryLevel=49 totalBatteryCapacity=4585000
04-01 17:45:43.966  5568  5602 I appium  : Took 4ms to retrieve 0 matches for '//*[@text="aaa"]' XPath query
04-01 17:45:43.969  5568  5602 I appium  : AppiumResponse: {"sessionId":"3d995efd-5a17-4991-8482-f6efeaa0fe6d","value":{"error":"no such element","message":"An element could not be located on the page using the given search parameters","stacktrace":"io.appium.uiautomator2.common.exceptions.ElementNotFoundException: An element could not be located on the page using the given search parameters\n\tat io.appium.uiautomator2.handler.FindElement.findElement(FindElement.java:91)\n\tat io.appium.uiautomator2.handler.FindElement.safeHandle(FindElement.java:68)\n\tat io.appium.uiautomator2.handler.request.SafeRequestHandler.handle(SafeRequestHandler.java:41)\n\tat io.appium.uiautomator2.server.AppiumServlet.handleRequest(AppiumServlet.java:261)\n\tat io.appium.uiautomator2.server.AppiumServlet.handleHttpRequest(AppiumServlet.java:255)\n\tat io.appium.uiautomator2.http.ServerHandler.channelRead(ServerHandler.java:68)\n\tat io.netty.channel.AbstractChannelHandlerContext.invokeChannelRead(AbstractChannelHandlerContext.java:366)\n\tat io.netty.channel.AbstractChannelHandlerContext.invokeChannelRead(AbstractChannelHandlerContext.java:352)\n\tat io.netty.channel.AbstractChannelHandlerContext.fireChannelRead(AbstractChannelHandlerContext.java:345)\n\tat io.netty.handler.codec.MessageToMessageDecoder.channelRead(MessageToMessageDecoder.java:102)\n\tat io.netty.channel.AbstractChannelHandlerContext.invokeChannelRead(AbstractChannelHandlerContext.java:366)\n\tat io.netty.channel.AbstractChannelHandlerContext.invokeChannelRead(AbstractChannelHandlerContext.java:352)\n\tat io.netty.channel.AbstractChannelHandlerContext.fireChannelRead(AbstractChannelHandlerContext.java:345)\n\tat io.netty.channel.CombinedChannelDuplexHandler$DelegatingChannelHandlerContext.fireChannelRead(CombinedChannelDuplexHandler.java:435)\n\tat io.netty.handler.codec.ByteToMessageDecoder.fireChannelRead(ByteToMessageDecoder.java:293)\n\tat io.netty.handler.codec.ByteToMessageDecoder.channelRead(ByteToMessageDecoder.java:267)\n\tat io.netty.channel.CombinedChannelDuplexHandler.channelRead(CombinedChannelDuplexHandler.java:250)\n\tat io.netty.channel.AbstractChannelHandlerContext.invokeChannelRead(AbstractChannelHandlerContext.java:366)\n\tat io.netty.channel.AbstractChannelHandlerContext.invokeChannelRead(AbstractChannelHandlerContext.java:352)\n\tat io.netty.channel.AbstractChannelHandlerContext.fireChannelRead(AbstractChannelHandlerContext.java:345)\n\tat io.netty.handler.timeout.IdleStateHandler.channelRead(IdleStateHandler.java:266)\n\tat io.netty.channel.AbstractChannelHandlerContext.invokeChannelRead(AbstractChannelHandlerContext.java:366)\n\tat io.netty.channel.AbstractChannelHandlerContext.invokeChannelRead(AbstractChannelHandlerContext.java:352)\n\tat io.netty.channel.AbstractChannelHandlerContext.fireChannelRead(AbstractChannelHandlerContext.java:345)\n\tat io.netty.channel.DefaultChannelPipeline$HeadContext.channelRead(DefaultChannelPipeline.java:1294)\n\tat io.netty.channel.AbstractChannelHandlerContext.invokeChannelRead(AbstractChannelHandlerContext.java:366)\n\tat io.netty.channel.AbstractChannelHandlerContext.invokeChannelRead(AbstractChannelHandlerContext.java:352)\n\tat io.netty.channel.DefaultChannelPipeline.fireChannelRead(DefaultChannelPipeline.java:911)\n\tat io.netty.channel.nio.AbstractNioByteChannel$NioByteUnsafe.read(AbstractNioByteChannel.java:131)\n\tat io.netty.channel.nio.NioEventLoop.processSelectedKey(NioEventLoop.java:611)\n\tat io.netty.channel.nio.NioEventLoop.processSelectedKeysOptimized(NioEventLoop.java:552)\n\tat io.netty.channel.nio.NioEventLoop.processSelectedKeys(NioEventLoop.java:466)\n\tat io.netty.channel.nio.NioEventLoop.run(NioEventLoop.java:438)\n\tat io.netty.util.concurrent.SingleThreadEventExecutor$2.run(SingleThreadEventExecutor.java:140)\n\tat io.netty.util.concurrent.DefaultThreadFactory$DefaultRunnableDecorator.run(DefaultThreadFactory.java:144)\n\tat java.lang.Thread.run(Thread.java:919)\n"}}
04-01 17:45:43.970  2539  2539 D KeyguardUpdateMonitor: received broadcast android.intent.action.BATTERY_CHANGED
04-01 17:45:43.971  2862  2862 D NetworkSpeedTracker: receive actionandroid.intent.action.BATTERY_CHANGED
04-01 17:45:43.971  2862  2862 D NetworkSpeedTracker: onReceive ACTION_BATTERY_CHANGED mBatteryLevel = 49;mIsCharging =true
04-01 17:45:43.972  4115  4115 I BatteryInfoReceiver: ACTION_BATTERY_CHANGED
04-01 17:45:43.973  6036  6536 D PowerCheckerService: onBatteryChanged, mBatteryLevel = 49, status = 2, level = 49, plug = 2, scale = 100
04-01 17:45:43.978  2862  2862 D DeviceStatisticsService: chargerType=2 batteryLevel=49 totalBatteryCapacity=4585000
04-01 17:45:43.993  5568  5602 I appium  : channel read: POST /wd/hub/session/3d995efd-5a17-4991-8482-f6efeaa0fe6d/touch/perform
04-01 17:45:43.994  5568  5602 I appium  : Swipe command
04-01 17:45:43.994  2539  2539 D KeyguardUpdateMonitor: received broadcast android.intent.action.BATTERY_CHANGED
04-01 17:45:43.995  2862  2862 D NetworkSpeedTracker: receive actionandroid.intent.action.BATTERY_CHANGED
04-01 17:45:43.995  2862  2862 D NetworkSpeedTracker: onReceive ACTION_BATTERY_CHANGED mBatteryLevel = 49;mIsCharging =true
04-01 17:45:43.996  4115  4115 I BatteryInfoReceiver: ACTION_BATTERY_CHANGED
04-01 17:45:43.997  6036  6536 D PowerCheckerService: onBatteryChanged, mBatteryLevel = 49, status = 2, level = 49, plug = 2, scale = 100
04-01 17:45:44.001  2862  2862 D DeviceStatisticsService: chargerType=2 batteryLevel=49 totalBatteryCapacity=4585000
04-01 17:45:44.007  2539  2539 D KeyguardUpdateMonitor: received broadcast android.intent.action.BATTERY_CHANGED
04-01 17:45:44.007  2862  2862 D NetworkSpeedTracker: receive actionandroid.intent.action.BATTERY_CHANGED
04-01 17:45:44.007  2862  2862 D NetworkSpeedTracker: onReceive ACTION_BATTERY_CHANGED mBatteryLevel = 49;mIsCharging =true
04-01 17:45:44.009  4115  4115 I BatteryInfoReceiver: ACTION_BATTERY_CHANGED
04-01 17:45:44.012  1571  2412 D MIUIInput: [MotionEvent] publisher action=0x4, 49235980, channel '29e26ec NavigationBar (server)'
04-01 17:45:44.012  1571  2412 D MIUIInput: [MotionEvent] publisher action=0x4, 49235980, channel 'eafa6ff StatusBar (server)'
04-01 17:45:44.012  1571  2412 D MIUIInput: [MotionEvent] publisher action=0x0, 49235980, channel '23ec900 com.milink.service/com.milink.ui.activity.DisplayDialogActivity (server)'
04-01 17:45:44.012 30532 30532 D ViewRootImpl: [TouchInput][ViewRootImpl] MotionEvent { action=ACTION_DOWN, id[0]=0, pointerCount=1, eventTime=49235980, downTime=49235980 } moveCount:0
04-01 17:45:44.013  2862  2862 D DeviceStatisticsService: chargerType=2 batteryLevel=49 totalBatteryCapacity=4585000
04-01 17:45:44.015  6036  6536 D PowerCheckerService: onBatteryChanged, mBatteryLevel = 49, status = 2, level = 49, plug = 2, scale = 100
04-01 17:45:44.035  2539  2539 D KeyguardUpdateMonitor: received broadcast android.intent.action.BATTERY_CHANGED
04-01 17:45:44.036  2862  2862 D NetworkSpeedTracker: receive actionandroid.intent.action.BATTERY_CHANGED
04-01 17:45:44.036  2862  2862 D NetworkSpeedTracker: onReceive ACTION_BATTERY_CHANGED mBatteryLevel = 49;mIsCharging =true
04-01 17:45:44.038  4115  4115 I BatteryInfoReceiver: ACTION_BATTERY_CHANGED
04-01 17:45:44.038  6036  6536 D PowerCheckerService: onBatteryChanged, mBatteryLevel = 49, status = 2, level = 49, plug = 2, scale = 100
04-01 17:45:44.042  2862  2862 D DeviceStatisticsService: chargerType=2 batteryLevel=49 totalBatteryCapacity=4585000
04-01 17:45:44.044  1193  1193 I cnss-daemon: nl80211 response handler invoked
04-01 17:45:44.044  1193  1193 I cnss-daemon: nl80211_response_handler: cmd 103, vendorID 4980, subcmd 106  received
04-01 17:45:44.044   805 28628 I WifiHAL : event received NL80211_CMD_VENDOR, vendor_id = 0x1374, subcmd = 0x6a
04-01 17:45:44.053  2539  2539 D KeyguardUpdateMonitor: received broadcast android.intent.action.BATTERY_CHANGED
04-01 17:45:44.054  2862  2862 D NetworkSpeedTracker: receive actionandroid.intent.action.BATTERY_CHANGED
04-01 17:45:44.054  2862  2862 D NetworkSpeedTracker: onReceive ACTION_BATTERY_CHANGED mBatteryLevel = 49;mIsCharging =true
04-01 17:45:44.054  4115  4115 I BatteryInfoReceiver: ACTION_BATTERY_CHANGED
04-01 17:45:44.057  6036  6536 D PowerCheckerService: onBatteryChanged, mBatteryLevel = 49, status = 2, level = 49, plug = 2, scale = 100
04-01 17:45:44.059  2862  2862 D DeviceStatisticsService: chargerType=2 batteryLevel=49 totalBatteryCapacity=4585000
04-01 17:45:44.083  2539  2539 D KeyguardUpdateMonitor: received broadcast android.intent.action.BATTERY_CHANGED
04-01 17:45:44.082  2862  2862 D NetworkSpeedTracker: receive actionandroid.intent.action.BATTERY_CHANGED
04-01 17:45:44.083  2862  2862 D NetworkSpeedTracker: onReceive ACTION_BATTERY_CHANGED mBatteryLevel = 49;mIsCharging =true
04-01 17:45:44.084  6036  6536 D PowerCheckerService: onBatteryChanged, mBatteryLevel = 49, status = 2, level = 49, plug = 2, scale = 100
04-01 17:45:44.086  4115  4115 I BatteryInfoReceiver: ACTION_BATTERY_CHANGED
04-01 17:45:44.091  2862  2862 D DeviceStatisticsService: chargerType=2 batteryLevel=49 totalBatteryCapacity=4585000
04-01 17:45:44.093  2539  2539 D KeyguardUpdateMonitor: received broadcast android.intent.action.BATTERY_CHANGED
04-01 17:45:44.094  2862  2862 D NetworkSpeedTracker: receive actionandroid.intent.action.BATTERY_CHANGED
04-01 17:45:44.095  2862  2862 D NetworkSpeedTracker: onReceive ACTION_BATTERY_CHANGED mBatteryLevel = 49;mIsCharging =true
04-01 17:45:44.095  4115  4115 I BatteryInfoReceiver: ACTION_BATTERY_CHANGED
04-01 17:45:44.096  2862  2862 D DeviceStatisticsService: chargerType=2 batteryLevel=49 totalBatteryCapacity=4585000
04-01 17:45:44.096  6036  6536 D PowerCheckerService: onBatteryChanged, mBatteryLevel = 49, status = 2, level = 49, plug = 2, scale = 100
04-01 17:45:44.121   796   796 W health@2.0-serv: type=1400 audit(0.0:758768): avc: denied { read } for name="type" dev="sysfs" ino=55635 scontext=u:r:hal_health_default:s0 tcontext=u:object_r:sysfs:s0 tclass=file permissive=0
04-01 17:45:44.129  2539  2539 D KeyguardUpdateMonitor: received broadcast android.intent.action.BATTERY_CHANGED
04-01 17:45:44.130  2862  2862 D NetworkSpeedTracker: receive actionandroid.intent.action.BATTERY_CHANGED
04-01 17:45:44.130  2862  2862 D NetworkSpeedTracker: onReceive ACTION_BATTERY_CHANGED mBatteryLevel = 49;mIsCharging =true
04-01 17:45:44.130  4115  4115 I BatteryInfoReceiver: ACTION_BATTERY_CHANGED
04-01 17:45:44.132  6036  6536 D PowerCheckerService: onBatteryChanged, mBatteryLevel = 49, status = 2, level = 49, plug = 2, scale = 100
04-01 17:45:44.138  2862  2862 D DeviceStatisticsService: chargerType=2 batteryLevel=49 totalBatteryCapacity=4585000
04-01 17:45:44.133   796   796 W health@2.0-serv: type=1400 audit(0.0:758769): avc: denied { read } for name="type" dev="sysfs" ino=55635 scontext=u:r:hal_health_default:s0 tcontext=u:object_r:sysfs:s0 tclass=file permissive=0
04-01 17:45:44.143  2862  2862 D NetworkSpeedTracker: receive actionandroid.intent.action.BATTERY_CHANGED
04-01 17:45:44.143  2862  2862 D NetworkSpeedTracker: onReceive ACTION_BATTERY_CHANGED mBatteryLevel = 49;mIsCharging =true
04-01 17:45:44.143  2539  2539 D KeyguardUpdateMonitor: received broadcast android.intent.action.BATTERY_CHANGED
04-01 17:45:44.146  4115  4115 I BatteryInfoReceiver: ACTION_BATTERY_CHANGED
04-01 17:45:44.146  6036  6536 D PowerCheckerService: onBatteryChanged, mBatteryLevel = 49, status = 2, level = 49, plug = 2, scale = 100
04-01 17:45:44.149  2862  2862 D DeviceStatisticsService: chargerType=2 batteryLevel=49 totalBatteryCapacity=4585000
04-01 17:45:44.161   796   796 W health@2.0-serv: type=1400 audit(0.0:758770): avc: denied { read } for name="type" dev="sysfs" ino=55635 scontext=u:r:hal_health_default:s0 tcontext=u:object_r:sysfs:s0 tclass=file permissive=0
04-01 17:45:44.170  2539  2539 D KeyguardUpdateMonitor: received broadcast android.intent.action.BATTERY_CHANGED
04-01 17:45:44.170  2862  2862 D NetworkSpeedTracker: receive actionandroid.intent.action.BATTERY_CHANGED
04-01 17:45:44.170  2862  2862 D NetworkSpeedTracker: onReceive ACTION_BATTERY_CHANGED mBatteryLevel = 49;mIsCharging =true
04-01 17:45:44.172  4115  4115 I BatteryInfoReceiver: ACTION_BATTERY_CHANGED
04-01 17:45:44.175  6036  6536 D PowerCheckerService: onBatteryChanged, mBatteryLevel = 49, status = 2, level = 49, plug = 2, scale = 100
04-01 17:45:44.179  2862  2862 D DeviceStatisticsService: chargerType=2 batteryLevel=49 totalBatteryCapacity=4585000
04-01 17:45:44.173   796   796 W health@2.0-serv: type=1400 audit(0.0:758771): avc: denied { read } for name="type" dev="sysfs" ino=55635 scontext=u:r:hal_health_default:s0 tcontext=u:object_r:sysfs:s0 tclass=file permissive=0
04-01 17:45:44.184  2539  2539 D KeyguardUpdateMonitor: received broadcast android.intent.action.BATTERY_CHANGED
04-01 17:45:44.185  2862  2862 D NetworkSpeedTracker: receive actionandroid.intent.action.BATTERY_CHANGED
04-01 17:45:44.185  2862  2862 D NetworkSpeedTracker: onReceive ACTION_BATTERY_CHANGED mBatteryLevel = 49;mIsCharging =true
04-01 17:45:44.186  4115  4115 I BatteryInfoReceiver: ACTION_BATTERY_CHANGED
04-01 17:45:44.188  6036  6536 D PowerCheckerService: onBatteryChanged, mBatteryLevel = 49, status = 2, level = 49, plug = 2, scale = 100
04-01 17:45:44.190  2862  2862 D DeviceStatisticsService: chargerType=2 batteryLevel=49 totalBatteryCapacity=4585000
04-01 17:45:44.205   796   796 W health@2.0-serv: type=1400 audit(0.0:758772): avc: denied { read } for name="type" dev="sysfs" ino=55635 scontext=u:r:hal_health_default:s0 tcontext=u:object_r:sysfs:s0 tclass=file permissive=0
04-01 17:45:44.214  2539  2539 D KeyguardUpdateMonitor: received broadcast android.intent.action.BATTERY_CHANGED
04-01 17:45:44.215  2862  2862 D NetworkSpeedTracker: receive actionandroid.intent.action.BATTERY_CHANGED
04-01 17:45:44.215  2862  2862 D NetworkSpeedTracker: onReceive ACTION_BATTERY_CHANGED mBatteryLevel = 49;mIsCharging =true
04-01 17:45:44.215  4115  4115 I BatteryInfoReceiver: ACTION_BATTERY_CHANGED
04-01 17:45:44.218  6036  6536 D PowerCheckerService: onBatteryChanged, mBatteryLevel = 49, status = 2, level = 49, plug = 2, scale = 100
04-01 17:45:44.230  2862  2862 D DeviceStatisticsService: chargerType=2 batteryLevel=49 totalBatteryCapacity=4585000
04-01 17:45:44.231  2539  2539 D KeyguardUpdateMonitor: received broadcast android.intent.action.BATTERY_CHANGED
04-01 17:45:44.232  4115  4115 I BatteryInfoReceiver: ACTION_BATTERY_CHANGED
04-01 17:45:44.233  6036  6536 D PowerCheckerService: onBatteryChanged, mBatteryLevel = 49, status = 2, level = 49, plug = 2, scale = 100
04-01 17:45:44.233  2862  2862 D NetworkSpeedTracker: receive actionandroid.intent.action.BATTERY_CHANGED
04-01 17:45:44.233  2862  2862 D NetworkSpeedTracker: onReceive ACTION_BATTERY_CHANGED mBatteryLevel = 49;mIsCharging =true
04-01 17:45:44.235  2862  2862 D DeviceStatisticsService: chargerType=2 batteryLevel=49 totalBatteryCapacity=4585000
04-01 17:45:44.239  1193  1193 I cnss-daemon: nl80211 response handler invoked
04-01 17:45:44.239  1193  1193 I cnss-daemon: nl80211_response_handler: cmd 103, vendorID 4980, subcmd 107  received
04-01 17:45:44.241   805 28628 I WifiHAL : event received NL80211_CMD_VENDOR, vendor_id = 0x1374, subcmd = 0x6b
04-01 17:45:44.262  2539  2539 D KeyguardUpdateMonitor: received broadcast android.intent.action.BATTERY_CHANGED
04-01 17:45:44.262  2862  2862 D NetworkSpeedTracker: receive actionandroid.intent.action.BATTERY_CHANGED
04-01 17:45:44.262  2862  2862 D NetworkSpeedTracker: onReceive ACTION_BATTERY_CHANGED mBatteryLevel = 49;mIsCharging =true
04-01 17:45:44.264  4115  4115 I BatteryInfoReceiver: ACTION_BATTERY_CHANGED
04-01 17:45:44.264  6036  6536 D PowerCheckerService: onBatteryChanged, mBatteryLevel = 49, status = 2, level = 49, plug = 2, scale = 100
04-01 17:45:44.268  2862  2862 D DeviceStatisticsService: chargerType=2 batteryLevel=49 totalBatteryCapacity=4585000
04-01 17:45:44.270  2539  2539 D KeyguardUpdateMonitor: received broadcast android.intent.action.BATTERY_CHANGED
04-01 17:45:44.272  4115  4115 I BatteryInfoReceiver: ACTION_BATTERY_CHANGED
04-01 17:45:44.272  6036  6536 D PowerCheckerService: onBatteryChanged, mBatteryLevel = 49, status = 2, level = 49, plug = 2, scale = 100
04-01 17:45:44.275  2862  2862 D NetworkSpeedTracker: receive actionandroid.intent.action.BATTERY_CHANGED
04-01 17:45:44.276  2862  2862 D NetworkSpeedTracker: onReceive ACTION_BATTERY_CHANGED mBatteryLevel = 49;mIsCharging =true
04-01 17:45:44.278  2862  2862 D DeviceStatisticsService: chargerType=2 batteryLevel=49 totalBatteryCapacity=4585000
04-01 17:45:44.305  2539  2539 D KeyguardUpdateMonitor: received broadcast android.intent.action.BATTERY_CHANGED
04-01 17:45:44.306  2862  2862 D NetworkSpeedTracker: receive actionandroid.intent.action.BATTERY_CHANGED
04-01 17:45:44.306  2862  2862 D NetworkSpeedTracker: onReceive ACTION_BATTERY_CHANGED mBatteryLevel = 49;mIsCharging =true
04-01 17:45:44.307  4115  4115 I BatteryInfoReceiver: ACTION_BATTERY_CHANGED
04-01 17:45:44.311  6036  6536 D PowerCheckerService: onBatteryChanged, mBatteryLevel = 49, status = 2, level = 49, plug = 2, scale = 100
04-01 17:45:44.325  2862  2862 D DeviceStatisticsService: chargerType=2 batteryLevel=49 totalBatteryCapacity=4585000
04-01 17:45:44.329  2539  2539 D KeyguardUpdateMonitor: received broadcast android.intent.action.BATTERY_CHANGED
04-01 17:45:44.329  2862  2862 D NetworkSpeedTracker: receive actionandroid.intent.action.BATTERY_CHANGED
04-01 17:45:44.329  2862  2862 D NetworkSpeedTracker: onReceive ACTION_BATTERY_CHANGED mBatteryLevel = 49;mIsCharging =true
04-01 17:45:44.330  4115  4115 I BatteryInfoReceiver: ACTION_BATTERY_CHANGED
04-01 17:45:44.331  6036  6536 D PowerCheckerService: onBatteryChanged, mBatteryLevel = 49, status = 2, level = 49, plug = 2, scale = 100
04-01 17:45:44.337  2862  2862 D DeviceStatisticsService: chargerType=2 batteryLevel=49 totalBatteryCapacity=4585000
04-01 17:45:44.350  2539  2539 D KeyguardUpdateMonitor: received broadcast android.intent.action.BATTERY_CHANGED
04-01 17:45:44.351  2862  2862 D NetworkSpeedTracker: receive actionandroid.intent.action.BATTERY_CHANGED
04-01 17:45:44.351  2862  2862 D NetworkSpeedTracker: onReceive ACTION_BATTERY_CHANGED mBatteryLevel = 49;mIsCharging =true
04-01 17:45:44.352  4115  4115 I BatteryInfoReceiver: ACTION_BATTERY_CHANGED
04-01 17:45:44.356  6036  6536 D PowerCheckerService: onBatteryChanged, mBatteryLevel = 49, status = 2, level = 49, plug = 2, scale = 100
04-01 17:45:44.361  1571  2412 D MIUIInput: [MotionEvent] publisher action=0x1, 49236331, channel '23ec900 com.milink.service/com.milink.ui.activity.DisplayDialogActivity (server)'
04-01 17:45:44.362 30532 30532 D ViewRootImpl: [TouchInput][ViewRootImpl] MotionEvent { action=ACTION_UP, id[0]=0, pointerCount=1, eventTime=49236331, downTime=49235980 } moveCount:21
04-01 17:45:44.362  2862  2862 D DeviceStatisticsService: chargerType=2 batteryLevel=49 totalBatteryCapacity=4585000
04-01 17:45:44.364  2539  2539 D KeyguardUpdateMonitor: received broadcast android.intent.action.BATTERY_CHANGED
04-01 17:45:44.364  2862  2862 D NetworkSpeedTracker: receive actionandroid.intent.action.BATTERY_CHANGED
04-01 17:45:44.365  2862  2862 D NetworkSpeedTracker: onReceive ACTION_BATTERY_CHANGED mBatteryLevel = 49;mIsCharging =true
04-01 17:45:44.366  4115  4115 I BatteryInfoReceiver: ACTION_BATTERY_CHANGED
04-01 17:45:44.366  6036  6536 D PowerCheckerService: onBatteryChanged, mBatteryLevel = 49, status = 2, level = 49, plug = 2, scale = 100
04-01 17:45:44.372  2862  2862 D DeviceStatisticsService: chargerType=2 batteryLevel=49 totalBatteryCapacity=4585000
04-01 17:45:44.396  2539  2539 D KeyguardUpdateMonitor: received broadcast android.intent.action.BATTERY_CHANGED
04-01 17:45:44.396  2862  2862 D NetworkSpeedTracker: receive actionandroid.intent.action.BATTERY_CHANGED
04-01 17:45:44.397  2862  2862 D NetworkSpeedTracker: onReceive ACTION_BATTERY_CHANGED mBatteryLevel = 49;mIsCharging =true
04-01 17:45:44.397  4115  4115 I BatteryInfoReceiver: ACTION_BATTERY_CHANGED
04-01 17:45:44.399  6036  6536 D PowerCheckerService: onBatteryChanged, mBatteryLevel = 49, status = 2, level = 49, plug = 2, scale = 100
04-01 17:45:44.405  2862  2862 D DeviceStatisticsService: chargerType=2 batteryLevel=49 totalBatteryCapacity=4585000
04-01 17:45:44.407  2539  2539 D KeyguardUpdateMonitor: received broadcast android.intent.action.BATTERY_CHANGED
04-01 17:45:44.408  2862  2862 D NetworkSpeedTracker: receive actionandroid.intent.action.BATTERY_CHANGED
04-01 17:45:44.408  2862  2862 D NetworkSpeedTracker: onReceive ACTION_BATTERY_CHANGED mBatteryLevel = 49;mIsCharging =true
04-01 17:45:44.409  4115  4115 I BatteryInfoReceiver: ACTION_BATTERY_CHANGED
04-01 17:45:44.410  6036  6536 D PowerCheckerService: onBatteryChanged, mBatteryLevel = 49, status = 2, level = 49, plug = 2, scale = 100
04-01 17:45:44.414  2862  2862 D DeviceStatisticsService: chargerType=2 batteryLevel=49 totalBatteryCapacity=4585000
04-01 17:45:44.439  2539  2539 D KeyguardUpdateMonitor: received broadcast android.intent.action.BATTERY_CHANGED
04-01 17:45:44.440  4115  4115 I BatteryInfoReceiver: ACTION_BATTERY_CHANGED
04-01 17:45:44.441  6036  6536 D PowerCheckerService: onBatteryChanged, mBatteryLevel = 49, status = 2, level = 49, plug = 2, scale = 100
04-01 17:45:44.441  2862  2862 D NetworkSpeedTracker: receive actionandroid.intent.action.BATTERY_CHANGED
04-01 17:45:44.441  2862  2862 D NetworkSpeedTracker: onReceive ACTION_BATTERY_CHANGED mBatteryLevel = 49;mIsCharging =true
04-01 17:45:44.447  2862  2862 D DeviceStatisticsService: chargerType=2 batteryLevel=49 totalBatteryCapacity=4585000
04-01 17:45:44.450  2862  2862 D NetworkSpeedTracker: receive actionandroid.intent.action.BATTERY_CHANGED
04-01 17:45:44.451  2862  2862 D NetworkSpeedTracker: onReceive ACTION_BATTERY_CHANGED mBatteryLevel = 49;mIsCharging =true
04-01 17:45:44.451  2539  2539 D KeyguardUpdateMonitor: received broadcast android.intent.action.BATTERY_CHANGED
04-01 17:45:44.452  4115  4115 I BatteryInfoReceiver: ACTION_BATTERY_CHANGED
04-01 17:45:44.454  2862  2862 D DeviceStatisticsService: chargerType=2 batteryLevel=49 totalBatteryCapacity=4585000
04-01 17:45:44.455  6036  6536 D PowerCheckerService: onBatteryChanged, mBatteryLevel = 49, status = 2, level = 49, plug = 2, scale = 100
04-01 17:45:44.481  2539  2539 D KeyguardUpdateMonitor: received broadcast android.intent.action.BATTERY_CHANGED
04-01 17:45:44.482  2862  2862 D NetworkSpeedTracker: receive actionandroid.intent.action.BATTERY_CHANGED
04-01 17:45:44.482  4115  4115 I BatteryInfoReceiver: ACTION_BATTERY_CHANGED
04-01 17:45:44.482  2862  2862 D NetworkSpeedTracker: onReceive ACTION_BATTERY_CHANGED mBatteryLevel = 49;mIsCharging =true
04-01 17:45:44.485   805 28628 I WifiHAL : event received NL80211_CMD_VENDOR, vendor_id = 0x1374, subcmd = 0x6a
04-01 17:45:44.485  1193  1193 I cnss-daemon: nl80211 response handler invoked
04-01 17:45:44.485  1193  1193 I cnss-daemon: nl80211_response_handler: cmd 103, vendorID 4980, subcmd 106  received
04-01 17:45:44.489  6036  6536 D PowerCheckerService: onBatteryChanged, mBatteryLevel = 49, status = 2, level = 49, plug = 2, scale = 100
04-01 17:45:44.493  2862  2862 D DeviceStatisticsService: chargerType=2 batteryLevel=49 totalBatteryCapacity=4585000
04-01 17:45:44.495  2539  2539 D KeyguardUpdateMonitor: received broadcast android.intent.action.BATTERY_CHANGED
04-01 17:45:44.496  2862  2862 D NetworkSpeedTracker: receive actionandroid.intent.action.BATTERY_CHANGED
04-01 17:45:44.496  2862  2862 D NetworkSpeedTracker: onReceive ACTION_BATTERY_CHANGED mBatteryLevel = 49;mIsCharging =true
04-01 17:45:44.498  4115  4115 I BatteryInfoReceiver: ACTION_BATTERY_CHANGED
04-01 17:45:44.500  6036  6536 D PowerCheckerService: onBatteryChanged, mBatteryLevel = 49, status = 2, level = 49, plug = 2, scale = 100
04-01 17:45:44.502  2862  2862 D DeviceStatisticsService: chargerType=2 batteryLevel=49 totalBatteryCapacity=4585000
04-01 17:45:44.533  2539  2539 D KeyguardUpdateMonitor: received broadcast android.intent.action.BATTERY_CHANGED
04-01 17:45:44.534  2862  2862 D NetworkSpeedTracker: receive actionandroid.intent.action.BATTERY_CHANGED
04-01 17:45:44.534  2862  2862 D NetworkSpeedTracker: onReceive ACTION_BATTERY_CHANGED mBatteryLevel = 49;mIsCharging =true
04-01 17:45:44.536  6036  6536 D PowerCheckerService: onBatteryChanged, mBatteryLevel = 49, status = 2, level = 49, plug = 2, scale = 100
04-01 17:45:44.537  4115  4115 I BatteryInfoReceiver: ACTION_BATTERY_CHANGED
04-01 17:45:44.543  2539  2539 D KeyguardUpdateMonitor: received broadcast android.intent.action.BATTERY_CHANGED
04-01 17:45:44.544  2862  2862 D DeviceStatisticsService: chargerType=2 batteryLevel=49 totalBatteryCapacity=4585000
04-01 17:45:44.544  2862  2862 D NetworkSpeedTracker: receive actionandroid.intent.action.BATTERY_CHANGED
04-01 17:45:44.544  2862  2862 D NetworkSpeedTracker: onReceive ACTION_BATTERY_CHANGED mBatteryLevel = 49;mIsCharging =true
04-01 17:45:44.546  4115  4115 I BatteryInfoReceiver: ACTION_BATTERY_CHANGED
04-01 17:45:44.546  6036  6536 D PowerCheckerService: onBatteryChanged, mBatteryLevel = 49, status = 2, level = 49, plug = 2, scale = 100
04-01 17:45:44.550  2862  2862 D DeviceStatisticsService: chargerType=2 batteryLevel=49 totalBatteryCapacity=4585000
04-01 17:45:44.569  2539  2539 D KeyguardUpdateMonitor: received broadcast android.intent.action.BATTERY_CHANGED
04-01 17:45:44.569  2862  2862 D NetworkSpeedTracker: receive actionandroid.intent.action.BATTERY_CHANGED
04-01 17:45:44.570  2862  2862 D NetworkSpeedTracker: onReceive ACTION_BATTERY_CHANGED mBatteryLevel = 49;mIsCharging =true
04-01 17:45:44.570  4115  4115 I BatteryInfoReceiver: ACTION_BATTERY_CHANGED
04-01 17:45:44.571  6036  6536 D PowerCheckerService: onBatteryChanged, mBatteryLevel = 49, status = 2, level = 49, plug = 2, scale = 100
04-01 17:45:44.583  2862  2862 D DeviceStatisticsService: chargerType=2 batteryLevel=49 totalBatteryCapacity=4585000
04-01 17:45:44.585  2539  2539 D KeyguardUpdateMonitor: received broadcast android.intent.action.BATTERY_CHANGED
04-01 17:45:44.586  2862  2862 D NetworkSpeedTracker: receive actionandroid.intent.action.BATTERY_CHANGED
04-01 17:45:44.586  2862  2862 D NetworkSpeedTracker: onReceive ACTION_BATTERY_CHANGED mBatteryLevel = 49;mIsCharging =true
04-01 17:45:44.587  4115  4115 I BatteryInfoReceiver: ACTION_BATTERY_CHANGED
04-01 17:45:44.587  6036  6536 D PowerCheckerService: onBatteryChanged, mBatteryLevel = 49, status = 2, level = 49, plug = 2, scale = 100
04-01 17:45:44.590  2862  2862 D DeviceStatisticsService: chargerType=2 batteryLevel=49 totalBatteryCapacity=4585000
04-01 17:45:44.614  2539  2539 D KeyguardUpdateMonitor: received broadcast android.intent.action.BATTERY_CHANGED
04-01 17:45:44.616  2862  2862 D NetworkSpeedTracker: receive actionandroid.intent.action.BATTERY_CHANGED
04-01 17:45:44.616  2862  2862 D NetworkSpeedTracker: onReceive ACTION_BATTERY_CHANGED mBatteryLevel = 49;mIsCharging =true
04-01 17:45:44.616  4115  4115 I BatteryInfoReceiver: ACTION_BATTERY_CHANGED
04-01 17:45:44.617  6036  6536 D PowerCheckerService: onBatteryChanged, mBatteryLevel = 49, status = 2, level = 49, plug = 2, scale = 100
04-01 17:45:44.629  2862  2862 D DeviceStatisticsService: chargerType=2 batteryLevel=49 totalBatteryCapacity=4585000
04-01 17:45:44.631  2539  2539 D KeyguardUpdateMonitor: received broadcast android.intent.action.BATTERY_CHANGED
04-01 17:45:44.632  2862  2862 D NetworkSpeedTracker: receive actionandroid.intent.action.BATTERY_CHANGED
04-01 17:45:44.632  2862  2862 D NetworkSpeedTracker: onReceive ACTION_BATTERY_CHANGED mBatteryLevel = 49;mIsCharging =true
04-01 17:45:44.633  4115  4115 I BatteryInfoReceiver: ACTION_BATTERY_CHANGED
04-01 17:45:44.634  6036  6536 D PowerCheckerService: onBatteryChanged, mBatteryLevel = 49, status = 2, level = 49, plug = 2, scale = 100
04-01 17:45:44.637  2862  2862 D DeviceStatisticsService: chargerType=2 batteryLevel=49 totalBatteryCapacity=4585000
04-01 17:45:44.662  2862  2862 D NetworkSpeedTracker: receive actionandroid.intent.action.BATTERY_CHANGED
04-01 17:45:44.662  2862  2862 D NetworkSpeedTracker: onReceive ACTION_BATTERY_CHANGED mBatteryLevel = 49;mIsCharging =true
04-01 17:45:44.663  2539  2539 D KeyguardUpdateMonitor: received broadcast android.intent.action.BATTERY_CHANGED
04-01 17:45:44.664  6036  6536 D PowerCheckerService: onBatteryChanged, mBatteryLevel = 49, status = 2, level = 49, plug = 2, scale = 100
04-01 17:45:44.665  4115  4115 I BatteryInfoReceiver: ACTION_BATTERY_CHANGED
04-01 17:45:44.671  2862  2862 D DeviceStatisticsService: chargerType=2 batteryLevel=49 totalBatteryCapacity=4585000
04-01 17:45:44.674  2539  2539 D KeyguardUpdateMonitor: received broadcast android.intent.action.BATTERY_CHANGED
04-01 17:45:44.675  2862  2862 D NetworkSpeedTracker: receive actionandroid.intent.action.BATTERY_CHANGED
04-01 17:45:44.675  2862  2862 D NetworkSpeedTracker: onReceive ACTION_BATTERY_CHANGED mBatteryLevel = 49;mIsCharging =true
04-01 17:45:44.677  6036  6536 D PowerCheckerService: onBatteryChanged, mBatteryLevel = 49, status = 2, level = 49, plug = 2, scale = 100
04-01 17:45:44.680  2862  2862 D DeviceStatisticsService: chargerType=2 batteryLevel=49 totalBatteryCapacity=4585000
04-01 17:45:44.680  4115  4115 I BatteryInfoReceiver: ACTION_BATTERY_CHANGED
04-01 17:45:44.688   805 28628 I WifiHAL : event received NL80211_CMD_VENDOR, vendor_id = 0x1374, subcmd = 0x6b
04-01 17:45:44.688  1193  1193 I cnss-daemon: nl80211 response handler invoked
04-01 17:45:44.688  1193  1193 I cnss-daemon: nl80211_response_handler: cmd 103, vendorID 4980, subcmd 107  received
04-01 17:45:44.701  2539  2539 D KeyguardUpdateMonitor: received broadcast android.intent.action.BATTERY_CHANGED
04-01 17:45:44.702  2862  2862 D NetworkSpeedTracker: receive actionandroid.intent.action.BATTERY_CHANGED
04-01 17:45:44.702  2862  2862 D NetworkSpeedTracker: onReceive ACTION_BATTERY_CHANGED mBatteryLevel = 49;mIsCharging =true
04-01 17:45:44.703  6036  6536 D PowerCheckerService: onBatteryChanged, mBatteryLevel = 49, status = 2, level = 49, plug = 2, scale = 100
04-01 17:45:44.703  4115  4115 I BatteryInfoReceiver: ACTION_BATTERY_CHANGED
04-01 17:45:44.705  2862  2862 D DeviceStatisticsService: chargerType=2 batteryLevel=49 totalBatteryCapacity=4585000
04-01 17:45:44.731  2539  2539 D KeyguardUpdateMonitor: received broadcast android.intent.action.BATTERY_CHANGED
04-01 17:45:44.732  2862  2862 D NetworkSpeedTracker: receive actionandroid.intent.action.BATTERY_CHANGED
04-01 17:45:44.732  2862  2862 D NetworkSpeedTracker: onReceive ACTION_BATTERY_CHANGED mBatteryLevel = 49;mIsCharging =true
04-01 17:45:44.733  4115  4115 I BatteryInfoReceiver: ACTION_BATTERY_CHANGED
04-01 17:45:44.734  6036  6536 D PowerCheckerService: onBatteryChanged, mBatteryLevel = 49, status = 2, level = 49, plug = 2, scale = 100
04-01 17:45:44.738  2862  2862 D DeviceStatisticsService: chargerType=2 batteryLevel=49 totalBatteryCapacity=4585000
04-01 17:45:44.750  2539  2539 D KeyguardUpdateMonitor: received broadcast android.intent.action.BATTERY_CHANGED
04-01 17:45:44.752  4115  4115 I BatteryInfoReceiver: ACTION_BATTERY_CHANGED
04-01 17:45:44.752  2862  2862 D NetworkSpeedTracker: receive actionandroid.intent.action.BATTERY_CHANGED
04-01 17:45:44.753  2862  2862 D NetworkSpeedTracker: onReceive ACTION_BATTERY_CHANGED mBatteryLevel = 49;mIsCharging =true
04-01 17:45:44.754  6036  6536 D PowerCheckerService: onBatteryChanged, mBatteryLevel = 49, status = 2, level = 49, plug = 2, scale = 100
04-01 17:45:44.760  2862  2862 D DeviceStatisticsService: chargerType=2 batteryLevel=49 totalBatteryCapacity=4585000
04-01 17:45:44.762  2539  2539 D KeyguardUpdateMonitor: received broadcast android.intent.action.BATTERY_CHANGED
04-01 17:45:44.762  2862  2862 D NetworkSpeedTracker: receive actionandroid.intent.action.BATTERY_CHANGED
04-01 17:45:44.762  2862  2862 D NetworkSpeedTracker: onReceive ACTION_BATTERY_CHANGED mBatteryLevel = 49;mIsCharging =true
04-01 17:45:44.763  4115  4115 I BatteryInfoReceiver: ACTION_BATTERY_CHANGED
04-01 17:45:44.764  6036  6536 D PowerCheckerService: onBatteryChanged, mBatteryLevel = 49, status = 2, level = 49, plug = 2, scale = 100
04-01 17:45:44.770  2862  2862 D DeviceStatisticsService: chargerType=2 batteryLevel=49 totalBatteryCapacity=4585000
04-01 17:45:44.793  2539  2539 D KeyguardUpdateMonitor: received broadcast android.intent.action.BATTERY_CHANGED
04-01 17:45:44.794  2862  2862 D NetworkSpeedTracker: receive actionandroid.intent.action.BATTERY_CHANGED
04-01 17:45:44.794  2862  2862 D NetworkSpeedTracker: onReceive ACTION_BATTERY_CHANGED mBatteryLevel = 49;mIsCharging =true
04-01 17:45:44.796  4115  4115 I BatteryInfoReceiver: ACTION_BATTERY_CHANGED
04-01 17:45:44.797  6036  6536 D PowerCheckerService: onBatteryChanged, mBatteryLevel = 49, status = 2, level = 49, plug = 2, scale = 100
04-01 17:45:44.807  2862  2862 D DeviceStatisticsService: chargerType=2 batteryLevel=49 totalBatteryCapacity=4585000
04-01 17:45:44.811  2539  2539 D KeyguardUpdateMonitor: received broadcast android.intent.action.BATTERY_CHANGED
04-01 17:45:44.811  2862  2862 D NetworkSpeedTracker: receive actionandroid.intent.action.BATTERY_CHANGED
04-01 17:45:44.811  2862  2862 D NetworkSpeedTracker: onReceive ACTION_BATTERY_CHANGED mBatteryLevel = 49;mIsCharging =true
04-01 17:45:44.813  6036  6536 D PowerCheckerService: onBatteryChanged, mBatteryLevel = 49, status = 2, level = 49, plug = 2, scale = 100
04-01 17:45:44.813  4115  4115 I BatteryInfoReceiver: ACTION_BATTERY_CHANGED
04-01 17:45:44.816  2862  2862 D DeviceStatisticsService: chargerType=2 batteryLevel=49 totalBatteryCapacity=4585000
04-01 17:45:44.836  2539  2539 D KeyguardUpdateMonitor: received broadcast android.intent.action.BATTERY_CHANGED
04-01 17:45:44.837  4115  4115 I BatteryInfoReceiver: ACTION_BATTERY_CHANGED
04-01 17:45:44.838  2862  2862 D NetworkSpeedTracker: receive actionandroid.intent.action.BATTERY_CHANGED
04-01 17:45:44.838  2862  2862 D NetworkSpeedTracker: onReceive ACTION_BATTERY_CHANGED mBatteryLevel = 49;mIsCharging =true
04-01 17:45:44.839  6036  6536 D PowerCheckerService: onBatteryChanged, mBatteryLevel = 49, status = 2, level = 49, plug = 2, scale = 100
04-01 17:45:44.845  2862  2862 D DeviceStatisticsService: chargerType=2 batteryLevel=49 totalBatteryCapacity=4585000
04-01 17:45:44.848  2539  2539 D KeyguardUpdateMonitor: received broadcast android.intent.action.BATTERY_CHANGED
04-01 17:45:44.849  4115  4115 I BatteryInfoReceiver: ACTION_BATTERY_CHANGED
04-01 17:45:44.850  2862  2862 D NetworkSpeedTracker: receive actionandroid.intent.action.BATTERY_CHANGED
04-01 17:45:44.850  2862  2862 D NetworkSpeedTracker: onReceive ACTION_BATTERY_CHANGED mBatteryLevel = 49;mIsCharging =true
04-01 17:45:44.852  6036  6536 D PowerCheckerService: onBatteryChanged, mBatteryLevel = 49, status = 2, level = 49, plug = 2, scale = 100
04-01 17:45:44.860  2862  2862 D DeviceStatisticsService: chargerType=2 batteryLevel=49 totalBatteryCapacity=4585000
04-01 17:45:44.880  2539  2539 D KeyguardUpdateMonitor: received broadcast android.intent.action.BATTERY_CHANGED
04-01 17:45:44.881  2862  2862 D NetworkSpeedTracker: receive actionandroid.intent.action.BATTERY_CHANGED
04-01 17:45:44.881  2862  2862 D NetworkSpeedTracker: onReceive ACTION_BATTERY_CHANGED mBatteryLevel = 49;mIsCharging =true
04-01 17:45:44.882  4115  4115 I BatteryInfoReceiver: ACTION_BATTERY_CHANGED
04-01 17:45:44.885  6036  6536 D PowerCheckerService: onBatteryChanged, mBatteryLevel = 49, status = 2, level = 49, plug = 2, scale = 100
04-01 17:45:44.891  2862  2862 D DeviceStatisticsService: chargerType=2 batteryLevel=49 totalBatteryCapacity=4585000
04-01 17:45:44.893  2539  2539 D KeyguardUpdateMonitor: received broadcast android.intent.action.BATTERY_CHANGED
04-01 17:45:44.894  2862  2862 D NetworkSpeedTracker: receive actionandroid.intent.action.BATTERY_CHANGED
04-01 17:45:44.894  2862  2862 D NetworkSpeedTracker: onReceive ACTION_BATTERY_CHANGED mBatteryLevel = 49;mIsCharging =true
04-01 17:45:44.895  4115  4115 I BatteryInfoReceiver: ACTION_BATTERY_CHANGED
04-01 17:45:44.895  6036  6536 D PowerCheckerService: onBatteryChanged, mBatteryLevel = 49, status = 2, level = 49, plug = 2, scale = 100
04-01 17:45:44.897  2862  2862 D DeviceStatisticsService: chargerType=2 batteryLevel=49 totalBatteryCapacity=4585000
04-01 17:45:44.935  1193  1193 I cnss-daemon: nl80211 response handler invoked
04-01 17:45:44.935  1193  1193 I cnss-daemon: nl80211_response_handler: cmd 103, vendorID 4980, subcmd 106  received
04-01 17:45:44.936   805 28628 I WifiHAL : event received NL80211_CMD_VENDOR, vendor_id = 0x1374, subcmd = 0x6a
04-01 17:45:44.937  2539  2539 D KeyguardUpdateMonitor: received broadcast android.intent.action.BATTERY_CHANGED
04-01 17:45:44.938  2862  2862 D NetworkSpeedTracker: receive actionandroid.intent.action.BATTERY_CHANGED
04-01 17:45:44.938  2862  2862 D NetworkSpeedTracker: onReceive ACTION_BATTERY_CHANGED mBatteryLevel = 49;mIsCharging =true
04-01 17:45:44.940  4115  4115 I BatteryInfoReceiver: ACTION_BATTERY_CHANGED
04-01 17:45:44.943  6036  6536 D PowerCheckerService: onBatteryChanged, mBatteryLevel = 49, status = 2, level = 49, plug = 2, scale = 100
04-01 17:45:44.950  2862  2862 D DeviceStatisticsService: chargerType=2 batteryLevel=49 totalBatteryCapacity=4585000
04-01 17:45:44.955  2539  2539 D KeyguardUpdateMonitor: received broadcast android.intent.action.BATTERY_CHANGED
04-01 17:45:44.956  2862  2862 D NetworkSpeedTracker: receive actionandroid.intent.action.BATTERY_CHANGED
04-01 17:45:44.956  2862  2862 D NetworkSpeedTracker: onReceive ACTION_BATTERY_CHANGED mBatteryLevel = 49;mIsCharging =true
04-01 17:45:44.958  4115  4115 I BatteryInfoReceiver: ACTION_BATTERY_CHANGED
04-01 17:45:44.960  6036  6536 D PowerCheckerService: onBatteryChanged, mBatteryLevel = 49, status = 2, level = 49, plug = 2, scale = 100
04-01 17:45:44.977  2539  2539 D KeyguardUpdateMonitor: received broadcast android.intent.action.BATTERY_CHANGED
04-01 17:45:44.978  4115  4115 I BatteryInfoReceiver: ACTION_BATTERY_CHANGED
04-01 17:45:44.979  6036  6536 D PowerCheckerService: onBatteryChanged, mBatteryLevel = 49, status = 2, level = 49, plug = 2, scale = 100
04-01 17:45:44.981  2862  2862 D DeviceStatisticsService: chargerType=2 batteryLevel=49 totalBatteryCapacity=4585000
04-01 17:45:44.981  2862  2862 D NetworkSpeedTracker: receive actionandroid.intent.action.BATTERY_CHANGED
04-01 17:45:44.981  2862  2862 D NetworkSpeedTracker: onReceive ACTION_BATTERY_CHANGED mBatteryLevel = 49;mIsCharging =true
04-01 17:45:44.982  2862  2862 D DeviceStatisticsService: chargerType=2 batteryLevel=49 totalBatteryCapacity=4585000
04-01 17:45:44.986  2539  2539 D KeyguardUpdateMonitor: received broadcast android.intent.action.BATTERY_CHANGED
04-01 17:45:44.988  2862  2862 D NetworkSpeedTracker: receive actionandroid.intent.action.BATTERY_CHANGED
04-01 17:45:44.988  2862  2862 D NetworkSpeedTracker: onReceive ACTION_BATTERY_CHANGED mBatteryLevel = 49;mIsCharging =true
04-01 17:45:44.989  4115  4115 I BatteryInfoReceiver: ACTION_BATTERY_CHANGED
04-01 17:45:44.989  6036  6536 D PowerCheckerService: onBatteryChanged, mBatteryLevel = 49, status = 2, level = 49, plug = 2, scale = 100
04-01 17:45:44.991  2862  2862 D DeviceStatisticsService: chargerType=2 batteryLevel=49 totalBatteryCapacity=4585000
04-01 17:45:45.017  2539  2539 D KeyguardUpdateMonitor: received broadcast android.intent.action.BATTERY_CHANGED
04-01 17:45:45.017  2862  2862 D NetworkSpeedTracker: receive actionandroid.intent.action.BATTERY_CHANGED
04-01 17:45:45.018  2862  2862 D NetworkSpeedTracker: onReceive ACTION_BATTERY_CHANGED mBatteryLevel = 49;mIsCharging =true
04-01 17:45:45.019  4115  4115 I BatteryInfoReceiver: ACTION_BATTERY_CHANGED
04-01 17:45:45.020  6036  6536 D PowerCheckerService: onBatteryChanged, mBatteryLevel = 49, status = 2, level = 49, plug = 2, scale = 100
04-01 17:45:45.031  2862  2862 D DeviceStatisticsService: chargerType=2 batteryLevel=49 totalBatteryCapacity=4585000
04-01 17:45:45.032  2539  2539 D KeyguardUpdateMonitor: received broadcast android.intent.action.BATTERY_CHANGED
04-01 17:45:45.033  2862  2862 D NetworkSpeedTracker: receive actionandroid.intent.action.BATTERY_CHANGED
04-01 17:45:45.033  2862  2862 D NetworkSpeedTracker: onReceive ACTION_BATTERY_CHANGED mBatteryLevel = 49;mIsCharging =true
04-01 17:45:45.034  4115  4115 I BatteryInfoReceiver: ACTION_BATTERY_CHANGED
04-01 17:45:45.034  6036  6536 D PowerCheckerService: onBatteryChanged, mBatteryLevel = 49, status = 2, level = 49, plug = 2, scale = 100
04-01 17:45:45.037  2862  2862 D DeviceStatisticsService: chargerType=2 batteryLevel=49 totalBatteryCapacity=4585000
04-01 17:45:45.059  2539  2539 D KeyguardUpdateMonitor: received broadcast android.intent.action.BATTERY_CHANGED
04-01 17:45:45.060  2862  2862 D NetworkSpeedTracker: receive actionandroid.intent.action.BATTERY_CHANGED
04-01 17:45:45.061  2862  2862 D NetworkSpeedTracker: onReceive ACTION_BATTERY_CHANGED mBatteryLevel = 49;mIsCharging =true
