04-01 17:45:38.615  4115  4115 I BatteryInfoReceiver: ACTION_BATTERY_CHANGED
04-01 17:45:38.617  6036  6536 D PowerCheckerService: onBatteryChanged, mBatteryLevel = 49, status = 2, level = 49, plug = 2, scale = 100
04-01 17:45:38.618  2862  2862 D DeviceStatisticsService: chargerType=2 batteryLevel=49 totalBatteryCapacity=4585000
04-01 17:45:38.632  2539  2539 D KeyguardUpdateMonitor: received broadcast android.intent.action.BATTERY_CHANGED
04-01 17:45:38.633  2862  2862 D NetworkSpeedTracker: receive actionandroid.intent.action.BATTERY_CHANGED
04-01 17:45:38.633  2862  2862 D NetworkSpeedTracker: onReceive ACTION_BATTERY_CHANGED mBatteryLevel = 49;mIsCharging =true
04-01 17:45:38.634  4115  4115 I BatteryInfoReceiver: ACTION_BATTERY_CHANGED
04-01 17:45:38.635  6036  6536 D PowerCheckerService: onBatteryChanged, mBatteryLevel = 49, status = 2, level = 49, plug = 2, scale = 100
04-01 17:45:38.636  2862  2862 D DeviceStatisticsService: chargerType=2 batteryLevel=49 totalBatteryCapacity=4585000
04-01 17:45:38.642  2539  2539 D KeyguardUpdateMonitor: received broadcast android.intent.action.BATTERY_CHANGED
04-01 17:45:38.643  2862  2862 D NetworkSpeedTracker: receive actionandroid.intent.action.BATTERY_CHANGED
04-01 17:45:38.643  2862  2862 D NetworkSpeedTracker: onReceive ACTION_BATTERY_CHANGED mBatteryLevel = 49;mIsCharging =true
04-01 17:45:38.645  4115  4115 I BatteryInfoReceiver: ACTION_BATTERY_CHANGED
04-01 17:45:38.646  6036  6536 D PowerCheckerService: onBatteryChanged, mBatteryLevel = 49, status = 2, level = 49, plug = 2, scale = 100
04-01 17:45:38.647  2862  2862 D DeviceStatisticsService: chargerType=2 batteryLevel=49 totalBatteryCapacity=4585000
04-01 17:45:38.679  2539  2539 D KeyguardUpdateMonitor: received broadcast android.intent.action.BATTERY_CHANGED
04-01 17:45:38.679  5568  5602 I appium  : The following attributes will be included to the page source: [text]
04-01 17:45:38.684  4115  4115 I BatteryInfoReceiver: ACTION_BATTERY_CHANGED
04-01 17:45:38.685  2862  2862 D NetworkSpeedTracker: receive actionandroid.intent.action.BATTERY_CHANGED
04-01 17:45:38.685  2862  2862 D NetworkSpeedTracker: onReceive ACTION_BATTERY_CHANGED mBatteryLevel = 49;mIsCharging =true
04-01 17:45:38.686  6036  6536 D PowerCheckerService: onBatteryChanged, mBatteryLevel = 49, status = 2, level = 49, plug = 2, scale = 100
04-01 17:45:38.707  2862  2862 D DeviceStatisticsService: chargerType=2 batteryLevel=49 totalBatteryCapacity=4585000
04-01 17:45:38.710  2539  2539 D KeyguardUpdateMonitor: received broadcast android.intent.action.BATTERY_CHANGED
04-01 17:45:38.711  2862  2862 D NetworkSpeedTracker: receive actionandroid.intent.action.BATTERY_CHANGED
04-01 17:45:38.711  2862  2862 D NetworkSpeedTracker: onReceive ACTION_BATTERY_CHANGED mBatteryLevel = 49;mIsCharging =true
04-01 17:45:38.714  4115  4115 I BatteryInfoReceiver: ACTION_BATTERY_CHANGED
04-01 17:45:38.715  6036  6536 D PowerCheckerService: onBatteryChanged, mBatteryLevel = 49, status = 2, level = 49, plug = 2, scale = 100
04-01 17:45:38.731  2539  2539 D KeyguardUpdateMonitor: received broadcast android.intent.action.BATTERY_CHANGED
04-01 17:45:38.733  4115  4115 I BatteryInfoReceiver: ACTION_BATTERY_CHANGED
04-01 17:45:38.734  6036  6536 D PowerCheckerService: onBatteryChanged, mBatteryLevel = 49, status = 2, level = 49, plug = 2, scale = 100
04-01 17:45:38.735  2862  2862 D DeviceStatisticsService: chargerType=2 batteryLevel=49 totalBatteryCapacity=4585000
04-01 17:45:38.736  2862  2862 D NetworkSpeedTracker: receive actionandroid.intent.action.BATTERY_CHANGED
04-01 17:45:38.736  2862  2862 D NetworkSpeedTracker: onReceive ACTION_BATTERY_CHANGED mBatteryLevel = 49;mIsCharging =true
04-01 17:45:38.737  2862  2862 D DeviceStatisticsService: chargerType=2 batteryLevel=49 totalBatteryCapacity=4585000
04-01 17:45:38.745  2539  2539 D KeyguardUpdateMonitor: received broadcast android.intent.action.BATTERY_CHANGED
04-01 17:45:38.746  2862  2862 D NetworkSpeedTracker: receive actionandroid.intent.action.BATTERY_CHANGED
04-01 17:45:38.746  2862  2862 D NetworkSpeedTracker: onReceive ACTION_BATTERY_CHANGED mBatteryLevel = 49;mIsCharging =true
04-01 17:45:38.746  4115  4115 I BatteryInfoReceiver: ACTION_BATTERY_CHANGED
04-01 17:45:38.747  6036  6536 D PowerCheckerService: onBatteryChanged, mBatteryLevel = 49, status = 2, level = 49, plug = 2, scale = 100
04-01 17:45:38.749  2862  2862 D DeviceStatisticsService: chargerType=2 batteryLevel=49 totalBatteryCapacity=4585000
04-01 17:45:38.763  5568  5602 I appium  : Took 3ms to retrieve 0 matches for '//*[@text="aaa"]' XPath query
04-01 17:45:38.766  5568  5602 I appium  : AppiumResponse: {"sessionId":"3d995efd-5a17-4991-8482-f6efeaa0fe6d","value":{"error":"no such element","message":"An element could not be located on the page using the given search parameters","stacktrace":"io.appium.uiautomator2.common.exceptions.ElementNotFoundException: An element could not be located on the page using the given search parameters\n\tat io.appium.uiautomator2.handler.FindElement.findElement(FindElement.java:91)\n\tat io.appium.uiautomator2.handler.FindElement.safeHandle(FindElement.java:68)\n\tat io.appium.uiautomator2.handler.request.SafeRequestHandler.handle(SafeRequestHandler.java:41)\n\tat io.appium.uiautomator2.server.AppiumServlet.handleRequest(AppiumServlet.java:261)\n\tat io.appium.uiautomator2.server.AppiumServlet.handleHttpRequest(AppiumServlet.java:255)\n\tat io.appium.uiautomator2.http.ServerHandler.channelRead(ServerHandler.java:68)\n\tat io.netty.channel.AbstractChannelHandlerContext.invokeChannelRead(AbstractChannelHandlerContext.java:366)\n\tat io.netty.channel.AbstractChannelHandlerContext.invokeChannelRead(AbstractChannelHandlerContext.java:352)\n\tat io.netty.channel.AbstractChannelHandlerContext.fireChannelRead(AbstractChannelHandlerContext.java:345)\n\tat io.netty.handler.codec.MessageToMessageDecoder.channelRead(MessageToMessageDecoder.java:102)\n\tat io.netty.channel.AbstractChannelHandlerContext.invokeChannelRead(AbstractChannelHandlerContext.java:366)\n\tat io.netty.channel.AbstractChannelHandlerContext.invokeChannelRead(AbstractChannelHandlerContext.java:352)\n\tat io.netty.channel.AbstractChannelHandlerContext.fireChannelRead(AbstractChannelHandlerContext.java:345)\n\tat io.netty.channel.CombinedChannelDuplexHandler$DelegatingChannelHandlerContext.fireChannelRead(CombinedChannelDuplexHandler.java:435)\n\tat io.netty.handler.codec.ByteToMessageDecoder.fireChannelRead(ByteToMessageDecoder.java:293)\n\tat io.netty.handler.codec.ByteToMessageDecoder.channelRead(ByteToMessageDecoder.java:267)\n\tat io.netty.channel.CombinedChannelDuplexHandler.channelRead(CombinedChannelDuplexHandler.java:250)\n\tat io.netty.channel.AbstractChannelHandlerContext.invokeChannelRead(AbstractChannelHandlerContext.java:366)\n\tat io.netty.channel.AbstractChannelHandlerContext.invokeChannelRead(AbstractChannelHandlerContext.java:352)\n\tat io.netty.channel.AbstractChannelHandlerContext.fireChannelRead(AbstractChannelHandlerContext.java:345)\n\tat io.netty.handler.timeout.IdleStateHandler.channelRead(IdleStateHandler.java:266)\n\tat io.netty.channel.AbstractChannelHandlerContext.invokeChannelRead(AbstractChannelHandlerContext.java:366)\n\tat io.netty.channel.AbstractChannelHandlerContext.invokeChannelRead(AbstractChannelHandlerContext.java:352)\n\tat io.netty.channel.AbstractChannelHandlerContext.fireChannelRead(AbstractChannelHandlerContext.java:345)\n\tat io.netty.channel.DefaultChannelPipeline$HeadContext.channelRead(DefaultChannelPipeline.java:1294)\n\tat io.netty.channel.AbstractChannelHandlerContext.invokeChannelRead(AbstractChannelHandlerContext.java:366)\n\tat io.netty.channel.AbstractChannelHandlerContext.invokeChannelRead(AbstractChannelHandlerContext.java:352)\n\tat io.netty.channel.DefaultChannelPipeline.fireChannelRead(DefaultChannelPipeline.java:911)\n\tat io.netty.channel.nio.AbstractNioByteChannel$NioByteUnsafe.read(AbstractNioByteChannel.java:131)\n\tat io.netty.channel.nio.NioEventLoop.processSelectedKey(NioEventLoop.java:611)\n\tat io.netty.channel.nio.NioEventLoop.processSelectedKeysOptimized(NioEventLoop.java:552)\n\tat io.netty.channel.nio.NioEventLoop.processSelectedKeys(NioEventLoop.java:466)\n\tat io.netty.channel.nio.NioEventLoop.run(NioEventLoop.java:438)\n\tat io.netty.util.concurrent.SingleThreadEventExecutor$2.run(SingleThreadEventExecutor.java:140)\n\tat io.netty.util.concurrent.DefaultThreadFactory$DefaultRunnableDecorator.run(DefaultThreadFactory.java:144)\n\tat java.lang.Thread.run(Thread.java:919)\n"}}
04-01 17:45:38.766  2539  2539 D KeyguardUpdateMonitor: received broadcast android.intent.action.BATTERY_CHANGED
04-01 17:45:38.766  2862  2862 D NetworkSpeedTracker: receive actionandroid.intent.action.BATTERY_CHANGED
04-01 17:45:38.767  2862  2862 D NetworkSpeedTracker: onReceive ACTION_BATTERY_CHANGED mBatteryLevel = 49;mIsCharging =true
04-01 17:45:38.767  4115  4115 I BatteryInfoReceiver: ACTION_BATTERY_CHANGED
04-01 17:45:38.768  6036  6536 D PowerCheckerService: onBatteryChanged, mBatteryLevel = 49, status = 2, level = 49, plug = 2, scale = 100
04-01 17:45:38.775  2862  2862 D DeviceStatisticsService: chargerType=2 batteryLevel=49 totalBatteryCapacity=4585000
04-01 17:45:38.778  2539  2539 D KeyguardUpdateMonitor: received broadcast android.intent.action.BATTERY_CHANGED
04-01 17:45:38.779  2862  2862 D NetworkSpeedTracker: receive actionandroid.intent.action.BATTERY_CHANGED
04-01 17:45:38.779  2862  2862 D NetworkSpeedTracker: onReceive ACTION_BATTERY_CHANGED mBatteryLevel = 49;mIsCharging =true
04-01 17:45:38.781  4115  4115 I BatteryInfoReceiver: ACTION_BATTERY_CHANGED
04-01 17:45:38.782  6036  6536 D PowerCheckerService: onBatteryChanged, mBatteryLevel = 49, status = 2, level = 49, plug = 2, scale = 100
04-01 17:45:38.783  5568  5602 I appium  : channel read: POST /wd/hub/session/3d995efd-5a17-4991-8482-f6efeaa0fe6d/touch/perform
04-01 17:45:38.783  5568  5602 I appium  : Swipe command
04-01 17:45:38.783  2862  2862 D DeviceStatisticsService: chargerType=2 batteryLevel=49 totalBatteryCapacity=4585000
04-01 17:45:38.796  1571  2412 D MIUIInput: [MotionEvent] publisher action=0x4, 49230762, channel '29e26ec NavigationBar (server)'
04-01 17:45:38.796  1571  2412 D MIUIInput: [MotionEvent] publisher action=0x4, 49230762, channel 'eafa6ff StatusBar (server)'
04-01 17:45:38.796  1571  2412 D MIUIInput: [MotionEvent] publisher action=0x0, 49230762, channel '23ec900 com.milink.service/com.milink.ui.activity.DisplayDialogActivity (server)'
04-01 17:45:38.796 30532 30532 D ViewRootImpl: [TouchInput][ViewRootImpl] MotionEvent { action=ACTION_DOWN, id[0]=0, pointerCount=1, eventTime=49230762, downTime=49230762 } moveCount:0
04-01 17:45:38.812  2539  2539 D KeyguardUpdateMonitor: received broadcast android.intent.action.BATTERY_CHANGED
04-01 17:45:38.812  2862  2862 D NetworkSpeedTracker: receive actionandroid.intent.action.BATTERY_CHANGED
04-01 17:45:38.812  2862  2862 D NetworkSpeedTracker: onReceive ACTION_BATTERY_CHANGED mBatteryLevel = 49;mIsCharging =true
04-01 17:45:38.813  4115  4115 I BatteryInfoReceiver: ACTION_BATTERY_CHANGED
04-01 17:45:38.816  6036  6536 D PowerCheckerService: onBatteryChanged, mBatteryLevel = 49, status = 2, level = 49, plug = 2, scale = 100
04-01 17:45:38.823  2862  2862 D DeviceStatisticsService: chargerType=2 batteryLevel=49 totalBatteryCapacity=4585000
04-01 17:45:38.826  2539  2539 D KeyguardUpdateMonitor: received broadcast android.intent.action.BATTERY_CHANGED
04-01 17:45:38.827  2862  2862 D NetworkSpeedTracker: receive actionandroid.intent.action.BATTERY_CHANGED
04-01 17:45:38.827  2862  2862 D NetworkSpeedTracker: onReceive ACTION_BATTERY_CHANGED mBatteryLevel = 49;mIsCharging =true
04-01 17:45:38.827  4115  4115 I BatteryInfoReceiver: ACTION_BATTERY_CHANGED
04-01 17:45:38.828  6036  6536 D PowerCheckerService: onBatteryChanged, mBatteryLevel = 49, status = 2, level = 49, plug = 2, scale = 100
04-01 17:45:38.831  2862  2862 D DeviceStatisticsService: chargerType=2 batteryLevel=49 totalBatteryCapacity=4585000
04-01 17:45:38.853  2539  2539 D KeyguardUpdateMonitor: received broadcast android.intent.action.BATTERY_CHANGED
04-01 17:45:38.854  2862  2862 D NetworkSpeedTracker: receive actionandroid.intent.action.BATTERY_CHANGED
04-01 17:45:38.854  2862  2862 D NetworkSpeedTracker: onReceive ACTION_BATTERY_CHANGED mBatteryLevel = 49;mIsCharging =true
04-01 17:45:38.855  4115  4115 I BatteryInfoReceiver: ACTION_BATTERY_CHANGED
04-01 17:45:38.857  6036  6536 D PowerCheckerService: onBatteryChanged, mBatteryLevel = 49, status = 2, level = 49, plug = 2, scale = 100
04-01 17:45:38.861  2862  2862 D DeviceStatisticsService: chargerType=2 batteryLevel=49 totalBatteryCapacity=4585000
04-01 17:45:38.871  2539  2539 D KeyguardUpdateMonitor: received broadcast android.intent.action.BATTERY_CHANGED
04-01 17:45:38.873  2862  2862 D NetworkSpeedTracker: receive actionandroid.intent.action.BATTERY_CHANGED
04-01 17:45:38.873  2862  2862 D NetworkSpeedTracker: onReceive ACTION_BATTERY_CHANGED mBatteryLevel = 49;mIsCharging =true
04-01 17:45:38.873  4115  4115 I BatteryInfoReceiver: ACTION_BATTERY_CHANGED
04-01 17:45:38.874  6036  6536 D PowerCheckerService: onBatteryChanged, mBatteryLevel = 49, status = 2, level = 49, plug = 2, scale = 100
04-01 17:45:38.879  2862  2862 D DeviceStatisticsService: chargerType=2 batteryLevel=49 totalBatteryCapacity=4585000
04-01 17:45:38.910  2539  2539 D KeyguardUpdateMonitor: received broadcast android.intent.action.BATTERY_CHANGED
04-01 17:45:38.910  2862  2862 D NetworkSpeedTracker: receive actionandroid.intent.action.BATTERY_CHANGED
04-01 17:45:38.911  2862  2862 D NetworkSpeedTracker: onReceive ACTION_BATTERY_CHANGED mBatteryLevel = 49;mIsCharging =true
04-01 17:45:38.913  6036  6536 D PowerCheckerService: onBatteryChanged, mBatteryLevel = 49, status = 2, level = 49, plug = 2, scale = 100
04-01 17:45:38.914  4115  4115 I BatteryInfoReceiver: ACTION_BATTERY_CHANGED
04-01 17:45:38.922  2862  2862 D DeviceStatisticsService: chargerType=2 batteryLevel=49 totalBatteryCapacity=4585000
04-01 17:45:38.925  2539  2539 D KeyguardUpdateMonitor: received broadcast android.intent.action.BATTERY_CHANGED
04-01 17:45:38.925  2862  2862 D NetworkSpeedTracker: receive actionandroid.intent.action.BATTERY_CHANGED
04-01 17:45:38.926  2862  2862 D NetworkSpeedTracker: onReceive ACTION_BATTERY_CHANGED mBatteryLevel = 49;mIsCharging =true
04-01 17:45:38.926  4115  4115 I BatteryInfoReceiver: ACTION_BATTERY_CHANGED
04-01 17:45:38.927   787  5112 I vendor.qti.bluetooth@1.0-ibs_handler: ProcessIbsCmd: Received IBS_WAKE_IND: 0xFD
04-01 17:45:38.927   787  5112 D vendor.qti.bluetooth@1.0-ibs_handler: SerialClockVote: vote for UART CLK ON
04-01 17:45:38.928   787  5112 D vendor.qti.bluetooth@1.0-wake_lock: Acquire wakelock is acquired
04-01 17:45:38.928   787  5112 I vendor.qti.bluetooth@1.0-ibs_handler: ProcessIbsCmd: Writing IBS_WAKE_ACK
04-01 17:45:38.928  6036  6536 D PowerCheckerService: onBatteryChanged, mBatteryLevel = 49, status = 2, level = 49, plug = 2, scale = 100
04-01 17:45:38.931  2862  2862 D DeviceStatisticsService: chargerType=2 batteryLevel=49 totalBatteryCapacity=4585000
04-01 17:45:38.933  4982  5115 V bt_stack: [VERBOSE1:btm_ble_gap.cc(1923)] btm_ble_process_ext_adv_pkt: bda=67:6f:29:e8:a0:19
04-01 17:45:38.933  4982  5115 V bt_stack: [VERBOSE1:btm_ble_gap.cc(1847)] btm_ble_process_adv_addr: bda=67:6f:29:e8:a0:19
04-01 17:45:38.933  4982  5115 V bt_stack: [VERBOSE1:btm_ble_gap.cc(2052)]  Waiting for scan response 67:6f:29:e8:a0:19
04-01 17:45:38.943  2539  2539 D KeyguardUpdateMonitor: received broadcast android.intent.action.BATTERY_CHANGED
04-01 17:45:38.944  2862  2862 D NetworkSpeedTracker: receive actionandroid.intent.action.BATTERY_CHANGED
04-01 17:45:38.944  2862  2862 D NetworkSpeedTracker: onReceive ACTION_BATTERY_CHANGED mBatteryLevel = 49;mIsCharging =true
04-01 17:45:38.945  6036  6536 D PowerCheckerService: onBatteryChanged, mBatteryLevel = 49, status = 2, level = 49, plug = 2, scale = 100
04-01 17:45:38.949  4115  4115 I BatteryInfoReceiver: ACTION_BATTERY_CHANGED
04-01 17:45:38.952  1193  1193 I cnss-daemon: nl80211 response handler invoked
04-01 17:45:38.952  1193  1193 I cnss-daemon: nl80211_response_handler: cmd 103, vendorID 4980, subcmd 106  received
04-01 17:45:38.952   805 28628 I WifiHAL : event received NL80211_CMD_VENDOR, vendor_id = 0x1374, subcmd = 0x6a
04-01 17:45:38.964  2862  2862 D DeviceStatisticsService: chargerType=2 batteryLevel=49 totalBatteryCapacity=4585000
04-01 17:45:38.967  2539  2539 D KeyguardUpdateMonitor: received broadcast android.intent.action.BATTERY_CHANGED
04-01 17:45:38.967  2862  2862 D NetworkSpeedTracker: receive actionandroid.intent.action.BATTERY_CHANGED
04-01 17:45:38.967  2862  2862 D NetworkSpeedTracker: onReceive ACTION_BATTERY_CHANGED mBatteryLevel = 49;mIsCharging =true
04-01 17:45:38.968  4115  4115 I BatteryInfoReceiver: ACTION_BATTERY_CHANGED
04-01 17:45:38.971  6036  6536 D PowerCheckerService: onBatteryChanged, mBatteryLevel = 49, status = 2, level = 49, plug = 2, scale = 100
04-01 17:45:38.974  2862  2862 D DeviceStatisticsService: chargerType=2 batteryLevel=49 totalBatteryCapacity=4585000
04-01 17:45:38.985  2539  2539 D KeyguardUpdateMonitor: received broadcast android.intent.action.BATTERY_CHANGED
04-01 17:45:38.986  2862  2862 D NetworkSpeedTracker: receive actionandroid.intent.action.BATTERY_CHANGED
04-01 17:45:38.986  2862  2862 D NetworkSpeedTracker: onReceive ACTION_BATTERY_CHANGED mBatteryLevel = 49;mIsCharging =true
04-01 17:45:38.987  4115  4115 I BatteryInfoReceiver: ACTION_BATTERY_CHANGED
04-01 17:45:38.990  2862  2862 D DeviceStatisticsService: chargerType=2 batteryLevel=49 totalBatteryCapacity=4585000
04-01 17:45:38.992  6036  6536 D PowerCheckerService: onBatteryChanged, mBatteryLevel = 49, status = 2, level = 49, plug = 2, scale = 100
04-01 17:45:39.008   787  5112 I vendor.qti.bluetooth@1.0-ibs_handler: ProcessIbsCmd: Received IBS_SLEEP_IND: 0xFE
04-01 17:45:39.008   787  5112 D vendor.qti.bluetooth@1.0-ibs_handler: SerialClockVote: vote for UART CLK OFF
04-01 17:45:39.010  2539  2539 D KeyguardUpdateMonitor: received broadcast android.intent.action.BATTERY_CHANGED
04-01 17:45:39.010  2862  2862 D NetworkSpeedTracker: receive actionandroid.intent.action.BATTERY_CHANGED
04-01 17:45:39.010  2862  2862 D NetworkSpeedTracker: onReceive ACTION_BATTERY_CHANGED mBatteryLevel = 49;mIsCharging =true
04-01 17:45:39.011  4115  4115 I BatteryInfoReceiver: ACTION_BATTERY_CHANGED
04-01 17:45:39.013  6036  6536 D PowerCheckerService: onBatteryChanged, mBatteryLevel = 49, status = 2, level = 49, plug = 2, scale = 100
04-01 17:45:39.019  2862  2862 D DeviceStatisticsService: chargerType=2 batteryLevel=49 totalBatteryCapacity=4585000
04-01 17:45:39.021   796   796 W health@2.0-serv: type=1400 audit(0.0:758538): avc: denied { read } for name="type" dev="sysfs" ino=55635 scontext=u:r:hal_health_default:s0 tcontext=u:object_r:sysfs:s0 tclass=file permissive=0
04-01 17:45:39.029  2539  2539 D KeyguardUpdateMonitor: received broadcast android.intent.action.BATTERY_CHANGED
04-01 17:45:39.031  4115  4115 I BatteryInfoReceiver: ACTION_BATTERY_CHANGED
04-01 17:45:39.031  2862  2862 D NetworkSpeedTracker: receive actionandroid.intent.action.BATTERY_CHANGED
04-01 17:45:39.031  2862  2862 D NetworkSpeedTracker: onReceive ACTION_BATTERY_CHANGED mBatteryLevel = 49;mIsCharging =true
04-01 17:45:39.032  6036  6536 D PowerCheckerService: onBatteryChanged, mBatteryLevel = 49, status = 2, level = 49, plug = 2, scale = 100
04-01 17:45:39.037   796   796 W health@2.0-serv: type=1400 audit(0.0:758539): avc: denied { read } for name="type" dev="sysfs" ino=55635 scontext=u:r:hal_health_default:s0 tcontext=u:object_r:sysfs:s0 tclass=file permissive=0
04-01 17:45:39.045  2862  2862 D DeviceStatisticsService: chargerType=2 batteryLevel=49 totalBatteryCapacity=4585000
04-01 17:45:39.049  2862  2862 D NetworkSpeedTracker: receive actionandroid.intent.action.BATTERY_CHANGED
04-01 17:45:39.049  2539  2539 D KeyguardUpdateMonitor: received broadcast android.intent.action.BATTERY_CHANGED
04-01 17:45:39.049  2862  2862 D NetworkSpeedTracker: onReceive ACTION_BATTERY_CHANGED mBatteryLevel = 49;mIsCharging =true
04-01 17:45:39.050  4115  4115 I BatteryInfoReceiver: ACTION_BATTERY_CHANGED
04-01 17:45:39.052  6036  6536 D PowerCheckerService: onBatteryChanged, mBatteryLevel = 49, status = 2, level = 49, plug = 2, scale = 100
04-01 17:45:39.056  2862  2862 D DeviceStatisticsService: chargerType=2 batteryLevel=49 totalBatteryCapacity=4585000
04-01 17:45:39.069   796   796 W health@2.0-serv: type=1400 audit(0.0:758540): avc: denied { read } for name="type" dev="sysfs" ino=55635 scontext=u:r:hal_health_default:s0 tcontext=u:object_r:sysfs:s0 tclass=file permissive=0
04-01 17:45:39.077  2539  2539 D KeyguardUpdateMonitor: received broadcast android.intent.action.BATTERY_CHANGED
04-01 17:45:39.078  4115  4115 I BatteryInfoReceiver: ACTION_BATTERY_CHANGED
04-01 17:45:39.079  6036  6536 D PowerCheckerService: onBatteryChanged, mBatteryLevel = 49, status = 2, level = 49, plug = 2, scale = 100
04-01 17:45:39.079  2862  2862 D NetworkSpeedTracker: receive actionandroid.intent.action.BATTERY_CHANGED
04-01 17:45:39.080  2862  2862 D NetworkSpeedTracker: onReceive ACTION_BATTERY_CHANGED mBatteryLevel = 49;mIsCharging =true
04-01 17:45:39.087  2862  2862 D DeviceStatisticsService: chargerType=2 batteryLevel=49 totalBatteryCapacity=4585000
04-01 17:45:39.085   796   796 W health@2.0-serv: type=1400 audit(0.0:758541): avc: denied { read } for name="type" dev="sysfs" ino=55635 scontext=u:r:hal_health_default:s0 tcontext=u:object_r:sysfs:s0 tclass=file permissive=0
04-01 17:45:39.094  2539  2539 D KeyguardUpdateMonitor: received broadcast android.intent.action.BATTERY_CHANGED
04-01 17:45:39.094  2862  2862 D NetworkSpeedTracker: receive actionandroid.intent.action.BATTERY_CHANGED
04-01 17:45:39.094  2862  2862 D NetworkSpeedTracker: onReceive ACTION_BATTERY_CHANGED mBatteryLevel = 49;mIsCharging =true
04-01 17:45:39.095  4115  4115 I BatteryInfoReceiver: ACTION_BATTERY_CHANGED
04-01 17:45:39.097  6036  6536 D PowerCheckerService: onBatteryChanged, mBatteryLevel = 49, status = 2, level = 49, plug = 2, scale = 100
04-01 17:45:39.102  2862  2862 D DeviceStatisticsService: chargerType=2 batteryLevel=49 totalBatteryCapacity=4585000
04-01 17:45:39.113   796   796 W health@2.0-serv: type=1400 audit(0.0:758542): avc: denied { read } for name="type" dev="sysfs" ino=55635 scontext=u:r:hal_health_default:s0 tcontext=u:object_r:sysfs:s0 tclass=file permissive=0
04-01 17:45:39.122  2539  2539 D KeyguardUpdateMonitor: received broadcast android.intent.action.BATTERY_CHANGED
04-01 17:45:39.124  2862  2862 D NetworkSpeedTracker: receive actionandroid.intent.action.BATTERY_CHANGED
04-01 17:45:39.124  2862  2862 D NetworkSpeedTracker: onReceive ACTION_BATTERY_CHANGED mBatteryLevel = 49;mIsCharging =true
04-01 17:45:39.125  4115  4115 I BatteryInfoReceiver: ACTION_BATTERY_CHANGED
04-01 17:45:39.127  6036  6536 D PowerCheckerService: onBatteryChanged, mBatteryLevel = 49, status = 2, level = 49, plug = 2, scale = 100
04-01 17:45:39.129  2862  2862 D DeviceStatisticsService: chargerType=2 batteryLevel=49 totalBatteryCapacity=4585000
04-01 17:45:39.134  2539  2539 D KeyguardUpdateMonitor: received broadcast android.intent.action.BATTERY_CHANGED
04-01 17:45:39.136  6036  6536 D PowerCheckerService: onBatteryChanged, mBatteryLevel = 49, status = 2, level = 49, plug = 2, scale = 100
04-01 17:45:39.137  2862  2862 D NetworkSpeedTracker: receive actionandroid.intent.action.BATTERY_CHANGED
04-01 17:45:39.137  2862  2862 D NetworkSpeedTracker: onReceive ACTION_BATTERY_CHANGED mBatteryLevel = 49;mIsCharging =true
04-01 17:45:39.138  2862  2862 D DeviceStatisticsService: chargerType=2 batteryLevel=49 totalBatteryCapacity=4585000
04-01 17:45:39.139  1571  2412 D MIUIInput: [MotionEvent] publisher action=0x1, 49231110, channel '23ec900 com.milink.service/com.milink.ui.activity.DisplayDialogActivity (server)'
04-01 17:45:39.139 30532 30532 D ViewRootImpl: [TouchInput][ViewRootImpl] MotionEvent { action=ACTION_UP, id[0]=0, pointerCount=1, eventTime=49231110, downTime=49230762 } moveCount:21
04-01 17:45:39.141  4115  4115 I BatteryInfoReceiver: ACTION_BATTERY_CHANGED
04-01 17:45:39.143   805 28628 I WifiHAL : event received NL80211_CMD_VENDOR, vendor_id = 0x1374, subcmd = 0x6b
04-01 17:45:39.148  1193  1193 I cnss-daemon: nl80211 response handler invoked
04-01 17:45:39.148  1193  1193 I cnss-daemon: nl80211_response_handler: cmd 103, vendorID 4980, subcmd 107  received
04-01 17:45:39.158   787  5044 D vendor.qti.bluetooth@1.0-wake_lock: Release wakelock is released
04-01 17:45:39.163  2539  2539 D KeyguardUpdateMonitor: received broadcast android.intent.action.BATTERY_CHANGED
04-01 17:45:39.164  2862  2862 D NetworkSpeedTracker: receive actionandroid.intent.action.BATTERY_CHANGED
04-01 17:45:39.164  2862  2862 D NetworkSpeedTracker: onReceive ACTION_BATTERY_CHANGED mBatteryLevel = 49;mIsCharging =true
04-01 17:45:39.165  4115  4115 I BatteryInfoReceiver: ACTION_BATTERY_CHANGED
04-01 17:45:39.168  6036  6536 D PowerCheckerService: onBatteryChanged, mBatteryLevel = 49, status = 2, level = 49, plug = 2, scale = 100
04-01 17:45:39.172  2862  2862 D DeviceStatisticsService: chargerType=2 batteryLevel=49 totalBatteryCapacity=4585000
04-01 17:45:39.175  2539  2539 D KeyguardUpdateMonitor: received broadcast android.intent.action.BATTERY_CHANGED
04-01 17:45:39.176  2862  2862 D NetworkSpeedTracker: receive actionandroid.intent.action.BATTERY_CHANGED
04-01 17:45:39.176  2862  2862 D NetworkSpeedTracker: onReceive ACTION_BATTERY_CHANGED mBatteryLevel = 49;mIsCharging =true
04-01 17:45:39.177  6036  6536 D PowerCheckerService: onBatteryChanged, mBatteryLevel = 49, status = 2, level = 49, plug = 2, scale = 100
04-01 17:45:39.177  4115  4115 I BatteryInfoReceiver: ACTION_BATTERY_CHANGED
04-01 17:45:39.178  2862  2862 D DeviceStatisticsService: chargerType=2 batteryLevel=49 totalBatteryCapacity=4585000
04-01 17:45:39.216  2539  2539 D KeyguardUpdateMonitor: received broadcast android.intent.action.BATTERY_CHANGED
04-01 17:45:39.216  2862  2862 D NetworkSpeedTracker: receive actionandroid.intent.action.BATTERY_CHANGED
04-01 17:45:39.216  2862  2862 D NetworkSpeedTracker: onReceive ACTION_BATTERY_CHANGED mBatteryLevel = 49;mIsCharging =true
04-01 17:45:39.217  4115  4115 I BatteryInfoReceiver: ACTION_BATTERY_CHANGED
04-01 17:45:39.218  6036  6536 D PowerCheckerService: onBatteryChanged, mBatteryLevel = 49, status = 2, level = 49, plug = 2, scale = 100
04-01 17:45:39.225  2862  2862 D DeviceStatisticsService: chargerType=2 batteryLevel=49 totalBatteryCapacity=4585000
04-01 17:45:39.225  2862  2862 D NetworkSpeedTracker: receive actionandroid.intent.action.BATTERY_CHANGED
04-01 17:45:39.225  2862  2862 D NetworkSpeedTracker: onReceive ACTION_BATTERY_CHANGED mBatteryLevel = 49;mIsCharging =true
04-01 17:45:39.226  2539  2539 D KeyguardUpdateMonitor: received broadcast android.intent.action.BATTERY_CHANGED
04-01 17:45:39.227  4115  4115 I BatteryInfoReceiver: ACTION_BATTERY_CHANGED
04-01 17:45:39.229  2862  2862 D DeviceStatisticsService: chargerType=2 batteryLevel=49 totalBatteryCapacity=4585000
04-01 17:45:39.234  6036  6536 D PowerCheckerService: onBatteryChanged, mBatteryLevel = 49, status = 2, level = 49, plug = 2, scale = 100
04-01 17:45:39.254  2539  2539 D KeyguardUpdateMonitor: received broadcast android.intent.action.BATTERY_CHANGED
04-01 17:45:39.255  2862  2862 D NetworkSpeedTracker: receive actionandroid.intent.action.BATTERY_CHANGED
04-01 17:45:39.255  2862  2862 D NetworkSpeedTracker: onReceive ACTION_BATTERY_CHANGED mBatteryLevel = 49;mIsCharging =true
04-01 17:45:39.258  6036  6536 D PowerCheckerService: onBatteryChanged, mBatteryLevel = 49, status = 2, level = 49, plug = 2, scale = 100
04-01 17:45:39.261  4115  4115 I BatteryInfoReceiver: ACTION_BATTERY_CHANGED
04-01 17:45:39.265  2862  2862 D DeviceStatisticsService: chargerType=2 batteryLevel=49 totalBatteryCapacity=4585000
04-01 17:45:39.268  2539  2539 D KeyguardUpdateMonitor: received broadcast android.intent.action.BATTERY_CHANGED
04-01 17:45:39.268  2862  2862 D NetworkSpeedTracker: receive actionandroid.intent.action.BATTERY_CHANGED
04-01 17:45:39.268  2862  2862 D NetworkSpeedTracker: onReceive ACTION_BATTERY_CHANGED mBatteryLevel = 49;mIsCharging =true
04-01 17:45:39.269  4115  4115 I BatteryInfoReceiver: ACTION_BATTERY_CHANGED
04-01 17:45:39.269  6036  6536 D PowerCheckerService: onBatteryChanged, mBatteryLevel = 49, status = 2, level = 49, plug = 2, scale = 100
04-01 17:45:39.273  2862  2862 D DeviceStatisticsService: chargerType=2 batteryLevel=49 totalBatteryCapacity=4585000
04-01 17:45:39.318  2862  2862 D NetworkSpeedTracker: receive actionandroid.intent.action.BATTERY_CHANGED
04-01 17:45:39.318  2539  2539 D KeyguardUpdateMonitor: received broadcast android.intent.action.BATTERY_CHANGED
04-01 17:45:39.318  2862  2862 D NetworkSpeedTracker: onReceive ACTION_BATTERY_CHANGED mBatteryLevel = 49;mIsCharging =true
04-01 17:45:39.319  4115  4115 I BatteryInfoReceiver: ACTION_BATTERY_CHANGED
04-01 17:45:39.320  6036  6536 D PowerCheckerService: onBatteryChanged, mBatteryLevel = 49, status = 2, level = 49, plug = 2, scale = 100
04-01 17:45:39.322  2862  2862 D DeviceStatisticsService: chargerType=2 batteryLevel=49 totalBatteryCapacity=4585000
04-01 17:45:39.347  2539  2539 D KeyguardUpdateMonitor: received broadcast android.intent.action.BATTERY_CHANGED
04-01 17:45:39.348  2862  2862 D NetworkSpeedTracker: receive actionandroid.intent.action.BATTERY_CHANGED
04-01 17:45:39.348  2862  2862 D NetworkSpeedTracker: onReceive ACTION_BATTERY_CHANGED mBatteryLevel = 49;mIsCharging =true
04-01 17:45:39.349  4115  4115 I BatteryInfoReceiver: ACTION_BATTERY_CHANGED
04-01 17:45:39.350  6036  6536 D PowerCheckerService: onBatteryChanged, mBatteryLevel = 49, status = 2, level = 49, plug = 2, scale = 100
04-01 17:45:39.355  2862  2862 D DeviceStatisticsService: chargerType=2 batteryLevel=49 totalBatteryCapacity=4585000
04-01 17:45:39.358  2539  2539 D KeyguardUpdateMonitor: received broadcast android.intent.action.BATTERY_CHANGED
04-01 17:45:39.358  2862  2862 D NetworkSpeedTracker: receive actionandroid.intent.action.BATTERY_CHANGED
04-01 17:45:39.358  2862  2862 D NetworkSpeedTracker: onReceive ACTION_BATTERY_CHANGED mBatteryLevel = 49;mIsCharging =true
04-01 17:45:39.359  4115  4115 I BatteryInfoReceiver: ACTION_BATTERY_CHANGED
04-01 17:45:39.360  6036  6536 D PowerCheckerService: onBatteryChanged, mBatteryLevel = 49, status = 2, level = 49, plug = 2, scale = 100
04-01 17:45:39.362  2862  2862 D DeviceStatisticsService: chargerType=2 batteryLevel=49 totalBatteryCapacity=4585000
04-01 17:45:39.388  2539  2539 D KeyguardUpdateMonitor: received broadcast android.intent.action.BATTERY_CHANGED
04-01 17:45:39.391  1193  1193 I cnss-daemon: nl80211 response handler invoked
04-01 17:45:39.391  1193  1193 I cnss-daemon: nl80211_response_handler: cmd 103, vendorID 4980, subcmd 106  received
04-01 17:45:39.391   805 28628 I WifiHAL : event received NL80211_CMD_VENDOR, vendor_id = 0x1374, subcmd = 0x6a
04-01 17:45:39.391  4115  4115 I BatteryInfoReceiver: ACTION_BATTERY_CHANGED
04-01 17:45:39.393  6036  6536 D PowerCheckerService: onBatteryChanged, mBatteryLevel = 49, status = 2, level = 49, plug = 2, scale = 100
04-01 17:45:39.395  2862  2862 D NetworkSpeedTracker: receive actionandroid.intent.action.BATTERY_CHANGED
04-01 17:45:39.395  2862  2862 D NetworkSpeedTracker: onReceive ACTION_BATTERY_CHANGED mBatteryLevel = 49;mIsCharging =true
04-01 17:45:39.396  2862  2862 D DeviceStatisticsService: chargerType=2 batteryLevel=49 totalBatteryCapacity=4585000
04-01 17:45:39.405  2862  2862 D NetworkSpeedTracker: receive actionandroid.intent.action.BATTERY_CHANGED
04-01 17:45:39.405  2862  2862 D NetworkSpeedTracker: onReceive ACTION_BATTERY_CHANGED mBatteryLevel = 49;mIsCharging =true
04-01 17:45:39.407  4115  4115 I BatteryInfoReceiver: ACTION_BATTERY_CHANGED
04-01 17:45:39.407  2539  2539 D KeyguardUpdateMonitor: received broadcast android.intent.action.BATTERY_CHANGED
04-01 17:45:39.409  6036  6536 D PowerCheckerService: onBatteryChanged, mBatteryLevel = 49, status = 2, level = 49, plug = 2, scale = 100
04-01 17:45:39.410  2862  2862 D DeviceStatisticsService: chargerType=2 batteryLevel=49 totalBatteryCapacity=4585000
04-01 17:45:39.433  2539  2539 D KeyguardUpdateMonitor: received broadcast android.intent.action.BATTERY_CHANGED
04-01 17:45:39.434  2862  2862 D NetworkSpeedTracker: receive actionandroid.intent.action.BATTERY_CHANGED
04-01 17:45:39.434  2862  2862 D NetworkSpeedTracker: onReceive ACTION_BATTERY_CHANGED mBatteryLevel = 49;mIsCharging =true
04-01 17:45:39.435  4115  4115 I BatteryInfoReceiver: ACTION_BATTERY_CHANGED
04-01 17:45:39.436  6036  6536 D PowerCheckerService: onBatteryChanged, mBatteryLevel = 49, status = 2, level = 49, plug = 2, scale = 100
04-01 17:45:39.439  2862  2862 D DeviceStatisticsService: chargerType=2 batteryLevel=49 totalBatteryCapacity=4585000
04-01 17:45:39.442  2539  2539 D KeyguardUpdateMonitor: received broadcast android.intent.action.BATTERY_CHANGED
04-01 17:45:39.443  2862  2862 D NetworkSpeedTracker: receive actionandroid.intent.action.BATTERY_CHANGED
04-01 17:45:39.443  2862  2862 D NetworkSpeedTracker: onReceive ACTION_BATTERY_CHANGED mBatteryLevel = 49;mIsCharging =true
04-01 17:45:39.445  4115  4115 I BatteryInfoReceiver: ACTION_BATTERY_CHANGED
04-01 17:45:39.445  6036  6536 D PowerCheckerService: onBatteryChanged, mBatteryLevel = 49, status = 2, level = 49, plug = 2, scale = 100
04-01 17:45:39.446  2862  2862 D DeviceStatisticsService: chargerType=2 batteryLevel=49 totalBatteryCapacity=4585000
04-01 17:45:39.478  2539  2539 D KeyguardUpdateMonitor: received broadcast android.intent.action.BATTERY_CHANGED
04-01 17:45:39.479  2862  2862 D NetworkSpeedTracker: receive actionandroid.intent.action.BATTERY_CHANGED
04-01 17:45:39.479  2862  2862 D NetworkSpeedTracker: onReceive ACTION_BATTERY_CHANGED mBatteryLevel = 49;mIsCharging =true
04-01 17:45:39.481  6036  6536 D PowerCheckerService: onBatteryChanged, mBatteryLevel = 49, status = 2, level = 49, plug = 2, scale = 100
04-01 17:45:39.482  4115  4115 I BatteryInfoReceiver: ACTION_BATTERY_CHANGED
04-01 17:45:39.486  2862  2862 D DeviceStatisticsService: chargerType=2 batteryLevel=49 totalBatteryCapacity=4585000
04-01 17:45:39.497  2539  2539 D KeyguardUpdateMonitor: received broadcast android.intent.action.BATTERY_CHANGED
04-01 17:45:39.498  2862  2862 D NetworkSpeedTracker: receive actionandroid.intent.action.BATTERY_CHANGED
04-01 17:45:39.498  2862  2862 D NetworkSpeedTracker: onReceive ACTION_BATTERY_CHANGED mBatteryLevel = 49;mIsCharging =true
04-01 17:45:39.499  4115  4115 I BatteryInfoReceiver: ACTION_BATTERY_CHANGED
04-01 17:45:39.501  6036  6536 D PowerCheckerService: onBatteryChanged, mBatteryLevel = 49, status = 2, level = 49, plug = 2, scale = 100
04-01 17:45:39.505  2862  2862 D DeviceStatisticsService: chargerType=2 batteryLevel=49 totalBatteryCapacity=4585000
04-01 17:45:39.519  2539  2539 D KeyguardUpdateMonitor: received broadcast android.intent.action.BATTERY_CHANGED
04-01 17:45:39.520  2862  2862 D NetworkSpeedTracker: receive actionandroid.intent.action.BATTERY_CHANGED
04-01 17:45:39.520  2862  2862 D NetworkSpeedTracker: onReceive ACTION_BATTERY_CHANGED mBatteryLevel = 49;mIsCharging =true
04-01 17:45:39.521  4115  4115 I BatteryInfoReceiver: ACTION_BATTERY_CHANGED
04-01 17:45:39.522  6036  6536 D PowerCheckerService: onBatteryChanged, mBatteryLevel = 49, status = 2, level = 49, plug = 2, scale = 100
04-01 17:45:39.526  2862  2862 D DeviceStatisticsService: chargerType=2 batteryLevel=49 totalBatteryCapacity=4585000
04-01 17:45:39.539  2539  2539 D KeyguardUpdateMonitor: received broadcast android.intent.action.BATTERY_CHANGED
04-01 17:45:39.541  4115  4115 I BatteryInfoReceiver: ACTION_BATTERY_CHANGED
04-01 17:45:39.541  2862  2862 D NetworkSpeedTracker: receive actionandroid.intent.action.BATTERY_CHANGED
04-01 17:45:39.541  2862  2862 D NetworkSpeedTracker: onReceive ACTION_BATTERY_CHANGED mBatteryLevel = 49;mIsCharging =true
04-01 17:45:39.542  6036  6536 D PowerCheckerService: onBatteryChanged, mBatteryLevel = 49, status = 2, level = 49, plug = 2, scale = 100
04-01 17:45:39.544  2862  2862 D DeviceStatisticsService: chargerType=2 batteryLevel=49 totalBatteryCapacity=4585000
04-01 17:45:39.567  2539  2539 D KeyguardUpdateMonitor: received broadcast android.intent.action.BATTERY_CHANGED
04-01 17:45:39.568  2862  2862 D NetworkSpeedTracker: receive actionandroid.intent.action.BATTERY_CHANGED
04-01 17:45:39.569  2862  2862 D NetworkSpeedTracker: onReceive ACTION_BATTERY_CHANGED mBatteryLevel = 49;mIsCharging =true
04-01 17:45:39.569  4115  4115 I BatteryInfoReceiver: ACTION_BATTERY_CHANGED
04-01 17:45:39.571  6036  6536 D PowerCheckerService: onBatteryChanged, mBatteryLevel = 49, status = 2, level = 49, plug = 2, scale = 100
04-01 17:45:39.573  2862  2862 D DeviceStatisticsService: chargerType=2 batteryLevel=49 totalBatteryCapacity=4585000
04-01 17:45:39.577  2539  2539 D KeyguardUpdateMonitor: received broadcast android.intent.action.BATTERY_CHANGED
04-01 17:45:39.578  2862  2862 D NetworkSpeedTracker: receive actionandroid.intent.action.BATTERY_CHANGED
04-01 17:45:39.578  2862  2862 D NetworkSpeedTracker: onReceive ACTION_BATTERY_CHANGED mBatteryLevel = 49;mIsCharging =true
04-01 17:45:39.579  4115  4115 I BatteryInfoReceiver: ACTION_BATTERY_CHANGED
04-01 17:45:39.580  6036  6536 D PowerCheckerService: onBatteryChanged, mBatteryLevel = 49, status = 2, level = 49, plug = 2, scale = 100
04-01 17:45:39.586  2862  2862 D DeviceStatisticsService: chargerType=2 batteryLevel=49 totalBatteryCapacity=4585000
04-01 17:45:39.599   805 28628 I WifiHAL : event received NL80211_CMD_VENDOR, vendor_id = 0x1374, subcmd = 0x6b
04-01 17:45:39.600  1193  1193 I cnss-daemon: nl80211 response handler invoked
04-01 17:45:39.600  1193  1193 I cnss-daemon: nl80211_response_handler: cmd 103, vendorID 4980, subcmd 107  received
04-01 17:45:39.613  2539  2539 D KeyguardUpdateMonitor: received broadcast android.intent.action.BATTERY_CHANGED
04-01 17:45:39.614  2862  2862 D NetworkSpeedTracker: receive actionandroid.intent.action.BATTERY_CHANGED
04-01 17:45:39.614  2862  2862 D NetworkSpeedTracker: onReceive ACTION_BATTERY_CHANGED mBatteryLevel = 49;mIsCharging =true
04-01 17:45:39.616  4115  4115 I BatteryInfoReceiver: ACTION_BATTERY_CHANGED
04-01 17:45:39.620  6036  6536 D PowerCheckerService: onBatteryChanged, mBatteryLevel = 49, status = 2, level = 49, plug = 2, scale = 100
04-01 17:45:39.623  2862  2862 D DeviceStatisticsService: chargerType=2 batteryLevel=49 totalBatteryCapacity=4585000
04-01 17:45:39.625  2539  2539 D KeyguardUpdateMonitor: received broadcast android.intent.action.BATTERY_CHANGED
04-01 17:45:39.626  2862  2862 D NetworkSpeedTracker: receive actionandroid.intent.action.BATTERY_CHANGED
04-01 17:45:39.626  2862  2862 D NetworkSpeedTracker: onReceive ACTION_BATTERY_CHANGED mBatteryLevel = 49;mIsCharging =true
04-01 17:45:39.628  4115  4115 I BatteryInfoReceiver: ACTION_BATTERY_CHANGED
04-01 17:45:39.628  6036  6536 D PowerCheckerService: onBatteryChanged, mBatteryLevel = 49, status = 2, level = 49, plug = 2, scale = 100
04-01 17:45:39.630  2862  2862 D DeviceStatisticsService: chargerType=2 batteryLevel=49 totalBatteryCapacity=4585000
04-01 17:45:39.651  2539  2539 D KeyguardUpdateMonitor: received broadcast android.intent.action.BATTERY_CHANGED
04-01 17:45:39.652  2862  2862 D NetworkSpeedTracker: receive actionandroid.intent.action.BATTERY_CHANGED
04-01 17:45:39.652  2862  2862 D NetworkSpeedTracker: onReceive ACTION_BATTERY_CHANGED mBatteryLevel = 49;mIsCharging =true
04-01 17:45:39.653  4115  4115 I BatteryInfoReceiver: ACTION_BATTERY_CHANGED
04-01 17:45:39.657  6036  6536 D PowerCheckerService: onBatteryChanged, mBatteryLevel = 49, status = 2, level = 49, plug = 2, scale = 100
04-01 17:45:39.662  2862  2862 D DeviceStatisticsService: chargerType=2 batteryLevel=49 totalBatteryCapacity=4585000
04-01 17:45:39.667  2862  2862 D NetworkSpeedTracker: receive actionandroid.intent.action.BATTERY_CHANGED
04-01 17:45:39.667  2862  2862 D NetworkSpeedTracker: onReceive ACTION_BATTERY_CHANGED mBatteryLevel = 49;mIsCharging =true
04-01 17:45:39.667  4115  4115 I BatteryInfoReceiver: ACTION_BATTERY_CHANGED
04-01 17:45:39.668  2539  2539 D KeyguardUpdateMonitor: received broadcast android.intent.action.BATTERY_CHANGED
04-01 17:45:39.669  6036  6536 D PowerCheckerService: onBatteryChanged, mBatteryLevel = 49, status = 2, level = 49, plug = 2, scale = 100
04-01 17:45:39.671  2862  2862 D DeviceStatisticsService: chargerType=2 batteryLevel=49 totalBatteryCapacity=4585000
04-01 17:45:39.699  2862  2862 D NetworkSpeedTracker: receive actionandroid.intent.action.BATTERY_CHANGED
04-01 17:45:39.699  2539  2539 D KeyguardUpdateMonitor: received broadcast android.intent.action.BATTERY_CHANGED
04-01 17:45:39.699  2862  2862 D NetworkSpeedTracker: onReceive ACTION_BATTERY_CHANGED mBatteryLevel = 49;mIsCharging =true
04-01 17:45:39.700  4115  4115 I BatteryInfoReceiver: ACTION_BATTERY_CHANGED
04-01 17:45:39.701  6036  6536 D PowerCheckerService: onBatteryChanged, mBatteryLevel = 49, status = 2, level = 49, plug = 2, scale = 100
04-01 17:45:39.710  2862  2862 D DeviceStatisticsService: chargerType=2 batteryLevel=49 totalBatteryCapacity=4585000
04-01 17:45:39.713  2539  2539 D KeyguardUpdateMonitor: received broadcast android.intent.action.BATTERY_CHANGED
04-01 17:45:39.714  2862  2862 D NetworkSpeedTracker: receive actionandroid.intent.action.BATTERY_CHANGED
04-01 17:45:39.714  2862  2862 D NetworkSpeedTracker: onReceive ACTION_BATTERY_CHANGED mBatteryLevel = 49;mIsCharging =true
04-01 17:45:39.716  4115  4115 I BatteryInfoReceiver: ACTION_BATTERY_CHANGED
04-01 17:45:39.717  6036  6536 D PowerCheckerService: onBatteryChanged, mBatteryLevel = 49, status = 2, level = 49, plug = 2, scale = 100
04-01 17:45:39.721  2862  2862 D DeviceStatisticsService: chargerType=2 batteryLevel=49 totalBatteryCapacity=4585000
04-01 17:45:39.741  2539  2539 D KeyguardUpdateMonitor: received broadcast android.intent.action.BATTERY_CHANGED
04-01 17:45:39.741  2862  2862 D NetworkSpeedTracker: receive actionandroid.intent.action.BATTERY_CHANGED
04-01 17:45:39.741  2862  2862 D NetworkSpeedTracker: onReceive ACTION_BATTERY_CHANGED mBatteryLevel = 49;mIsCharging =true
04-01 17:45:39.742  4115  4115 I BatteryInfoReceiver: ACTION_BATTERY_CHANGED
04-01 17:45:39.746  6036  6536 D PowerCheckerService: onBatteryChanged, mBatteryLevel = 49, status = 2, level = 49, plug = 2, scale = 100
04-01 17:45:39.752  2862  2862 D DeviceStatisticsService: chargerType=2 batteryLevel=49 totalBatteryCapacity=4585000
04-01 17:45:39.755  2539  2539 D KeyguardUpdateMonitor: received broadcast android.intent.action.BATTERY_CHANGED
04-01 17:45:39.756  2862  2862 D NetworkSpeedTracker: receive actionandroid.intent.action.BATTERY_CHANGED
04-01 17:45:39.756  2862  2862 D NetworkSpeedTracker: onReceive ACTION_BATTERY_CHANGED mBatteryLevel = 49;mIsCharging =true
04-01 17:45:39.757  4115  4115 I BatteryInfoReceiver: ACTION_BATTERY_CHANGED
04-01 17:45:39.758  6036  6536 D PowerCheckerService: onBatteryChanged, mBatteryLevel = 49, status = 2, level = 49, plug = 2, scale = 100
04-01 17:45:39.759  2862  2862 D DeviceStatisticsService: chargerType=2 batteryLevel=49 totalBatteryCapacity=4585000
04-01 17:45:39.785  2539  2539 D KeyguardUpdateMonitor: received broadcast android.intent.action.BATTERY_CHANGED
04-01 17:45:39.786  2862  2862 D NetworkSpeedTracker: receive actionandroid.intent.action.BATTERY_CHANGED
04-01 17:45:39.786  2862  2862 D NetworkSpeedTracker: onReceive ACTION_BATTERY_CHANGED mBatteryLevel = 49;mIsCharging =true
04-01 17:45:39.787  4115  4115 I BatteryInfoReceiver: ACTION_BATTERY_CHANGED
04-01 17:45:39.788  6036  6536 D PowerCheckerService: onBatteryChanged, mBatteryLevel = 49, status = 2, level = 49, plug = 2, scale = 100
04-01 17:45:39.810  2862  2862 D DeviceStatisticsService: chargerType=2 batteryLevel=49 totalBatteryCapacity=4585000
04-01 17:45:39.815  2862  2862 D NetworkSpeedTracker: receive actionandroid.intent.action.BATTERY_CHANGED
04-01 17:45:39.815  2862  2862 D NetworkSpeedTracker: onReceive ACTION_BATTERY_CHANGED mBatteryLevel = 49;mIsCharging =true
04-01 17:45:39.816  4115  4115 I BatteryInfoReceiver: ACTION_BATTERY_CHANGED
04-01 17:45:39.816  2539  2539 D KeyguardUpdateMonitor: received broadcast android.intent.action.BATTERY_CHANGED
04-01 17:45:39.817  6036  6536 D PowerCheckerService: onBatteryChanged, mBatteryLevel = 49, status = 2, level = 49, plug = 2, scale = 100
04-01 17:45:39.825   834  1045 I DisplayFeatureHal: get frame stat: 119
04-01 17:45:39.827  2862  2862 D DeviceStatisticsService: chargerType=2 batteryLevel=49 totalBatteryCapacity=4585000
04-01 17:45:39.839  2539  2539 D KeyguardUpdateMonitor: received broadcast android.intent.action.BATTERY_CHANGED
04-01 17:45:39.839  2862  2862 D NetworkSpeedTracker: receive actionandroid.intent.action.BATTERY_CHANGED
04-01 17:45:39.839  2862  2862 D NetworkSpeedTracker: onReceive ACTION_BATTERY_CHANGED mBatteryLevel = 49;mIsCharging =true
04-01 17:45:39.840  4115  4115 I BatteryInfoReceiver: ACTION_BATTERY_CHANGED
04-01 17:45:39.843   805 28628 I WifiHAL : event received NL80211_CMD_VENDOR, vendor_id = 0x1374, subcmd = 0x6a
04-01 17:45:39.843  1193  1193 I cnss-daemon: nl80211 response handler invoked
04-01 17:45:39.843  1193  1193 I cnss-daemon: nl80211_response_handler: cmd 103, vendorID 4980, subcmd 106  received
04-01 17:45:39.845  6036  6536 D PowerCheckerService: onBatteryChanged, mBatteryLevel = 49, status = 2, level = 49, plug = 2, scale = 100
04-01 17:45:39.849  2862  2862 D DeviceStatisticsService: chargerType=2 batteryLevel=49 totalBatteryCapacity=4585000
04-01 17:45:39.850  2862  2862 D NetworkSpeedTracker: receive actionandroid.intent.action.BATTERY_CHANGED
04-01 17:45:39.850  2862  2862 D NetworkSpeedTracker: onReceive ACTION_BATTERY_CHANGED mBatteryLevel = 49;mIsCharging =true
04-01 17:45:39.850  2539  2539 D KeyguardUpdateMonitor: received broadcast android.intent.action.BATTERY_CHANGED
04-01 17:45:39.851  4115  4115 I BatteryInfoReceiver: ACTION_BATTERY_CHANGED
04-01 17:45:39.854  6036  6536 D PowerCheckerService: onBatteryChanged, mBatteryLevel = 49, status = 2, level = 49, plug = 2, scale = 100
04-01 17:45:39.859  2862  2862 D DeviceStatisticsService: chargerType=2 batteryLevel=49 totalBatteryCapacity=4585000
04-01 17:45:39.877  2539  2539 D KeyguardUpdateMonitor: received broadcast android.intent.action.BATTERY_CHANGED
04-01 17:45:39.877  2862  2862 D NetworkSpeedTracker: receive actionandroid.intent.action.BATTERY_CHANGED
04-01 17:45:39.877  2862  2862 D NetworkSpeedTracker: onReceive ACTION_BATTERY_CHANGED mBatteryLevel = 49;mIsCharging =true
04-01 17:45:39.879  4115  4115 I BatteryInfoReceiver: ACTION_BATTERY_CHANGED
04-01 17:45:39.882  2862  2862 D DeviceStatisticsService: chargerType=2 batteryLevel=49 totalBatteryCapacity=4585000
04-01 17:45:39.884  6036  6536 D PowerCheckerService: onBatteryChanged, mBatteryLevel = 49, status = 2, level = 49, plug = 2, scale = 100
04-01 17:45:39.888  2862  2862 D NetworkSpeedTracker: receive actionandroid.intent.action.BATTERY_CHANGED
04-01 17:45:39.889  2862  2862 D NetworkSpeedTracker: onReceive ACTION_BATTERY_CHANGED mBatteryLevel = 49;mIsCharging =true
04-01 17:45:39.889  2539  2539 D KeyguardUpdateMonitor: received broadcast android.intent.action.BATTERY_CHANGED
04-01 17:45:39.890  4115  4115 I BatteryInfoReceiver: ACTION_BATTERY_CHANGED
04-01 17:45:39.891  6036  6536 D PowerCheckerService: onBatteryChanged, mBatteryLevel = 49, status = 2, level = 49, plug = 2, scale = 100
04-01 17:45:39.895  2862  2862 D DeviceStatisticsService: chargerType=2 batteryLevel=49 totalBatteryCapacity=4585000
04-01 17:45:39.901  5568  5602 I appium  : AppiumResponse: {"sessionId":"3d995efd-5a17-4991-8482-f6efeaa0fe6d","value":null}
04-01 17:45:39.917   787  5112 I vendor.qti.bluetooth@1.0-ibs_handler: ProcessIbsCmd: Received IBS_WAKE_IND: 0xFD
04-01 17:45:39.917   787  5112 D vendor.qti.bluetooth@1.0-ibs_handler: SerialClockVote: vote for UART CLK ON
04-01 17:45:39.917  5568  5602 I appium  : channel read: POST /wd/hub/session/3d995efd-5a17-4991-8482-f6efeaa0fe6d/element
04-01 17:45:39.918  5568  5602 I appium  : FindElement command
04-01 17:45:39.918   787  5112 D vendor.qti.bluetooth@1.0-wake_lock: Acquire wakelock is acquired
04-01 17:45:39.919   787  5112 I vendor.qti.bluetooth@1.0-ibs_handler: ProcessIbsCmd: Writing IBS_WAKE_ACK
04-01 17:45:39.920  4982  5115 V bt_stack: [VERBOSE1:btm_ble_gap.cc(1923)] btm_ble_process_ext_adv_pkt: bda=67:6f:29:e8:a0:19
04-01 17:45:39.920  4982  5115 V bt_stack: [VERBOSE1:btm_ble_gap.cc(1847)] btm_ble_process_adv_addr: bda=67:6f:29:e8:a0:19
04-01 17:45:39.920  4982  5115 V bt_stack: [VERBOSE1:btm_ble_gap.cc(2052)]  Waiting for scan response 67:6f:29:e8:a0:19
04-01 17:45:39.921  2539  2539 D KeyguardUpdateMonitor: received broadcast android.intent.action.BATTERY_CHANGED
04-01 17:45:39.921  5568  5602 I appium  : method: 'xpath', selector: '//*[@text="aaa"]', contextId: ''
04-01 17:45:39.922  5568  5602 I appium  : Waiting up to 10000ms for the device to idle
04-01 17:45:39.925  2862  2862 D NetworkSpeedTracker: receive actionandroid.intent.action.BATTERY_CHANGED
04-01 17:45:39.925  2862  2862 D NetworkSpeedTracker: onReceive ACTION_BATTERY_CHANGED mBatteryLevel = 49;mIsCharging =true
04-01 17:45:39.926  4115  4115 I BatteryInfoReceiver: ACTION_BATTERY_CHANGED
04-01 17:45:39.928  6036  6536 D PowerCheckerService: onBatteryChanged, mBatteryLevel = 49, status = 2, level = 49, plug = 2, scale = 100
