04-01 17:45:34.723  2539  2539 D KeyguardUpdateMonitor: received broadcast android.intent.action.BATTERY_CHANGED
04-01 17:45:34.724  2862  2862 D NetworkSpeedTracker: receive actionandroid.intent.action.BATTERY_CHANGED
04-01 17:45:34.724  2862  2862 D NetworkSpeedTracker: onReceive ACTION_BATTERY_CHANGED mBatteryLevel = 49;mIsCharging =true
04-01 17:45:34.725  4115  4115 I BatteryInfoReceiver: ACTION_BATTERY_CHANGED
04-01 17:45:34.726  6036  6536 D PowerCheckerService: onBatteryChanged, mBatteryLevel = 49, status = 2, level = 49, plug = 2, scale = 100
04-01 17:45:34.734  2862  2862 D DeviceStatisticsService: chargerType=2 batteryLevel=49 totalBatteryCapacity=4585000
04-01 17:45:34.737  2539  2539 D KeyguardUpdateMonitor: received broadcast android.intent.action.BATTERY_CHANGED
04-01 17:45:34.737  2862  2862 D NetworkSpeedTracker: receive actionandroid.intent.action.BATTERY_CHANGED
04-01 17:45:34.737  2862  2862 D NetworkSpeedTracker: onReceive ACTION_BATTERY_CHANGED mBatteryLevel = 49;mIsCharging =true
04-01 17:45:34.738  4115  4115 I BatteryInfoReceiver: ACTION_BATTERY_CHANGED
04-01 17:45:34.739  6036  6536 D PowerCheckerService: onBatteryChanged, mBatteryLevel = 49, status = 2, level = 49, plug = 2, scale = 100
04-01 17:45:34.741  2862  2862 D DeviceStatisticsService: chargerType=2 batteryLevel=49 totalBatteryCapacity=4585000
04-01 17:45:34.749  5568  5602 I appium  : channel read: POST /wd/hub/session/3d995efd-5a17-4991-8482-f6efeaa0fe6d/element
04-01 17:45:34.751  5568  5602 I appium  : FindElement command
04-01 17:45:34.755  5568  5602 I appium  : method: 'xpath', selector: '//*[@text="aaa"]', contextId: ''
04-01 17:45:34.758  5568  5602 I appium  : Waiting up to 10000ms for the device to idle
04-01 17:45:34.768  2862  2862 D NetworkSpeedTracker: receive actionandroid.intent.action.BATTERY_CHANGED
04-01 17:45:34.768  2862  2862 D NetworkSpeedTracker: onReceive ACTION_BATTERY_CHANGED mBatteryLevel = 49;mIsCharging =true
04-01 17:45:34.768  2539  2539 D KeyguardUpdateMonitor: received broadcast android.intent.action.BATTERY_CHANGED
04-01 17:45:34.769  4115  4115 I BatteryInfoReceiver: ACTION_BATTERY_CHANGED
04-01 17:45:34.770  6036  6536 D PowerCheckerService: onBatteryChanged, mBatteryLevel = 49, status = 2, level = 49, plug = 2, scale = 100
04-01 17:45:34.773  2862  2862 D DeviceStatisticsService: chargerType=2 batteryLevel=49 totalBatteryCapacity=4585000
04-01 17:45:34.777  2539  2539 D KeyguardUpdateMonitor: received broadcast android.intent.action.BATTERY_CHANGED
04-01 17:45:34.777  2862  2862 D NetworkSpeedTracker: receive actionandroid.intent.action.BATTERY_CHANGED
04-01 17:45:34.777  2862  2862 D NetworkSpeedTracker: onReceive ACTION_BATTERY_CHANGED mBatteryLevel = 49;mIsCharging =true
04-01 17:45:34.778  4115  4115 I BatteryInfoReceiver: ACTION_BATTERY_CHANGED
04-01 17:45:34.779  6036  6536 D PowerCheckerService: onBatteryChanged, mBatteryLevel = 49, status = 2, level = 49, plug = 2, scale = 100
04-01 17:45:34.780  2862  2862 D DeviceStatisticsService: chargerType=2 batteryLevel=49 totalBatteryCapacity=4585000
04-01 17:45:34.816  2862  2862 D NetworkSpeedTracker: receive actionandroid.intent.action.BATTERY_CHANGED
04-01 17:45:34.816  2862  2862 D NetworkSpeedTracker: onReceive ACTION_BATTERY_CHANGED mBatteryLevel = 49;mIsCharging =true
04-01 17:45:34.816  2539  2539 D KeyguardUpdateMonitor: received broadcast android.intent.action.BATTERY_CHANGED
04-01 17:45:34.817  4115  4115 I BatteryInfoReceiver: ACTION_BATTERY_CHANGED
04-01 17:45:34.818  6036  6536 D PowerCheckerService: onBatteryChanged, mBatteryLevel = 49, status = 2, level = 49, plug = 2, scale = 100
04-01 17:45:34.826  5568  5602 I appium  : The following attributes will be included to the page source: [text]
04-01 17:45:34.829  2862  2862 D DeviceStatisticsService: chargerType=2 batteryLevel=49 totalBatteryCapacity=4585000
04-01 17:45:34.832  2539  2539 D KeyguardUpdateMonitor: received broadcast android.intent.action.BATTERY_CHANGED
04-01 17:45:34.833  2862  2862 D NetworkSpeedTracker: receive actionandroid.intent.action.BATTERY_CHANGED
04-01 17:45:34.833  2862  2862 D NetworkSpeedTracker: onReceive ACTION_BATTERY_CHANGED mBatteryLevel = 49;mIsCharging =true
04-01 17:45:34.834  4115  4115 I BatteryInfoReceiver: ACTION_BATTERY_CHANGED
04-01 17:45:34.835  6036  6536 D PowerCheckerService: onBatteryChanged, mBatteryLevel = 49, status = 2, level = 49, plug = 2, scale = 100
04-01 17:45:34.841  2862  2862 D DeviceStatisticsService: chargerType=2 batteryLevel=49 totalBatteryCapacity=4585000
04-01 17:45:34.858   787  5044 D vendor.qti.bluetooth@1.0-wake_lock: Release wakelock is released
04-01 17:45:34.863  2862  2862 D NetworkSpeedTracker: receive actionandroid.intent.action.BATTERY_CHANGED
04-01 17:45:34.863  2862  2862 D NetworkSpeedTracker: onReceive ACTION_BATTERY_CHANGED mBatteryLevel = 49;mIsCharging =true
04-01 17:45:34.863  2539  2539 D KeyguardUpdateMonitor: received broadcast android.intent.action.BATTERY_CHANGED
04-01 17:45:34.864  4115  4115 I BatteryInfoReceiver: ACTION_BATTERY_CHANGED
04-01 17:45:34.865  6036  6536 D PowerCheckerService: onBatteryChanged, mBatteryLevel = 49, status = 2, level = 49, plug = 2, scale = 100
04-01 17:45:34.871  2539  2539 D KeyguardUpdateMonitor: received broadcast android.intent.action.BATTERY_CHANGED
04-01 17:45:34.871  2862  2862 D DeviceStatisticsService: chargerType=2 batteryLevel=49 totalBatteryCapacity=4585000
04-01 17:45:34.872  2862  2862 D NetworkSpeedTracker: receive actionandroid.intent.action.BATTERY_CHANGED
04-01 17:45:34.872  2862  2862 D NetworkSpeedTracker: onReceive ACTION_BATTERY_CHANGED mBatteryLevel = 49;mIsCharging =true
04-01 17:45:34.873  4115  4115 I BatteryInfoReceiver: ACTION_BATTERY_CHANGED
04-01 17:45:34.876  6036  6536 D PowerCheckerService: onBatteryChanged, mBatteryLevel = 49, status = 2, level = 49, plug = 2, scale = 100
04-01 17:45:34.880  2862  2862 D DeviceStatisticsService: chargerType=2 batteryLevel=49 totalBatteryCapacity=4585000
04-01 17:45:34.883  1193  1193 I cnss-daemon: nl80211 response handler invoked
04-01 17:45:34.883  1193  1193 I cnss-daemon: nl80211_response_handler: cmd 103, vendorID 4980, subcmd 106  received
04-01 17:45:34.883   805 28628 I WifiHAL : event received NL80211_CMD_VENDOR, vendor_id = 0x1374, subcmd = 0x6a
04-01 17:45:34.902  2862  2862 D NetworkSpeedTracker: receive actionandroid.intent.action.BATTERY_CHANGED
04-01 17:45:34.902  2862  2862 D NetworkSpeedTracker: onReceive ACTION_BATTERY_CHANGED mBatteryLevel = 49;mIsCharging =true
04-01 17:45:34.904  6036  6536 D PowerCheckerService: onBatteryChanged, mBatteryLevel = 49, status = 2, level = 49, plug = 2, scale = 100
04-01 17:45:34.904  4115  4115 I BatteryInfoReceiver: ACTION_BATTERY_CHANGED
04-01 17:45:34.912  2539  2539 D KeyguardUpdateMonitor: received broadcast android.intent.action.BATTERY_CHANGED
04-01 17:45:34.912  2862  2862 D DeviceStatisticsService: chargerType=2 batteryLevel=49 totalBatteryCapacity=4585000
04-01 17:45:34.915  2539  2539 D KeyguardUpdateMonitor: received broadcast android.intent.action.BATTERY_CHANGED
04-01 17:45:34.915  2862  2862 D NetworkSpeedTracker: receive actionandroid.intent.action.BATTERY_CHANGED
04-01 17:45:34.915  2862  2862 D NetworkSpeedTracker: onReceive ACTION_BATTERY_CHANGED mBatteryLevel = 49;mIsCharging =true
04-01 17:45:34.918  4115  4115 I BatteryInfoReceiver: ACTION_BATTERY_CHANGED
04-01 17:45:34.919  6036  6536 D PowerCheckerService: onBatteryChanged, mBatteryLevel = 49, status = 2, level = 49, plug = 2, scale = 100
04-01 17:45:34.921  2862  2862 D DeviceStatisticsService: chargerType=2 batteryLevel=49 totalBatteryCapacity=4585000
04-01 17:45:34.937   796   796 W health@2.0-serv: type=1400 audit(0.0:758352): avc: denied { read } for name="type" dev="sysfs" ino=55635 scontext=u:r:hal_health_default:s0 tcontext=u:object_r:sysfs:s0 tclass=file permissive=0
04-01 17:45:34.947  2539  2539 D KeyguardUpdateMonitor: received broadcast android.intent.action.BATTERY_CHANGED
04-01 17:45:34.947  2862  2862 D NetworkSpeedTracker: receive actionandroid.intent.action.BATTERY_CHANGED
04-01 17:45:34.947  2862  2862 D NetworkSpeedTracker: onReceive ACTION_BATTERY_CHANGED mBatteryLevel = 49;mIsCharging =true
04-01 17:45:34.949  5568  5602 I appium  : Took 3ms to retrieve 0 matches for '//*[@text="aaa"]' XPath query
04-01 17:45:34.949  4115  4115 I BatteryInfoReceiver: ACTION_BATTERY_CHANGED
04-01 17:45:34.951  5568  5602 I appium  : AppiumResponse: {"sessionId":"3d995efd-5a17-4991-8482-f6efeaa0fe6d","value":{"error":"no such element","message":"An element could not be located on the page using the given search parameters","stacktrace":"io.appium.uiautomator2.common.exceptions.ElementNotFoundException: An element could not be located on the page using the given search parameters\n\tat io.appium.uiautomator2.handler.FindElement.findElement(FindElement.java:91)\n\tat io.appium.uiautomator2.handler.FindElement.safeHandle(FindElement.java:68)\n\tat io.appium.uiautomator2.handler.request.SafeRequestHandler.handle(SafeRequestHandler.java:41)\n\tat io.appium.uiautomator2.server.AppiumServlet.handleRequest(AppiumServlet.java:261)\n\tat io.appium.uiautomator2.server.AppiumServlet.handleHttpRequest(AppiumServlet.java:255)\n\tat io.appium.uiautomator2.http.ServerHandler.channelRead(ServerHandler.java:68)\n\tat io.netty.channel.AbstractChannelHandlerContext.invokeChannelRead(AbstractChannelHandlerContext.java:366)\n\tat io.netty.channel.AbstractChannelHandlerContext.invokeChannelRead(AbstractChannelHandlerContext.java:352)\n\tat io.netty.channel.AbstractChannelHandlerContext.fireChannelRead(AbstractChannelHandlerContext.java:345)\n\tat io.netty.handler.codec.MessageToMessageDecoder.channelRead(MessageToMessageDecoder.java:102)\n\tat io.netty.channel.AbstractChannelHandlerContext.invokeChannelRead(AbstractChannelHandlerContext.java:366)\n\tat io.netty.channel.AbstractChannelHandlerContext.invokeChannelRead(AbstractChannelHandlerContext.java:352)\n\tat io.netty.channel.AbstractChannelHandlerContext.fireChannelRead(AbstractChannelHandlerContext.java:345)\n\tat io.netty.channel.CombinedChannelDuplexHandler$DelegatingChannelHandlerContext.fireChannelRead(CombinedChannelDuplexHandler.java:435)\n\tat io.netty.handler.codec.ByteToMessageDecoder.fireChannelRead(ByteToMessageDecoder.java:293)\n\tat io.netty.handler.codec.ByteToMessageDecoder.channelRead(ByteToMessageDecoder.java:267)\n\tat io.netty.channel.CombinedChannelDuplexHandler.channelRead(CombinedChannelDuplexHandler.java:250)\n\tat io.netty.channel.AbstractChannelHandlerContext.invokeChannelRead(AbstractChannelHandlerContext.java:366)\n\tat io.netty.channel.AbstractChannelHandlerContext.invokeChannelRead(AbstractChannelHandlerContext.java:352)\n\tat io.netty.channel.AbstractChannelHandlerContext.fireChannelRead(AbstractChannelHandlerContext.java:345)\n\tat io.netty.handler.timeout.IdleStateHandler.channelRead(IdleStateHandler.java:266)\n\tat io.netty.channel.AbstractChannelHandlerContext.invokeChannelRead(AbstractChannelHandlerContext.java:366)\n\tat io.netty.channel.AbstractChannelHandlerContext.invokeChannelRead(AbstractChannelHandlerContext.java:352)\n\tat io.netty.channel.AbstractChannelHandlerContext.fireChannelRead(AbstractChannelHandlerContext.java:345)\n\tat io.netty.channel.DefaultChannelPipeline$HeadContext.channelRead(DefaultChannelPipeline.java:1294)\n\tat io.netty.channel.AbstractChannelHandlerContext.invokeChannelRead(AbstractChannelHandlerContext.java:366)\n\tat io.netty.channel.AbstractChannelHandlerContext.invokeChannelRead(AbstractChannelHandlerContext.java:352)\n\tat io.netty.channel.DefaultChannelPipeline.fireChannelRead(DefaultChannelPipeline.java:911)\n\tat io.netty.channel.nio.AbstractNioByteChannel$NioByteUnsafe.read(AbstractNioByteChannel.java:131)\n\tat io.netty.channel.nio.NioEventLoop.processSelectedKey(NioEventLoop.java:611)\n\tat io.netty.channel.nio.NioEventLoop.processSelectedKeysOptimized(NioEventLoop.java:552)\n\tat io.netty.channel.nio.NioEventLoop.processSelectedKeys(NioEventLoop.java:466)\n\tat io.netty.channel.nio.NioEventLoop.run(NioEventLoop.java:438)\n\tat io.netty.util.concurrent.SingleThreadEventExecutor$2.run(SingleThreadEventExecutor.java:140)\n\tat io.netty.util.concurrent.DefaultThreadFactory$DefaultRunnableDecorator.run(DefaultThreadFactory.java:144)\n\tat java.lang.Thread.run(Thread.java:919)\n"}}
04-01 17:45:34.949   796   796 W health@2.0-serv: type=1400 audit(0.0:758353): avc: denied { read } for name="type" dev="sysfs" ino=55635 scontext=u:r:hal_health_default:s0 tcontext=u:object_r:sysfs:s0 tclass=file permissive=0
04-01 17:45:34.952  6036  6536 D PowerCheckerService: onBatteryChanged, mBatteryLevel = 49, status = 2, level = 49, plug = 2, scale = 100
04-01 17:45:34.957  2862  2862 D DeviceStatisticsService: chargerType=2 batteryLevel=49 totalBatteryCapacity=4585000
04-01 17:45:34.964  5568  5602 I appium  : channel read: GET /wd/hub/session/3d995efd-5a17-4991-8482-f6efeaa0fe6d/window/current/size
04-01 17:45:34.964  2539  2539 D KeyguardUpdateMonitor: received broadcast android.intent.action.BATTERY_CHANGED
04-01 17:45:34.964  5568  5602 I appium  : GetDeviceSize command
04-01 17:45:34.964  5568  5602 I appium  : Get window size of the device
04-01 17:45:34.965  2862  2862 D NetworkSpeedTracker: receive actionandroid.intent.action.BATTERY_CHANGED
04-01 17:45:34.965  2862  2862 D NetworkSpeedTracker: onReceive ACTION_BATTERY_CHANGED mBatteryLevel = 49;mIsCharging =true
04-01 17:45:34.967  4115  4115 I BatteryInfoReceiver: ACTION_BATTERY_CHANGED
04-01 17:45:34.967  5568  5602 I appium  : AppiumResponse: {"sessionId":"3d995efd-5a17-4991-8482-f6efeaa0fe6d","value":{"height":2179,"width":1080}}
04-01 17:45:34.969  6036  6536 D PowerCheckerService: onBatteryChanged, mBatteryLevel = 49, status = 2, level = 49, plug = 2, scale = 100
04-01 17:45:34.974  2862  2862 D DeviceStatisticsService: chargerType=2 batteryLevel=49 totalBatteryCapacity=4585000
04-01 17:45:34.978  6778  7664 D WorkerThreadMonitor: Kill MSF check result[ senderSize:0,sendInterval:68634,receiveInterval=8432,addCmdCount=2823
04-01 17:45:34.988  5568  5602 I appium  : channel read: POST /wd/hub/session/3d995efd-5a17-4991-8482-f6efeaa0fe6d/touch/perform
04-01 17:45:34.989  5568  5602 I appium  : Swipe command
04-01 17:45:34.989   796   796 W health@2.0-serv: type=1400 audit(0.0:758354): avc: denied { read } for name="type" dev="sysfs" ino=55635 scontext=u:r:hal_health_default:s0 tcontext=u:object_r:sysfs:s0 tclass=file permissive=0
04-01 17:45:35.000  2539  2539 D KeyguardUpdateMonitor: received broadcast android.intent.action.BATTERY_CHANGED
04-01 17:45:35.001  2862  2862 D NetworkSpeedTracker: receive actionandroid.intent.action.BATTERY_CHANGED
04-01 17:45:35.001  2862  2862 D NetworkSpeedTracker: onReceive ACTION_BATTERY_CHANGED mBatteryLevel = 49;mIsCharging =true
04-01 17:45:35.002  4115  4115 I BatteryInfoReceiver: ACTION_BATTERY_CHANGED
04-01 17:45:34.997   796   796 W health@2.0-serv: type=1400 audit(0.0:758355): avc: denied { read } for name="type" dev="sysfs" ino=55635 scontext=u:r:hal_health_default:s0 tcontext=u:object_r:sysfs:s0 tclass=file permissive=0
04-01 17:45:35.003  6036  6536 D PowerCheckerService: onBatteryChanged, mBatteryLevel = 49, status = 2, level = 49, plug = 2, scale = 100
04-01 17:45:35.011  1571  2412 D MIUIInput: [MotionEvent] publisher action=0x4, 49226970, channel '29e26ec NavigationBar (server)'
04-01 17:45:35.011  1571  2412 D MIUIInput: [MotionEvent] publisher action=0x4, 49226970, channel 'eafa6ff StatusBar (server)'
04-01 17:45:35.011  1571  2412 D MIUIInput: [MotionEvent] publisher action=0x0, 49226970, channel '23ec900 com.milink.service/com.milink.ui.activity.DisplayDialogActivity (server)'
04-01 17:45:35.012 30532 30532 D ViewRootImpl: [TouchInput][ViewRootImpl] MotionEvent { action=ACTION_DOWN, id[0]=0, pointerCount=1, eventTime=49226970, downTime=49226970 } moveCount:0
04-01 17:45:35.013  2539  2539 D KeyguardUpdateMonitor: received broadcast android.intent.action.BATTERY_CHANGED
04-01 17:45:35.014  2862  2862 D DeviceStatisticsService: chargerType=2 batteryLevel=49 totalBatteryCapacity=4585000
04-01 17:45:35.014  2862  2862 D NetworkSpeedTracker: receive actionandroid.intent.action.BATTERY_CHANGED
04-01 17:45:35.014  2862  2862 D NetworkSpeedTracker: onReceive ACTION_BATTERY_CHANGED mBatteryLevel = 49;mIsCharging =true
04-01 17:45:35.015  4115  4115 I BatteryInfoReceiver: ACTION_BATTERY_CHANGED
04-01 17:45:35.015  6036  6536 D PowerCheckerService: onBatteryChanged, mBatteryLevel = 49, status = 2, level = 49, plug = 2, scale = 100
04-01 17:45:35.021  2862  2862 D DeviceStatisticsService: chargerType=2 batteryLevel=49 totalBatteryCapacity=4585000
04-01 17:45:35.025   796   796 W health@2.0-serv: type=1400 audit(0.0:758356): avc: denied { read } for name="type" dev="sysfs" ino=55635 scontext=u:r:hal_health_default:s0 tcontext=u:object_r:sysfs:s0 tclass=file permissive=0
04-01 17:45:35.035  2862  2862 D NetworkSpeedTracker: receive actionandroid.intent.action.BATTERY_CHANGED
04-01 17:45:35.035  2862  2862 D NetworkSpeedTracker: onReceive ACTION_BATTERY_CHANGED mBatteryLevel = 49;mIsCharging =true
04-01 17:45:35.036  4115  4115 I BatteryInfoReceiver: ACTION_BATTERY_CHANGED
04-01 17:45:35.037  2539  2539 D KeyguardUpdateMonitor: received broadcast android.intent.action.BATTERY_CHANGED
04-01 17:45:35.039  6036  6536 D PowerCheckerService: onBatteryChanged, mBatteryLevel = 49, status = 2, level = 49, plug = 2, scale = 100
04-01 17:45:35.043  2862  2862 D DeviceStatisticsService: chargerType=2 batteryLevel=49 totalBatteryCapacity=4585000
04-01 17:45:35.045  2539  2539 D KeyguardUpdateMonitor: received broadcast android.intent.action.BATTERY_CHANGED
04-01 17:45:35.046  2862  2862 D NetworkSpeedTracker: receive actionandroid.intent.action.BATTERY_CHANGED
04-01 17:45:35.046  2862  2862 D NetworkSpeedTracker: onReceive ACTION_BATTERY_CHANGED mBatteryLevel = 49;mIsCharging =true
04-01 17:45:35.047  4115  4115 I BatteryInfoReceiver: ACTION_BATTERY_CHANGED
04-01 17:45:35.047  6036  6536 D PowerCheckerService: onBatteryChanged, mBatteryLevel = 49, status = 2, level = 49, plug = 2, scale = 100
04-01 17:45:35.050   813   813 I SDM     : DisplayBuiltIn::SetRefreshRate: current period = 20079948, last period = 20011042, exit idle mode !
04-01 17:45:35.052  2862  2862 D DeviceStatisticsService: chargerType=2 batteryLevel=49 totalBatteryCapacity=4585000
04-01 17:45:35.078 30532 30532 D ForceDarkHelper: updateByCheckExcludeList: pkg: com.milink.service activity: com.milink.ui.activity.DisplayDialogActivity@6a04152
04-01 17:45:35.079 30532 30532 I chatty  : uid=10137(com.milink.service) identical 2 lines
04-01 17:45:35.079 30532 30532 D ForceDarkHelper: updateByCheckExcludeList: pkg: com.milink.service activity: com.milink.ui.activity.DisplayDialogActivity@6a04152
04-01 17:45:35.079   805 28628 I WifiHAL : event received NL80211_CMD_VENDOR, vendor_id = 0x1374, subcmd = 0x6b
04-01 17:45:35.080 30532 30532 D ForceDarkHelper: updateByCheckExcludeList: pkg: com.milink.service activity: com.milink.ui.activity.DisplayDialogActivity@6a04152
04-01 17:45:35.081 30532 30532 I chatty  : uid=10137(com.milink.service) identical 1 line
04-01 17:45:35.081 30532 30532 D ForceDarkHelper: updateByCheckExcludeList: pkg: com.milink.service activity: com.milink.ui.activity.DisplayDialogActivity@6a04152
04-01 17:45:35.082  1193  1193 I cnss-daemon: nl80211 response handler invoked
04-01 17:45:35.082 30532 30532 D ForceDarkHelper: updateByCheckExcludeList: pkg: com.milink.service activity: com.milink.ui.activity.DisplayDialogActivity@6a04152
04-01 17:45:35.082  1193  1193 I cnss-daemon: nl80211_response_handler: cmd 103, vendorID 4980, subcmd 107  received
04-01 17:45:35.082 30532 30532 D ForceDarkHelper: updateByCheckExcludeList: pkg: com.milink.service activity: com.milink.ui.activity.DisplayDialogActivity@6a04152
04-01 17:45:35.082  2862  2862 D NetworkSpeedTracker: receive actionandroid.intent.action.BATTERY_CHANGED
04-01 17:45:35.082 30532 30532 D ForceDarkHelper: updateByCheckExcludeList: pkg: com.milink.service activity: com.milink.ui.activity.DisplayDialogActivity@6a04152
04-01 17:45:35.082  2862  2862 D NetworkSpeedTracker: onReceive ACTION_BATTERY_CHANGED mBatteryLevel = 49;mIsCharging =true
04-01 17:45:35.083  4115  4115 I BatteryInfoReceiver: ACTION_BATTERY_CHANGED
04-01 17:45:35.083  2539  2539 D KeyguardUpdateMonitor: received broadcast android.intent.action.BATTERY_CHANGED
04-01 17:45:35.084  6036  6536 D PowerCheckerService: onBatteryChanged, mBatteryLevel = 49, status = 2, level = 49, plug = 2, scale = 100
04-01 17:45:35.088   787  5112 I vendor.qti.bluetooth@1.0-ibs_handler: ProcessIbsCmd: Received IBS_WAKE_IND: 0xFD
04-01 17:45:35.088   787  5112 D vendor.qti.bluetooth@1.0-ibs_handler: SerialClockVote: vote for UART CLK ON
04-01 17:45:35.089   787  5112 D vendor.qti.bluetooth@1.0-wake_lock: Acquire wakelock is acquired
04-01 17:45:35.089   787  5112 I vendor.qti.bluetooth@1.0-ibs_handler: ProcessIbsCmd: Writing IBS_WAKE_ACK
04-01 17:45:35.090  4982  5115 V bt_stack: [VERBOSE1:btm_ble_gap.cc(1923)] btm_ble_process_ext_adv_pkt: bda=7d:22:28:30:da:b1
04-01 17:45:35.090  4982  5115 V bt_stack: [VERBOSE1:btm_ble_gap.cc(1847)] btm_ble_process_adv_addr: bda=7d:22:28:30:da:b1
04-01 17:45:35.090  4982  5115 V bt_stack: [VERBOSE1:btm_inq.cc(1019)] BTM_InqDbRead: bd addr 7d:22:28:30:da:b1
04-01 17:45:35.092  4982  5019 D BluetoothUtils: blockedByLocationOff callingUid=1002
04-01 17:45:35.093  4982  5019 I BluetoothUtils: packagename is android.uid.bluetooth:1002 ,and its permission is false
04-01 17:45:35.098  2862  2862 D DeviceStatisticsService: chargerType=2 batteryLevel=49 totalBatteryCapacity=4585000
04-01 17:45:35.100  2539  2539 D KeyguardUpdateMonitor: received broadcast android.intent.action.BATTERY_CHANGED
04-01 17:45:35.101  2862  2862 D NetworkSpeedTracker: receive actionandroid.intent.action.BATTERY_CHANGED
04-01 17:45:35.101  2862  2862 D NetworkSpeedTracker: onReceive ACTION_BATTERY_CHANGED mBatteryLevel = 49;mIsCharging =true
04-01 17:45:35.102  4115  4115 I BatteryInfoReceiver: ACTION_BATTERY_CHANGED
04-01 17:45:35.103  6036  6536 D PowerCheckerService: onBatteryChanged, mBatteryLevel = 49, status = 2, level = 49, plug = 2, scale = 100
04-01 17:45:35.109  2862  2862 D DeviceStatisticsService: chargerType=2 batteryLevel=49 totalBatteryCapacity=4585000
04-01 17:45:35.124  2539  2539 D KeyguardUpdateMonitor: received broadcast android.intent.action.BATTERY_CHANGED
04-01 17:45:35.124  2862  2862 D NetworkSpeedTracker: receive actionandroid.intent.action.BATTERY_CHANGED
04-01 17:45:35.125  2862  2862 D NetworkSpeedTracker: onReceive ACTION_BATTERY_CHANGED mBatteryLevel = 49;mIsCharging =true
04-01 17:45:35.125  4115  4115 I BatteryInfoReceiver: ACTION_BATTERY_CHANGED
04-01 17:45:35.126  6036  6536 D PowerCheckerService: onBatteryChanged, mBatteryLevel = 49, status = 2, level = 49, plug = 2, scale = 100
04-01 17:45:35.131  2862  2862 D DeviceStatisticsService: chargerType=2 batteryLevel=49 totalBatteryCapacity=4585000
04-01 17:45:35.135  2539  2539 D KeyguardUpdateMonitor: received broadcast android.intent.action.BATTERY_CHANGED
04-01 17:45:35.136  2862  2862 D NetworkSpeedTracker: receive actionandroid.intent.action.BATTERY_CHANGED
04-01 17:45:35.136  2862  2862 D NetworkSpeedTracker: onReceive ACTION_BATTERY_CHANGED mBatteryLevel = 49;mIsCharging =true
04-01 17:45:35.137  4115  4115 I BatteryInfoReceiver: ACTION_BATTERY_CHANGED
04-01 17:45:35.138  6036  6536 D PowerCheckerService: onBatteryChanged, mBatteryLevel = 49, status = 2, level = 49, plug = 2, scale = 100
04-01 17:45:35.140  2862  2862 D DeviceStatisticsService: chargerType=2 batteryLevel=49 totalBatteryCapacity=4585000
04-01 17:45:35.169  2539  2539 D KeyguardUpdateMonitor: received broadcast android.intent.action.BATTERY_CHANGED
04-01 17:45:35.169  2862  2862 D NetworkSpeedTracker: receive actionandroid.intent.action.BATTERY_CHANGED
04-01 17:45:35.169  2862  2862 D NetworkSpeedTracker: onReceive ACTION_BATTERY_CHANGED mBatteryLevel = 49;mIsCharging =true
04-01 17:45:35.171  4115  4115 I BatteryInfoReceiver: ACTION_BATTERY_CHANGED
04-01 17:45:35.178  6036  6536 D PowerCheckerService: onBatteryChanged, mBatteryLevel = 49, status = 2, level = 49, plug = 2, scale = 100
04-01 17:45:35.178  2862  2862 D DeviceStatisticsService: chargerType=2 batteryLevel=49 totalBatteryCapacity=4585000
04-01 17:45:35.179  2539  2539 D KeyguardUpdateMonitor: received broadcast android.intent.action.BATTERY_CHANGED
04-01 17:45:35.180  2862  2862 D NetworkSpeedTracker: receive actionandroid.intent.action.BATTERY_CHANGED
04-01 17:45:35.180  2862  2862 D NetworkSpeedTracker: onReceive ACTION_BATTERY_CHANGED mBatteryLevel = 49;mIsCharging =true
04-01 17:45:35.181  4115  4115 I BatteryInfoReceiver: ACTION_BATTERY_CHANGED
04-01 17:45:35.182  6036  6536 D PowerCheckerService: onBatteryChanged, mBatteryLevel = 49, status = 2, level = 49, plug = 2, scale = 100
04-01 17:45:35.185  2862  2862 D DeviceStatisticsService: chargerType=2 batteryLevel=49 totalBatteryCapacity=4585000
04-01 17:45:35.197 30532 30532 D ForceDarkHelper: updateByCheckExcludeList: pkg: com.milink.service activity: com.milink.ui.activity.DisplayDialogActivity@6a04152
04-01 17:45:35.200 30532 30532 I chatty  : uid=10137(com.milink.service) identical 8 lines
04-01 17:45:35.201 30532 30532 D ForceDarkHelper: updateByCheckExcludeList: pkg: com.milink.service activity: com.milink.ui.activity.DisplayDialogActivity@6a04152
04-01 17:45:35.214  2862  2862 D NetworkSpeedTracker: receive actionandroid.intent.action.BATTERY_CHANGED
04-01 17:45:35.214  2862  2862 D NetworkSpeedTracker: onReceive ACTION_BATTERY_CHANGED mBatteryLevel = 49;mIsCharging =true
04-01 17:45:35.215  2539  2539 D KeyguardUpdateMonitor: received broadcast android.intent.action.BATTERY_CHANGED
04-01 17:45:35.219  4115  4115 I BatteryInfoReceiver: ACTION_BATTERY_CHANGED
04-01 17:45:35.221  2862  2862 D DeviceStatisticsService: chargerType=2 batteryLevel=49 totalBatteryCapacity=4585000
04-01 17:45:35.224  6036  6536 D PowerCheckerService: onBatteryChanged, mBatteryLevel = 49, status = 2, level = 49, plug = 2, scale = 100
04-01 17:45:35.226  2539  2539 D KeyguardUpdateMonitor: received broadcast android.intent.action.BATTERY_CHANGED
04-01 17:45:35.227  2862  2862 D NetworkSpeedTracker: receive actionandroid.intent.action.BATTERY_CHANGED
04-01 17:45:35.228  2862  2862 D NetworkSpeedTracker: onReceive ACTION_BATTERY_CHANGED mBatteryLevel = 49;mIsCharging =true
04-01 17:45:35.228  4115  4115 I BatteryInfoReceiver: ACTION_BATTERY_CHANGED
04-01 17:45:35.232  6036  6536 D PowerCheckerService: onBatteryChanged, mBatteryLevel = 49, status = 2, level = 49, plug = 2, scale = 100
04-01 17:45:35.237  2862  2862 D DeviceStatisticsService: chargerType=2 batteryLevel=49 totalBatteryCapacity=4585000
04-01 17:45:35.259  2539  2539 D KeyguardUpdateMonitor: received broadcast android.intent.action.BATTERY_CHANGED
04-01 17:45:35.260  2862  2862 D NetworkSpeedTracker: receive actionandroid.intent.action.BATTERY_CHANGED
04-01 17:45:35.260  2862  2862 D NetworkSpeedTracker: onReceive ACTION_BATTERY_CHANGED mBatteryLevel = 49;mIsCharging =true
04-01 17:45:35.260  4115  4115 I BatteryInfoReceiver: ACTION_BATTERY_CHANGED
04-01 17:45:35.261  6036  6536 D PowerCheckerService: onBatteryChanged, mBatteryLevel = 49, status = 2, level = 49, plug = 2, scale = 100
04-01 17:45:35.265  2862  2862 D DeviceStatisticsService: chargerType=2 batteryLevel=49 totalBatteryCapacity=4585000
04-01 17:45:35.266  2539  2539 D KeyguardUpdateMonitor: received broadcast android.intent.action.BATTERY_CHANGED
04-01 17:45:35.267  2862  2862 D NetworkSpeedTracker: receive actionandroid.intent.action.BATTERY_CHANGED
04-01 17:45:35.267  2862  2862 D NetworkSpeedTracker: onReceive ACTION_BATTERY_CHANGED mBatteryLevel = 49;mIsCharging =true
04-01 17:45:35.268  4115  4115 I BatteryInfoReceiver: ACTION_BATTERY_CHANGED
04-01 17:45:35.269  6036  6536 D PowerCheckerService: onBatteryChanged, mBatteryLevel = 49, status = 2, level = 49, plug = 2, scale = 100
04-01 17:45:35.272  2862  2862 D DeviceStatisticsService: chargerType=2 batteryLevel=49 totalBatteryCapacity=4585000
04-01 17:45:35.291  1193  1193 I cnss-daemon: nl80211 response handler invoked
04-01 17:45:35.291  1193  1193 I cnss-daemon: nl80211_response_handler: cmd 103, vendorID 4980, subcmd 106  received
04-01 17:45:35.291   805 28628 I WifiHAL : event received NL80211_CMD_VENDOR, vendor_id = 0x1374, subcmd = 0x6a
04-01 17:45:35.296 30532 30532 D ForceDarkHelper: updateByCheckExcludeList: pkg: com.milink.service activity: com.milink.ui.activity.DisplayDialogActivity@6a04152
04-01 17:45:35.299 30532 30532 I chatty  : uid=10137(com.milink.service) identical 8 lines
04-01 17:45:35.300 30532 30532 D ForceDarkHelper: updateByCheckExcludeList: pkg: com.milink.service activity: com.milink.ui.activity.DisplayDialogActivity@6a04152
04-01 17:45:35.304  2862  2862 D NetworkSpeedTracker: receive actionandroid.intent.action.BATTERY_CHANGED
04-01 17:45:35.304  2862  2862 D NetworkSpeedTracker: onReceive ACTION_BATTERY_CHANGED mBatteryLevel = 49;mIsCharging =true
04-01 17:45:35.305  4115  4115 I BatteryInfoReceiver: ACTION_BATTERY_CHANGED
04-01 17:45:35.307  6036  6536 D PowerCheckerService: onBatteryChanged, mBatteryLevel = 49, status = 2, level = 49, plug = 2, scale = 100
04-01 17:45:35.308  2539  2539 D KeyguardUpdateMonitor: received broadcast android.intent.action.BATTERY_CHANGED
04-01 17:45:35.314  2862  2862 D DeviceStatisticsService: chargerType=2 batteryLevel=49 totalBatteryCapacity=4585000
04-01 17:45:35.316  2539  2539 D KeyguardUpdateMonitor: received broadcast android.intent.action.BATTERY_CHANGED
04-01 17:45:35.317  2862  2862 D NetworkSpeedTracker: receive actionandroid.intent.action.BATTERY_CHANGED
04-01 17:45:35.318  2862  2862 D NetworkSpeedTracker: onReceive ACTION_BATTERY_CHANGED mBatteryLevel = 49;mIsCharging =true
04-01 17:45:35.318  4115  4115 I BatteryInfoReceiver: ACTION_BATTERY_CHANGED
04-01 17:45:35.319  6036  6536 D PowerCheckerService: onBatteryChanged, mBatteryLevel = 49, status = 2, level = 49, plug = 2, scale = 100
04-01 17:45:35.324  2862  2862 D DeviceStatisticsService: chargerType=2 batteryLevel=49 totalBatteryCapacity=4585000
04-01 17:45:35.345  2539  2539 D KeyguardUpdateMonitor: received broadcast android.intent.action.BATTERY_CHANGED
04-01 17:45:35.346  2862  2862 D NetworkSpeedTracker: receive actionandroid.intent.action.BATTERY_CHANGED
04-01 17:45:35.346  2862  2862 D NetworkSpeedTracker: onReceive ACTION_BATTERY_CHANGED mBatteryLevel = 49;mIsCharging =true
04-01 17:45:35.347  4115  4115 I BatteryInfoReceiver: ACTION_BATTERY_CHANGED
04-01 17:45:35.348  6036  6536 D PowerCheckerService: onBatteryChanged, mBatteryLevel = 49, status = 2, level = 49, plug = 2, scale = 100
04-01 17:45:35.350  2862  2862 D DeviceStatisticsService: chargerType=2 batteryLevel=49 totalBatteryCapacity=4585000
04-01 17:45:35.363  2539  2539 D KeyguardUpdateMonitor: received broadcast android.intent.action.BATTERY_CHANGED
04-01 17:45:35.363  2862  2862 D NetworkSpeedTracker: receive actionandroid.intent.action.BATTERY_CHANGED
04-01 17:45:35.363  2862  2862 D NetworkSpeedTracker: onReceive ACTION_BATTERY_CHANGED mBatteryLevel = 49;mIsCharging =true
04-01 17:45:35.366  6036  6536 D PowerCheckerService: onBatteryChanged, mBatteryLevel = 49, status = 2, level = 49, plug = 2, scale = 100
04-01 17:45:35.367  4115  4115 I BatteryInfoReceiver: ACTION_BATTERY_CHANGED
04-01 17:45:35.368  2862  2862 D DeviceStatisticsService: chargerType=2 batteryLevel=49 totalBatteryCapacity=4585000
04-01 17:45:35.378  1571  2412 D MIUIInput: [MotionEvent] publisher action=0x1, 49227348, channel '23ec900 com.milink.service/com.milink.ui.activity.DisplayDialogActivity (server)'
04-01 17:45:35.378 30532 30532 D ViewRootImpl: [TouchInput][ViewRootImpl] MotionEvent { action=ACTION_UP, id[0]=0, pointerCount=1, eventTime=49227348, downTime=49226970 } moveCount:21
04-01 17:45:35.380   787  5112 I vendor.qti.bluetooth@1.0-ibs_handler: ProcessIbsCmd: Received IBS_SLEEP_IND: 0xFE
04-01 17:45:35.380   787  5112 D vendor.qti.bluetooth@1.0-ibs_handler: SerialClockVote: vote for UART CLK OFF
04-01 17:45:35.399  2862  2862 D NetworkSpeedTracker: receive actionandroid.intent.action.BATTERY_CHANGED
04-01 17:45:35.399  2539  2539 D KeyguardUpdateMonitor: received broadcast android.intent.action.BATTERY_CHANGED
04-01 17:45:35.399  2862  2862 D NetworkSpeedTracker: onReceive ACTION_BATTERY_CHANGED mBatteryLevel = 49;mIsCharging =true
04-01 17:45:35.400  4115  4115 I BatteryInfoReceiver: ACTION_BATTERY_CHANGED
04-01 17:45:35.402  6036  6536 D PowerCheckerService: onBatteryChanged, mBatteryLevel = 49, status = 2, level = 49, plug = 2, scale = 100
04-01 17:45:35.407  2862  2862 D DeviceStatisticsService: chargerType=2 batteryLevel=49 totalBatteryCapacity=4585000
04-01 17:45:35.411  2862  2862 D NetworkSpeedTracker: receive actionandroid.intent.action.BATTERY_CHANGED
04-01 17:45:35.411  2862  2862 D NetworkSpeedTracker: onReceive ACTION_BATTERY_CHANGED mBatteryLevel = 49;mIsCharging =true
04-01 17:45:35.411  2539  2539 D KeyguardUpdateMonitor: received broadcast android.intent.action.BATTERY_CHANGED
04-01 17:45:35.412  4115  4115 I BatteryInfoReceiver: ACTION_BATTERY_CHANGED
04-01 17:45:35.413  6036  6536 D PowerCheckerService: onBatteryChanged, mBatteryLevel = 49, status = 2, level = 49, plug = 2, scale = 100
04-01 17:45:35.414  2862  2862 D DeviceStatisticsService: chargerType=2 batteryLevel=49 totalBatteryCapacity=4585000
04-01 17:45:35.431  2539  2539 D KeyguardUpdateMonitor: received broadcast android.intent.action.BATTERY_CHANGED
04-01 17:45:35.432  2862  2862 D NetworkSpeedTracker: receive actionandroid.intent.action.BATTERY_CHANGED
04-01 17:45:35.432  2862  2862 D NetworkSpeedTracker: onReceive ACTION_BATTERY_CHANGED mBatteryLevel = 49;mIsCharging =true
04-01 17:45:35.433  4115  4115 I BatteryInfoReceiver: ACTION_BATTERY_CHANGED
04-01 17:45:35.434  6036  6536 D PowerCheckerService: onBatteryChanged, mBatteryLevel = 49, status = 2, level = 49, plug = 2, scale = 100
04-01 17:45:35.436  2862  2862 D DeviceStatisticsService: chargerType=2 batteryLevel=49 totalBatteryCapacity=4585000
04-01 17:45:35.447  2539  2539 D KeyguardUpdateMonitor: received broadcast android.intent.action.BATTERY_CHANGED
04-01 17:45:35.447  2862  2862 D NetworkSpeedTracker: receive actionandroid.intent.action.BATTERY_CHANGED
04-01 17:45:35.447  2862  2862 D NetworkSpeedTracker: onReceive ACTION_BATTERY_CHANGED mBatteryLevel = 49;mIsCharging =true
04-01 17:45:35.448  4115  4115 I BatteryInfoReceiver: ACTION_BATTERY_CHANGED
04-01 17:45:35.449  6036  6536 D PowerCheckerService: onBatteryChanged, mBatteryLevel = 49, status = 2, level = 49, plug = 2, scale = 100
04-01 17:45:35.451  2862  2862 D DeviceStatisticsService: chargerType=2 batteryLevel=49 totalBatteryCapacity=4585000
04-01 17:45:35.479  2539  2539 D KeyguardUpdateMonitor: received broadcast android.intent.action.BATTERY_CHANGED
04-01 17:45:35.480  2862  2862 D NetworkSpeedTracker: receive actionandroid.intent.action.BATTERY_CHANGED
04-01 17:45:35.480  2862  2862 D NetworkSpeedTracker: onReceive ACTION_BATTERY_CHANGED mBatteryLevel = 49;mIsCharging =true
04-01 17:45:35.481  6036  6536 D PowerCheckerService: onBatteryChanged, mBatteryLevel = 49, status = 2, level = 49, plug = 2, scale = 100
04-01 17:45:35.481  4115  4115 I BatteryInfoReceiver: ACTION_BATTERY_CHANGED
04-01 17:45:35.494  2862  2862 D DeviceStatisticsService: chargerType=2 batteryLevel=49 totalBatteryCapacity=4585000
04-01 17:45:35.497  2539  2539 D KeyguardUpdateMonitor: received broadcast android.intent.action.BATTERY_CHANGED
04-01 17:45:35.497  2862  2862 D NetworkSpeedTracker: receive actionandroid.intent.action.BATTERY_CHANGED
04-01 17:45:35.497  2862  2862 D NetworkSpeedTracker: onReceive ACTION_BATTERY_CHANGED mBatteryLevel = 49;mIsCharging =true
04-01 17:45:35.498  4115  4115 I BatteryInfoReceiver: ACTION_BATTERY_CHANGED
04-01 17:45:35.499  6036  6536 D PowerCheckerService: onBatteryChanged, mBatteryLevel = 49, status = 2, level = 49, plug = 2, scale = 100
04-01 17:45:35.505  2862  2862 D DeviceStatisticsService: chargerType=2 batteryLevel=49 totalBatteryCapacity=4585000
04-01 17:45:35.523  2539  2539 D KeyguardUpdateMonitor: received broadcast android.intent.action.BATTERY_CHANGED
04-01 17:45:35.524  2862  2862 D NetworkSpeedTracker: receive actionandroid.intent.action.BATTERY_CHANGED
04-01 17:45:35.524  2862  2862 D NetworkSpeedTracker: onReceive ACTION_BATTERY_CHANGED mBatteryLevel = 49;mIsCharging =true
04-01 17:45:35.525  6036  6536 D PowerCheckerService: onBatteryChanged, mBatteryLevel = 49, status = 2, level = 49, plug = 2, scale = 100
04-01 17:45:35.526  4115  4115 I BatteryInfoReceiver: ACTION_BATTERY_CHANGED
04-01 17:45:35.530   787  5044 D vendor.qti.bluetooth@1.0-wake_lock: Release wakelock is released
04-01 17:45:35.531  2862  2862 D DeviceStatisticsService: chargerType=2 batteryLevel=49 totalBatteryCapacity=4585000
04-01 17:45:35.533  2539  2539 D KeyguardUpdateMonitor: received broadcast android.intent.action.BATTERY_CHANGED
04-01 17:45:35.533  2862  2862 D NetworkSpeedTracker: receive actionandroid.intent.action.BATTERY_CHANGED
04-01 17:45:35.534  4115  4115 I BatteryInfoReceiver: ACTION_BATTERY_CHANGED
04-01 17:45:35.535  2862  2862 D NetworkSpeedTracker: onReceive ACTION_BATTERY_CHANGED mBatteryLevel = 49;mIsCharging =true
04-01 17:45:35.535  6036  6536 D PowerCheckerService: onBatteryChanged, mBatteryLevel = 49, status = 2, level = 49, plug = 2, scale = 100
04-01 17:45:35.543  2862  2862 D DeviceStatisticsService: chargerType=2 batteryLevel=49 totalBatteryCapacity=4585000
04-01 17:45:35.569  2539  2539 D KeyguardUpdateMonitor: received broadcast android.intent.action.BATTERY_CHANGED
04-01 17:45:35.569  2862  2862 D NetworkSpeedTracker: receive actionandroid.intent.action.BATTERY_CHANGED
04-01 17:45:35.569  2862  2862 D NetworkSpeedTracker: onReceive ACTION_BATTERY_CHANGED mBatteryLevel = 49;mIsCharging =true
04-01 17:45:35.570  4115  4115 I BatteryInfoReceiver: ACTION_BATTERY_CHANGED
04-01 17:45:35.571  6036  6536 D PowerCheckerService: onBatteryChanged, mBatteryLevel = 49, status = 2, level = 49, plug = 2, scale = 100
04-01 17:45:35.579  2862  2862 D DeviceStatisticsService: chargerType=2 batteryLevel=49 totalBatteryCapacity=4585000
04-01 17:45:35.582  2862  2862 D NetworkSpeedTracker: receive actionandroid.intent.action.BATTERY_CHANGED
04-01 17:45:35.582  2862  2862 D NetworkSpeedTracker: onReceive ACTION_BATTERY_CHANGED mBatteryLevel = 49;mIsCharging =true
04-01 17:45:35.583  2539  2539 D KeyguardUpdateMonitor: received broadcast android.intent.action.BATTERY_CHANGED
04-01 17:45:35.584  4115  4115 I BatteryInfoReceiver: ACTION_BATTERY_CHANGED
04-01 17:45:35.586  6036  6536 D PowerCheckerService: onBatteryChanged, mBatteryLevel = 49, status = 2, level = 49, plug = 2, scale = 100
04-01 17:45:35.592  2862  2862 D DeviceStatisticsService: chargerType=2 batteryLevel=49 totalBatteryCapacity=4585000
04-01 17:45:35.610  2539  2539 D KeyguardUpdateMonitor: received broadcast android.intent.action.BATTERY_CHANGED
04-01 17:45:35.611  2862  2862 D NetworkSpeedTracker: receive actionandroid.intent.action.BATTERY_CHANGED
04-01 17:45:35.611  2862  2862 D NetworkSpeedTracker: onReceive ACTION_BATTERY_CHANGED mBatteryLevel = 49;mIsCharging =true
04-01 17:45:35.612  4115  4115 I BatteryInfoReceiver: ACTION_BATTERY_CHANGED
04-01 17:45:35.614  6036  6536 D PowerCheckerService: onBatteryChanged, mBatteryLevel = 49, status = 2, level = 49, plug = 2, scale = 100
04-01 17:45:35.620  2862  2862 D DeviceStatisticsService: chargerType=2 batteryLevel=49 totalBatteryCapacity=4585000
04-01 17:45:35.630  2539  2539 D KeyguardUpdateMonitor: received broadcast android.intent.action.BATTERY_CHANGED
04-01 17:45:35.632  4115  4115 I BatteryInfoReceiver: ACTION_BATTERY_CHANGED
04-01 17:45:35.632  2862  2862 D NetworkSpeedTracker: receive actionandroid.intent.action.BATTERY_CHANGED
04-01 17:45:35.632  2862  2862 D NetworkSpeedTracker: onReceive ACTION_BATTERY_CHANGED mBatteryLevel = 49;mIsCharging =true
04-01 17:45:35.633  6036  6536 D PowerCheckerService: onBatteryChanged, mBatteryLevel = 49, status = 2, level = 49, plug = 2, scale = 100
04-01 17:45:35.637  2862  2862 D DeviceStatisticsService: chargerType=2 batteryLevel=49 totalBatteryCapacity=4585000
04-01 17:45:35.655  2539  2539 D KeyguardUpdateMonitor: received broadcast android.intent.action.BATTERY_CHANGED
04-01 17:45:35.655  2862  2862 D NetworkSpeedTracker: receive actionandroid.intent.action.BATTERY_CHANGED
04-01 17:45:35.655  2862  2862 D NetworkSpeedTracker: onReceive ACTION_BATTERY_CHANGED mBatteryLevel = 49;mIsCharging =true
04-01 17:45:35.658  4115  4115 I BatteryInfoReceiver: ACTION_BATTERY_CHANGED
04-01 17:45:35.659  6036  6536 D PowerCheckerService: onBatteryChanged, mBatteryLevel = 49, status = 2, level = 49, plug = 2, scale = 100
04-01 17:45:35.665  2539  2994 D MobileSignalController: updateDataType mSelectedDataTypeIcon[0]=2131232923, mSelectedDataActivityIndex=6
04-01 17:45:35.666  2539  2994 D TelephonyIcons: getSignalStrengthIcon: slot=0, inetCondition=1, level=5, roaming=false, signalstrength=SignalStrength:{mCdma=CellSignalStrengthCdma: cdmaDbm=2147483647 cdmaEcio=2147483647 evdoDbm=2147483647 evdoEcio=2147483647 evdoSnr=2147483647 miuiLevel=0 level=0,mGsm=CellSignalStrengthGsm: rssi=2147483647 ber=2147483647 mTa=2147483647 miuiLevel=0 mLevel=0,mWcdma=CellSignalStrengthWcdma: ss=2147483647 ber=2147483647 rscp=2147483647 ecno=2147483647 miuiLevel=0 level=0,mTdscdma=CellSignalStrengthTdscdma: rssi=2147483647 ber=2147483647 rscp=2147483647 miuiLevel=0 level=0,mLte=CellSignalStrengthLte: rssi=-57 rsrp=-82 rsrq=-8 rssnr=240 cqi=2147483647 ta=2147483647 miuiLevel=5 level=4,mNr=CellSignalStrengthNr:{ csiRsrp = 2147483647 csiRsrq = 2147483647 csiSinr = 2147483647 ssRsrp = 2147483647 ssRsrq = 2147483647 ssSinr = 2147483647 miuiLevel = 0 level = 0 },primary=CellSignalStrengthLte}
04-01 17:45:35.666  2539  2994 D TelephonyIcons: getDataActivity, slot=0, activity=4
04-01 17:45:35.666  2862  2862 D DeviceStatisticsService: chargerType=2 batteryLevel=49 totalBatteryCapacity=4585000
04-01 17:45:35.669  2539  2994 D TelephonyIcons: null signal icon name: drawable/stat_sys_signal_null
04-01 17:45:35.670  2539  2994 D TelephonyIcons: getDataTypeIcon sub=0
04-01 17:45:35.670  2539  2539 D KeyguardUpdateMonitor: received broadcast android.intent.action.BATTERY_CHANGED
04-01 17:45:35.670  2862  2862 D NetworkSpeedTracker: receive actionandroid.intent.action.BATTERY_CHANGED
04-01 17:45:35.670  2862  2862 D NetworkSpeedTracker: onReceive ACTION_BATTERY_CHANGED mBatteryLevel = 49;mIsCharging =true
04-01 17:45:35.672  4115  4115 I BatteryInfoReceiver: ACTION_BATTERY_CHANGED
04-01 17:45:35.675  2539  2539 D SignalClusterView: updateMobileTypeImage  0
04-01 17:45:35.677  2539  2539 D SignalClusterView: updateMobileTypeImage  0
04-01 17:45:35.677  2862  2862 D DeviceStatisticsService: chargerType=2 batteryLevel=49 totalBatteryCapacity=4585000
04-01 17:45:35.673  6036  6536 D PowerCheckerService: onBatteryChanged, mBatteryLevel = 49, status = 2, level = 49, plug = 2, scale = 100
04-01 17:45:35.677  2539  2539 D SignalClusterView: updateMobileTypeImage  0
04-01 17:45:35.689  2539  2539 I chatty  : uid=1000(system) com.android.systemui identical 7 lines
04-01 17:45:35.690  2539  2539 D SignalClusterView: updateMobileTypeImage  0
04-01 17:45:35.705  2539  2539 D KeyguardUpdateMonitor: received broadcast android.intent.action.BATTERY_CHANGED
04-01 17:45:35.706  2862  2862 D NetworkSpeedTracker: receive actionandroid.intent.action.BATTERY_CHANGED
04-01 17:45:35.706  2862  2862 D NetworkSpeedTracker: onReceive ACTION_BATTERY_CHANGED mBatteryLevel = 49;mIsCharging =true
04-01 17:45:35.708  4115  4115 I BatteryInfoReceiver: ACTION_BATTERY_CHANGED
04-01 17:45:35.708  6036  6536 D PowerCheckerService: onBatteryChanged, mBatteryLevel = 49, status = 2, level = 49, plug = 2, scale = 100
04-01 17:45:35.710  2862  2862 D DeviceStatisticsService: chargerType=2 batteryLevel=49 totalBatteryCapacity=4585000
04-01 17:45:35.714  2862  2862 D NetworkSpeedTracker: receive actionandroid.intent.action.BATTERY_CHANGED
04-01 17:45:35.714  2862  2862 D NetworkSpeedTracker: onReceive ACTION_BATTERY_CHANGED mBatteryLevel = 49;mIsCharging =true
04-01 17:45:35.714  2539  2539 D KeyguardUpdateMonitor: received broadcast android.intent.action.BATTERY_CHANGED
04-01 17:45:35.714  4115  4115 I BatteryInfoReceiver: ACTION_BATTERY_CHANGED
04-01 17:45:35.715  6036  6536 D PowerCheckerService: onBatteryChanged, mBatteryLevel = 49, status = 2, level = 49, plug = 2, scale = 100
04-01 17:45:35.717  2862  2862 D DeviceStatisticsService: chargerType=2 batteryLevel=49 totalBatteryCapacity=4585000
04-01 17:45:35.745  2539  2539 D KeyguardUpdateMonitor: received broadcast android.intent.action.BATTERY_CHANGED
04-01 17:45:35.746  2862  2862 D NetworkSpeedTracker: receive actionandroid.intent.action.BATTERY_CHANGED
04-01 17:45:35.746  2862  2862 D NetworkSpeedTracker: onReceive ACTION_BATTERY_CHANGED mBatteryLevel = 49;mIsCharging =true
04-01 17:45:35.748  4115  4115 I BatteryInfoReceiver: ACTION_BATTERY_CHANGED
04-01 17:45:35.750  6036  6536 D PowerCheckerService: onBatteryChanged, mBatteryLevel = 49, status = 2, level = 49, plug = 2, scale = 100
04-01 17:45:35.752  2862  2862 D DeviceStatisticsService: chargerType=2 batteryLevel=49 totalBatteryCapacity=4585000
04-01 17:45:35.754  2539  2539 D KeyguardUpdateMonitor: received broadcast android.intent.action.BATTERY_CHANGED
04-01 17:45:35.754  2862  2862 D NetworkSpeedTracker: receive actionandroid.intent.action.BATTERY_CHANGED
04-01 17:45:35.755  4115  4115 I BatteryInfoReceiver: ACTION_BATTERY_CHANGED
04-01 17:45:35.758  6036  6536 D PowerCheckerService: onBatteryChanged, mBatteryLevel = 49, status = 2, level = 49, plug = 2, scale = 100
04-01 17:45:35.759  2539  2994 D MobileSignalController: updateDataType mSelectedDataTypeIcon[0]=2131232923, mSelectedDataActivityIndex=6
04-01 17:45:35.760  2539  2994 D TelephonyIcons: getSignalStrengthIcon: slot=0, inetCondition=1, level=5, roaming=false, signalstrength=SignalStrength:{mCdma=CellSignalStrengthCdma: cdmaDbm=2147483647 cdmaEcio=2147483647 evdoDbm=2147483647 evdoEcio=2147483647 evdoSnr=2147483647 miuiLevel=0 level=0,mGsm=CellSignalStrengthGsm: rssi=2147483647 ber=2147483647 mTa=2147483647 miuiLevel=0 mLevel=0,mWcdma=CellSignalStrengthWcdma: ss=2147483647 ber=2147483647 rscp=2147483647 ecno=2147483647 miuiLevel=0 level=0,mTdscdma=CellSignalStrengthTdscdma: rssi=2147483647 ber=2147483647 rscp=2147483647 miuiLevel=0 level=0,mLte=CellSignalStrengthLte: rssi=-57 rsrp=-82 rsrq=-8 rssnr=240 cqi=2147483647 ta=2147483647 miuiLevel=5 level=4,mNr=CellSignalStrengthNr:{ csiRsrp = 2147483647 csiRsrq = 2147483647 csiSinr = 2147483647 ssRsrp = 2147483647 ssRsrq = 2147483647 ssSinr = 2147483647 miuiLevel = 0 level = 0 },primary=CellSignalStrengthLte}
04-01 17:45:35.760  2539  2994 D TelephonyIcons: getDataActivity, slot=0, activity=4
04-01 17:45:35.762  2862  2862 D NetworkSpeedTracker: onReceive ACTION_BATTERY_CHANGED mBatteryLevel = 49;mIsCharging =true
04-01 17:45:35.763  2539  2994 D TelephonyIcons: null signal icon name: drawable/stat_sys_signal_null
04-01 17:45:35.763  2862  2862 D DeviceStatisticsService: chargerType=2 batteryLevel=49 totalBatteryCapacity=4585000
04-01 17:45:35.764  2539  2994 D TelephonyIcons: getDataTypeIcon sub=0
04-01 17:45:35.769  2539  2539 D SignalClusterView: updateMobileTypeImage  0
04-01 17:45:35.781  2539  2539 I chatty  : uid=1000(system) com.android.systemui identical 9 lines
04-01 17:45:35.782  2539  2539 D SignalClusterView: updateMobileTypeImage  0
04-01 17:45:35.799  2539  2539 D KeyguardUpdateMonitor: received broadcast android.intent.action.BATTERY_CHANGED
04-01 17:45:35.799  2862  2862 D NetworkSpeedTracker: receive actionandroid.intent.action.BATTERY_CHANGED
04-01 17:45:35.799  2862  2862 D NetworkSpeedTracker: onReceive ACTION_BATTERY_CHANGED mBatteryLevel = 49;mIsCharging =true
04-01 17:45:35.802  4115  4115 I BatteryInfoReceiver: ACTION_BATTERY_CHANGED
04-01 17:45:35.806  6036  6536 D PowerCheckerService: onBatteryChanged, mBatteryLevel = 49, status = 2, level = 49, plug = 2, scale = 100
04-01 17:45:35.808  2539  2539 D KeyguardUpdateMonitor: received broadcast android.intent.action.BATTERY_CHANGED
04-01 17:45:35.807  6036  6536 D PowerCheckerService: onBatteryChanged, mBatteryLevel = 49, status = 2, level = 49, plug = 2, scale = 100
04-01 17:45:35.809  2862  2862 D DeviceStatisticsService: chargerType=2 batteryLevel=49 totalBatteryCapacity=4585000
04-01 17:45:35.810  2862  2862 D NetworkSpeedTracker: receive actionandroid.intent.action.BATTERY_CHANGED
04-01 17:45:35.810  2862  2862 D NetworkSpeedTracker: onReceive ACTION_BATTERY_CHANGED mBatteryLevel = 49;mIsCharging =true
04-01 17:45:35.811  4115  4115 I BatteryInfoReceiver: ACTION_BATTERY_CHANGED
04-01 17:45:35.811  2862  2862 D DeviceStatisticsService: chargerType=2 batteryLevel=49 totalBatteryCapacity=4585000
04-01 17:45:35.819  2539  2994 D MobileSignalController: updateDataType mSelectedDataTypeIcon[0]=2131232923, mSelectedDataActivityIndex=6
