04-01 17:45:39.934  2862  2862 D DeviceStatisticsService: chargerType=2 batteryLevel=49 totalBatteryCapacity=4585000
04-01 17:45:39.936  2539  2539 D KeyguardUpdateMonitor: received broadcast android.intent.action.BATTERY_CHANGED
04-01 17:45:39.937  2862  2862 D NetworkSpeedTracker: receive actionandroid.intent.action.BATTERY_CHANGED
04-01 17:45:39.938  2862  2862 D NetworkSpeedTracker: onReceive ACTION_BATTERY_CHANGED mBatteryLevel = 49;mIsCharging =true
04-01 17:45:39.938  4115  4115 I BatteryInfoReceiver: ACTION_BATTERY_CHANGED
04-01 17:45:39.939  6036  6536 D PowerCheckerService: onBatteryChanged, mBatteryLevel = 49, status = 2, level = 49, plug = 2, scale = 100
04-01 17:45:39.943  2862  2862 D DeviceStatisticsService: chargerType=2 batteryLevel=49 totalBatteryCapacity=4585000
04-01 17:45:39.966  2539  2539 D KeyguardUpdateMonitor: received broadcast android.intent.action.BATTERY_CHANGED
04-01 17:45:39.966  2862  2862 D NetworkSpeedTracker: receive actionandroid.intent.action.BATTERY_CHANGED
04-01 17:45:39.966  2862  2862 D NetworkSpeedTracker: onReceive ACTION_BATTERY_CHANGED mBatteryLevel = 49;mIsCharging =true
04-01 17:45:39.967  4115  4115 I BatteryInfoReceiver: ACTION_BATTERY_CHANGED
04-01 17:45:39.967  6036  6536 D PowerCheckerService: onBatteryChanged, mBatteryLevel = 49, status = 2, level = 49, plug = 2, scale = 100
04-01 17:45:39.976  2862  2862 D DeviceStatisticsService: chargerType=2 batteryLevel=49 totalBatteryCapacity=4585000
04-01 17:45:39.979  2539  2539 D KeyguardUpdateMonitor: received broadcast android.intent.action.BATTERY_CHANGED
04-01 17:45:39.980  2862  2862 D NetworkSpeedTracker: receive actionandroid.intent.action.BATTERY_CHANGED
04-01 17:45:39.980  2862  2862 D NetworkSpeedTracker: onReceive ACTION_BATTERY_CHANGED mBatteryLevel = 49;mIsCharging =true
04-01 17:45:39.980  4115  4115 I BatteryInfoReceiver: ACTION_BATTERY_CHANGED
04-01 17:45:39.982  6036  6536 D PowerCheckerService: onBatteryChanged, mBatteryLevel = 49, status = 2, level = 49, plug = 2, scale = 100
04-01 17:45:39.987  2862  2862 D DeviceStatisticsService: chargerType=2 batteryLevel=49 totalBatteryCapacity=4585000
04-01 17:45:40.017  2539  2539 D KeyguardUpdateMonitor: received broadcast android.intent.action.BATTERY_CHANGED
04-01 17:45:40.018  2862  2862 D NetworkSpeedTracker: receive actionandroid.intent.action.BATTERY_CHANGED
04-01 17:45:40.018  2862  2862 D NetworkSpeedTracker: onReceive ACTION_BATTERY_CHANGED mBatteryLevel = 49;mIsCharging =true
04-01 17:45:40.018  4115  4115 I BatteryInfoReceiver: ACTION_BATTERY_CHANGED
04-01 17:45:40.019  6036  6536 D PowerCheckerService: onBatteryChanged, mBatteryLevel = 49, status = 2, level = 49, plug = 2, scale = 100
04-01 17:45:40.023   787  5112 I vendor.qti.bluetooth@1.0-ibs_handler: ProcessIbsCmd: Received IBS_WAKE_IND: 0xFD
04-01 17:45:40.023   787  5112 I vendor.qti.bluetooth@1.0-ibs_handler: ProcessIbsCmd: Writing IBS_WAKE_ACK
04-01 17:45:40.027  2862  2862 D DeviceStatisticsService: chargerType=2 batteryLevel=49 totalBatteryCapacity=4585000
04-01 17:45:40.030  2539  2539 D KeyguardUpdateMonitor: received broadcast android.intent.action.BATTERY_CHANGED
04-01 17:45:40.031  2862  2862 D NetworkSpeedTracker: receive actionandroid.intent.action.BATTERY_CHANGED
04-01 17:45:40.031  2862  2862 D NetworkSpeedTracker: onReceive ACTION_BATTERY_CHANGED mBatteryLevel = 49;mIsCharging =true
04-01 17:45:40.032  4115  4115 I BatteryInfoReceiver: ACTION_BATTERY_CHANGED
04-01 17:45:40.033  6036  6536 D PowerCheckerService: onBatteryChanged, mBatteryLevel = 49, status = 2, level = 49, plug = 2, scale = 100
04-01 17:45:40.035  2862  2862 D DeviceStatisticsService: chargerType=2 batteryLevel=49 totalBatteryCapacity=4585000
04-01 17:45:40.044  1193  1193 I cnss-daemon: nl80211 response handler invoked
04-01 17:45:40.044  1193  1193 I cnss-daemon: nl80211_response_handler: cmd 103, vendorID 4980, subcmd 107  received
04-01 17:45:40.047   805 28628 I WifiHAL : event received NL80211_CMD_VENDOR, vendor_id = 0x1374, subcmd = 0x6b
04-01 17:45:40.045   796   796 W health@2.0-serv: type=1400 audit(0.0:758584): avc: denied { read } for name="type" dev="sysfs" ino=55635 scontext=u:r:hal_health_default:s0 tcontext=u:object_r:sysfs:s0 tclass=file permissive=0
04-01 17:45:40.052  2539  2539 D KeyguardUpdateMonitor: received broadcast android.intent.action.BATTERY_CHANGED
04-01 17:45:40.053  2862  2862 D NetworkSpeedTracker: receive actionandroid.intent.action.BATTERY_CHANGED
04-01 17:45:40.053  2862  2862 D NetworkSpeedTracker: onReceive ACTION_BATTERY_CHANGED mBatteryLevel = 49;mIsCharging =true
04-01 17:45:40.054  4115  4115 I BatteryInfoReceiver: ACTION_BATTERY_CHANGED
04-01 17:45:40.055  6036  6536 D PowerCheckerService: onBatteryChanged, mBatteryLevel = 49, status = 2, level = 49, plug = 2, scale = 100
04-01 17:45:40.056  2862  2862 D DeviceStatisticsService: chargerType=2 batteryLevel=49 totalBatteryCapacity=4585000
04-01 17:45:40.061   796   796 W health@2.0-serv: type=1400 audit(0.0:758585): avc: denied { read } for name="type" dev="sysfs" ino=55635 scontext=u:r:hal_health_default:s0 tcontext=u:object_r:sysfs:s0 tclass=file permissive=0
04-01 17:45:40.067  2539  2539 D KeyguardUpdateMonitor: received broadcast android.intent.action.BATTERY_CHANGED
04-01 17:45:40.069  2862  2862 D NetworkSpeedTracker: receive actionandroid.intent.action.BATTERY_CHANGED
04-01 17:45:40.069  2862  2862 D NetworkSpeedTracker: onReceive ACTION_BATTERY_CHANGED mBatteryLevel = 49;mIsCharging =true
04-01 17:45:40.069  4115  4115 I BatteryInfoReceiver: ACTION_BATTERY_CHANGED
04-01 17:45:40.071  6036  6536 D PowerCheckerService: onBatteryChanged, mBatteryLevel = 49, status = 2, level = 49, plug = 2, scale = 100
04-01 17:45:40.072  2862  2862 D DeviceStatisticsService: chargerType=2 batteryLevel=49 totalBatteryCapacity=4585000
04-01 17:45:40.081  5568  5602 I appium  : The following attributes will be included to the page source: [text]
04-01 17:45:40.093   796   796 W health@2.0-serv: type=1400 audit(0.0:758586): avc: denied { read } for name="type" dev="sysfs" ino=55635 scontext=u:r:hal_health_default:s0 tcontext=u:object_r:sysfs:s0 tclass=file permissive=0
04-01 17:45:40.101  2539  2539 D KeyguardUpdateMonitor: received broadcast android.intent.action.BATTERY_CHANGED
04-01 17:45:40.109   796   796 W health@2.0-serv: type=1400 audit(0.0:758587): avc: denied { read } for name="type" dev="sysfs" ino=55635 scontext=u:r:hal_health_default:s0 tcontext=u:object_r:sysfs:s0 tclass=file permissive=0
04-01 17:45:40.102  6036  6536 D PowerCheckerService: onBatteryChanged, mBatteryLevel = 49, status = 2, level = 49, plug = 2, scale = 100
04-01 17:45:40.102   787  5112 I vendor.qti.bluetooth@1.0-ibs_handler: ProcessIbsCmd: Received IBS_SLEEP_IND: 0xFE
04-01 17:45:40.102   787  5112 D vendor.qti.bluetooth@1.0-ibs_handler: SerialClockVote: vote for UART CLK OFF
04-01 17:45:40.108  2862  2862 D NetworkSpeedTracker: receive actionandroid.intent.action.BATTERY_CHANGED
04-01 17:45:40.108  2862  2862 D NetworkSpeedTracker: onReceive ACTION_BATTERY_CHANGED mBatteryLevel = 49;mIsCharging =true
04-01 17:45:40.108  4115  4115 I BatteryInfoReceiver: ACTION_BATTERY_CHANGED
04-01 17:45:40.114  2862  2862 D DeviceStatisticsService: chargerType=2 batteryLevel=49 totalBatteryCapacity=4585000
04-01 17:45:40.116  2539  2539 D KeyguardUpdateMonitor: received broadcast android.intent.action.BATTERY_CHANGED
04-01 17:45:40.117  2862  2862 D NetworkSpeedTracker: receive actionandroid.intent.action.BATTERY_CHANGED
04-01 17:45:40.117  2862  2862 D NetworkSpeedTracker: onReceive ACTION_BATTERY_CHANGED mBatteryLevel = 49;mIsCharging =true
04-01 17:45:40.117  4115  4115 I BatteryInfoReceiver: ACTION_BATTERY_CHANGED
04-01 17:45:40.118  6036  6536 D PowerCheckerService: onBatteryChanged, mBatteryLevel = 49, status = 2, level = 49, plug = 2, scale = 100
04-01 17:45:40.121  2862  2862 D DeviceStatisticsService: chargerType=2 batteryLevel=49 totalBatteryCapacity=4585000
04-01 17:45:40.137   796   796 W health@2.0-serv: type=1400 audit(0.0:758588): avc: denied { read } for name="type" dev="sysfs" ino=55635 scontext=u:r:hal_health_default:s0 tcontext=u:object_r:sysfs:s0 tclass=file permissive=0
04-01 17:45:40.143  2539  2539 D KeyguardUpdateMonitor: received broadcast android.intent.action.BATTERY_CHANGED
04-01 17:45:40.144  2862  2862 D NetworkSpeedTracker: receive actionandroid.intent.action.BATTERY_CHANGED
04-01 17:45:40.144  2862  2862 D NetworkSpeedTracker: onReceive ACTION_BATTERY_CHANGED mBatteryLevel = 49;mIsCharging =true
04-01 17:45:40.145  4115  4115 I BatteryInfoReceiver: ACTION_BATTERY_CHANGED
04-01 17:45:40.146  6036  6536 D PowerCheckerService: onBatteryChanged, mBatteryLevel = 49, status = 2, level = 49, plug = 2, scale = 100
04-01 17:45:40.148  2862  2862 D DeviceStatisticsService: chargerType=2 batteryLevel=49 totalBatteryCapacity=4585000
04-01 17:45:40.148  5568  5602 I appium  : Took 3ms to retrieve 0 matches for '//*[@text="aaa"]' XPath query
04-01 17:45:40.151  5568  5602 I appium  : AppiumResponse: {"sessionId":"3d995efd-5a17-4991-8482-f6efeaa0fe6d","value":{"error":"no such element","message":"An element could not be located on the page using the given search parameters","stacktrace":"io.appium.uiautomator2.common.exceptions.ElementNotFoundException: An element could not be located on the page using the given search parameters\n\tat io.appium.uiautomator2.handler.FindElement.findElement(FindElement.java:91)\n\tat io.appium.uiautomator2.handler.FindElement.safeHandle(FindElement.java:68)\n\tat io.appium.uiautomator2.handler.request.SafeRequestHandler.handle(SafeRequestHandler.java:41)\n\tat io.appium.uiautomator2.server.AppiumServlet.handleRequest(AppiumServlet.java:261)\n\tat io.appium.uiautomator2.server.AppiumServlet.handleHttpRequest(AppiumServlet.java:255)\n\tat io.appium.uiautomator2.http.ServerHandler.channelRead(ServerHandler.java:68)\n\tat io.netty.channel.AbstractChannelHandlerContext.invokeChannelRead(AbstractChannelHandlerContext.java:366)\n\tat io.netty.channel.AbstractChannelHandlerContext.invokeChannelRead(AbstractChannelHandlerContext.java:352)\n\tat io.netty.channel.AbstractChannelHandlerContext.fireChannelRead(AbstractChannelHandlerContext.java:345)\n\tat io.netty.handler.codec.MessageToMessageDecoder.channelRead(MessageToMessageDecoder.java:102)\n\tat io.netty.channel.AbstractChannelHandlerContext.invokeChannelRead(AbstractChannelHandlerContext.java:366)\n\tat io.netty.channel.AbstractChannelHandlerContext.invokeChannelRead(AbstractChannelHandlerContext.java:352)\n\tat io.netty.channel.AbstractChannelHandlerContext.fireChannelRead(AbstractChannelHandlerContext.java:345)\n\tat io.netty.channel.CombinedChannelDuplexHandler$DelegatingChannelHandlerContext.fireChannelRead(CombinedChannelDuplexHandler.java:435)\n\tat io.netty.handler.codec.ByteToMessageDecoder.fireChannelRead(ByteToMessageDecoder.java:293)\n\tat io.netty.handler.codec.ByteToMessageDecoder.channelRead(ByteToMessageDecoder.java:267)\n\tat io.netty.channel.CombinedChannelDuplexHandler.channelRead(CombinedChannelDuplexHandler.java:250)\n\tat io.netty.channel.AbstractChannelHandlerContext.invokeChannelRead(AbstractChannelHandlerContext.java:366)\n\tat io.netty.channel.AbstractChannelHandlerContext.invokeChannelRead(AbstractChannelHandlerContext.java:352)\n\tat io.netty.channel.AbstractChannelHandlerContext.fireChannelRead(AbstractChannelHandlerContext.java:345)\n\tat io.netty.handler.timeout.IdleStateHandler.channelRead(IdleStateHandler.java:266)\n\tat io.netty.channel.AbstractChannelHandlerContext.invokeChannelRead(AbstractChannelHandlerContext.java:366)\n\tat io.netty.channel.AbstractChannelHandlerContext.invokeChannelRead(AbstractChannelHandlerContext.java:352)\n\tat io.netty.channel.AbstractChannelHandlerContext.fireChannelRead(AbstractChannelHandlerContext.java:345)\n\tat io.netty.channel.DefaultChannelPipeline$HeadContext.channelRead(DefaultChannelPipeline.java:1294)\n\tat io.netty.channel.AbstractChannelHandlerContext.invokeChannelRead(AbstractChannelHandlerContext.java:366)\n\tat io.netty.channel.AbstractChannelHandlerContext.invokeChannelRead(AbstractChannelHandlerContext.java:352)\n\tat io.netty.channel.DefaultChannelPipeline.fireChannelRead(DefaultChannelPipeline.java:911)\n\tat io.netty.channel.nio.AbstractNioByteChannel$NioByteUnsafe.read(AbstractNioByteChannel.java:131)\n\tat io.netty.channel.nio.NioEventLoop.processSelectedKey(NioEventLoop.java:611)\n\tat io.netty.channel.nio.NioEventLoop.processSelectedKeysOptimized(NioEventLoop.java:552)\n\tat io.netty.channel.nio.NioEventLoop.processSelectedKeys(NioEventLoop.java:466)\n\tat io.netty.channel.nio.NioEventLoop.run(NioEventLoop.java:438)\n\tat io.netty.util.concurrent.SingleThreadEventExecutor$2.run(SingleThreadEventExecutor.java:140)\n\tat io.netty.util.concurrent.DefaultThreadFactory$DefaultRunnableDecorator.run(DefaultThreadFactory.java:144)\n\tat java.lang.Thread.run(Thread.java:919)\n"}}
04-01 17:45:40.152  2539  2539 D KeyguardUpdateMonitor: received broadcast android.intent.action.BATTERY_CHANGED
04-01 17:45:40.152  2862  2862 D NetworkSpeedTracker: receive actionandroid.intent.action.BATTERY_CHANGED
04-01 17:45:40.152  2862  2862 D NetworkSpeedTracker: onReceive ACTION_BATTERY_CHANGED mBatteryLevel = 49;mIsCharging =true
04-01 17:45:40.154  6036  6536 D PowerCheckerService: onBatteryChanged, mBatteryLevel = 49, status = 2, level = 49, plug = 2, scale = 100
04-01 17:45:40.154  4115  4115 I BatteryInfoReceiver: ACTION_BATTERY_CHANGED
04-01 17:45:40.158  2862  2862 D DeviceStatisticsService: chargerType=2 batteryLevel=49 totalBatteryCapacity=4585000
04-01 17:45:40.162   787  5112 I vendor.qti.bluetooth@1.0-ibs_handler: ProcessIbsCmd: Received IBS_WAKE_IND: 0xFD
04-01 17:45:40.162   787  5112 D vendor.qti.bluetooth@1.0-ibs_handler: SerialClockVote: vote for UART CLK ON
04-01 17:45:40.163   787  5112 I vendor.qti.bluetooth@1.0-ibs_handler: ProcessIbsCmd: Writing IBS_WAKE_ACK
04-01 17:45:40.164  4982  5115 V bt_stack: [VERBOSE1:btm_ble_gap.cc(1923)] btm_ble_process_ext_adv_pkt: bda=e0:b6:55:0d:4f:f9
04-01 17:45:40.164  4982  5115 V bt_stack: [VERBOSE1:btm_ble_gap.cc(1847)] btm_ble_process_adv_addr: bda=e0:b6:55:0d:4f:f9
04-01 17:45:40.164  4982  5115 V bt_stack: [VERBOSE1:btm_inq.cc(1019)] BTM_InqDbRead: bd addr e0:b6:55:0d:4f:f9
04-01 17:45:40.165  4982  5019 D BluetoothUtils: blockedByLocationOff callingUid=1002
04-01 17:45:40.166  4982  5019 I BluetoothUtils: packagename is android.uid.bluetooth:1002 ,and its permission is false
04-01 17:45:40.170  5568  5602 I appium  : channel read: POST /wd/hub/session/3d995efd-5a17-4991-8482-f6efeaa0fe6d/touch/perform
04-01 17:45:40.170  5568  5602 I appium  : Swipe command
04-01 17:45:40.182  1571  2412 D MIUIInput: [MotionEvent] publisher action=0x4, 49232150, channel '29e26ec NavigationBar (server)'
04-01 17:45:40.182  1571  2412 D MIUIInput: [MotionEvent] publisher action=0x4, 49232150, channel 'eafa6ff StatusBar (server)'
04-01 17:45:40.182  1571  2412 D MIUIInput: [MotionEvent] publisher action=0x0, 49232150, channel '23ec900 com.milink.service/com.milink.ui.activity.DisplayDialogActivity (server)'
04-01 17:45:40.182 30532 30532 D ViewRootImpl: [TouchInput][ViewRootImpl] MotionEvent { action=ACTION_DOWN, id[0]=0, pointerCount=1, eventTime=49232150, downTime=49232150 } moveCount:0
04-01 17:45:40.191  2862  2862 D NetworkSpeedTracker: receive actionandroid.intent.action.BATTERY_CHANGED
04-01 17:45:40.191  2862  2862 D NetworkSpeedTracker: onReceive ACTION_BATTERY_CHANGED mBatteryLevel = 49;mIsCharging =true
04-01 17:45:40.192  4115  4115 I BatteryInfoReceiver: ACTION_BATTERY_CHANGED
04-01 17:45:40.194  2539  2539 D KeyguardUpdateMonitor: received broadcast android.intent.action.BATTERY_CHANGED
04-01 17:45:40.194  6036  6536 D PowerCheckerService: onBatteryChanged, mBatteryLevel = 49, status = 2, level = 49, plug = 2, scale = 100
04-01 17:45:40.197  2862  2862 D DeviceStatisticsService: chargerType=2 batteryLevel=49 totalBatteryCapacity=4585000
04-01 17:45:40.200  4115  4115 I BatteryInfoReceiver: ACTION_BATTERY_CHANGED
04-01 17:45:40.199  2539  2539 D KeyguardUpdateMonitor: received broadcast android.intent.action.BATTERY_CHANGED
04-01 17:45:40.200  2862  2862 D NetworkSpeedTracker: receive actionandroid.intent.action.BATTERY_CHANGED
04-01 17:45:40.200  2862  2862 D NetworkSpeedTracker: onReceive ACTION_BATTERY_CHANGED mBatteryLevel = 49;mIsCharging =true
04-01 17:45:40.201  6036  6536 D PowerCheckerService: onBatteryChanged, mBatteryLevel = 49, status = 2, level = 49, plug = 2, scale = 100
04-01 17:45:40.203  2862  2862 D DeviceStatisticsService: chargerType=2 batteryLevel=49 totalBatteryCapacity=4585000
04-01 17:45:40.228  2539  2539 D KeyguardUpdateMonitor: received broadcast android.intent.action.BATTERY_CHANGED
04-01 17:45:40.229  2862  2862 D NetworkSpeedTracker: receive actionandroid.intent.action.BATTERY_CHANGED
04-01 17:45:40.230  2862  2862 D NetworkSpeedTracker: onReceive ACTION_BATTERY_CHANGED mBatteryLevel = 49;mIsCharging =true
04-01 17:45:40.230  4115  4115 I BatteryInfoReceiver: ACTION_BATTERY_CHANGED
04-01 17:45:40.230  6036  6536 D PowerCheckerService: onBatteryChanged, mBatteryLevel = 49, status = 2, level = 49, plug = 2, scale = 100
04-01 17:45:40.235  2862  2862 D DeviceStatisticsService: chargerType=2 batteryLevel=49 totalBatteryCapacity=4585000
04-01 17:45:40.245  2539  2539 D KeyguardUpdateMonitor: received broadcast android.intent.action.BATTERY_CHANGED
04-01 17:45:40.245  2862  2862 D NetworkSpeedTracker: receive actionandroid.intent.action.BATTERY_CHANGED
04-01 17:45:40.245  2862  2862 D NetworkSpeedTracker: onReceive ACTION_BATTERY_CHANGED mBatteryLevel = 49;mIsCharging =true
04-01 17:45:40.246  4115  4115 I BatteryInfoReceiver: ACTION_BATTERY_CHANGED
04-01 17:45:40.251  6036  6536 D PowerCheckerService: onBatteryChanged, mBatteryLevel = 49, status = 2, level = 49, plug = 2, scale = 100
04-01 17:45:40.255  2862  2862 D DeviceStatisticsService: chargerType=2 batteryLevel=49 totalBatteryCapacity=4585000
04-01 17:45:40.276  2539  2539 D KeyguardUpdateMonitor: received broadcast android.intent.action.BATTERY_CHANGED
04-01 17:45:40.277  2862  2862 D NetworkSpeedTracker: receive actionandroid.intent.action.BATTERY_CHANGED
04-01 17:45:40.277  4115  4115 I BatteryInfoReceiver: ACTION_BATTERY_CHANGED
04-01 17:45:40.277  2862  2862 D NetworkSpeedTracker: onReceive ACTION_BATTERY_CHANGED mBatteryLevel = 49;mIsCharging =true
04-01 17:45:40.279  6036  6536 D PowerCheckerService: onBatteryChanged, mBatteryLevel = 49, status = 2, level = 49, plug = 2, scale = 100
04-01 17:45:40.287  2862  2862 D DeviceStatisticsService: chargerType=2 batteryLevel=49 totalBatteryCapacity=4585000
04-01 17:45:40.289  2539  2539 D KeyguardUpdateMonitor: received broadcast android.intent.action.BATTERY_CHANGED
04-01 17:45:40.290  2862  2862 D NetworkSpeedTracker: receive actionandroid.intent.action.BATTERY_CHANGED
04-01 17:45:40.290  2862  2862 D NetworkSpeedTracker: onReceive ACTION_BATTERY_CHANGED mBatteryLevel = 49;mIsCharging =true
04-01 17:45:40.292  4115  4115 I BatteryInfoReceiver: ACTION_BATTERY_CHANGED
04-01 17:45:40.293  6036  6536 D PowerCheckerService: onBatteryChanged, mBatteryLevel = 49, status = 2, level = 49, plug = 2, scale = 100
04-01 17:45:40.300  2862  2862 D DeviceStatisticsService: chargerType=2 batteryLevel=49 totalBatteryCapacity=4585000
04-01 17:45:40.320  2539  2539 D KeyguardUpdateMonitor: received broadcast android.intent.action.BATTERY_CHANGED
04-01 17:45:40.321  2862  2862 D NetworkSpeedTracker: receive actionandroid.intent.action.BATTERY_CHANGED
04-01 17:45:40.321  2862  2862 D NetworkSpeedTracker: onReceive ACTION_BATTERY_CHANGED mBatteryLevel = 49;mIsCharging =true
04-01 17:45:40.321  4115  4115 I BatteryInfoReceiver: ACTION_BATTERY_CHANGED
04-01 17:45:40.322  6036  6536 D PowerCheckerService: onBatteryChanged, mBatteryLevel = 49, status = 2, level = 49, plug = 2, scale = 100
04-01 17:45:40.329  2862  2862 D DeviceStatisticsService: chargerType=2 batteryLevel=49 totalBatteryCapacity=4585000
04-01 17:45:40.333  2539  2539 D KeyguardUpdateMonitor: received broadcast android.intent.action.BATTERY_CHANGED
04-01 17:45:40.333  2862  2862 D NetworkSpeedTracker: receive actionandroid.intent.action.BATTERY_CHANGED
04-01 17:45:40.333  2862  2862 D NetworkSpeedTracker: onReceive ACTION_BATTERY_CHANGED mBatteryLevel = 49;mIsCharging =true
04-01 17:45:40.334  4115  4115 I BatteryInfoReceiver: ACTION_BATTERY_CHANGED
04-01 17:45:40.335  6036  6536 D PowerCheckerService: onBatteryChanged, mBatteryLevel = 49, status = 2, level = 49, plug = 2, scale = 100
04-01 17:45:40.340  2862  2862 D DeviceStatisticsService: chargerType=2 batteryLevel=49 totalBatteryCapacity=4585000
04-01 17:45:40.363  2539  2539 D KeyguardUpdateMonitor: received broadcast android.intent.action.BATTERY_CHANGED
04-01 17:45:40.365  4115  4115 I BatteryInfoReceiver: ACTION_BATTERY_CHANGED
04-01 17:45:40.366  2862  2862 D NetworkSpeedTracker: receive actionandroid.intent.action.BATTERY_CHANGED
04-01 17:45:40.366  2862  2862 D NetworkSpeedTracker: onReceive ACTION_BATTERY_CHANGED mBatteryLevel = 49;mIsCharging =true
04-01 17:45:40.369  6036  6536 D PowerCheckerService: onBatteryChanged, mBatteryLevel = 49, status = 2, level = 49, plug = 2, scale = 100
04-01 17:45:40.375  2862  2862 D DeviceStatisticsService: chargerType=2 batteryLevel=49 totalBatteryCapacity=4585000
04-01 17:45:40.378  2539  2539 D KeyguardUpdateMonitor: received broadcast android.intent.action.BATTERY_CHANGED
04-01 17:45:40.379  2862  2862 D NetworkSpeedTracker: receive actionandroid.intent.action.BATTERY_CHANGED
04-01 17:45:40.379  4115  4115 I BatteryInfoReceiver: ACTION_BATTERY_CHANGED
04-01 17:45:40.379  2862  2862 D NetworkSpeedTracker: onReceive ACTION_BATTERY_CHANGED mBatteryLevel = 49;mIsCharging =true
04-01 17:45:40.381  6036  6536 D PowerCheckerService: onBatteryChanged, mBatteryLevel = 49, status = 2, level = 49, plug = 2, scale = 100
04-01 17:45:40.386  2862  2862 D DeviceStatisticsService: chargerType=2 batteryLevel=49 totalBatteryCapacity=4585000
04-01 17:45:40.393  1193  1193 I cnss-daemon: nl80211 response handler invoked
04-01 17:45:40.393  1193  1193 I cnss-daemon: nl80211_response_handler: cmd 103, vendorID 4980, subcmd 106  received
04-01 17:45:40.393   805 28628 I WifiHAL : event received NL80211_CMD_VENDOR, vendor_id = 0x1374, subcmd = 0x6a
04-01 17:45:40.399   787  5112 I vendor.qti.bluetooth@1.0-ibs_handler: ProcessIbsCmd: Received IBS_SLEEP_IND: 0xFE
04-01 17:45:40.399   787  5112 D vendor.qti.bluetooth@1.0-ibs_handler: SerialClockVote: vote for UART CLK OFF
04-01 17:45:40.419  2539  2539 D KeyguardUpdateMonitor: received broadcast android.intent.action.BATTERY_CHANGED
04-01 17:45:40.420  2862  2862 D NetworkSpeedTracker: receive actionandroid.intent.action.BATTERY_CHANGED
04-01 17:45:40.420  2862  2862 D NetworkSpeedTracker: onReceive ACTION_BATTERY_CHANGED mBatteryLevel = 49;mIsCharging =true
04-01 17:45:40.421  4115  4115 I BatteryInfoReceiver: ACTION_BATTERY_CHANGED
04-01 17:45:40.421  6036  6536 D PowerCheckerService: onBatteryChanged, mBatteryLevel = 49, status = 2, level = 49, plug = 2, scale = 100
04-01 17:45:40.426  2862  2862 D DeviceStatisticsService: chargerType=2 batteryLevel=49 totalBatteryCapacity=4585000
04-01 17:45:40.430  2539  2539 D KeyguardUpdateMonitor: received broadcast android.intent.action.BATTERY_CHANGED
04-01 17:45:40.431  2862  2862 D NetworkSpeedTracker: receive actionandroid.intent.action.BATTERY_CHANGED
04-01 17:45:40.431  2862  2862 D NetworkSpeedTracker: onReceive ACTION_BATTERY_CHANGED mBatteryLevel = 49;mIsCharging =true
04-01 17:45:40.432  4115  4115 I BatteryInfoReceiver: ACTION_BATTERY_CHANGED
04-01 17:45:40.432  6036  6536 D PowerCheckerService: onBatteryChanged, mBatteryLevel = 49, status = 2, level = 49, plug = 2, scale = 100
04-01 17:45:40.435  2862  2862 D DeviceStatisticsService: chargerType=2 batteryLevel=49 totalBatteryCapacity=4585000
04-01 17:45:40.450  2539  2539 D KeyguardUpdateMonitor: received broadcast android.intent.action.BATTERY_CHANGED
04-01 17:45:40.450  2862  2862 D NetworkSpeedTracker: receive actionandroid.intent.action.BATTERY_CHANGED
04-01 17:45:40.450  2862  2862 D NetworkSpeedTracker: onReceive ACTION_BATTERY_CHANGED mBatteryLevel = 49;mIsCharging =true
04-01 17:45:40.452  4115  4115 I BatteryInfoReceiver: ACTION_BATTERY_CHANGED
04-01 17:45:40.453  6036  6536 D PowerCheckerService: onBatteryChanged, mBatteryLevel = 49, status = 2, level = 49, plug = 2, scale = 100
04-01 17:45:40.460  2862  2862 D DeviceStatisticsService: chargerType=2 batteryLevel=49 totalBatteryCapacity=4585000
04-01 17:45:40.461  2862  2862 D NetworkSpeedTracker: receive actionandroid.intent.action.BATTERY_CHANGED
04-01 17:45:40.461  2539  2539 D KeyguardUpdateMonitor: received broadcast android.intent.action.BATTERY_CHANGED
04-01 17:45:40.462  2862  2862 D NetworkSpeedTracker: onReceive ACTION_BATTERY_CHANGED mBatteryLevel = 49;mIsCharging =true
04-01 17:45:40.462  4115  4115 I BatteryInfoReceiver: ACTION_BATTERY_CHANGED
04-01 17:45:40.463  6036  6536 D PowerCheckerService: onBatteryChanged, mBatteryLevel = 49, status = 2, level = 49, plug = 2, scale = 100
04-01 17:45:40.466  2862  2862 D DeviceStatisticsService: chargerType=2 batteryLevel=49 totalBatteryCapacity=4585000
04-01 17:45:40.498  2539  2539 D KeyguardUpdateMonitor: received broadcast android.intent.action.BATTERY_CHANGED
04-01 17:45:40.500  2862  2862 D NetworkSpeedTracker: receive actionandroid.intent.action.BATTERY_CHANGED
04-01 17:45:40.500  2862  2862 D NetworkSpeedTracker: onReceive ACTION_BATTERY_CHANGED mBatteryLevel = 49;mIsCharging =true
04-01 17:45:40.503  4115  4115 I BatteryInfoReceiver: ACTION_BATTERY_CHANGED
04-01 17:45:40.504  6036  6536 D PowerCheckerService: onBatteryChanged, mBatteryLevel = 49, status = 2, level = 49, plug = 2, scale = 100
04-01 17:45:40.515  2862  2862 D DeviceStatisticsService: chargerType=2 batteryLevel=49 totalBatteryCapacity=4585000
04-01 17:45:40.517  2539  2539 D KeyguardUpdateMonitor: received broadcast android.intent.action.BATTERY_CHANGED
04-01 17:45:40.518  2862  2862 D NetworkSpeedTracker: receive actionandroid.intent.action.BATTERY_CHANGED
04-01 17:45:40.518  2862  2862 D NetworkSpeedTracker: onReceive ACTION_BATTERY_CHANGED mBatteryLevel = 49;mIsCharging =true
04-01 17:45:40.520  4115  4115 I BatteryInfoReceiver: ACTION_BATTERY_CHANGED
04-01 17:45:40.523  6036  6536 D PowerCheckerService: onBatteryChanged, mBatteryLevel = 49, status = 2, level = 49, plug = 2, scale = 100
04-01 17:45:40.525  2862  2862 D DeviceStatisticsService: chargerType=2 batteryLevel=49 totalBatteryCapacity=4585000
04-01 17:45:40.531  1571  2412 D MIUIInput: [MotionEvent] publisher action=0x1, 49232502, channel '23ec900 com.milink.service/com.milink.ui.activity.DisplayDialogActivity (server)'
04-01 17:45:40.532 30532 30532 D ViewRootImpl: [TouchInput][ViewRootImpl] MotionEvent { action=ACTION_UP, id[0]=0, pointerCount=1, eventTime=49232502, downTime=49232150 } moveCount:21
04-01 17:45:40.539  2539  2539 D KeyguardUpdateMonitor: received broadcast android.intent.action.BATTERY_CHANGED
04-01 17:45:40.539  2862  2862 D NetworkSpeedTracker: receive actionandroid.intent.action.BATTERY_CHANGED
04-01 17:45:40.540  2862  2862 D NetworkSpeedTracker: onReceive ACTION_BATTERY_CHANGED mBatteryLevel = 49;mIsCharging =true
04-01 17:45:40.541  4115  4115 I BatteryInfoReceiver: ACTION_BATTERY_CHANGED
04-01 17:45:40.542  6036  6536 D PowerCheckerService: onBatteryChanged, mBatteryLevel = 49, status = 2, level = 49, plug = 2, scale = 100
04-01 17:45:40.550   787  5044 D vendor.qti.bluetooth@1.0-wake_lock: Release wakelock is released
04-01 17:45:40.553  2862  2862 D DeviceStatisticsService: chargerType=2 batteryLevel=49 totalBatteryCapacity=4585000
04-01 17:45:40.556  2539  2539 D KeyguardUpdateMonitor: received broadcast android.intent.action.BATTERY_CHANGED
04-01 17:45:40.557  2862  2862 D NetworkSpeedTracker: receive actionandroid.intent.action.BATTERY_CHANGED
04-01 17:45:40.557  2862  2862 D NetworkSpeedTracker: onReceive ACTION_BATTERY_CHANGED mBatteryLevel = 49;mIsCharging =true
04-01 17:45:40.558  4115  4115 I BatteryInfoReceiver: ACTION_BATTERY_CHANGED
04-01 17:45:40.559  6036  6536 D PowerCheckerService: onBatteryChanged, mBatteryLevel = 49, status = 2, level = 49, plug = 2, scale = 100
04-01 17:45:40.561  2862  2862 D DeviceStatisticsService: chargerType=2 batteryLevel=49 totalBatteryCapacity=4585000
04-01 17:45:40.585  2539  2539 D KeyguardUpdateMonitor: received broadcast android.intent.action.BATTERY_CHANGED
04-01 17:45:40.585  2862  2862 D NetworkSpeedTracker: receive actionandroid.intent.action.BATTERY_CHANGED
04-01 17:45:40.585  2862  2862 D NetworkSpeedTracker: onReceive ACTION_BATTERY_CHANGED mBatteryLevel = 49;mIsCharging =true
04-01 17:45:40.586  4115  4115 I BatteryInfoReceiver: ACTION_BATTERY_CHANGED
04-01 17:45:40.589  6036  6536 D PowerCheckerService: onBatteryChanged, mBatteryLevel = 49, status = 2, level = 49, plug = 2, scale = 100
04-01 17:45:40.595  2862  2862 D DeviceStatisticsService: chargerType=2 batteryLevel=49 totalBatteryCapacity=4585000
04-01 17:45:40.595  2539  2539 D KeyguardUpdateMonitor: received broadcast android.intent.action.BATTERY_CHANGED
04-01 17:45:40.597  2862  2862 D NetworkSpeedTracker: receive actionandroid.intent.action.BATTERY_CHANGED
04-01 17:45:40.597  2862  2862 D NetworkSpeedTracker: onReceive ACTION_BATTERY_CHANGED mBatteryLevel = 49;mIsCharging =true
04-01 17:45:40.598  4115  4115 I BatteryInfoReceiver: ACTION_BATTERY_CHANGED
04-01 17:45:40.598  6036  6536 D PowerCheckerService: onBatteryChanged, mBatteryLevel = 49, status = 2, level = 49, plug = 2, scale = 100
04-01 17:45:40.601   805 28628 I WifiHAL : event received NL80211_CMD_VENDOR, vendor_id = 0x1374, subcmd = 0x6b
04-01 17:45:40.601  1193  1193 I cnss-daemon: nl80211 response handler invoked
04-01 17:45:40.601  1193  1193 I cnss-daemon: nl80211_response_handler: cmd 103, vendorID 4980, subcmd 107  received
04-01 17:45:40.607  2862  2862 D DeviceStatisticsService: chargerType=2 batteryLevel=49 totalBatteryCapacity=4585000
04-01 17:45:40.628  2539  2539 D KeyguardUpdateMonitor: received broadcast android.intent.action.BATTERY_CHANGED
04-01 17:45:40.628  2862  2862 D NetworkSpeedTracker: receive actionandroid.intent.action.BATTERY_CHANGED
04-01 17:45:40.628  2862  2862 D NetworkSpeedTracker: onReceive ACTION_BATTERY_CHANGED mBatteryLevel = 49;mIsCharging =true
04-01 17:45:40.629  4115  4115 I BatteryInfoReceiver: ACTION_BATTERY_CHANGED
04-01 17:45:40.634  2862  2862 D DeviceStatisticsService: chargerType=2 batteryLevel=49 totalBatteryCapacity=4585000
04-01 17:45:40.635  6036  6536 D PowerCheckerService: onBatteryChanged, mBatteryLevel = 49, status = 2, level = 49, plug = 2, scale = 100
04-01 17:45:40.647  2539  2539 D KeyguardUpdateMonitor: received broadcast android.intent.action.BATTERY_CHANGED
04-01 17:45:40.647  2862  2862 D NetworkSpeedTracker: receive actionandroid.intent.action.BATTERY_CHANGED
04-01 17:45:40.647  2862  2862 D NetworkSpeedTracker: onReceive ACTION_BATTERY_CHANGED mBatteryLevel = 49;mIsCharging =true
04-01 17:45:40.648  4115  4115 I BatteryInfoReceiver: ACTION_BATTERY_CHANGED
04-01 17:45:40.649  6036  6536 D PowerCheckerService: onBatteryChanged, mBatteryLevel = 49, status = 2, level = 49, plug = 2, scale = 100
04-01 17:45:40.654  2862  2862 D DeviceStatisticsService: chargerType=2 batteryLevel=49 totalBatteryCapacity=4585000
04-01 17:45:40.674  2539  2539 D KeyguardUpdateMonitor: received broadcast android.intent.action.BATTERY_CHANGED
04-01 17:45:40.675  2862  2862 D NetworkSpeedTracker: receive actionandroid.intent.action.BATTERY_CHANGED
04-01 17:45:40.675  2862  2862 D NetworkSpeedTracker: onReceive ACTION_BATTERY_CHANGED mBatteryLevel = 49;mIsCharging =true
04-01 17:45:40.680  4115  4115 I BatteryInfoReceiver: ACTION_BATTERY_CHANGED
04-01 17:45:40.680  6036  6536 D PowerCheckerService: onBatteryChanged, mBatteryLevel = 49, status = 2, level = 49, plug = 2, scale = 100
04-01 17:45:40.682  2862  2862 D DeviceStatisticsService: chargerType=2 batteryLevel=49 totalBatteryCapacity=4585000
04-01 17:45:40.691  2539  2539 D KeyguardUpdateMonitor: received broadcast android.intent.action.BATTERY_CHANGED
04-01 17:45:40.691  2862  2862 D NetworkSpeedTracker: receive actionandroid.intent.action.BATTERY_CHANGED
04-01 17:45:40.691  2862  2862 D NetworkSpeedTracker: onReceive ACTION_BATTERY_CHANGED mBatteryLevel = 49;mIsCharging =true
04-01 17:45:40.692  4115  4115 I BatteryInfoReceiver: ACTION_BATTERY_CHANGED
04-01 17:45:40.694  2862  2862 D DeviceStatisticsService: chargerType=2 batteryLevel=49 totalBatteryCapacity=4585000
04-01 17:45:40.695  6036  6536 D PowerCheckerService: onBatteryChanged, mBatteryLevel = 49, status = 2, level = 49, plug = 2, scale = 100
04-01 17:45:40.717  2539  2539 D KeyguardUpdateMonitor: received broadcast android.intent.action.BATTERY_CHANGED
04-01 17:45:40.718  2862  2862 D NetworkSpeedTracker: receive actionandroid.intent.action.BATTERY_CHANGED
04-01 17:45:40.718  2862  2862 D NetworkSpeedTracker: onReceive ACTION_BATTERY_CHANGED mBatteryLevel = 49;mIsCharging =true
04-01 17:45:40.720  4115  4115 I BatteryInfoReceiver: ACTION_BATTERY_CHANGED
04-01 17:45:40.722  6036  6536 D PowerCheckerService: onBatteryChanged, mBatteryLevel = 49, status = 2, level = 49, plug = 2, scale = 100
04-01 17:45:40.726  2862  2862 D DeviceStatisticsService: chargerType=2 batteryLevel=49 totalBatteryCapacity=4585000
04-01 17:45:40.731  2539  2539 D KeyguardUpdateMonitor: received broadcast android.intent.action.BATTERY_CHANGED
04-01 17:45:40.731  2862  2862 D NetworkSpeedTracker: receive actionandroid.intent.action.BATTERY_CHANGED
04-01 17:45:40.731  2862  2862 D NetworkSpeedTracker: onReceive ACTION_BATTERY_CHANGED mBatteryLevel = 49;mIsCharging =true
04-01 17:45:40.732  4115  4115 I BatteryInfoReceiver: ACTION_BATTERY_CHANGED
04-01 17:45:40.733  6036  6536 D PowerCheckerService: onBatteryChanged, mBatteryLevel = 49, status = 2, level = 49, plug = 2, scale = 100
04-01 17:45:40.739  2862  2862 D DeviceStatisticsService: chargerType=2 batteryLevel=49 totalBatteryCapacity=4585000
04-01 17:45:40.742  1193  1193 I cnss-daemon: nl80211 response handler invoked
04-01 17:45:40.742  1193  1193 I cnss-daemon: nl80211_response_handler: cmd 103, vendorID 4980, subcmd 106  received
04-01 17:45:40.742   805 28628 I WifiHAL : event received NL80211_CMD_VENDOR, vendor_id = 0x1374, subcmd = 0x6a
04-01 17:45:40.762  2539  2539 D KeyguardUpdateMonitor: received broadcast android.intent.action.BATTERY_CHANGED
04-01 17:45:40.762  2862  2862 D NetworkSpeedTracker: receive actionandroid.intent.action.BATTERY_CHANGED
04-01 17:45:40.763  2862  2862 D NetworkSpeedTracker: onReceive ACTION_BATTERY_CHANGED mBatteryLevel = 49;mIsCharging =true
04-01 17:45:40.763  4115  4115 I BatteryInfoReceiver: ACTION_BATTERY_CHANGED
04-01 17:45:40.767  6036  6536 D PowerCheckerService: onBatteryChanged, mBatteryLevel = 49, status = 2, level = 49, plug = 2, scale = 100
04-01 17:45:40.773  2862  2862 D DeviceStatisticsService: chargerType=2 batteryLevel=49 totalBatteryCapacity=4585000
04-01 17:45:40.775  2539  2539 D KeyguardUpdateMonitor: received broadcast android.intent.action.BATTERY_CHANGED
04-01 17:45:40.776  2862  2862 D NetworkSpeedTracker: receive actionandroid.intent.action.BATTERY_CHANGED
04-01 17:45:40.776  2862  2862 D NetworkSpeedTracker: onReceive ACTION_BATTERY_CHANGED mBatteryLevel = 49;mIsCharging =true
04-01 17:45:40.777  4115  4115 I BatteryInfoReceiver: ACTION_BATTERY_CHANGED
04-01 17:45:40.778  6036  6536 D PowerCheckerService: onBatteryChanged, mBatteryLevel = 49, status = 2, level = 49, plug = 2, scale = 100
04-01 17:45:40.780  2862  2862 D DeviceStatisticsService: chargerType=2 batteryLevel=49 totalBatteryCapacity=4585000
04-01 17:45:40.813   787  5112 I vendor.qti.bluetooth@1.0-ibs_handler: ProcessIbsCmd: Received IBS_WAKE_IND: 0xFD
04-01 17:45:40.813   787  5112 D vendor.qti.bluetooth@1.0-ibs_handler: SerialClockVote: vote for UART CLK ON
04-01 17:45:40.814   787  5112 D vendor.qti.bluetooth@1.0-wake_lock: Acquire wakelock is acquired
04-01 17:45:40.814   787  5112 I vendor.qti.bluetooth@1.0-ibs_handler: ProcessIbsCmd: Writing IBS_WAKE_ACK
04-01 17:45:40.815  4982  5115 V bt_stack: [VERBOSE1:btm_ble_gap.cc(1923)] btm_ble_process_ext_adv_pkt: bda=67:6f:29:e8:a0:19
04-01 17:45:40.815  4982  5115 V bt_stack: [VERBOSE1:btm_ble_gap.cc(1847)] btm_ble_process_adv_addr: bda=67:6f:29:e8:a0:19
04-01 17:45:40.815  4982  5115 V bt_stack: [VERBOSE1:btm_ble_gap.cc(2052)]  Waiting for scan response 67:6f:29:e8:a0:19
04-01 17:45:40.818  2862  2862 D NetworkSpeedTracker: receive actionandroid.intent.action.BATTERY_CHANGED
04-01 17:45:40.818  2862  2862 D NetworkSpeedTracker: onReceive ACTION_BATTERY_CHANGED mBatteryLevel = 49;mIsCharging =true
04-01 17:45:40.818  4115  4115 I BatteryInfoReceiver: ACTION_BATTERY_CHANGED
04-01 17:45:40.822  2539  2539 D KeyguardUpdateMonitor: received broadcast android.intent.action.BATTERY_CHANGED
04-01 17:45:40.826  6036  6536 D PowerCheckerService: onBatteryChanged, mBatteryLevel = 49, status = 2, level = 49, plug = 2, scale = 100
04-01 17:45:40.827  2862  2862 D DeviceStatisticsService: chargerType=2 batteryLevel=49 totalBatteryCapacity=4585000
04-01 17:45:40.828  2862  2862 D NetworkSpeedTracker: receive actionandroid.intent.action.BATTERY_CHANGED
04-01 17:45:40.828  2862  2862 D NetworkSpeedTracker: onReceive ACTION_BATTERY_CHANGED mBatteryLevel = 49;mIsCharging =true
04-01 17:45:40.829  2539  2539 D KeyguardUpdateMonitor: received broadcast android.intent.action.BATTERY_CHANGED
04-01 17:45:40.830  6036  6536 D PowerCheckerService: onBatteryChanged, mBatteryLevel = 49, status = 2, level = 49, plug = 2, scale = 100
04-01 17:45:40.832  2862  2862 D DeviceStatisticsService: chargerType=2 batteryLevel=49 totalBatteryCapacity=4585000
04-01 17:45:40.833  4115  4115 I BatteryInfoReceiver: ACTION_BATTERY_CHANGED
04-01 17:45:40.850  2539  2539 D KeyguardUpdateMonitor: received broadcast android.intent.action.BATTERY_CHANGED
04-01 17:45:40.851  2862  2862 D NetworkSpeedTracker: receive actionandroid.intent.action.BATTERY_CHANGED
04-01 17:45:40.851  2862  2862 D NetworkSpeedTracker: onReceive ACTION_BATTERY_CHANGED mBatteryLevel = 49;mIsCharging =true
04-01 17:45:40.852  4115  4115 I BatteryInfoReceiver: ACTION_BATTERY_CHANGED
04-01 17:45:40.853  6036  6536 D PowerCheckerService: onBatteryChanged, mBatteryLevel = 49, status = 2, level = 49, plug = 2, scale = 100
04-01 17:45:40.860  2862  2862 D DeviceStatisticsService: chargerType=2 batteryLevel=49 totalBatteryCapacity=4585000
04-01 17:45:40.861  2539  2539 D KeyguardUpdateMonitor: received broadcast android.intent.action.BATTERY_CHANGED
04-01 17:45:40.862  2862  2862 D NetworkSpeedTracker: receive actionandroid.intent.action.BATTERY_CHANGED
04-01 17:45:40.862  2862  2862 D NetworkSpeedTracker: onReceive ACTION_BATTERY_CHANGED mBatteryLevel = 49;mIsCharging =true
04-01 17:45:40.863  4115  4115 I BatteryInfoReceiver: ACTION_BATTERY_CHANGED
04-01 17:45:40.864  6036  6536 D PowerCheckerService: onBatteryChanged, mBatteryLevel = 49, status = 2, level = 49, plug = 2, scale = 100
04-01 17:45:40.868  2862  2862 D DeviceStatisticsService: chargerType=2 batteryLevel=49 totalBatteryCapacity=4585000
04-01 17:45:40.893  2539  2539 D KeyguardUpdateMonitor: received broadcast android.intent.action.BATTERY_CHANGED
04-01 17:45:40.894  2862  2862 D NetworkSpeedTracker: receive actionandroid.intent.action.BATTERY_CHANGED
04-01 17:45:40.894  2862  2862 D NetworkSpeedTracker: onReceive ACTION_BATTERY_CHANGED mBatteryLevel = 49;mIsCharging =true
04-01 17:45:40.895  4115  4115 I BatteryInfoReceiver: ACTION_BATTERY_CHANGED
04-01 17:45:40.896  6036  6536 D PowerCheckerService: onBatteryChanged, mBatteryLevel = 49, status = 2, level = 49, plug = 2, scale = 100
04-01 17:45:40.915  2862  2862 D DeviceStatisticsService: chargerType=2 batteryLevel=49 totalBatteryCapacity=4585000
04-01 17:45:40.916  2539  2539 D KeyguardUpdateMonitor: received broadcast android.intent.action.BATTERY_CHANGED
04-01 17:45:40.917  2862  2862 D NetworkSpeedTracker: receive actionandroid.intent.action.BATTERY_CHANGED
04-01 17:45:40.917  2862  2862 D NetworkSpeedTracker: onReceive ACTION_BATTERY_CHANGED mBatteryLevel = 49;mIsCharging =true
04-01 17:45:40.918  4115  4115 I BatteryInfoReceiver: ACTION_BATTERY_CHANGED
04-01 17:45:40.920  6036  6536 D PowerCheckerService: onBatteryChanged, mBatteryLevel = 49, status = 2, level = 49, plug = 2, scale = 100
04-01 17:45:40.921  2862  2862 D DeviceStatisticsService: chargerType=2 batteryLevel=49 totalBatteryCapacity=4585000
04-01 17:45:40.940   805 28628 I WifiHAL : event received NL80211_CMD_VENDOR, vendor_id = 0x1374, subcmd = 0x6b
04-01 17:45:40.941  1193  1193 I cnss-daemon: nl80211 response handler invoked
04-01 17:45:40.941  1193  1193 I cnss-daemon: nl80211_response_handler: cmd 103, vendorID 4980, subcmd 107  received
04-01 17:45:40.942  2862  2862 D NetworkSpeedTracker: receive actionandroid.intent.action.BATTERY_CHANGED
04-01 17:45:40.942  2862  2862 D NetworkSpeedTracker: onReceive ACTION_BATTERY_CHANGED mBatteryLevel = 49;mIsCharging =true
04-01 17:45:40.943  4115  4115 I BatteryInfoReceiver: ACTION_BATTERY_CHANGED
04-01 17:45:40.943  6036  6536 D PowerCheckerService: onBatteryChanged, mBatteryLevel = 49, status = 2, level = 49, plug = 2, scale = 100
04-01 17:45:40.944  2539  2539 D KeyguardUpdateMonitor: received broadcast android.intent.action.BATTERY_CHANGED
04-01 17:45:40.951   787  5112 I vendor.qti.bluetooth@1.0-ibs_handler: ProcessIbsCmd: Received IBS_WAKE_IND: 0xFD
04-01 17:45:40.951   787  5112 I vendor.qti.bluetooth@1.0-ibs_handler: ProcessIbsCmd: Writing IBS_WAKE_ACK
04-01 17:45:40.951  2862  2862 D DeviceStatisticsService: chargerType=2 batteryLevel=49 totalBatteryCapacity=4585000
04-01 17:45:40.953  2862  2862 D NetworkSpeedTracker: receive actionandroid.intent.action.BATTERY_CHANGED
04-01 17:45:40.953  2862  2862 D NetworkSpeedTracker: onReceive ACTION_BATTERY_CHANGED mBatteryLevel = 49;mIsCharging =true
04-01 17:45:40.955  2539  2539 D KeyguardUpdateMonitor: received broadcast android.intent.action.BATTERY_CHANGED
04-01 17:45:40.956  6036  6536 D PowerCheckerService: onBatteryChanged, mBatteryLevel = 49, status = 2, level = 49, plug = 2, scale = 100
04-01 17:45:40.956  4115  4115 I BatteryInfoReceiver: ACTION_BATTERY_CHANGED
04-01 17:45:40.959  2862  2862 D DeviceStatisticsService: chargerType=2 batteryLevel=49 totalBatteryCapacity=4585000
04-01 17:45:40.984  2539  2539 D KeyguardUpdateMonitor: received broadcast android.intent.action.BATTERY_CHANGED
04-01 17:45:40.984  2862  2862 D NetworkSpeedTracker: receive actionandroid.intent.action.BATTERY_CHANGED
04-01 17:45:40.984  2862  2862 D NetworkSpeedTracker: onReceive ACTION_BATTERY_CHANGED mBatteryLevel = 49;mIsCharging =true
04-01 17:45:40.985  4115  4115 I BatteryInfoReceiver: ACTION_BATTERY_CHANGED
04-01 17:45:40.986  6036  6536 D PowerCheckerService: onBatteryChanged, mBatteryLevel = 49, status = 2, level = 49, plug = 2, scale = 100
04-01 17:45:40.991  2862  2862 D DeviceStatisticsService: chargerType=2 batteryLevel=49 totalBatteryCapacity=4585000
04-01 17:45:40.992  2862  2862 D NetworkSpeedTracker: receive actionandroid.intent.action.BATTERY_CHANGED
04-01 17:45:40.992  2862  2862 D NetworkSpeedTracker: onReceive ACTION_BATTERY_CHANGED mBatteryLevel = 49;mIsCharging =true
04-01 17:45:40.992  2539  2539 D KeyguardUpdateMonitor: received broadcast android.intent.action.BATTERY_CHANGED
04-01 17:45:40.994  6036  6536 D PowerCheckerService: onBatteryChanged, mBatteryLevel = 49, status = 2, level = 49, plug = 2, scale = 100
04-01 17:45:40.997  4115  4115 I BatteryInfoReceiver: ACTION_BATTERY_CHANGED
04-01 17:45:41.000  2862  2862 D DeviceStatisticsService: chargerType=2 batteryLevel=49 totalBatteryCapacity=4585000
04-01 17:45:41.013  5568  5590 I tomator2.serve: ProcessProfilingInfo new_methods=42 is saved saved_to_disk=1 resolve_classes_delay=8000
04-01 17:45:41.028  2539  2539 D KeyguardUpdateMonitor: received broadcast android.intent.action.BATTERY_CHANGED
04-01 17:45:41.028  2862  2862 D NetworkSpeedTracker: receive actionandroid.intent.action.BATTERY_CHANGED
04-01 17:45:41.028  2862  2862 D NetworkSpeedTracker: onReceive ACTION_BATTERY_CHANGED mBatteryLevel = 49;mIsCharging =true
04-01 17:45:41.034  4115  4115 I BatteryInfoReceiver: ACTION_BATTERY_CHANGED
04-01 17:45:41.034  6036  6536 D PowerCheckerService: onBatteryChanged, mBatteryLevel = 49, status = 2, level = 49, plug = 2, scale = 100
04-01 17:45:41.038  2862  2862 D DeviceStatisticsService: chargerType=2 batteryLevel=49 totalBatteryCapacity=4585000
04-01 17:45:41.043  2539  2539 D KeyguardUpdateMonitor: received broadcast android.intent.action.BATTERY_CHANGED
04-01 17:45:41.043  2862  2862 D NetworkSpeedTracker: receive actionandroid.intent.action.BATTERY_CHANGED
04-01 17:45:41.043  2862  2862 D NetworkSpeedTracker: onReceive ACTION_BATTERY_CHANGED mBatteryLevel = 49;mIsCharging =true
04-01 17:45:41.044  4115  4115 I BatteryInfoReceiver: ACTION_BATTERY_CHANGED
04-01 17:45:41.047  6036  6536 D PowerCheckerService: onBatteryChanged, mBatteryLevel = 49, status = 2, level = 49, plug = 2, scale = 100
04-01 17:45:41.055  2862  2862 D DeviceStatisticsService: chargerType=2 batteryLevel=49 totalBatteryCapacity=4585000
04-01 17:45:41.065   796   796 W health@2.0-serv: type=1400 audit(0.0:758630): avc: denied { read } for name="type" dev="sysfs" ino=55635 scontext=u:r:hal_health_default:s0 tcontext=u:object_r:sysfs:s0 tclass=file permissive=0
04-01 17:45:41.074  2539  2539 D KeyguardUpdateMonitor: received broadcast android.intent.action.BATTERY_CHANGED
04-01 17:45:41.074  2862  2862 D NetworkSpeedTracker: receive actionandroid.intent.action.BATTERY_CHANGED
04-01 17:45:41.074  2862  2862 D NetworkSpeedTracker: onReceive ACTION_BATTERY_CHANGED mBatteryLevel = 49;mIsCharging =true
04-01 17:45:41.075   787  5112 I vendor.qti.bluetooth@1.0-ibs_handler: ProcessIbsCmd: Received IBS_SLEEP_IND: 0xFE
04-01 17:45:41.075   787  5112 D vendor.qti.bluetooth@1.0-ibs_handler: SerialClockVote: vote for UART CLK OFF
04-01 17:45:41.077   796   796 W health@2.0-serv: type=1400 audit(0.0:758631): avc: denied { read } for name="type" dev="sysfs" ino=55635 scontext=u:r:hal_health_default:s0 tcontext=u:object_r:sysfs:s0 tclass=file permissive=0
04-01 17:45:41.076  4115  4115 I BatteryInfoReceiver: ACTION_BATTERY_CHANGED
04-01 17:45:41.076  6036  6536 D PowerCheckerService: onBatteryChanged, mBatteryLevel = 49, status = 2, level = 49, plug = 2, scale = 100
04-01 17:45:41.081  2862  2862 D DeviceStatisticsService: chargerType=2 batteryLevel=49 totalBatteryCapacity=4585000
04-01 17:45:41.082  2539  2539 D KeyguardUpdateMonitor: received broadcast android.intent.action.BATTERY_CHANGED
04-01 17:45:41.083  2862  2862 D NetworkSpeedTracker: receive actionandroid.intent.action.BATTERY_CHANGED
04-01 17:45:41.083  2862  2862 D NetworkSpeedTracker: onReceive ACTION_BATTERY_CHANGED mBatteryLevel = 49;mIsCharging =true
04-01 17:45:41.084  4115  4115 I BatteryInfoReceiver: ACTION_BATTERY_CHANGED
04-01 17:45:41.085  6036  6536 D PowerCheckerService: onBatteryChanged, mBatteryLevel = 49, status = 2, level = 49, plug = 2, scale = 100
04-01 17:45:41.088  2862  2862 D DeviceStatisticsService: chargerType=2 batteryLevel=49 totalBatteryCapacity=4585000
04-01 17:45:41.113   796   796 W health@2.0-serv: type=1400 audit(0.0:758632): avc: denied { read } for name="type" dev="sysfs" ino=55635 scontext=u:r:hal_health_default:s0 tcontext=u:object_r:sysfs:s0 tclass=file permissive=0
04-01 17:45:41.121   796   796 W health@2.0-serv: type=1400 audit(0.0:758633): avc: denied { read } for name="type" dev="sysfs" ino=55635 scontext=u:r:hal_health_default:s0 tcontext=u:object_r:sysfs:s0 tclass=file permissive=0
04-01 17:45:41.121  2539  2539 D KeyguardUpdateMonitor: received broadcast android.intent.action.BATTERY_CHANGED
04-01 17:45:41.122  2862  2862 D NetworkSpeedTracker: receive actionandroid.intent.action.BATTERY_CHANGED
04-01 17:45:41.122  2862  2862 D NetworkSpeedTracker: onReceive ACTION_BATTERY_CHANGED mBatteryLevel = 49;mIsCharging =true
04-01 17:45:41.124  4115  4115 I BatteryInfoReceiver: ACTION_BATTERY_CHANGED
04-01 17:45:41.127  6036  6536 D PowerCheckerService: onBatteryChanged, mBatteryLevel = 49, status = 2, level = 49, plug = 2, scale = 100
04-01 17:45:41.129  2862  2862 D DeviceStatisticsService: chargerType=2 batteryLevel=49 totalBatteryCapacity=4585000
04-01 17:45:41.137  2539  2539 D KeyguardUpdateMonitor: received broadcast android.intent.action.BATTERY_CHANGED
04-01 17:45:41.137  2862  2862 D NetworkSpeedTracker: receive actionandroid.intent.action.BATTERY_CHANGED
04-01 17:45:41.138  2862  2862 D NetworkSpeedTracker: onReceive ACTION_BATTERY_CHANGED mBatteryLevel = 49;mIsCharging =true
04-01 17:45:41.139  4115  4115 I BatteryInfoReceiver: ACTION_BATTERY_CHANGED
04-01 17:45:41.140  6036  6536 D PowerCheckerService: onBatteryChanged, mBatteryLevel = 49, status = 2, level = 49, plug = 2, scale = 100
04-01 17:45:41.148  2862  2862 D DeviceStatisticsService: chargerType=2 batteryLevel=49 totalBatteryCapacity=4585000
04-01 17:45:41.153   796   796 W health@2.0-serv: type=1400 audit(0.0:758634): avc: denied { read } for name="type" dev="sysfs" ino=55635 scontext=u:r:hal_health_default:s0 tcontext=u:object_r:sysfs:s0 tclass=file permissive=0
04-01 17:45:41.160  2539  2539 D KeyguardUpdateMonitor: received broadcast android.intent.action.BATTERY_CHANGED
04-01 17:45:41.161  2862  2862 D NetworkSpeedTracker: receive actionandroid.intent.action.BATTERY_CHANGED
04-01 17:45:41.161  2862  2862 D NetworkSpeedTracker: onReceive ACTION_BATTERY_CHANGED mBatteryLevel = 49;mIsCharging =true
04-01 17:45:41.162  4115  4115 I BatteryInfoReceiver: ACTION_BATTERY_CHANGED
