04-13 11:17:21.774  2862  2862 D DeviceStatisticsService: chargerType=2 batteryLevel=34 totalBatteryCapacity=4185000
04-13 11:17:21.781  1571  3005 I Timeline: Timeline: App_transition_ready time:628925435
04-13 11:17:21.787  1571  1658 I Timeline: Timeline: App_transition_ready time:628925441
04-13 11:17:21.788 17458 17458 I ML::ProtocolManager: debug protocol: 0
04-13 11:17:21.788 17458 17458 I ML::MiuiSdk: get vendor: qcom
04-13 11:17:21.788 17458 17458 I ML::MiuiSdk: get sdk level: 23
04-13 11:17:21.793  1571  1658 I Timeline: Timeline: App_transition_ready time:628925448
04-13 11:17:21.795  1571  1700 I ActivityTaskManager: Displayed com.milink.service/com.milink.ui.activity.DisplayDialogActivity: +93ms
04-13 11:17:21.801  2539  2539 D StatusBar: disable<e i a s b h r c s > disable2<q i n g r >
04-13 11:17:21.803  2539  2539 D PhoneStatusBar/NavigationBarView: setDisabledFlags back:false home:false recent:false
04-13 11:17:21.803  2539  2539 D StatusBarClock:  isNormalMode= true clock visible=true
04-13 11:17:21.804 15431 15463 I CloudSettingsProvider: uriMatch : 2
04-13 11:17:21.805  2862  2862 D NetworkSpeedTracker: receive actionandroid.intent.action.BATTERY_CHANGED
04-13 11:17:21.805  1571  1658 I Timeline: Timeline: Activity_windows_visible id: ActivityRecord{7dcea17 u0 com.milink.service/com.milink.ui.activity.DisplayDialogActivity t7560} time:628925460
04-13 11:17:21.805  2862  2862 D NetworkSpeedTracker: onReceive ACTION_BATTERY_CHANGED mBatteryLevel = 34;mIsCharging =true
04-13 11:17:21.806  1571  5871 D MIUIInput: [FoucsChange]: Display  0 FocusedWindow From null(0,0)  to Window{f5d050f u0 com.milink.service/com.milink.ui.activity.DisplayDialogActivity}(1,1)
04-13 11:17:21.806  1571  1658 I Timeline: Timeline: App_transition_stopped time:628925461
04-13 11:17:21.809  4115  4115 I BatteryInfoReceiver: ACTION_BATTERY_CHANGED
04-13 11:17:21.810  6036  6536 D PowerCheckerService: onBatteryChanged, mBatteryLevel = 34, status = 2, level = 34, plug = 2, scale = 100
04-13 11:17:21.810  2539  2539 D PhoneStatusBar/NavigationBarView: onDraw
04-13 11:17:21.815  2862  2862 D DeviceStatisticsService: chargerType=2 batteryLevel=34 totalBatteryCapacity=4185000
04-13 11:17:21.815  2862  2862 D NetworkSpeedTracker: receive actionandroid.intent.action.BATTERY_CHANGED
04-13 11:17:21.815  6036  6536 D PowerCheckerService: onBatteryChanged, mBatteryLevel = 34, status = 2, level = 34, plug = 2, scale = 100
04-13 11:17:21.815  2862  2862 D NetworkSpeedTracker: onReceive ACTION_BATTERY_CHANGED mBatteryLevel = 34;mIsCharging =true
04-13 11:17:21.815  2539  2539 D KeyguardUpdateMonitor: received broadcast android.intent.action.BATTERY_CHANGED
04-13 11:17:21.816  2539  2539 D EventBus: [2539, u0] send(AppTransitionFinishedEvent)
04-13 11:17:21.816  2539  2539 D EventBus: [2539, u0]  -> ForcedResizableInfoActivityController [0xd053db5, P1] onBusEvent(AppTransitionFinishedEvent)
04-13 11:17:21.816  2539  2539 D EventBus: [2539, u0] onBusEvent(AppTransitionFinishedEvent) duration: 26 microseconds, avg: 218
04-13 11:17:21.816  4115  4115 I BatteryInfoReceiver: ACTION_BATTERY_CHANGED
04-13 11:17:21.819 17458 17458 I ML::CloudConfigUtil: Cloud getBoolean: forbid_miplay=false
04-13 11:17:21.819 17458 17458 I ML::MiuiSdk: cloud config forbid_miplay: false
04-13 11:17:21.819 17458 17458 I ML::ProtocolManager: support miplay: true
04-13 11:17:21.819  2862  2862 D DeviceStatisticsService: chargerType=2 batteryLevel=34 totalBatteryCapacity=4185000
04-13 11:17:21.820 17458 17458 I ML::MiLinkScanService: updateSystemProjectionBlackList
04-13 11:17:21.820 17458 17458 D ML::MiLinkScanService: MiLinkScanService onBind
04-13 11:17:21.823  2539  2539 D KeyguardUpdateMonitor: received broadcast android.intent.action.BATTERY_CHANGED
04-13 11:17:21.828 17458 17458 I ML::MiLinkScanService: WIFI Disconnected
04-13 11:17:21.828 17458 17458 I ML::ProtocolManager: wifi disconnected
04-13 11:17:21.828 17458 17458 I ML::ProtocolManager: stop scan: 10100, scanning=0
04-13 11:17:21.828 17458 17458 I ML::ProtocolManager: after stop, scanning=0
04-13 11:17:21.828 17458 17458 I ML::DeviceListPresenter: onServiceConnected
04-13 11:17:21.828 17458 17458 I ML::MiLinkScanService: startMirrorScan: caller=com.milink.service.setting, flag=1111
04-13 11:17:21.828 17458 17458 I ML::ProtocolManager: try scan=1111, scanning=0
04-13 11:17:21.828 17458 17458 I ML::ProtocolManager: actual scan: 1111
04-13 11:17:21.828 17458 17458 I ML::ProtocolManager: init miracast
04-13 11:17:21.828 17458 17458 I ML::ProtocolManager: scan miracast
04-13 11:17:21.828 17458 17458 I ML::MiracastAdmin: stopScan
04-13 11:17:21.828 17458 17458 E DisplayManager: Wifi display scan nest count became negative: -1
04-13 11:17:21.830  2539  2539 D SignalClusterView: updateMobileTypeImage  0
04-13 11:17:21.832 17458 17458 D ML::MiracastAdmin: isWifiDisplayOn: true
04-13 11:17:21.832 17458 17458 I ML::MiracastAdmin: startScan
04-13 11:17:21.832  1571  1657 I WifiDisplayController: Starting Wifi display scan.
04-13 11:17:21.833  1571 24127 I DropBoxManagerService: add tag=system_app_wtf isTagEnabled=true flags=0x2
04-13 11:17:21.834   805 15815 I WifiHAL : event received NL80211_CMD_VENDOR, vendor_id = 0x1374, subcmd = 0x6a
04-13 11:17:21.834  1193  1193 I cnss-daemon: nl80211 response handler invoked
04-13 11:17:21.834  1193  1193 I cnss-daemon: nl80211_response_handler: cmd 103, vendorID 4980, subcmd 106  received
04-13 11:17:21.834 17458 17458 I ML::ProtocolManager: init miplay
04-13 11:17:21.834 17458 17458 I ML::MiPlayAdmin: init with state: 0
04-13 11:17:21.834 17458 17458 I ML::MiPlayAdmin: miplay initAsync
04-13 11:17:21.834 17458 17458 I MiracastClient: initAsync:
04-13 11:17:21.835   821 31064 I /vendor/bin/hw/vendor.qti.hardware.servicetracker@1.1-service: bindService is called for service : com.xiaomi.miplay_client/com.xiaomi.miplay.client.MiPlayService and for client com.milink.service
04-13 11:17:21.835   821 31064 I /vendor/bin/hw/vendor.qti.hardware.servicetracker@1.1-service: total connections for service : com.xiaomi.miplay_client/com.xiaomi.miplay.client.MiPlayServiceare :1
04-13 11:17:21.835   821 31064 I /vendor/bin/hw/vendor.qti.hardware.servicetracker@1.1-service: total connections for client : com.milink.serviceare :2
04-13 11:17:21.837  1571  4187 D CompatibilityInfo: mCompatibilityFlags - 0
04-13 11:17:21.837  1571  4187 D CompatibilityInfo: applicationDensity - 440
04-13 11:17:21.837  1571  4187 D CompatibilityInfo: applicationScale - 1.0
04-13 11:17:21.837   821 31064 I /vendor/bin/hw/vendor.qti.hardware.servicetracker@1.1-service: startService() is called for servicecom.xiaomi.miplay_client/com.xiaomi.miplay.client.MiPlayService
04-13 11:17:21.838 17458 17458 I MiracastClient: initAsync: result_v2 is true
04-13 11:17:21.838 17458 17458 I MiracastClient: initAsync: result is false
04-13 11:17:21.838 17458 17458 I ML::ProtocolManager: scan miplay
04-13 11:17:21.838 17458 17458 I ML::MiPlayAdmin: startScan with state: 1
04-13 11:17:21.838 17458 17458 I ML::MiPlayAdmin: wait init
04-13 11:17:21.838 17458 17458 I ML::ProtocolManager: init lelink
04-13 11:17:21.838 17458 17458 I ML::LeLinkController: init with state: 0
04-13 11:17:21.838 17458 17458 W hpplay-java: [main]:LelinkSourceSDK:
04-13 11:17:21.838 17458 17458 W hpplay-java: android.os.DeadObjectException
04-13 11:17:21.838 17458 17458 W hpplay-java: 	at android.os.BinderProxy.transactNative(Native Method)
04-13 11:17:21.838 17458 17458 W hpplay-java: 	at android.os.BinderProxy.transact(BinderProxy.java:511)
04-13 11:17:21.838 17458 17458 W hpplay-java: 	at com.hpplay.sdk.source.n$a$a.setDebugMode(SourceFile:560)
04-13 11:17:21.838 17458 17458 W hpplay-java: 	at com.hpplay.sdk.source.process.LelinkSourceSdkImp.setDebugMode(SourceFile:101)
04-13 11:17:21.838 17458 17458 W hpplay-java: 	at com.hpplay.sdk.source.api.LelinkSourceSDK.setDebugMode(SourceFile:147)
04-13 11:17:21.838 17458 17458 W hpplay-java: 	at com.miui.lelink.LeLinkController.init(LeLinkController.java:62)
04-13 11:17:21.838 17458 17458 W hpplay-java: 	at com.milink.client.service.presence.ProtocolManager.initLeLinkAdmin(ProtocolManager.java:125)
04-13 11:17:21.838 17458 17458 W hpplay-java: 	at com.milink.client.service.presence.ProtocolManager.startScan(ProtocolManager.java:200)
04-13 11:17:21.838 17458 17458 W hpplay-java: 	at com.milink.client.service.MiLinkCastService.startMirrorScan(MiLinkCastService.java:223)
04-13 11:17:21.838 17458 17458 W hpplay-java: 	at com.milink.device.DeviceListPresenter$1.onServiceConnected(DeviceListPresenter.java:158)
04-13 11:17:21.838 17458 17458 W hpplay-java: 	at android.app.LoadedApk$ServiceDispatcher.doConnected(LoadedApk.java:1956)
04-13 11:17:21.838 17458 17458 W hpplay-java: 	at android.app.LoadedApk$ServiceDispatcher$RunConnection.run(LoadedApk.java:1988)
04-13 11:17:21.838 17458 17458 W hpplay-java: 	at android.os.Handler.handleCallback(Handler.java:883)
04-13 11:17:21.838 17458 17458 W hpplay-java: 	at android.os.Handler.dispatchMessage(Handler.java:100)
04-13 11:17:21.838 17458 17458 W hpplay-java: 	at android.os.Looper.loop(Looper.java:224)
04-13 11:17:21.838 17458 17458 W hpplay-java: 	at android.app.ActivityThread.main(ActivityThread.java:7574)
04-13 11:17:21.838 17458 17458 W hpplay-java: 	at java.lang.reflect.Method.invoke(Native Method)
04-13 11:17:21.838 17458 17458 W hpplay-java: 	at com.android.internal.os.RuntimeInit$MethodAndArgsCaller.run(RuntimeInit.java:539)
04-13 11:17:21.838 17458 17458 W hpplay-java: 	at com.android.internal.os.ZygoteInit.main(ZygoteInit.java:950)
04-13 11:17:21.838 17458 17458 I hpplay-java: [main]:LelinkSourceSDK:start bind sdk
04-13 11:17:21.840  1571  2437 I MiuiNetworkPolicy: updateUidState uid = 10160, uidState = 2
04-13 11:17:21.841  2539  2539 D SignalClusterView: updateMobileTypeImage  0
04-13 11:17:21.842 17458 17458 I hpplay-java: [main]:LelinkSourceSDK:LelinkSourceSdkImp setBrowseResultListener true
04-13 11:17:21.842 17458 17458 I hpplay-java: [main]:LelinkSourceSDK:LelinkSourceSdkImp setPlayListener true
04-13 11:17:21.843 17458 17458 W hpplay-java: [main]:LelinkSourceSDK:
04-13 11:17:21.843 17458 17458 W hpplay-java: android.os.DeadObjectException
04-13 11:17:21.843 17458 17458 W hpplay-java: 	at android.os.BinderProxy.transactNative(Native Method)
04-13 11:17:21.843 17458 17458 W hpplay-java: 	at android.os.BinderProxy.transact(BinderProxy.java:511)
04-13 11:17:21.843 17458 17458 W hpplay-java: 	at com.hpplay.sdk.source.n$a$a.setDebugMode(SourceFile:560)
04-13 11:17:21.843 17458 17458 W hpplay-java: 	at com.hpplay.sdk.source.process.LelinkSourceSdkImp.setDebugMode(SourceFile:101)
04-13 11:17:21.843 17458 17458 W hpplay-java: 	at com.hpplay.sdk.source.api.LelinkSourceSDK.bindSdk(SourceFile:202)
04-13 11:17:21.843 17458 17458 W hpplay-java: 	at com.hpplay.sdk.source.api.LelinkSourceSDK.bindSdk(SourceFile:136)
04-13 11:17:21.843 17458 17458 W hpplay-java: 	at com.miui.lelink.LeLinkController.init(LeLinkController.java:63)
04-13 11:17:21.843 17458 17458 W hpplay-java: 	at com.milink.client.service.presence.ProtocolManager.initLeLinkAdmin(ProtocolManager.java:125)
04-13 11:17:21.843 17458 17458 W hpplay-java: 	at com.milink.client.service.presence.ProtocolManager.startScan(ProtocolManager.java:200)
04-13 11:17:21.843 17458 17458 W hpplay-java: 	at com.milink.client.service.MiLinkCastService.startMirrorScan(MiLinkCastService.java:223)
04-13 11:17:21.843 17458 17458 W hpplay-java: 	at com.milink.device.DeviceListPresenter$1.onServiceConnected(DeviceListPresenter.java:158)
04-13 11:17:21.843 17458 17458 W hpplay-java: 	at android.app.LoadedApk$ServiceDispatcher.doConnected(LoadedApk.java:1956)
04-13 11:17:21.843 17458 17458 W hpplay-java: 	at android.app.LoadedApk$ServiceDispatcher$RunConnection.run(LoadedApk.java:1988)
04-13 11:17:21.843 17458 17458 W hpplay-java: 	at android.os.Handler.handleCallback(Handler.java:883)
04-13 11:17:21.843 17458 17458 W hpplay-java: 	at android.os.Handler.dispatchMessage(Handler.java:100)
04-13 11:17:21.843 17458 17458 W hpplay-java: 	at android.os.Looper.loop(Looper.java:224)
04-13 11:17:21.843 17458 17458 W hpplay-java: 	at android.app.ActivityThread.main(ActivityThread.java:7574)
04-13 11:17:21.843 17458 17458 W hpplay-java: 	at java.lang.reflect.Method.invoke(Native Method)
04-13 11:17:21.843 17458 17458 W hpplay-java: 	at com.android.internal.os.RuntimeInit$MethodAndArgsCaller.run(RuntimeInit.java:539)
04-13 11:17:21.843 17458 17458 W hpplay-java: 	at com.android.internal.os.ZygoteInit.main(ZygoteInit.java:950)
04-13 11:17:21.843 17458 17458 W System.err: android.os.DeadObjectException
04-13 11:17:21.843 17458 17458 W System.err: 	at android.os.BinderProxy.transactNative(Native Method)
04-13 11:17:21.843 17458 17458 W System.err: 	at android.os.BinderProxy.transact(BinderProxy.java:511)
04-13 11:17:21.843 17458 17458 W System.err: 	at com.hpplay.sdk.source.n$a$a.setDebugTimestamp(SourceFile:575)
04-13 11:17:21.843 17458 17458 W System.err: 	at com.hpplay.sdk.source.process.LelinkSourceSdkImp.setDebugTimestamp(SourceFile:115)
04-13 11:17:21.843 17458 17458 W System.err: 	at com.hpplay.sdk.source.api.LelinkSourceSDK.bindSdk(SourceFile:203)
04-13 11:17:21.843 17458 17458 W System.err: 	at com.hpplay.sdk.source.api.LelinkSourceSDK.bindSdk(SourceFile:136)
04-13 11:17:21.843 17458 17458 W System.err: 	at com.miui.lelink.LeLinkController.init(LeLinkController.java:63)
04-13 11:17:21.843 17458 17458 W System.err: 	at com.milink.client.service.presence.ProtocolManager.initLeLinkAdmin(ProtocolManager.java:125)
04-13 11:17:21.843 17458 17458 W System.err: 	at com.milink.client.service.presence.ProtocolManager.startScan(ProtocolManager.java:200)
04-13 11:17:21.843 17458 17458 W System.err: 	at com.milink.client.service.MiLinkCastService.startMirrorScan(MiLinkCastService.java:223)
04-13 11:17:21.843 17458 17458 W System.err: 	at com.milink.device.DeviceListPresenter$1.onServiceConnected(DeviceListPresenter.java:158)
04-13 11:17:21.843 17458 17458 W System.err: 	at android.app.LoadedApk$ServiceDispatcher.doConnected(LoadedApk.java:1956)
04-13 11:17:21.843 17458 17458 W System.err: 	at android.app.LoadedApk$ServiceDispatcher$RunConnection.run(LoadedApk.java:1988)
04-13 11:17:21.843 17458 17458 W System.err: 	at android.os.Handler.handleCallback(Handler.java:883)
04-13 11:17:21.843 17458 17458 W System.err: 	at android.os.Handler.dispatchMessage(Handler.java:100)
04-13 11:17:21.843 17458 17458 W System.err: 	at android.os.Looper.loop(Looper.java:224)
04-13 11:17:21.843 17458 17458 W System.err: 	at android.app.ActivityThread.main(ActivityThread.java:7574)
04-13 11:17:21.843 17458 17458 W System.err: 	at java.lang.reflect.Method.invoke(Native Method)
04-13 11:17:21.843 17458 17458 W System.err: 	at com.android.internal.os.RuntimeInit$MethodAndArgsCaller.run(RuntimeInit.java:539)
04-13 11:17:21.843 17458 17458 W System.err: 	at com.android.internal.os.ZygoteInit.main(ZygoteInit.java:950)
04-13 11:17:21.843 17458 17458 I ML::ProtocolManager: scan lelink
04-13 11:17:21.843 17458 17458 I ML::LeLinkController: startScan with state: 1
04-13 11:17:21.843 17458 17458 I ML::LeLinkController: wait init
04-13 11:17:21.843 17458 17458 I ML::ProtocolManager: after scan, scanning: 1011
04-13 11:17:21.844 17540 17540 I MiPlayQuickService: onBind: --- com.xiaomi.miplay.action.MIPLAY_CLIENT_SERVICE_V2
04-13 11:17:21.846  2539  2539 D SignalClusterView: updateMobileTypeImage  0
04-13 11:17:21.852  2862  2862 D NetworkSpeedTracker: receive actionandroid.intent.action.BATTERY_CHANGED
04-13 11:17:21.852  2862  2862 D NetworkSpeedTracker: onReceive ACTION_BATTERY_CHANGED mBatteryLevel = 34;mIsCharging =true
04-13 11:17:21.852  6036  6536 D PowerCheckerService: onBatteryChanged, mBatteryLevel = 34, status = 2, level = 34, plug = 2, scale = 100
04-13 11:17:21.853  2539  2539 D SignalClusterView: updateMobileTypeImage  0
04-13 11:17:21.853  4115  4115 I BatteryInfoReceiver: ACTION_BATTERY_CHANGED
04-13 11:17:21.854 17458 17458 I ML::MiracastReceiver: onReceive: android.hardware.display.action.WIFI_DISPLAY_STATUS_CHANGED
04-13 11:17:21.854  2862  2862 D DeviceStatisticsService: chargerType=2 batteryLevel=34 totalBatteryCapacity=4185000
04-13 11:17:21.855 17458 17458 D ML::MiracastReceiver: miracast state: display=0, scan=1
04-13 11:17:21.855 17458 17458 I ML::MiracastReceiver: onReceive: android.hardware.display.action.WIFI_DISPLAY_STATUS_CHANGED
04-13 11:17:21.856 17458 17458 D ML::MiracastReceiver: miracast state: display=0, scan=1
04-13 11:17:21.856 17458 17458 I MiracastClient: onServiceConnected:
04-13 11:17:21.858 17540 17540 D MiPlayQuickService: handleMessage type:0
04-13 11:17:21.858 17540 17540 D MiPlay  : registerSupportService QuickP2p
04-13 11:17:21.858 17540 17540 D MiPlay  : registerSupportService 5GP2p
04-13 11:17:21.858 17540 17540 D MiPlay  : registerSupportService Miracast
04-13 11:17:21.858 17540 17540 D MiPlayQuickService: onInitSuccess
04-13 11:17:21.859 17458 17458 I ML::MiPlayAdmin: onInitSuccess
04-13 11:17:21.859 17458 17458 I ML::MiPlayAdmin: startScan with state: 3
04-13 11:17:21.859 17458 17458 I ML::MiPlayAdmin: miplay startDiscovery
04-13 11:17:21.859 17540 23934 D MiPlayQuickService: startDiscovery
04-13 11:17:21.859 17540 23934 D MiPlayQuickStatUtils: startTimer : 0
04-13 11:17:21.860 17540 17540 D MiPlayQuickService: handleMessage type:2
04-13 11:17:21.861 17540 17540 D MiConnectLogger: startDiscovery:
04-13 11:17:21.864   821 31064 I /vendor/bin/hw/vendor.qti.hardware.servicetracker@1.1-service: bindService is called for service : com.xiaomi.mi_connect_service/.MiConnectService and for client com.xiaomi.miplay_client
04-13 11:17:21.864   821 31064 I /vendor/bin/hw/vendor.qti.hardware.servicetracker@1.1-service: total connections for service : com.xiaomi.mi_connect_service/.MiConnectServiceare :1
04-13 11:17:21.864   821 31064 I /vendor/bin/hw/vendor.qti.hardware.servicetracker@1.1-service: total connections for client : com.xiaomi.miplay_clientare :1
04-13 11:17:21.866  2539  2539 D KeyguardUpdateMonitor: received broadcast android.intent.action.BATTERY_CHANGED
04-13 11:17:21.867 17540 17540 D DefaultMiApp: onServiceConnected
04-13 11:17:21.869 17540 17540 I DefaultMiApp: serviceApiVersion :7
04-13 11:17:21.870  2539  2539 D SignalClusterView: updateMobileTypeImage  0
04-13 11:17:21.870  2862  2862 D NetworkSpeedTracker: receive actionandroid.intent.action.BATTERY_CHANGED
04-13 11:17:21.870  2862  2862 D NetworkSpeedTracker: onReceive ACTION_BATTERY_CHANGED mBatteryLevel = 34;mIsCharging =true
04-13 11:17:21.871  4115  4115 I BatteryInfoReceiver: ACTION_BATTERY_CHANGED
04-13 11:17:21.873  8500  8577 I MiConnectService: setCallBack appid: 2,roleType: 2
04-13 11:17:21.873  8500  8577 D PropertyUtils: is agreed: true
04-13 11:17:21.873  8500  8577 I g:miconnect: : setCallback api begin!
04-13 11:17:21.874  8500  8577 W Settings: Setting android_id has moved from android.provider.Settings.System to android.provider.Settings.Secure, returning read-only value.
04-13 11:17:21.874  6036  6536 D PowerCheckerService: onBatteryChanged, mBatteryLevel = 34, status = 2, level = 34, plug = 2, scale = 100
04-13 11:17:21.874  8500  8577 D MiConnectService: startDiscoveryInner: before change, appCommType = 2
04-13 11:17:21.875  2862  2862 D DeviceStatisticsService: chargerType=2 batteryLevel=34 totalBatteryCapacity=4185000
04-13 11:17:21.877  8500 17576 D MiConnectService: filterCommTypeOnPermission for com.xiaomi.miplay_client
04-13 11:17:21.877  8500 17576 D PropertyUtils: is agreed: true
04-13 11:17:21.878  8500 17576 W Settings: Setting android_id has moved from android.provider.Settings.System to android.provider.Settings.Secure, returning read-only value.
04-13 11:17:21.878  8500 17576 D skia    : --- Failed to create image decoder with message 'unimplemented'
04-13 11:17:21.880  8500 17576 D MiConnectService: startDiscoveryInner: after change, appCommType = 2
04-13 11:17:21.880  8500 17576 I MiConnectService: startDiscovery
04-13 11:17:21.880  8500 17576 I BtGovernor: isAvailable enter
04-13 11:17:21.881  8500 17576 D DeviceUtil: platform type property: nosdcard
04-13 11:17:21.881  8500 17576 I NfcGovernor: isAvailable true
04-13 11:17:21.881  8500 17576 D LocalAppClient: initSuppSetting: commSetting = 2
04-13 11:17:21.883  8500 17576 D LocalAppClient: initCurrSetting: commSetting = 2
04-13 11:17:21.884  8500 17576 D PropertyUtils: is agreed: true
04-13 11:17:21.884  8500 17576 D g:miconnect: : registerApp id2
04-13 11:17:21.884  8500 17576 W DpsGovernor: setDiscoveryParam failed
04-13 11:17:21.884  8500 17576 I DiscoveryManager: update 7
04-13 11:17:21.884  8500 17576 I BtGovernor: isAvailable enter
04-13 11:17:21.887  8500 17576 D BtGovernor: BleApi stopDiscovery enter
04-13 11:17:21.887  8500 17576 E Discovery: stopAppDiscovery enter mStopScanCount=10
04-13 11:17:21.887  8500 17576 D BonjourGovernor: stopDiscovery: enter
04-13 11:17:21.887  8500 17576 E BonjourGovernor: stopDiscovery: exit since is not in discovery
04-13 11:17:21.887  8500 17576 D DeviceUtil: platform type property: nosdcard
04-13 11:17:21.887  8500 17576 I NfcGovernor: isAvailable true
04-13 11:17:21.887  8500 17576 D NfcDiscovery: ---stopDiscovery---shouldScanBack:true shouldScanForAppfalse
04-13 11:17:21.887  8500 17576 D DiscoveryManager: start
04-13 11:17:21.887  8500 17576 E DiscoveryManager: generateAdvertisingMiConnectAdvData enter
04-13 11:17:21.887  8500 17576 D DeviceUtil: platform type property: nosdcard
04-13 11:17:21.887  8500 17576 I NfcGovernor: isAvailable true
04-13 11:17:21.887  8500 17576 D NfcDiscovery: ---startDiscovery---shouldScanBack:true shouldScanForAppfalse
04-13 11:17:21.887  8500 17576 D DiscoveryManager: onDiscoveryResult: apps = [2] result = 1
04-13 11:17:21.887  8500 17576 D LocalAppClient: discoveryResult, discType:4, result1
04-13 11:17:21.887  8500 17576 E DiscoveryManager: generateAdvertisingMiConnectAdvData enter
04-13 11:17:21.887  8500 17576 I BtGovernor: isAvailable enter
04-13 11:17:21.888  8500 17576 D BtGovernor: BleApi startDiscovery enter
04-13 11:17:21.888  8500 17576 E Discovery: startAppDiscovery enter mStartScanCount=5
04-13 11:17:21.889  8500 17576 E DiscoveryManager: generateAdvertisingMiConnectAdvData enter
04-13 11:17:21.889  8500 17576 D BonjourGovernor: startDiscovery: enter
04-13 11:17:21.889  8500 17576 D BonjourGovernor: startDiscovery: exit
04-13 11:17:21.889  8500 17576 D PropertyUtils: is agreed: true
04-13 11:17:21.889  8500 17576 I g:miconnect: : startDiscovery api begin!
04-13 11:17:21.889  8500 17576 W Settings: Setting android_id has moved from android.provider.Settings.System to android.provider.Settings.Secure, returning read-only value.
04-13 11:17:21.889   677  1458 D MDnsDS  : discover((null), _mi-connect._udp, (null), 74, 0)
04-13 11:17:21.889   677  1458 D MDnsDS  : using ref 0x7845962670
04-13 11:17:21.890   677  1458 D MDnsDS  : startMonitoring 74
04-13 11:17:21.890   677  1458 D MDnsDS  : triggering rescan
04-13 11:17:21.890   677  1458 D MDnsDS  : discover successful
04-13 11:17:21.890   677  1457 D MDnsDS  : Monitor poll got data pollCount = 1, 1
04-13 11:17:21.890   677  1457 D MDnsDS  : controlSocket shows revent= 1
04-13 11:17:21.890   677  1457 D MDnsDS  : MDnsSdListener::Monitor got 1
04-13 11:17:21.890   677  1457 D MDnsDS  : MDnsSdListener::Monitor poll rescanning - size=10, live=1
04-13 11:17:21.890   677  1457 D MDnsDS  : Going to poll with pollCount 2
04-13 11:17:21.891  8500  8542 D BonjourGovernor: onDiscoveryStarted state: 1
04-13 11:17:21.891  8500  8542 D DiscoveryManager: onDiscoveryResult: apps = [2] result = 1
04-13 11:17:21.891  8500  8542 D LocalAppClient: discoveryResult, discType:2, result1
04-13 11:17:21.891  8500  8542 D LocalAppClient: result = START_DISCOVERY_SUCCESS, no need callback!
04-13 11:17:21.892  4115  4115 I BatteryInfoReceiver: ACTION_BATTERY_CHANGED
04-13 11:17:21.892  2539  2539 D KeyguardUpdateMonitor: received broadcast android.intent.action.BATTERY_CHANGED
04-13 11:17:21.893  6036  6536 D PowerCheckerService: onBatteryChanged, mBatteryLevel = 34, status = 2, level = 34, plug = 2, scale = 100
04-13 11:17:21.895  2539  2539 D SignalClusterView: updateMobileTypeImage  0
04-13 11:17:21.897  2862  2862 D NetworkSpeedTracker: receive actionandroid.intent.action.BATTERY_CHANGED
04-13 11:17:21.897  2862  2862 D NetworkSpeedTracker: onReceive ACTION_BATTERY_CHANGED mBatteryLevel = 34;mIsCharging =true
04-13 11:17:21.898  2862  2862 D DeviceStatisticsService: chargerType=2 batteryLevel=34 totalBatteryCapacity=4185000
04-13 11:17:21.900  2862  2862 D NetworkSpeedTracker: receive actionandroid.intent.action.BATTERY_CHANGED
04-13 11:17:21.900  2862  2862 D NetworkSpeedTracker: onReceive ACTION_BATTERY_CHANGED mBatteryLevel = 34;mIsCharging =true
04-13 11:17:21.901  2539  2539 D KeyguardUpdateMonitor: received broadcast android.intent.action.BATTERY_CHANGED
04-13 11:17:21.902  2539  2539 D KeyguardUpdateMonitor: received broadcast android.intent.action.BATTERY_CHANGED
04-13 11:17:21.903  4115  4115 I BatteryInfoReceiver: ACTION_BATTERY_CHANGED
04-13 11:17:21.904  2539  2539 D SignalClusterView: updateMobileTypeImage  0
04-13 11:17:21.904  6036  6536 D PowerCheckerService: onBatteryChanged, mBatteryLevel = 34, status = 2, level = 34, plug = 2, scale = 100
04-13 11:17:21.907  2862  2862 D DeviceStatisticsService: chargerType=2 batteryLevel=34 totalBatteryCapacity=4185000
04-13 11:17:21.911  2539  2539 D SignalClusterView: updateMobileTypeImage  0
04-13 11:17:21.921  2539  2539 I chatty  : uid=1000(system) com.android.systemui identical 1 line
04-13 11:17:21.926  2539  2539 D SignalClusterView: updateMobileTypeImage  0
04-13 11:17:21.930  2539  2539 D KeyguardUpdateMonitor: received broadcast android.intent.action.BATTERY_CHANGED
04-13 11:17:21.930  2862  2862 D NetworkSpeedTracker: receive actionandroid.intent.action.BATTERY_CHANGED
04-13 11:17:21.930  2862  2862 D NetworkSpeedTracker: onReceive ACTION_BATTERY_CHANGED mBatteryLevel = 34;mIsCharging =true
04-13 11:17:21.931  4115  4115 I BatteryInfoReceiver: ACTION_BATTERY_CHANGED
04-13 11:17:21.931  6036  6536 D PowerCheckerService: onBatteryChanged, mBatteryLevel = 34, status = 2, level = 34, plug = 2, scale = 100
04-13 11:17:21.936  2862  2862 D DeviceStatisticsService: chargerType=2 batteryLevel=34 totalBatteryCapacity=4185000
04-13 11:17:21.937  2539  2539 D SignalClusterView: updateMobileTypeImage  0
04-13 11:17:21.939  2862  2862 D NetworkSpeedTracker: receive actionandroid.intent.action.BATTERY_CHANGED
04-13 11:17:21.939  2862  2862 D NetworkSpeedTracker: onReceive ACTION_BATTERY_CHANGED mBatteryLevel = 34;mIsCharging =true
04-13 11:17:21.939  4115  4115 I BatteryInfoReceiver: ACTION_BATTERY_CHANGED
04-13 11:17:21.940  6036  6536 D PowerCheckerService: onBatteryChanged, mBatteryLevel = 34, status = 2, level = 34, plug = 2, scale = 100
04-13 11:17:21.942  2539  2539 D KeyguardUpdateMonitor: received broadcast android.intent.action.BATTERY_CHANGED
04-13 11:17:21.943  2539  2539 D SignalClusterView: updateMobileTypeImage  0
04-13 11:17:21.945  2862  2862 D DeviceStatisticsService: chargerType=2 batteryLevel=34 totalBatteryCapacity=4185000
04-13 11:17:21.951  2539  2539 D SignalClusterView: updateMobileTypeImage  0
04-13 11:17:21.960  2539  2539 I chatty  : uid=1000(system) com.android.systemui identical 1 line
04-13 11:17:21.967  2539  2539 D SignalClusterView: updateMobileTypeImage  0
04-13 11:17:21.971  2539  2539 D KeyguardUpdateMonitor: received broadcast android.intent.action.BATTERY_CHANGED
04-13 11:17:21.971  2862  2862 D NetworkSpeedTracker: receive actionandroid.intent.action.BATTERY_CHANGED
04-13 11:17:21.971  2862  2862 D NetworkSpeedTracker: onReceive ACTION_BATTERY_CHANGED mBatteryLevel = 34;mIsCharging =true
04-13 11:17:21.972  4115  4115 I BatteryInfoReceiver: ACTION_BATTERY_CHANGED
04-13 11:17:21.972  6036  6536 D PowerCheckerService: onBatteryChanged, mBatteryLevel = 34, status = 2, level = 34, plug = 2, scale = 100
04-13 11:17:21.977  2539  2539 D SignalClusterView: updateMobileTypeImage  0
04-13 11:17:21.978  2862  2862 D DeviceStatisticsService: chargerType=2 batteryLevel=34 totalBatteryCapacity=4185000
04-13 11:17:21.985  2539  2539 D SignalClusterView: updateMobileTypeImage  0
04-13 11:17:21.990  4115  6001 W Parcel  : **** enforceInterface() expected 'com.miui.gamebooster.service.ISecurityCenterNotificationListener' but read 'android.service.notification.INotificationListener'
04-13 11:17:21.990  4115  6001 W Binder  : Caught a RuntimeException from the binder stub implementation.
04-13 11:17:21.990  4115  6001 W Binder  : java.lang.SecurityException: Binder invocation to an incorrect interface
04-13 11:17:21.990  4115  6001 W Binder  : 	at android.os.Parcel.nativeEnforceInterface(Native Method)
04-13 11:17:21.990  4115  6001 W Binder  : 	at android.os.Parcel.enforceInterface(Parcel.java:626)
04-13 11:17:21.990  4115  6001 W Binder  : 	at com.miui.gamebooster.service.ISecurityCenterNotificationListener$Stub.onTransact(Unknown Source:22)
04-13 11:17:21.990  4115  6001 W Binder  : 	at android.os.Binder.execTransactInternal(Binder.java:1021)
04-13 11:17:21.990  4115  6001 W Binder  : 	at android.os.Binder.execTransact(Binder.java:994)
04-13 11:17:21.990  2539  2539 D StatusBar: onNotificationPosted key=0|com.xiaomi.mi_connect_service|-1756471901|null|1000 isUpdate=false
04-13 11:17:21.991  2862  2862 D NetworkSpeedTracker: receive actionandroid.intent.action.BATTERY_CHANGED
04-13 11:17:21.991  2862  2862 D NetworkSpeedTracker: onReceive ACTION_BATTERY_CHANGED mBatteryLevel = 34;mIsCharging =true
04-13 11:17:21.992 16433 16433 D IMReply:Notif: onNotificationPosted before sbn = -1756471901
04-13 11:17:21.993  4115  4115 I BatteryInfoReceiver: ACTION_BATTERY_CHANGED
04-13 11:17:21.994  6036  6536 D PowerCheckerService: onBatteryChanged, mBatteryLevel = 34, status = 2, level = 34, plug = 2, scale = 100
04-13 11:17:21.997  2862  2862 D DeviceStatisticsService: chargerType=2 batteryLevel=34 totalBatteryCapacity=4185000
04-13 11:17:22.003  2539  2539 D StatusBar: No peeking: unimportant notification: 0|com.xiaomi.mi_connect_service|-1756471901|null|1000
04-13 11:17:22.003  2539  2539 D KeyguardUpdateMonitor: received broadcast android.intent.action.BATTERY_CHANGED
04-13 11:17:22.005  2539  2539 D SignalClusterView: updateMobileTypeImage  0
04-13 11:17:22.010  2539  2539 D SignalClusterView: updateMobileTypeImage  0
04-13 11:17:22.014  2539  2539 D KeyguardUpdateMonitor: received broadcast android.intent.action.BATTERY_CHANGED
04-13 11:17:22.015  2862  2862 D NetworkSpeedTracker: receive actionandroid.intent.action.BATTERY_CHANGED
04-13 11:17:22.015  2862  2862 D NetworkSpeedTracker: onReceive ACTION_BATTERY_CHANGED mBatteryLevel = 34;mIsCharging =true
04-13 11:17:22.017  4115  4115 I BatteryInfoReceiver: ACTION_BATTERY_CHANGED
04-13 11:17:22.017  6036  6536 D PowerCheckerService: onBatteryChanged, mBatteryLevel = 34, status = 2, level = 34, plug = 2, scale = 100
04-13 11:17:22.025  2862  2862 D DeviceStatisticsService: chargerType=2 batteryLevel=34 totalBatteryCapacity=4185000
04-13 11:17:22.028  2862  2862 D NetworkSpeedTracker: receive actionandroid.intent.action.BATTERY_CHANGED
04-13 11:17:22.028  2862  2862 D NetworkSpeedTracker: onReceive ACTION_BATTERY_CHANGED mBatteryLevel = 34;mIsCharging =true
04-13 11:17:22.029  4115  4115 I BatteryInfoReceiver: ACTION_BATTERY_CHANGED
04-13 11:17:22.029  6036  6536 D PowerCheckerService: onBatteryChanged, mBatteryLevel = 34, status = 2, level = 34, plug = 2, scale = 100
04-13 11:17:22.030  2862  2862 D DeviceStatisticsService: chargerType=2 batteryLevel=34 totalBatteryCapacity=4185000
04-13 11:17:22.049  2539  2539 D StatusBar: No peeking: unimportant notification: 0|com.xiaomi.mi_connect_service|-1756471901|null|1000
04-13 11:17:22.052  1571  4187 I QuietUtils: type:5, flags:0, cpkg:android
04-13 11:17:22.053  2539  2539 D SignalClusterView: updateMobileTypeImage  0
04-13 11:17:22.061  2539  2539 D KeyguardUpdateMonitor: received broadcast android.intent.action.BATTERY_CHANGED
04-13 11:17:22.063 23238 23384 D Avrcp_ext: AudioManager Player: ID:30919 -- type:android.media.SoundPool -- u/pid:1027/19832 -- state:idle -- attr:AudioAttributes: usage=USAGE_NOTIFICATION content=CONTENT_TYPE_SONIFICATION flags=0x800 tags= bundle=null
04-13 11:17:22.063 23238 23384 D Avrcp_ext: AudioManager Player: ID:15 -- type:android.media.SoundPool -- u/pid:1000/1571 -- state:idle -- attr:AudioAttributes: usage=USAGE_ASSISTANCE_SONIFICATION content=CONTENT_TYPE_SONIFICATION flags=0x800 tags= bundle=null
04-13 11:17:22.063 23238 23384 D Avrcp_ext: AudioManager Player: ID:23 -- type:android.media.SoundPool -- u/pid:1000/2539 -- state:idle -- attr:AudioAttributes: usage=USAGE_ASSISTANCE_SONIFICATION content=CONTENT_TYPE_SONIFICATION flags=0x800 tags= bundle=null
04-13 11:17:22.063 23238 23384 D Avrcp_ext: AudioManager Player: ID:31 -- type:android.media.SoundPool -- u/pid:10092/2874 -- state:idle -- attr:AudioAttributes: usage=USAGE_ASSISTANCE_SONIFICATION content=CONTENT_TYPE_SONIFICATION flags=0x800 tags= bundle=null
04-13 11:17:22.063 23238 23384 D Avrcp_ext: AudioManager Player: ID:48863 -- type:android.media.SoundPool -- u/pid:10147/16433 -- state:idle -- attr:AudioAttributes: usage=USAGE_VOICE_COMMUNICATION content=CONTENT_TYPE_SPEECH flags=0x800 tags= bundle=null
04-13 11:17:22.063 23238 23384 D Avrcp_ext: AudioManager Player: ID:48871 -- type:android.media.SoundPool -- u/pid:10147/16433 -- state:idle -- attr:AudioAttributes: usage=USAGE_VOICEASSIST content=CONTENT_TYPE_VOICEASSIST flags=0x800 tags= bundle=null
04-13 11:17:22.063 23238 23384 D Avrcp_ext: AudioManager Player: ID:48879 -- type:android.media.SoundPool -- u/pid:10147/16433 -- state:idle -- attr:AudioAttributes: usage=USAGE_VOICEASSIST content=CONTENT_TYPE_VOICEASSIST flags=0x800 tags= bundle=null
04-13 11:17:22.063 23238 23384 D Avrcp_ext: AudioManager Player: ID:48943 -- type:android.media.MediaPlayer -- u/pid:1000/2539 -- state:idle -- attr:AudioAttributes: usage=USAGE_NOTIFICATION content=CONTENT_TYPE_SONIFICATION flags=0x800 tags= bundle=null
04-13 11:17:22.063 23238 23384 D Avrcp_ext: AudioManager isPlaying: false, mA2dpState: 11, isMusiActive: false
04-13 11:17:22.064  2539  2539 D SignalClusterView: updateMobileTypeImage  0
04-13 11:17:22.065  1571  4187 D AudioService: getIndexForType() type=content://settings/system/notification_sound
04-13 11:17:22.065  1571  4187 I chatty  : uid=1000(system) Binder:1571_10 identical 1 line
04-13 11:17:22.065  1571  4187 D AudioService: getIndexForType() type=content://settings/system/notification_sound
04-13 11:17:22.065  1571  4187 I AudioService: querySoundSourcesNumber:result=3 RowIndex=0 ColumnIndex=0 mTimeZone=Day
04-13 11:17:22.065  1571  4187 I AudioService: createActualUriForNatureSound: FilePath=file:///system/media/audio/ui/WaterDropNotificationDay3.ogg
04-13 11:17:22.065  2539 24129 D MediaPlayer: setDataSource() actualUri=file:///system/media/audio/ui/WaterDropNotificationDay3.ogg
04-13 11:17:22.066  2539 24129 W MediaPlayer: Couldn't open content://0@settings/system/notification_sound_cache
04-13 11:17:22.066  2539 24129 W MediaPlayer: java.io.FileNotFoundException: open failed: ENOENT (No such file or directory)
04-13 11:17:22.066  2539 24129 W MediaPlayer: 	at android.database.DatabaseUtils.readExceptionWithFileNotFoundExceptionFromParcel(DatabaseUtils.java:149)
04-13 11:17:22.066  2539 24129 W MediaPlayer: 	at android.content.ContentProviderProxy.openTypedAssetFile(ContentProviderNative.java:705)
04-13 11:17:22.066  2539 24129 W MediaPlayer: 	at android.content.ContentResolver.openTypedAssetFileDescriptor(ContentResolver.java:1702)
04-13 11:17:22.066  2539 24129 W MediaPlayer: 	at android.content.ContentResolver.openAssetFileDescriptor(ContentResolver.java:1518)
04-13 11:17:22.066  2539 24129 W MediaPlayer: 	at android.content.ContentResolver.openAssetFileDescriptor(ContentResolver.java:1435)
04-13 11:17:22.066  2539 24129 W MediaPlayer: 	at android.media.MediaPlayer.attemptDataSource(MediaPlayer.java:1154)
04-13 11:17:22.066  2539 24129 W MediaPlayer: 	at android.media.MediaPlayer.setDataSource(MediaPlayer.java:1103)
04-13 11:17:22.066  2539 24129 W MediaPlayer: 	at android.media.MediaPlayer.setDataSource(MediaPlayer.java:1019)
04-13 11:17:22.066  2539 24129 W MediaPlayer: 	at com.android.systemui.media.NotificationPlayer$CreationAndCompletionThread.run(NotificationPlayer.java:103)
04-13 11:17:22.067  1153  1540 D NuPlayerDriver: NuPlayerDriver(0xf1c38c80) created, clientPid(2539)
04-13 11:17:22.068  1153  1540 I Codec2Client: Creating a Codec2 client to service "software"
04-13 11:17:22.070  2862  2862 D NetworkSpeedTracker: receive actionandroid.intent.action.BATTERY_CHANGED
04-13 11:17:22.070  2862  2862 D NetworkSpeedTracker: onReceive ACTION_BATTERY_CHANGED mBatteryLevel = 34;mIsCharging =true
04-13 11:17:22.071  4115  4115 I BatteryInfoReceiver: ACTION_BATTERY_CHANGED
04-13 11:17:22.072  1153  1540 I Codec2Client: Client to Codec2 service "software" created
04-13 11:17:22.073  6036  6536 D PowerCheckerService: onBatteryChanged, mBatteryLevel = 34, status = 2, level = 34, plug = 2, scale = 100
04-13 11:17:22.074  2862  2862 D DeviceStatisticsService: chargerType=2 batteryLevel=34 totalBatteryCapacity=4185000
04-13 11:17:22.074  1153  1540 I ExtendedNuUtils: printFileName fd(8) -> /system/media/audio/ui/WaterDropNotificationDay3.ogg
04-13 11:17:22.077  2539  2539 D KeyguardUpdateMonitor: received broadcast android.intent.action.BATTERY_CHANGED
04-13 11:17:22.077  2862  2862 D NetworkSpeedTracker: receive actionandroid.intent.action.BATTERY_CHANGED
04-13 11:17:22.077  2862  2862 D NetworkSpeedTracker: onReceive ACTION_BATTERY_CHANGED mBatteryLevel = 34;mIsCharging =true
04-13 11:17:22.078  4115  4115 I BatteryInfoReceiver: ACTION_BATTERY_CHANGED
04-13 11:17:22.079  2539  2539 D SignalClusterView: updateMobileTypeImage  0
04-13 11:17:22.079  2862  2862 D DeviceStatisticsService: chargerType=2 batteryLevel=34 totalBatteryCapacity=4185000
04-13 11:17:22.080  6036  6536 D PowerCheckerService: onBatteryChanged, mBatteryLevel = 34, status = 2, level = 34, plug = 2, scale = 100
04-13 11:17:22.087  1153 24133 D GenericSource: FileSource remote
04-13 11:17:22.087  2539  2539 D KeyguardUpdateMonitor: received broadcast android.intent.action.BATTERY_CHANGED
04-13 11:17:22.090  2539  2539 D SignalClusterView: updateMobileTypeImage  0
04-13 11:17:22.090  1151  5872 I MMParserExtractor: Created(0x2d045653d0)
04-13 11:17:22.094  1151  9923 D MediaBufferGroup: creating MemoryDealer
04-13 11:17:22.094  2539  2539 D SignalClusterView: updateMobileTypeImage  0
04-13 11:17:22.098  1571  4187 I MediaFocusControl: requestAudioFocus() from uid/pid 1000/2539 clientId=android.media.AudioManager@37d4d53 callingPack=com.android.systemui req=3 flags=0x0 sdk=29
04-13 11:17:22.101  2539  2539 D SignalClusterView: updateMobileTypeImage  0
04-13 11:17:22.108  2539  2539 D SignalClusterView: updateMobileTypeImage  0
04-13 11:17:22.108  2862  2862 D NetworkSpeedTracker: receive actionandroid.intent.action.BATTERY_CHANGED
04-13 11:17:22.108  2862  2862 D NetworkSpeedTracker: onReceive ACTION_BATTERY_CHANGED mBatteryLevel = 34;mIsCharging =true
04-13 11:17:22.109  4115  4115 I BatteryInfoReceiver: ACTION_BATTERY_CHANGED
04-13 11:17:22.109  6036  6536 D PowerCheckerService: onBatteryChanged, mBatteryLevel = 34, status = 2, level = 34, plug = 2, scale = 100
04-13 11:17:22.112  2862  2862 D DeviceStatisticsService: chargerType=2 batteryLevel=34 totalBatteryCapacity=4185000
04-13 11:17:22.114  2862  2862 D NetworkSpeedTracker: receive actionandroid.intent.action.BATTERY_CHANGED
04-13 11:17:22.114  2862  2862 D NetworkSpeedTracker: onReceive ACTION_BATTERY_CHANGED mBatteryLevel = 34;mIsCharging =true
04-13 11:17:22.114  4115  4115 I BatteryInfoReceiver: ACTION_BATTERY_CHANGED
04-13 11:17:22.115  2539  2539 D KeyguardUpdateMonitor: received broadcast android.intent.action.BATTERY_CHANGED
04-13 11:17:22.116  6036  6536 D PowerCheckerService: onBatteryChanged, mBatteryLevel = 34, status = 2, level = 34, plug = 2, scale = 100
04-13 11:17:22.116  2539  2539 D KeyguardUpdateMonitor: received broadcast android.intent.action.BATTERY_CHANGED
04-13 11:17:22.116  2862  2862 D DeviceStatisticsService: chargerType=2 batteryLevel=34 totalBatteryCapacity=4185000
04-13 11:17:22.118  2539  2539 D SignalClusterView: updateMobileTypeImage  0
04-13 11:17:22.133  2539  2539 I chatty  : uid=1000(system) com.android.systemui identical 2 lines
04-13 11:17:22.141  2539  2539 D SignalClusterView: updateMobileTypeImage  0
04-13 11:17:22.148  2539  2539 D KeyguardUpdateMonitor: received broadcast android.intent.action.BATTERY_CHANGED
04-13 11:17:22.148  2862  2862 D NetworkSpeedTracker: receive actionandroid.intent.action.BATTERY_CHANGED
04-13 11:17:22.148  2862  2862 D NetworkSpeedTracker: onReceive ACTION_BATTERY_CHANGED mBatteryLevel = 34;mIsCharging =true
04-13 11:17:22.150  2539  2539 D SignalClusterView: updateMobileTypeImage  0
04-13 11:17:22.150  6036  6536 D PowerCheckerService: onBatteryChanged, mBatteryLevel = 34, status = 2, level = 34, plug = 2, scale = 100
04-13 11:17:22.151  4115  4115 I BatteryInfoReceiver: ACTION_BATTERY_CHANGED
04-13 11:17:22.158  2539  2539 D SignalClusterView: updateMobileTypeImage  0
04-13 11:17:22.164  2862  2862 D DeviceStatisticsService: chargerType=2 batteryLevel=34 totalBatteryCapacity=4185000
04-13 11:17:22.166  2539  2539 D SignalClusterView: updateMobileTypeImage  0
04-13 11:17:22.166  2862  2862 D NetworkSpeedTracker: receive actionandroid.intent.action.BATTERY_CHANGED
04-13 11:17:22.166  2862  2862 D NetworkSpeedTracker: onReceive ACTION_BATTERY_CHANGED mBatteryLevel = 34;mIsCharging =true
04-13 11:17:22.166  4115  4115 I BatteryInfoReceiver: ACTION_BATTERY_CHANGED
04-13 11:17:22.167  6036  6536 D PowerCheckerService: onBatteryChanged, mBatteryLevel = 34, status = 2, level = 34, plug = 2, scale = 100
04-13 11:17:22.169  2862  2862 D DeviceStatisticsService: chargerType=2 batteryLevel=34 totalBatteryCapacity=4185000
04-13 11:17:22.170  2539  2539 D KeyguardUpdateMonitor: received broadcast android.intent.action.BATTERY_CHANGED
04-13 11:17:22.174  2539  2539 D SignalClusterView: updateMobileTypeImage  0
04-13 11:17:22.182  2539  2539 I chatty  : uid=1000(system) com.android.systemui identical 1 line
04-13 11:17:22.191  2539  2539 D SignalClusterView: updateMobileTypeImage  0
04-13 11:17:22.192  2862  2862 D NetworkSpeedTracker: receive actionandroid.intent.action.BATTERY_CHANGED
04-13 11:17:22.192  2862  2862 D NetworkSpeedTracker: onReceive ACTION_BATTERY_CHANGED mBatteryLevel = 34;mIsCharging =true
04-13 11:17:22.192  4115  4115 I BatteryInfoReceiver: ACTION_BATTERY_CHANGED
04-13 11:17:22.193  2539  2539 D KeyguardUpdateMonitor: received broadcast android.intent.action.BATTERY_CHANGED
04-13 11:17:22.194  6036  6536 D PowerCheckerService: onBatteryChanged, mBatteryLevel = 34, status = 2, level = 34, plug = 2, scale = 100
04-13 11:17:22.199  2539  2539 D SignalClusterView: updateMobileTypeImage  0
04-13 11:17:22.201  2862  2862 D DeviceStatisticsService: chargerType=2 batteryLevel=34 totalBatteryCapacity=4185000
04-13 11:17:22.203  4115  4115 I BatteryInfoReceiver: ACTION_BATTERY_CHANGED
04-13 11:17:22.204  2862  2862 D NetworkSpeedTracker: receive actionandroid.intent.action.BATTERY_CHANGED
04-13 11:17:22.204  2862  2862 D NetworkSpeedTracker: onReceive ACTION_BATTERY_CHANGED mBatteryLevel = 34;mIsCharging =true
04-13 11:17:22.204  6036  6536 D PowerCheckerService: onBatteryChanged, mBatteryLevel = 34, status = 2, level = 34, plug = 2, scale = 100
04-13 11:17:22.207  2539  2539 D KeyguardUpdateMonitor: received broadcast android.intent.action.BATTERY_CHANGED
04-13 11:17:22.207  2862  2862 D DeviceStatisticsService: chargerType=2 batteryLevel=34 totalBatteryCapacity=4185000
04-13 11:17:22.208  2539  2539 D SignalClusterView: updateMobileTypeImage  0
04-13 11:17:22.224  2539  2539 I chatty  : uid=1000(system) com.android.systemui identical 2 lines
04-13 11:17:22.233  2539  2539 D SignalClusterView: updateMobileTypeImage  0
04-13 11:17:22.236  2862  2862 D NetworkSpeedTracker: receive actionandroid.intent.action.BATTERY_CHANGED
04-13 11:17:22.236  2862  2862 D NetworkSpeedTracker: onReceive ACTION_BATTERY_CHANGED mBatteryLevel = 34;mIsCharging =true
04-13 11:17:22.237  2539  2539 D KeyguardUpdateMonitor: received broadcast android.intent.action.BATTERY_CHANGED
04-13 11:17:22.238  6036  6536 D PowerCheckerService: onBatteryChanged, mBatteryLevel = 34, status = 2, level = 34, plug = 2, scale = 100
04-13 11:17:22.239  4115  4115 I BatteryInfoReceiver: ACTION_BATTERY_CHANGED
04-13 11:17:22.242  2539  2539 D SignalClusterView: updateMobileTypeImage  0
04-13 11:17:22.243  2862  2862 D DeviceStatisticsService: chargerType=2 batteryLevel=34 totalBatteryCapacity=4185000
04-13 11:17:22.245  2862  2862 D NetworkSpeedTracker: receive actionandroid.intent.action.BATTERY_CHANGED
04-13 11:17:22.245  2862  2862 D NetworkSpeedTracker: onReceive ACTION_BATTERY_CHANGED mBatteryLevel = 34;mIsCharging =true
04-13 11:17:22.245  2539  2539 D KeyguardUpdateMonitor: received broadcast android.intent.action.BATTERY_CHANGED
04-13 11:17:22.246  4115  4115 I BatteryInfoReceiver: ACTION_BATTERY_CHANGED
04-13 11:17:22.247  6036  6536 D PowerCheckerService: onBatteryChanged, mBatteryLevel = 34, status = 2, level = 34, plug = 2, scale = 100
04-13 11:17:22.247  2862  2862 D DeviceStatisticsService: chargerType=2 batteryLevel=34 totalBatteryCapacity=4185000
04-13 11:17:22.250  2539  2539 D SignalClusterView: updateMobileTypeImage  0
04-13 11:17:22.266  2539  2539 I chatty  : uid=1000(system) com.android.systemui identical 2 lines
04-13 11:17:22.274  2539  2539 D SignalClusterView: updateMobileTypeImage  0
04-13 11:17:22.280  2539  2539 D KeyguardUpdateMonitor: received broadcast android.intent.action.BATTERY_CHANGED
04-13 11:17:22.282  2862  2862 D NetworkSpeedTracker: receive actionandroid.intent.action.BATTERY_CHANGED
04-13 11:17:22.282  2862  2862 D NetworkSpeedTracker: onReceive ACTION_BATTERY_CHANGED mBatteryLevel = 34;mIsCharging =true
04-13 11:17:22.283  2539  2539 D SignalClusterView: updateMobileTypeImage  0
04-13 11:17:22.283  4115  4115 I BatteryInfoReceiver: ACTION_BATTERY_CHANGED
04-13 11:17:22.285  6036  6536 D PowerCheckerService: onBatteryChanged, mBatteryLevel = 34, status = 2, level = 34, plug = 2, scale = 100
04-13 11:17:22.286  2862  2862 D DeviceStatisticsService: chargerType=2 batteryLevel=34 totalBatteryCapacity=4185000
04-13 11:17:22.289  2539  2539 D KeyguardUpdateMonitor: received broadcast android.intent.action.BATTERY_CHANGED
04-13 11:17:22.289  2862  2862 D NetworkSpeedTracker: receive actionandroid.intent.action.BATTERY_CHANGED
04-13 11:17:22.289  2862  2862 D NetworkSpeedTracker: onReceive ACTION_BATTERY_CHANGED mBatteryLevel = 34;mIsCharging =true
04-13 11:17:22.290  4115  4115 I BatteryInfoReceiver: ACTION_BATTERY_CHANGED
04-13 11:17:22.291  6036  6536 D PowerCheckerService: onBatteryChanged, mBatteryLevel = 34, status = 2, level = 34, plug = 2, scale = 100
04-13 11:17:22.291  2862  2862 D DeviceStatisticsService: chargerType=2 batteryLevel=34 totalBatteryCapacity=4185000
04-13 11:17:22.293  2539  2539 D SignalClusterView: updateMobileTypeImage  0
04-13 11:17:22.316  2539  2539 I chatty  : uid=1000(system) com.android.systemui identical 3 lines
04-13 11:17:22.324  2539  2539 D SignalClusterView: updateMobileTypeImage  0
04-13 11:17:22.328  2539  2539 D KeyguardUpdateMonitor: received broadcast android.intent.action.BATTERY_CHANGED
04-13 11:17:22.328  2862  2862 D NetworkSpeedTracker: receive actionandroid.intent.action.BATTERY_CHANGED
04-13 11:17:22.328  2862  2862 D NetworkSpeedTracker: onReceive ACTION_BATTERY_CHANGED mBatteryLevel = 34;mIsCharging =true
04-13 11:17:22.329  4115  4115 I BatteryInfoReceiver: ACTION_BATTERY_CHANGED
04-13 11:17:22.332  6036  6536 D PowerCheckerService: onBatteryChanged, mBatteryLevel = 34, status = 2, level = 34, plug = 2, scale = 100
04-13 11:17:22.340  2862  2862 D DeviceStatisticsService: chargerType=2 batteryLevel=34 totalBatteryCapacity=4185000
04-13 11:17:22.342  2862  2862 D NetworkSpeedTracker: receive actionandroid.intent.action.BATTERY_CHANGED
04-13 11:17:22.342  2862  2862 D NetworkSpeedTracker: onReceive ACTION_BATTERY_CHANGED mBatteryLevel = 34;mIsCharging =true
04-13 11:17:22.342 17458 17458 I hpplay-java: [main]:LelinkSourceSDK:----- sdk process  ----
04-13 11:17:22.342  2539  2539 D KeyguardUpdateMonitor: received broadcast android.intent.action.BATTERY_CHANGED
04-13 11:17:22.342 17458 17458 W hpplay-java: [main]:MySConnection:
04-13 11:17:22.342 17458 17458 W hpplay-java: java.lang.IllegalArgumentException: Service not registered: com.hpplay.sdk.source.process.d@c768ac5
04-13 11:17:22.342 17458 17458 W hpplay-java: 	at android.app.LoadedApk.forgetServiceDispatcher(LoadedApk.java:1759)
04-13 11:17:22.342 17458 17458 W hpplay-java: 	at android.app.ContextImpl.unbindService(ContextImpl.java:1786)
04-13 11:17:22.342 17458 17458 W hpplay-java: 	at android.content.ContextWrapper.unbindService(ContextWrapper.java:751)
04-13 11:17:22.342 17458 17458 W hpplay-java: 	at com.hpplay.sdk.source.process.d.b(SourceFile:110)
04-13 11:17:22.342 17458 17458 W hpplay-java: 	at com.hpplay.sdk.source.process.d.a(SourceFile:97)
04-13 11:17:22.342 17458 17458 W hpplay-java: 	at com.hpplay.sdk.source.process.LelinkSourceSdkImp$1.run(SourceFile:163)
04-13 11:17:22.342 17458 17458 W hpplay-java: 	at android.os.Handler.handleCallback(Handler.java:883)
04-13 11:17:22.342 17458 17458 W hpplay-java: 	at android.os.Handler.dispatchMessage(Handler.java:100)
04-13 11:17:22.342 17458 17458 W hpplay-java: 	at android.os.Looper.loop(Looper.java:224)
04-13 11:17:22.342 17458 17458 W hpplay-java: 	at android.app.ActivityThread.main(ActivityThread.java:7574)
04-13 11:17:22.342 17458 17458 W hpplay-java: 	at java.lang.reflect.Method.invoke(Native Method)
