04-13 11:17:22.766   784 10231 E soundtrigger: audio_extn_sound_trigger_update_stream_status: invalid input device 0x0, for event 3
04-13 11:17:22.766   784 10231 D soundtrigger: audio_extn_sound_trigger_update_stream_status: uc_info->id 1 of type 0 for Event 3, with Raise=0
04-13 11:17:22.766   784 10231 D audio_hw_utils: audio_extn_utils_send_app_type_cfg: usecase->out_snd_device speaker
04-13 11:17:22.766   784 10231 D msm8974_platform: platform_split_snd_device: snd_device(2) num devices(0) new_snd_devices(0)
04-13 11:17:22.766   784 10231 D audio_hw_utils: audio_extn_btsco_get_sample_rate:Not a BT SCO device, need not update sampling rate
04-13 11:17:22.766   784 10231 I audio_hw_utils: send_app_type_cfg_for_device PLAYBACK app_type 69937, acdb_dev_id 10011, sample_rate 48000, snd_device_be_idx 87
04-13 11:17:22.766  2539  2539 D SignalClusterView: updateMobileTypeImage  0
04-13 11:17:22.766  2862  2862 D DeviceStatisticsService: chargerType=2 batteryLevel=34 totalBatteryCapacity=4185000
04-13 11:17:22.767  2862  2862 D DynamicSarService: PhoneStateListener.onDataActivity: direction=4
04-13 11:17:22.767  2862  2862 D DynamicSarService: modem or radio power state change,messageType: 128 state: 4
04-13 11:17:22.767  2862  2862 D DynamicSarService: PhoneStateListener.onDataActivity: direction=0
04-13 11:17:22.767  2862  2862 D DynamicSarService: modem or radio power state change,messageType: 128 state: 0
04-13 11:17:22.767   784 10231 D msm8974_platform: platform_split_snd_device: snd_device(2) num devices(1) new_snd_devices(0)
04-13 11:17:22.767   784 10231 D audio_hw_utils: audio_extn_btsco_get_sample_rate:Not a BT SCO device, need not update sampling rate
04-13 11:17:22.767   784 10231 D ACDB-LOADER: ACDB -> send_audio_cal, acdb_id = 10011, path = 0, app id = 0x11131, sample rate = 48000, afe_sample_rate = 96000
04-13 11:17:22.767   784 10231 D ACDB-LOADER: ACDB -> send_asm_topology
04-13 11:17:22.767  2862  3226 D NetworkSpeedTracker: onLinkStateChanged direction=0
04-13 11:17:22.767   784 10231 D ACDB-LOADER: ACDB -> ACDB_CMD_GET_AUDPROC_STREAM_TOPOLOGY_ID
04-13 11:17:22.767  2862  3226 D NetworkSpeedTracker: startDataPoll mPollActive=true
04-13 11:17:22.767  2862  3226 D NetworkSpeedTracker: pollActive or message contains update,then ignore!
04-13 11:17:22.767   784 10231 D ACDB-LOADER: ACDB -> send_adm_topology
04-13 11:17:22.767   784 10231 D ACDB-LOADER: ACDB -> ACDB_CMD_GET_AUDPROC_COMMON_TOPOLOGY_ID
04-13 11:17:22.767   784 10231 D ACDB-LOADER: ACDB -> send_audtable
04-13 11:17:22.767   784 10231 D ACDB-LOADER: ACDB -> ACDB_CMD_GET_AUDPROC_INSTANCE_COMMON_TABLE_SIZE
04-13 11:17:22.767   784 10231 D ACDB-LOADER: ACDB -> ACDB_CMD_GET_AUDPROC_INSTANCE_COMMON_TABLE
04-13 11:17:22.767   784 10231 D ACDB-LOADER: ACDB -> AUDIO_SET_AUDPROC_CAL cal_type[11] acdb_id[10011] app_type[69937]
04-13 11:17:22.767   784 10231 D ACDB-LOADER: ACDB -> ACDB_CMD_GET_PERSISTENT_AUDPROC_INSTANCE_COMMON_TABLE_SIZE
04-13 11:17:22.767   784 10231 D         : [Data Manager]-> No data found
04-13 11:17:22.767   784 10231 D ACDB-LOADER: Error: ACDB_CMD_GET_PERSISTENT_AUDPROC_INSTANCE_COMMON_TABLE_SIZE returned -18
04-13 11:17:22.767   784 10231 D ACDB-LOADER: ACDB -> send_audproc_persist_table -18
04-13 11:17:22.767   784 10231 D ACDB-LOADER: Error: Invalid Audproc persist size = -18
04-13 11:17:22.767   784 10231 D ACDB-LOADER: ACDB -> send_audvoltable
04-13 11:17:22.767   784 10231 D ACDB-LOADER: ACDB -> ACDB_CMD_GET_AUDPROC_INSTANCE_GAIN_DEP_STEP_TABLE_SIZE
04-13 11:17:22.768   784 10231 D         : Failed to fetch the lookup information of the device 0000271B
04-13 11:17:22.768   784 10231 D ACDB-LOADER: Error: ACDB_CMD_GET_AUDPROC_INSTANCE_GAIN_DEP_STEP_TABLE_SIZE Returned = -19
04-13 11:17:22.768   784 10231 D ACDB-LOADER: ACDB -> ACDB_CMD_GET_AUDPROC_INSTANCE_GAIN_DEP_STEP_TABLE, vol index 0
04-13 11:17:22.768   784 10231 D         : Failed to fetch the lookup information of the device 0000271B
04-13 11:17:22.768   784 10231 D ACDB-LOADER: Error: ACDB AudProc vol returned = -19
04-13 11:17:22.768   784 10231 D ACDB-LOADER: ACDB -> AUDIO_SET_VOL_CAL cal type = 12
04-13 11:17:22.768   784 10231 D ACDB-LOADER: ACDB -> ACDB_CMD_GET_AUDPROC_INSTANCE_STREAM_TABLE_SIZE
04-13 11:17:22.768   784 10231 D ACDB-LOADER: ACDB -> send_audstrmtable
04-13 11:17:22.768   784 10231 D ACDB-LOADER: ACDB -> ACDB_CMD_GET_AUDPROC_INSTANCE_STREAM_TABLE
04-13 11:17:22.768   784 10231 D ACDB-LOADER: ACDB -> audstrm_cal->cal_type.cal_data.cal_size = 20
04-13 11:17:22.768   784 10231 D ACDB-LOADER: ACDB -> send_afe_topology
04-13 11:17:22.768   784 10231 D ACDB-LOADER: ACDB -> ACDB_CMD_GET_AFE_TOPOLOGY_ID
04-13 11:17:22.768   784 10231 D ACDB-LOADER: ACDB -> GET_AFE_TOPOLOGY_ID for adcd_id 10011, Topology Id 112fc
04-13 11:17:22.768   784 10231 D ACDB-LOADER: ACDB -> send_afe_cal
04-13 11:17:22.768   784 10231 D ACDB-LOADER: ACDB -> ACDB_CMD_GET_AFE_INSTANCE_COMMON_TABLE_SIZE
04-13 11:17:22.768   784 10231 D         : Failed to fetch the lookup information of the device 0000271B
04-13 11:17:22.768   784 10231 D ACDB-LOADER: Error: ACDB_CMD_GET_AFE_INSTANCE_COMMON_TABLE_SIZE Returned = -19
04-13 11:17:22.768   784 10231 D ACDB-LOADER: ACDB -> ACDB_CMD_GET_AFE_INSTANCE_COMMON_TABLE
04-13 11:17:22.768   784 10231 D         : Failed to fetch the lookup information of the device 0000271B
04-13 11:17:22.768   784 10231 D ACDB-LOADER: Error: ACDB AFE returned = -19
04-13 11:17:22.768   784 10231 D ACDB-LOADER: ACDB -> AUDIO_SET_AFE_CAL cal_type[16] acdb_id[10011]
04-13 11:17:22.768   784 10231 D ACDB-LOADER: ACDB -> send_hw_delay : acdb_id = 10011 path = 0
04-13 11:17:22.768   784 10231 D ACDB-LOADER: ACDB -> ACDB_AVSYNC_INFO: ACDB_CMD_GET_DEVICE_PROPERTY
04-13 11:17:22.768   784 10231 D msm8974_platform: platform_split_snd_device: snd_device(2) num devices(0) new_snd_devices(0)
04-13 11:17:22.768   784 10231 I msm8974_platform: platform_get_custom_mtmx_params: no matching param with id 0 ip_ch 2 op_ch 2 uc_id 1 snd_dev 2
04-13 11:17:22.768   784 10231 D audio_hw_primary: enable_audio_route: apply mixer and update path: low-latency-playback speaker
04-13 11:17:22.768   784 10231 D audio_route: Apply path: low-latency-playback speaker
04-13 11:17:22.769  2539  2539 D SignalClusterView: updateMobileTypeImage  0
04-13 11:17:22.769   784 10231 D ultrasound_extn: ultrasound_select_devices_post: enter: engine_suspended: 0
04-13 11:17:22.769   784 10231 D ultrasound_extn: dump_usecase_list: start ======================================
04-13 11:17:22.769   784 10231 D ultrasound_extn: dump_usecase_list: enter sensor_activated:0 hw_port_enabled:0 suspended:0
04-13 11:17:22.769   784 10231 D ultrasound_extn: dump_usecase_list: select_devices_post usecase[#0]:(1, low-latency-playback) in_dev:(0, ) out_dv:(2, speaker)
04-13 11:17:22.769  2539  2539 D SignalClusterView: updateMobileTypeImage  0
04-13 11:17:22.770  2539  2539 I chatty  : uid=1000(system) com.android.systemui identical 1 line
04-13 11:17:22.770  2539  2539 D SignalClusterView: updateMobileTypeImage  0
04-13 11:17:22.770  4115  4115 I BatteryInfoReceiver: ACTION_BATTERY_CHANGED
04-13 11:17:22.771  2539  2539 D KeyguardUpdateMonitor: received broadcast android.intent.action.BATTERY_CHANGED
04-13 11:17:22.771   784 10231 D ultrasound_extn: dump_usecase_list: TERT_TDM_RX_0 SampleRate		 KHZ_96
04-13 11:17:22.772  2862  2862 D NetworkSpeedTracker: receive actionandroid.intent.action.BATTERY_CHANGED
04-13 11:17:22.772  2862  2862 D NetworkSpeedTracker: onReceive ACTION_BATTERY_CHANGED mBatteryLevel = 34;mIsCharging =true
04-13 11:17:22.772  2862  2862 D DynamicSarService: PhoneStateListener.onDataActivity: direction=0
04-13 11:17:22.772  2862  2862 D DynamicSarService: modem or radio power state change,messageType: 128 state: 0
04-13 11:17:22.772  2862  2862 D DynamicSarService: PhoneStateListener.onDataActivity: direction=0
04-13 11:17:22.772  2862  2862 D DynamicSarService: modem or radio power state change,messageType: 128 state: 0
04-13 11:17:22.772   784 10231 D ultrasound_extn: dump_usecase_list: TERT_TDM_RX_0 Format		 S24_LE
04-13 11:17:22.772  2539  3046 D MobileSignalController: updateDataType mSelectedDataTypeIcon[0]=2131232923, mSelectedDataActivityIndex=6
04-13 11:17:22.773  2539  3046 D TelephonyIcons: getSignalStrengthIcon: slot=0, inetCondition=1, level=5, roaming=false, signalstrength=SignalStrength:{mCdma=CellSignalStrengthCdma: cdmaDbm=2147483647 cdmaEcio=2147483647 evdoDbm=2147483647 evdoEcio=2147483647 evdoSnr=2147483647 miuiLevel=0 level=0,mGsm=CellSignalStrengthGsm: rssi=2147483647 ber=2147483647 mTa=2147483647 miuiLevel=0 mLevel=0,mWcdma=CellSignalStrengthWcdma: ss=2147483647 ber=2147483647 rscp=2147483647 ecno=2147483647 miuiLevel=0 level=0,mTdscdma=CellSignalStrengthTdscdma: rssi=2147483647 ber=2147483647 rscp=2147483647 miuiLevel=0 level=0,mLte=CellSignalStrengthLte: rssi=-51 rsrp=-77 rsrq=-8 rssnr=266 cqi=2147483647 ta=2147483647 miuiLevel=5 level=4,mNr=CellSignalStrengthNr:{ csiRsrp = 2147483647 csiRsrq = 2147483647 csiSinr = 2147483647 ssRsrp = 2147483647 ssRsrq = 2147483647 ssSinr = 2147483647 miuiLevel = 0 level = 0 },primary=CellSignalStrengthLte}
04-13 11:17:22.773  2539  3046 D TelephonyIcons: getDataActivity, slot=0, activity=0
04-13 11:17:22.774   784 10231 D ultrasound_extn: dump_usecase_list: TERT_TDM_RX_0 Channels		 Two
04-13 11:17:22.774  6036  6536 D PowerCheckerService: onBatteryChanged, mBatteryLevel = 34, status = 2, level = 34, plug = 2, scale = 100
04-13 11:17:22.775   784 10231 D ultrasound_extn: dump_usecase_list: TERT_TDM_RX_1 SampleRate		 KHZ_48
04-13 11:17:22.776  2539  3046 D TelephonyIcons: null signal icon name: drawable/stat_sys_signal_null
04-13 11:17:22.776   784 10231 D ultrasound_extn: dump_usecase_list: TERT_TDM_RX_1 Format		 S16_LE
04-13 11:17:22.777  2539  3046 D TelephonyIcons: getDataTypeIcon sub=0
04-13 11:17:22.778   784 10231 D ultrasound_extn: dump_usecase_list: TERT_TDM_RX_1 Channels		 One
04-13 11:17:22.778   784 10231 D ultrasound_extn: dump_usecase_list: end ======================================
04-13 11:17:22.778   784 10231 D audio_hw_primary: select_devices: done
04-13 11:17:22.781  2539  3046 D MobileSignalController: updateDataType mSelectedDataTypeIcon[0]=2131232923, mSelectedDataActivityIndex=6
04-13 11:17:22.782  2539  3046 D TelephonyIcons: getSignalStrengthIcon: slot=0, inetCondition=1, level=5, roaming=false, signalstrength=SignalStrength:{mCdma=CellSignalStrengthCdma: cdmaDbm=2147483647 cdmaEcio=2147483647 evdoDbm=2147483647 evdoEcio=2147483647 evdoSnr=2147483647 miuiLevel=0 level=0,mGsm=CellSignalStrengthGsm: rssi=2147483647 ber=2147483647 mTa=2147483647 miuiLevel=0 mLevel=0,mWcdma=CellSignalStrengthWcdma: ss=2147483647 ber=2147483647 rscp=2147483647 ecno=2147483647 miuiLevel=0 level=0,mTdscdma=CellSignalStrengthTdscdma: rssi=2147483647 ber=2147483647 rscp=2147483647 miuiLevel=0 level=0,mLte=CellSignalStrengthLte: rssi=-51 rsrp=-77 rsrq=-8 rssnr=266 cqi=2147483647 ta=2147483647 miuiLevel=5 level=4,mNr=CellSignalStrengthNr:{ csiRsrp = 2147483647 csiRsrq = 2147483647 csiSinr = 2147483647 ssRsrp = 2147483647 ssRsrq = 2147483647 ssSinr = 2147483647 miuiLevel = 0 level = 0 },primary=CellSignalStrengthLte}
04-13 11:17:22.782  2539  3046 D TelephonyIcons: getDataActivity, slot=0, activity=0
04-13 11:17:22.782  2862  2862 D DeviceStatisticsService: chargerType=2 batteryLevel=34 totalBatteryCapacity=4185000
04-13 11:17:22.782  2539  2539 D SignalClusterView: updateMobileTypeImage  0
04-13 11:17:22.784  2539  3046 D TelephonyIcons: null signal icon name: drawable/stat_sys_signal_null
04-13 11:17:22.784  2539  2539 D SignalClusterView: updateMobileTypeImage  0
04-13 11:17:22.785  2539  3046 D TelephonyIcons: getDataTypeIcon sub=0
04-13 11:17:22.786   834  1044 I DisplayFeatureHal: HandleFpsSwitch: Smtfps app set input_fps(50) cookie(256)
04-13 11:17:22.786   834  1045 I DisplayFeatureHal: get frame stat: 50
04-13 11:17:22.786   834  1044 I DisplayFeatureHal: notifySurfaceflingerFpsSwitch fps = 50
04-13 11:17:22.786   834  1044 D DisplayFeatureHal: notifyKernelFpsSwitch: fps = 50, enable smart fps
04-13 11:17:22.787   834  1044 I DisplayFeatureHal: successfully write 0x30000001 into /sys/class/drm/card0-DSI-1/disp_param
04-13 11:17:22.787   834  1044 I DisplayFeatureHal: notifySurfaceflingerFpsSwitch fps_after = 3, fps_before = 1
04-13 11:17:22.787   834  1044 I DisplayFeatureHal: HandleFpsSwitch: really set fps(50)
04-13 11:17:22.788  2539  2539 D SignalClusterView: updateMobileTypeImage  0
04-13 11:17:22.790  4115  4115 I BatteryInfoReceiver: ACTION_BATTERY_CHANGED
04-13 11:17:22.791  6036  6536 D PowerCheckerService: onBatteryChanged, mBatteryLevel = 34, status = 2, level = 34, plug = 2, scale = 100
04-13 11:17:22.791  2862  2862 D NetworkSpeedTracker: receive actionandroid.intent.action.BATTERY_CHANGED
04-13 11:17:22.791   813  1036 I SDM     : HWCDisplay::SetActiveConfig: Active configuration changed to: 6
04-13 11:17:22.791   813  1036 I SDM     : HWCDisplay::SetActiveConfig: dfps mode 6, the refresh rate 50
04-13 11:17:22.792  2862  2862 D NetworkSpeedTracker: onReceive ACTION_BATTERY_CHANGED mBatteryLevel = 34;mIsCharging =true
04-13 11:17:22.793   813  1036 I SDM     : HWDeviceDRM::UpdateMixerAttributes: Mixer WxH 1080x2400-0 for Peripheral
04-13 11:17:22.793  2862  2862 D DeviceStatisticsService: chargerType=2 batteryLevel=34 totalBatteryCapacity=4185000
04-13 11:17:22.801  2862  2862 D NetworkSpeedTracker: receive actionandroid.intent.action.BATTERY_CHANGED
04-13 11:17:22.801  2862  2862 D NetworkSpeedTracker: onReceive ACTION_BATTERY_CHANGED mBatteryLevel = 34;mIsCharging =true
04-13 11:17:22.803  6036  6536 D PowerCheckerService: onBatteryChanged, mBatteryLevel = 34, status = 2, level = 34, plug = 2, scale = 100
04-13 11:17:22.803  2539  2539 D SignalClusterView: updateMobileTypeImage  0
04-13 11:17:22.804  2539  2539 D SignalClusterView: updateMobileTypeImage  0
04-13 11:17:22.804  2862  2862 D DeviceStatisticsService: chargerType=2 batteryLevel=34 totalBatteryCapacity=4185000
04-13 11:17:22.804  1571  1657 I DisplayManagerService: Display device changed: DisplayDeviceInfo{"": uniqueId="local:19260462429673857", 1080 x 2400, modeId 4, defaultModeId 1, supportedModes [{id=1, width=1080, height=2400, fps=60.000004}, {id=2, width=1080, height=2400, fps=120.00001}, {id=3, width=1080, height=2400, fps=90.0}, {id=4, width=1080, height=2400, fps=50.0}, {id=5, width=1080, height=2400, fps=48.0}, {id=6, width=1080, height=2400, fps=30.0}], colorMode 0, supportedColorModes [0, 7, 9], HdrCapabilities android.view.Display$HdrCapabilities@5bbf5ebb, density 440, 394.705 x 394.716 dpi, appVsyncOff 1000000, presDeadline 20000000, cutout DisplayCutout{insets=Rect(0, 91 - 0, 0) boundingRect={Bounds=[Rect(0, 0 - 0, 0), Rect(508, 0 - 572, 91), Rect(0, 0 - 0, 0), Rect(0, 0 - 0, 0)]}}, touch INTERNAL, rotation 0, type BUILT_IN, address {port=129, model=0x446d49dd5499}, state ON, FLAG_DEFAULT_DISPLAY, FLAG_ROTATES_WITH_CONTENT, FLAG_SECURE, FLAG_SUPPORTS_PROTECTED_BUFFERS}
04-13 11:17:22.806  2862  3226 D NetworkSpeedTracker: onDisplayChanged mIsScreenOn=true
04-13 11:17:22.806  2862  3226 D NetworkSpeedTracker: onUpdateDeviceState eventType=4,mIsScreenOn=true,mIsMobileDataOn=true
04-13 11:17:22.806  2862  3226 D NetworkSpeedTracker: startDataPoll mPollActive=true
04-13 11:17:22.806  2862  3226 D NetworkSpeedTracker: pollActive or message contains update,then ignore!
04-13 11:17:22.807  2874  2874 W Launcher: onDisplayChanged: newRotation=0, mCurrentRotation=0
04-13 11:17:22.807  2862  3224 D FiveGPowerController: onDisplayChanged to STATE ON
04-13 11:17:22.807  2862  3224 D FiveGPowerController: onDisplayChanged isLastScreenOn is still on,ignore current displayChanged!!!
04-13 11:17:22.812 23238 23288 I BtGatt.ScanManager: msg.what = 8
04-13 11:17:22.812  2539  2539 D SignalClusterView: updateMobileTypeImage  0
04-13 11:17:22.813  4115  4115 I BatteryInfoReceiver: ACTION_BATTERY_CHANGED
04-13 11:17:22.813  2539  2539 D SignalClusterView: updateMobileTypeImage  0
04-13 11:17:22.813 23238 23288 I BtGatt.ScanManager: msg.what = 5
04-13 11:17:22.815  2539  2539 D SignalClusterView: updateMobileTypeImage  0
04-13 11:17:22.817  2539  2539 I chatty  : uid=1000(system) com.android.systemui identical 2 lines
04-13 11:17:22.817  2539  2539 D SignalClusterView: updateMobileTypeImage  0
04-13 11:17:22.817  2539  2539 D KeyguardUpdateMonitor: received broadcast android.intent.action.BATTERY_CHANGED
04-13 11:17:22.818  2539  2539 D KeyguardUpdateMonitor: received broadcast android.intent.action.BATTERY_CHANGED
04-13 11:17:22.826  2539  2539 D SignalClusterView: updateMobileTypeImage  0
04-13 11:17:22.827  2539  2539 D SignalClusterView: updateMobileTypeImage  0
04-13 11:17:22.827  2862  2862 D NetworkSpeedTracker: receive actionandroid.intent.action.BATTERY_CHANGED
04-13 11:17:22.827  2862  2862 D NetworkSpeedTracker: onReceive ACTION_BATTERY_CHANGED mBatteryLevel = 34;mIsCharging =true
04-13 11:17:22.828  2539  2539 D SignalClusterView: updateMobileTypeImage  0
04-13 11:17:22.828  4115  4115 I BatteryInfoReceiver: ACTION_BATTERY_CHANGED
04-13 11:17:22.829   784 10231 D msm8974_platform: platform_set_channel_map mixer_ctl_name:Playback Channel Map9
04-13 11:17:22.829  6036  6536 D PowerCheckerService: onBatteryChanged, mBatteryLevel = 34, status = 2, level = 34, plug = 2, scale = 100
04-13 11:17:22.829   784 10231 D msm8974_platform: platform_set_channel_map: set mapping(1 2 0 0 0 0 0 0) for channel:2
04-13 11:17:22.829  2539  2539 D KeyguardUpdateMonitor: received broadcast android.intent.action.BATTERY_CHANGED
04-13 11:17:22.830   784 10231 D audio_hw_primary: start_output_stream: exit
04-13 11:17:22.830   784 10231 D adsp_utils: set_channel_reverse mode=0
04-13 11:17:22.831   784 10231 V msm8974_platform: platform_set_parameters: enter: cal_persist=0;cal_devid=2;cal_moduleid=0x1000a100;cal_caltype=0;cal_instanceid=0x0;cal_apptype=69940;cal_paramid=0x1000a110;cal_topoid=0x1000a100;cal_samplerate=48000;cal_data=AAAAAA==
04-13 11:17:22.831   784 10231 D msm8974_platform: platform_get_output_snd_device: enter: output devices(0x2)
04-13 11:17:22.831   784 10231 D msm8974_platform: platform_get_output_snd_device: exit: snd_device(speaker)
04-13 11:17:22.831   784 10231 D msm8974_platform: Setting audio calibration for snd_device(2) acdb_id(10011)
04-13 11:17:22.831   784 10231 E ACDB-LOADER: [acdb_loader_adsp_set_audio_cal] active device/stream not found (result=-100) for topology 0x1000a100 and apptype 0x11134
04-13 11:17:22.831   784 10231 E ACDB-LOADER: [acdb_loader_adsp_set_audio_cal] set parameters failed with status -100
04-13 11:17:22.831   784 10231 D audio_hw_hfp: hfp_set_parameters: enter
04-13 11:17:22.831   784 10231 V msm8974_platform: platform_set_parameters: enter: cal_persist=0;cal_devid=2;cal_moduleid=0x1000a100;cal_caltype=0;cal_instanceid=0x0;cal_apptype=69937;cal_paramid=0x1000a110;cal_topoid=0x1000a100;cal_samplerate=48000;cal_data=AAAAAA==
04-13 11:17:22.831   784 10231 D msm8974_platform: platform_get_output_snd_device: enter: output devices(0x2)
04-13 11:17:22.831   784 10231 D msm8974_platform: platform_get_output_snd_device: exit: snd_device(speaker)
04-13 11:17:22.831   784 10231 D msm8974_platform: Setting audio calibration for snd_device(2) acdb_id(10011)
04-13 11:17:22.831   784 10231 D audio_hw_hfp: hfp_set_parameters: enter
04-13 11:17:22.831   784 10231 V msm8974_platform: platform_set_parameters: enter: cal_persist=0;cal_devid=2;cal_moduleid=0x1000a100;cal_caltype=0;cal_instanceid=0x0;cal_apptype=69937;cal_paramid=0x1000a110;cal_topoid=0x1000a106;cal_samplerate=48000;cal_data=AAAAAA==
04-13 11:17:22.831   784 10231 D msm8974_platform: platform_get_output_snd_device: enter: output devices(0x2)
04-13 11:17:22.831   784 10231 D msm8974_platform: platform_get_output_snd_device: exit: snd_device(speaker)
04-13 11:17:22.831   784 10231 D msm8974_platform: Setting audio calibration for snd_device(2) acdb_id(10011)
04-13 11:17:22.831   784 10231 E ACDB-LOADER: [acdb_loader_adsp_set_audio_cal] active device/stream not found (result=-100) for topology 0x1000a106 and apptype 0x11131
04-13 11:17:22.831   784 10231 E ACDB-LOADER: [acdb_loader_adsp_set_audio_cal] set parameters failed with status -100
04-13 11:17:22.831   784 10231 D audio_hw_hfp: hfp_set_parameters: enter
04-13 11:17:22.831   784 10231 D audio_hw_primary: check_and_set_karaok_parameters: is karaok rx device 0, is karaok tx device 0
04-13 11:17:22.831   784 10231 D audio_hw_primary: out_write: retry previous failed cal level set
04-13 11:17:22.831   784 10231 D msm8974_platform: platform_split_snd_device: snd_device(2) num devices(1) new_snd_devices(0)
04-13 11:17:22.831   784 10231 D ACDB-LOADER: ACDB -> send_audvoltable
04-13 11:17:22.831   784 10231 D ACDB-LOADER: ACDB -> ACDB_CMD_GET_AUDPROC_INSTANCE_GAIN_DEP_STEP_TABLE_SIZE
04-13 11:17:22.831   784 10231 D         : Failed to fetch the lookup information of the device 0000271B
04-13 11:17:22.831   784 10231 D ACDB-LOADER: Error: ACDB_CMD_GET_AUDPROC_INSTANCE_GAIN_DEP_STEP_TABLE_SIZE Returned = -19
04-13 11:17:22.831   784 10231 D ACDB-LOADER: ACDB -> ACDB_CMD_GET_AUDPROC_INSTANCE_GAIN_DEP_STEP_TABLE, vol index 5
04-13 11:17:22.831   784 10231 D         : Failed to fetch the lookup information of the device 0000271B
04-13 11:17:22.831   784 10231 D ACDB-LOADER: Error: ACDB AudProc vol returned = -19
04-13 11:17:22.831   784 10231 D ACDB-LOADER: ACDB -> AUDIO_SET_VOL_CAL cal type = 40
04-13 11:17:22.832  2862  2862 D DeviceStatisticsService: chargerType=2 batteryLevel=34 totalBatteryCapacity=4185000
04-13 11:17:22.843  2862  2862 D NetworkSpeedTracker: receive actionandroid.intent.action.BATTERY_CHANGED
04-13 11:17:22.843  2862  2862 D NetworkSpeedTracker: onReceive ACTION_BATTERY_CHANGED mBatteryLevel = 34;mIsCharging =true
04-13 11:17:22.845  4115  4115 I BatteryInfoReceiver: ACTION_BATTERY_CHANGED
04-13 11:17:22.845  6036  6536 D PowerCheckerService: onBatteryChanged, mBatteryLevel = 34, status = 2, level = 34, plug = 2, scale = 100
04-13 11:17:22.848  2539  2539 D KeyguardUpdateMonitor: received broadcast android.intent.action.BATTERY_CHANGED
04-13 11:17:22.852   784 24728 D msm8974_platform: platform_split_snd_device: snd_device(2) num devices(1) new_snd_devices(0)
04-13 11:17:22.854  2539  2539 D KeyguardUpdateMonitor: received broadcast android.intent.action.BATTERY_CHANGED
04-13 11:17:22.855  2862  2862 D DeviceStatisticsService: chargerType=2 batteryLevel=34 totalBatteryCapacity=4185000
04-13 11:17:22.855  2862  2862 D NetworkSpeedTracker: receive actionandroid.intent.action.BATTERY_CHANGED
04-13 11:17:22.855  2862  2862 D NetworkSpeedTracker: onReceive ACTION_BATTERY_CHANGED mBatteryLevel = 34;mIsCharging =true
04-13 11:17:22.856  4115  4115 I BatteryInfoReceiver: ACTION_BATTERY_CHANGED
04-13 11:17:22.856  6036  6536 D PowerCheckerService: onBatteryChanged, mBatteryLevel = 34, status = 2, level = 34, plug = 2, scale = 100
04-13 11:17:22.856  2862  2862 D DeviceStatisticsService: chargerType=2 batteryLevel=34 totalBatteryCapacity=4185000
04-13 11:17:22.878  1571  2385 I BatteryService: shutdown delay = 0 Last shutdown delay = 0
04-13 11:17:22.878  1571  2385 I BatteryService: shutdown delay = 0 Last shutdown delay = 0
04-13 11:17:22.890  2539  2539 I MiuiChargeManager: notifyBatteryStatusChanged:  status: 2 isPlugged: 2 level: 33 wireState: 11 chargeSpeed: 0 mWiredChargeType: 0 mWirelessChargeType: 0 chargeDeviceType: 0
04-13 11:17:22.890  2539  2539 D KeyguardUpdateMonitor: handleBatteryUpdate
04-13 11:17:22.890  2539  2539 I MiuiChargeController: checkBatteryStatus: chargeType 11 status 2 plugged 2 isRapidCharge false isSuperCharge false isCarMode false mChargeDeviceType 0 mChargeDeviceForAnalytic -1
04-13 11:17:22.890  2539  2539 I KeyguardIndication: updateIndication: mVisible false mDozing false mTransientIndication null mPowerPluggedIn true mUpArrowIndication null
04-13 11:17:22.891  2862  2862 D NetworkSpeedTracker: receive actionandroid.intent.action.BATTERY_CHANGED
04-13 11:17:22.891  2862  2862 D NetworkSpeedTracker: onReceive ACTION_BATTERY_CHANGED mBatteryLevel = 33;mIsCharging =true
04-13 11:17:22.892  4115  4115 I BatteryInfoReceiver: ACTION_BATTERY_CHANGED
04-13 11:17:22.892  2539  2539 D KeyguardUpdateMonitor: received broadcast android.intent.action.BATTERY_CHANGED
04-13 11:17:22.894  6036  6536 D PowerCheckerService: onBatteryChanged, mBatteryLevel = 34, status = 2, level = 33, plug = 2, scale = 100
04-13 11:17:22.897  4115 15195 W BatteryHistoryLoadMgr: getHistoryInfo begin
04-13 11:17:22.900  4115  4115 I BatteryInfoReceiver: ACTION_BATTERY_CHANGED
04-13 11:17:22.900 24135 24167 I hpplay-java: [pool-3-thread-1]:HttpRequest:doGet responseCode:200  0
04-13 11:17:22.902  6036  6536 D PowerCheckerService: onBatteryChanged, mBatteryLevel = 33, status = 2, level = 33, plug = 2, scale = 100
04-13 11:17:22.903  2862  2862 D DeviceStatisticsService: chargerType=2 batteryLevel=33 totalBatteryCapacity=4311800
04-13 11:17:22.903  2862  2862 D DeviceInfoHidlClient: getPowerInfoSupportStatus()=1
04-13 11:17:22.903  2862  2862 D DeviceInfoHidlClient: isRadioOn()=true
04-13 11:17:22.903  2862  2862 I DeviceInfoHidlClient: isPowerInfoNeverSent=false batteryLevel=33 batteryLevelIndex=1 chargingMode=2 totalCapacity=4311800 powerSaveMode=false
04-13 11:17:22.903  2862  2862 D NetworkSpeedTracker: receive actionandroid.intent.action.BATTERY_CHANGED
04-13 11:17:22.903  2862  2862 D NetworkSpeedTracker: onReceive ACTION_BATTERY_CHANGED mBatteryLevel = 33;mIsCharging =true
04-13 11:17:22.906  2539  2539 D SignalClusterView: updateMobileTypeImage  0
04-13 11:17:22.906 24135 24135 I hpplay-java: [main]:AsyncManager:exeHttpTask  url=http://imdns.hpplay.cn/Author/GetImServer
04-13 11:17:22.910  2862  2862 D DeviceStatisticsService: chargerType=2 batteryLevel=33 totalBatteryCapacity=4311800
04-13 11:17:22.910  2539  2539 D KeyguardUpdateMonitor: received broadcast android.intent.action.BATTERY_CHANGED
04-13 11:17:22.911  2862  2862 D NetworkSpeedTracker: receive actionandroid.intent.action.BATTERY_CHANGED
04-13 11:17:22.912  2862  2862 D NetworkSpeedTracker: onReceive ACTION_BATTERY_CHANGED mBatteryLevel = 33;mIsCharging =true
04-13 11:17:22.913  4115  4115 I BatteryInfoReceiver: ACTION_BATTERY_CHANGED
04-13 11:17:22.915  2862  2862 D DeviceStatisticsService: chargerType=2 batteryLevel=33 totalBatteryCapacity=4311800
04-13 11:17:22.916  6036  6536 D PowerCheckerService: onBatteryChanged, mBatteryLevel = 33, status = 2, level = 33, plug = 2, scale = 100
04-13 11:17:22.923  1571  1722 E KernelCpuSpeedReader: Failed to read cpu-freq: /sys/devices/system/cpu/cpu6/cpufreq/stats/time_in_state: open failed: ENOENT (No such file or directory)
04-13 11:17:22.923  1571  1722 E KernelCpuSpeedReader: Failed to read cpu-freq: /sys/devices/system/cpu/cpu0/cpufreq/stats/time_in_state: open failed: ENOENT (No such file or directory)
04-13 11:17:22.928  2539  2539 D KeyguardUpdateMonitor: received broadcast android.intent.action.BATTERY_CHANGED
04-13 11:17:22.931   787   787 D vendor.qti.bluetooth@1.0-ibs_handler: SerialClockVote: vote for UART CLK ON
04-13 11:17:22.931   787   787 D vendor.qti.bluetooth@1.0-wake_lock: Acquire wakelock is acquired
04-13 11:17:22.931   787   787 I vendor.qti.bluetooth@1.0-ibs_handler: DeviceWakeUp: Writing IBS_WAKE_IND
04-13 11:17:22.935   787 23349 I vendor.qti.bluetooth@1.0-ibs_handler: ProcessIbsCmd: Received IBS_WAKE_ACK: 0xFC
04-13 11:17:22.936  2539  2539 D KeyguardUpdateMonitor: received broadcast android.intent.action.BATTERY_CHANGED
04-13 11:17:22.936  2862  2862 D NetworkSpeedTracker: receive actionandroid.intent.action.BATTERY_CHANGED
04-13 11:17:22.936  2862  2862 D NetworkSpeedTracker: onReceive ACTION_BATTERY_CHANGED mBatteryLevel = 33;mIsCharging =true
04-13 11:17:22.937  6036  6536 D PowerCheckerService: onBatteryChanged, mBatteryLevel = 33, status = 2, level = 33, plug = 2, scale = 100
04-13 11:17:22.937  4115  4115 I BatteryInfoReceiver: ACTION_BATTERY_CHANGED
04-13 11:17:22.937   787 23349 I vendor.qti.bluetooth@1.0-ibs_handler: ProcessIbsCmd: Received IBS_WAKE_IND: 0xFD
04-13 11:17:22.937   787 23349 I vendor.qti.bluetooth@1.0-ibs_handler: ProcessIbsCmd: Writing IBS_WAKE_ACK
04-13 11:17:22.940  2539  2539 D KeyguardUpdateMonitor: received broadcast android.intent.action.BATTERY_CHANGED
04-13 11:17:22.941  2862  2862 D DeviceStatisticsService: chargerType=2 batteryLevel=33 totalBatteryCapacity=4311800
04-13 11:17:22.941  2862  2862 D NetworkSpeedTracker: receive actionandroid.intent.action.BATTERY_CHANGED
04-13 11:17:22.941  2862  2862 D NetworkSpeedTracker: onReceive ACTION_BATTERY_CHANGED mBatteryLevel = 33;mIsCharging =true
04-13 11:17:22.942  4115  4115 I BatteryInfoReceiver: ACTION_BATTERY_CHANGED
04-13 11:17:22.942  1571  1722 E KernelCpuSpeedReader: Failed to read cpu-freq: /sys/devices/system/cpu/cpu6/cpufreq/stats/time_in_state: open failed: ENOENT (No such file or directory)
04-13 11:17:22.942  2862  2862 D DeviceStatisticsService: chargerType=2 batteryLevel=33 totalBatteryCapacity=4311800
04-13 11:17:22.943  1571  1722 E KernelCpuSpeedReader: Failed to read cpu-freq: /sys/devices/system/cpu/cpu0/cpufreq/stats/time_in_state: open failed: ENOENT (No such file or directory)
04-13 11:17:22.943  6036  6536 D PowerCheckerService: onBatteryChanged, mBatteryLevel = 33, status = 2, level = 33, plug = 2, scale = 100
04-13 11:17:22.945   677   677 I netd    : trafficSwapActiveStatsMap() <0.80ms>
04-13 11:17:22.951   677   677 I netd    : tetherGetStats() <0.51ms>
04-13 11:17:22.953  1571  1722 W NetworkStatsFactorySysApp: stats=NetworkStatsSysApp: elapsedRealtime=1099045741
04-13 11:17:22.953   677   677 I netd    : trafficSwapActiveStatsMap() <0.17ms>
04-13 11:17:22.956   677   677 I netd    : tetherGetStats() <0.41ms>
04-13 11:17:22.957  1571  1722 W NetworkStatsFactorySysApp: stats=NetworkStatsSysApp: elapsedRealtime=1099045745
04-13 11:17:22.974  2539  2539 D KeyguardUpdateMonitor: received broadcast android.intent.action.BATTERY_CHANGED
04-13 11:17:22.974  2862  2862 D NetworkSpeedTracker: receive actionandroid.intent.action.BATTERY_CHANGED
04-13 11:17:22.975  2862  2862 D NetworkSpeedTracker: onReceive ACTION_BATTERY_CHANGED mBatteryLevel = 33;mIsCharging =true
04-13 11:17:22.976  4115  4115 I BatteryInfoReceiver: ACTION_BATTERY_CHANGED
04-13 11:17:22.978  6036  6536 D PowerCheckerService: onBatteryChanged, mBatteryLevel = 33, status = 2, level = 33, plug = 2, scale = 100
04-13 11:17:22.978  2862  2862 D DeviceStatisticsService: chargerType=2 batteryLevel=33 totalBatteryCapacity=4311800
04-13 11:17:22.983  2539  2539 D KeyguardUpdateMonitor: received broadcast android.intent.action.BATTERY_CHANGED
04-13 11:17:22.983  2862  2862 D NetworkSpeedTracker: receive actionandroid.intent.action.BATTERY_CHANGED
04-13 11:17:22.983  2862  2862 D NetworkSpeedTracker: onReceive ACTION_BATTERY_CHANGED mBatteryLevel = 33;mIsCharging =true
04-13 11:17:22.984  4115  4115 I BatteryInfoReceiver: ACTION_BATTERY_CHANGED
04-13 11:17:22.989  6036  6536 D PowerCheckerService: onBatteryChanged, mBatteryLevel = 33, status = 2, level = 33, plug = 2, scale = 100
04-13 11:17:22.990  2862  2862 D DeviceStatisticsService: chargerType=2 batteryLevel=33 totalBatteryCapacity=4311800
04-13 11:17:22.992  1153 24172 D AudioTrack: stop(sessionID=39105)
04-13 11:17:22.992  1153 24172 D AudioTrack: stop(5321): prior state:STATE_ACTIVE
04-13 11:17:22.992  1153 24172 D AudioTrack: stop(5321): called with 25044 frames delivered
04-13 11:17:22.992   867  1095 E AudioFlinger: open /proc/1153/cmdline error
04-13 11:17:22.992   867  1095 I AudioFlinger: setAppName(), name=[], active=[0]
04-13 11:17:22.992   784 24728 V EffectMiSound: MiSound_command() start, cmdCode=24
04-13 11:17:22.992   784 24728 V EffectMiSound: MiSound_Command EFFECT_CMD_SET_APP_NAME: stream=5, name=-
04-13 11:17:23.001 24135 24168 I hpplay-java: [pool-3-thread-2]:HttpRequest:doPost responseCode:200
04-13 11:17:23.001 24135 24135 I hpplay-java: [main]:AuthSDK:authSDK onRequestResult = {"status":200,"data":{"server_time":1618283844446,"expire_time":12,"prot_ver":"3.1","dmr_name":"lebo","scan_time":60,"tid":11876,"token":"4389d4998651bc9b1618283844"}}
04-13 11:17:23.002 24135 24135 I hpplay-java: [main]:LelinkSdkManager:onAuthSuccess 4389d4998651bc9b1618283844 tid {"status":200,"data":{"server_time":1618283844446,"expire_time":12,"prot_ver":"3.1","dmr_name":"lebo","scan_time":60,"tid":11876,"token":"4389d4998651bc9b1618283844"}}  mPcAuthListener == null false
04-13 11:17:23.002 17458 18559 I hpplay-java: [Binder:17458_6]:MySConnection: onAuthSuccess success false
04-13 11:17:23.002 17458 18559 I hpplay-java: [Binder:17458_6]:LelinkSourceSDK:LelinkSourceSdkImp setBrowseResultListener true
04-13 11:17:23.002 17458 18559 I hpplay-java: [Binder:17458_6]:LelinkSourceSDK:LelinkSourceSdkImp setPlayListener true
04-13 11:17:23.003 17458 18559 I ML::LeLinkController: startScan with state: 3
04-13 11:17:23.003 17458 18559 I ML::LeLinkController: lelink startDiscovery
04-13 11:17:23.003 17458 18559 I hpplay-java: [Binder:17458_6]:LelinkSourceSDK:LelinkSourceSdkImp startBrowse true
04-13 11:17:23.003 24135 24135 I LelinkSdkService: browse
04-13 11:17:23.003 24135 24135 I hpplay-java: [main]:threadTs: true
04-13 11:17:23.004 24135 24135 I hpplay-java: [main]:LelinkServiceManagerImpl:initAuth onAuthSuccess
04-13 11:17:23.004 24135 24135 I hpplay-java: [main]:LelinkServiceManagerImpl:onAuthSuccess: mExpireTime =12
04-13 11:17:23.004 24135 24182 I hpplay-java: [Thread-2]:BrowserThread:browser flag => 0 b size 0
04-13 11:17:23.005 24135 24182 I hpplay-java: [Thread-2]:LelinkSdkManager:sdk manager   stopBrowse
04-13 11:17:23.005 24135 24182 I hpplay-java: [Thread-2]:LelinkSdkManager:sdk manager device callback -- >   2  0
04-13 11:17:23.005 24135 24182 I hpplay-java: [Thread-2]:LelinkSdkService:sdk service device callback -- >   2  0  mBrowseResultListener is null false
04-13 11:17:23.005 17458 18559 I hpplay-java: [Binder:17458_6]:MySConnection: controller device callback -- >   2  0 mIBrowseListener == null false
04-13 11:17:23.005 24135 24182 I hpplay-java: [Thread-2]:LelinkSdkManager:sdk manager start browse
04-13 11:17:23.005 24135 24182 I hpplay-java: [Thread-2]:LelinkSdkManager:sdk manager start useLelink
04-13 11:17:23.006 24135 24182 I hpplay-java: [Thread-2]:LelinkServiceManagerImpl:browse isAuthSuccess:true
04-13 11:17:23.006 24135 24182 I hpplay-java: [Thread-2]:MDNSBrowseHandler:MDNSBrowseHandler
04-13 11:17:23.007 24135 24182 I hpplay-java: [Thread-2]:MDNSBrowseHandler:create new mdns service
04-13 11:17:23.007 24135 24182 I checklistnen: ----------- MulticastDNSLookupBase
04-13 11:17:23.008 24135 24182 E libc    : Access denied finding property "net.dns1"
04-13 11:17:23.010 24135 24182 E libc    : Access denied finding property "net.dns2"
04-13 11:17:23.011 24135 24182 E libc    : Access denied finding property "net.dns3"
04-13 11:17:23.012 24135 24182 E libc    : Access denied finding property "net.dns4"
04-13 11:17:23.018  2539  2539 D KeyguardUpdateMonitor: received broadcast android.intent.action.BATTERY_CHANGED
04-13 11:17:23.018  2862  2862 D NetworkSpeedTracker: receive actionandroid.intent.action.BATTERY_CHANGED
04-13 11:17:23.018  2862  2862 D NetworkSpeedTracker: onReceive ACTION_BATTERY_CHANGED mBatteryLevel = 33;mIsCharging =true
04-13 11:17:23.019   787 23349 I vendor.qti.bluetooth@1.0-ibs_handler: ProcessIbsCmd: Received IBS_SLEEP_IND: 0xFE
04-13 11:17:23.019   677 24183 E ResolverController: No valid NAT64 prefix (579, <unspecified>/0)
04-13 11:17:23.020  4115  4115 I BatteryInfoReceiver: ACTION_BATTERY_CHANGED
04-13 11:17:23.020  6036  6536 D PowerCheckerService: onBatteryChanged, mBatteryLevel = 33, status = 2, level = 33, plug = 2, scale = 100
04-13 11:17:23.021 24135 24182 I DNSQuerier: create DNSQuerier-------
04-13 11:17:23.029  2862  2862 D DeviceStatisticsService: chargerType=2 batteryLevel=33 totalBatteryCapacity=4311800
04-13 11:17:23.031  2539  2539 D KeyguardUpdateMonitor: received broadcast android.intent.action.BATTERY_CHANGED
04-13 11:17:23.032 24135 24182 I DatagramProcessor: -------start create -----
04-13 11:17:23.034  6036  6536 D PowerCheckerService: onBatteryChanged, mBatteryLevel = 33, status = 2, level = 33, plug = 2, scale = 100
04-13 11:17:23.036  4115 15195 W BatteryHistoryLoadMgr: get firstHistoryInfo time: 947750290
04-13 11:17:23.036  4115 15195 D BatteryHistoryLoadMgr: getHistoryInfo end
04-13 11:17:23.036  4115 15195 I BatteryInfoReceiver: update charge detail 322
04-13 11:17:23.036  4115  4115 I BatteryInfoReceiver: ACTION_BATTERY_CHANGED
04-13 11:17:23.037  4115 15195 I PowerUtils: use feature battery typ capacity
04-13 11:17:23.037 24135 24182 I DatagramProcessor: -------start end -----
04-13 11:17:23.037  2862  2862 D NetworkSpeedTracker: receive actionandroid.intent.action.BATTERY_CHANGED
04-13 11:17:23.037  2862  2862 D NetworkSpeedTracker: onReceive ACTION_BATTERY_CHANGED mBatteryLevel = 33;mIsCharging =true
04-13 11:17:23.038  2862  2862 D DeviceStatisticsService: chargerType=2 batteryLevel=33 totalBatteryCapacity=4311800
04-13 11:17:23.039  4115 15195 I PowerUtils: use feature battery typ capacity
04-13 11:17:23.040  4115 15195 I BatteryChargeTimeHelper: Use default time,  0.67 4h49m49s78ms
04-13 11:17:23.041  1571  4187 W DevicePolicyManager: Package com.milink.service (uid=10137, pid=24135) cannot access Device IDs
04-13 11:17:23.041  2862  3248 W TelephonyPermissions: reportAccessDeniedToReadIdentifiers:com.milink.service:getDeviceId:isPreinstalled=true:isPrivApp=false
04-13 11:17:23.041 24135 24135 W hpplay-java: [main]:DeviceUtil:get imei failed
04-13 11:17:23.042 24135 24182 I DatagramProcessor: -------start create -----
04-13 11:17:23.047 24135 24182 I DatagramProcessor: -------start end -----
04-13 11:17:23.047 24135 24182 I NetworkProcessor: ------------------------ > >>> >>> start CRATE THREAD
04-13 11:17:23.048 24135 24182 I NetworkProcessor: ------------------------ > >>> >>> start CRATE THREAD
04-13 11:17:23.049 24135 24182 I checklistnen: MulticastDNSQuerier
04-13 11:17:23.051 24135 24182 I hpplay-java: [Thread-2]:IMBrowserAdapter:scan
04-13 11:17:23.054 24135 24167 I hpplay-java: [pool-3-thread-1]:HttpRequest:doGet responseCode:200  0
04-13 11:17:23.056 24135 24192 I hpplay-java: [Thread-7]:ProtocolCreater:magic-number:PTBL
04-13 11:17:23.056 24135 24192 I hpplay-java: xor-key:0000
04-13 11:17:23.056 24135 24192 I hpplay-java: {"type":"search","ver":"32831","sign":"","md5":""}
04-13 11:17:23.057 24135 24192 I hpplay-java: [Thread-7]:LelinkBrowseRunnable:send data ==> 10 waite 10
04-13 11:17:23.070  2862  2862 D NetworkSpeedTracker: receive actionandroid.intent.action.BATTERY_CHANGED
04-13 11:17:23.070  4115  4115 I BatteryInfoReceiver: ACTION_BATTERY_CHANGED
04-13 11:17:23.070  2862  2862 D NetworkSpeedTracker: onReceive ACTION_BATTERY_CHANGED mBatteryLevel = 33;mIsCharging =true
04-13 11:17:23.072  6036  6536 D PowerCheckerService: onBatteryChanged, mBatteryLevel = 33, status = 2, level = 33, plug = 2, scale = 100
04-13 11:17:23.075  2539  2539 D KeyguardUpdateMonitor: received broadcast android.intent.action.BATTERY_CHANGED
04-13 11:17:23.076  2539  2539 D KeyguardUpdateMonitor: received broadcast android.intent.action.BATTERY_CHANGED
04-13 11:17:23.077  6036  6536 D PowerCheckerService: onBatteryChanged, mBatteryLevel = 33, status = 2, level = 33, plug = 2, scale = 100
04-13 11:17:23.077  4115  4115 I BatteryInfoReceiver: ACTION_BATTERY_CHANGED
04-13 11:17:23.078  2862  2862 D DeviceStatisticsService: chargerType=2 batteryLevel=33 totalBatteryCapacity=4311800
04-13 11:17:23.078  2862  2862 D NetworkSpeedTracker: receive actionandroid.intent.action.BATTERY_CHANGED
04-13 11:17:23.078  2862  2862 D NetworkSpeedTracker: onReceive ACTION_BATTERY_CHANGED mBatteryLevel = 33;mIsCharging =true
04-13 11:17:23.078  1571  3540 W DevicePolicyManager: Package com.milink.service (uid=10137, pid=24135) cannot access Device IDs
04-13 11:17:23.078  2862  3248 W TelephonyPermissions: reportAccessDeniedToReadIdentifiers:com.milink.service:getDeviceId:isPreinstalled=true:isPrivApp=false
04-13 11:17:23.079 24135 24135 W hpplay-java: [main]:DeviceUtil:get imei failed
04-13 11:17:23.079  2862  2862 D DeviceStatisticsService: chargerType=2 batteryLevel=33 totalBatteryCapacity=4311800
04-13 11:17:23.079 24135 24192 I hpplay-java: [Thread-7]:ProtocolCreater:magic-number:PTBL
04-13 11:17:23.079 24135 24192 I hpplay-java: xor-key:0000
04-13 11:17:23.079 24135 24192 I hpplay-java: {"type":"search","ver":"32831","sign":"","md5":""}
04-13 11:17:23.081 24135 24192 I hpplay-java: [Thread-7]:LelinkBrowseRunnable:send data ==> 30 waite 60
04-13 11:17:23.106  1571  4117 W DevicePolicyManager: Package com.milink.service (uid=10137, pid=24135) cannot access Device IDs
04-13 11:17:23.107  2862  3248 W TelephonyPermissions: reportAccessDeniedToReadIdentifiers:com.milink.service:getDeviceId:isPreinstalled=true:isPrivApp=false
04-13 11:17:23.107 24135 24135 W hpplay-java: [main]:DeviceUtil:get imei failed
04-13 11:17:23.108 24135 24135 I EncryptUtil: ---------------> -12534  16
04-13 11:17:23.109 24135 24135 I hpplay-java: [main]:AsyncManager:exeHttpTask  url=http://imdns.hpplay.cn/Author/GetImServer
04-13 11:17:23.112  2862  2862 D NetworkSpeedTracker: receive actionandroid.intent.action.BATTERY_CHANGED
04-13 11:17:23.112  2862  2862 D NetworkSpeedTracker: onReceive ACTION_BATTERY_CHANGED mBatteryLevel = 33;mIsCharging =true
04-13 11:17:23.112  4115  4115 I BatteryInfoReceiver: ACTION_BATTERY_CHANGED
04-13 11:17:23.112  2539  2539 D KeyguardUpdateMonitor: received broadcast android.intent.action.BATTERY_CHANGED
04-13 11:17:23.114  6036  6536 D PowerCheckerService: onBatteryChanged, mBatteryLevel = 33, status = 2, level = 33, plug = 2, scale = 100
04-13 11:17:23.114  2862  2862 D DeviceStatisticsService: chargerType=2 batteryLevel=33 totalBatteryCapacity=4311800
04-13 11:17:23.115 23238 23384 V Avrcp_ext: AvrcpMessageHandler: received message=29
04-13 11:17:23.115 23238 23384 V Avrcp_ext: updateCurrentMediaState: mMediaController: null
04-13 11:17:23.115 23238 23384 V Avrcp_ext: isMusicActive: false getBluetoothPlayState: 2
04-13 11:17:23.115 23238 23384 V Avrcp_ext: updateCurrentMediaState: isPlaying = false
04-13 11:17:23.115 23238 23384 V Avrcp_ext: updateCurrentMediaState: mMediaController or getPlaybackState() null
04-13 11:17:23.115 23238 23384 V Avrcp_ext: Media update: id -1-1? [MediaAttributes: none] : [MediaAttributes: none]
04-13 11:17:23.115 23238 23384 V Avrcp_ext: newPlayStatus:2mReportedPlayStatus:-1
04-13 11:17:23.115 23238 23384 V Avrcp_ext: updatePlaybackState, state: PlaybackState {state=2, position=-1, buffered position=0, speed=0.0, updated=1099045903, actions=0, custom actions=[], active item id=-1, error=null} device: null
04-13 11:17:23.115 24135 24167 I hpplay-java: [pool-3-thread-1]:AsyncManager:exeHttpTask  url=http://rp.hpplay.cn/logins?
04-13 11:17:23.115 23238 23384 V Avrcp_ext: Device: no name:
04-13 11:17:23.115 23238 23384 I chatty  : uid=1002(bluetooth) BluetoothAvrcpH identical 3 lines
04-13 11:17:23.115 23238 23384 V Avrcp_ext: Device: no name:
04-13 11:17:23.115 23238 23384 V Avrcp_ext: updatePlayerStateAndPosition, old=PlaybackState {state=2, position=-1, buffered position=0, speed=0.0, updated=1099045391, actions=0, custom actions=[], active item id=-1, error=null}, state=PlaybackState {state=2, position=-1, buffered position=0, speed=0.0, updated=1099045903, actions=0, custom actions=[], active item id=-1, error=null}
04-13 11:17:23.115 23238 23384 V Avrcp_ext: old state = PlaybackState {state=2, position=-1, buffered position=0, speed=0.0, updated=1099045391, actions=0, custom actions=[], active item id=-1, error=null}, new state= PlaybackState {state=2, position=-1, buffered position=0, speed=0.0, updated=1099045903, actions=0, custom actions=[], active item id=-1, error=null}
04-13 11:17:23.115 23238 23384 D HeadsetService: getHeadsetService(): returning com.android.bluetooth.hfp.HeadsetService@36fa3d1
04-13 11:17:23.116 23238 23384 D HeadsetService:  isAudioOn: The number of audio connected devices 0
04-13 11:17:23.116 23238 23384 D HeadsetService: isScoOrCallActive(): Call Active:falseCall is Ringing:falseSCO is Active:false
04-13 11:17:23.116 23238 23384 D HeadsetService:  isAudioOn: The number of audio connected devices 0
04-13 11:17:23.116 23238 23384 I Avrcp_ext: updatePlayStatusForDevice: device: null
04-13 11:17:23.116 23238 23384 V Avrcp_ext: updatePlaybackState (1): old=PlaybackState {state=2, position=-1, buffered position=0, speed=0.0, updated=1099045391, actions=0, custom actions=[], active item id=-1, error=null}(2), new=PlaybackState {state=2, position=-1, buffered position=0, speed=0.0, updated=1099045903, actions=0, custom actions=[], active item id=-1, error=null}(2)
04-13 11:17:23.116 23238 23384 I Avrcp_ext: Exit updatePlayStatusForDevice
04-13 11:17:23.116 23238 23384 D HeadsetService:  isAudioOn: The number of audio connected devices 0
04-13 11:17:23.116 23238 23384 D HeadsetService: isScoOrCallActive(): Call Active:falseCall is Ringing:falseSCO is Active:false
04-13 11:17:23.117 23238 23384 D HeadsetService:  isAudioOn: The number of audio connected devices 0
04-13 11:17:23.117 23238 23384 I Avrcp_ext: updatePlayStatusForDevice: device: null
04-13 11:17:23.117 23238 23384 V Avrcp_ext: updatePlaybackState (1): old=PlaybackState {state=2, position=-1, buffered position=0, speed=0.0, updated=1099045391, actions=0, custom actions=[], active item id=-1, error=null}(2), new=PlaybackState {state=2, position=-1, buffered position=0, speed=0.0, updated=1099045903, actions=0, custom actions=[], active item id=-1, error=null}(2)
04-13 11:17:23.117 23238 23384 I Avrcp_ext: Exit updatePlayStatusForDevice
04-13 11:17:23.118 23238 23384 D HeadsetService:  isAudioOn: The number of audio connected devices 0
04-13 11:17:23.118 23238 23384 D HeadsetService: isScoOrCallActive(): Call Active:falseCall is Ringing:falseSCO is Active:false
04-13 11:17:23.119 23238 23384 D HeadsetService:  isAudioOn: The number of audio connected devices 0
04-13 11:17:23.119 23238 23384 I Avrcp_ext: updatePlayStatusForDevice: device: null
04-13 11:17:23.119 23238 23384 V Avrcp_ext: updatePlaybackState (1): old=PlaybackState {state=2, position=-1, buffered position=0, speed=0.0, updated=1099045391, actions=0, custom actions=[], active item id=-1, error=null}(2), new=PlaybackState {state=2, position=-1, buffered position=0, speed=0.0, updated=1099045903, actions=0, custom actions=[], active item id=-1, error=null}(2)
04-13 11:17:23.119 23238 23384 I Avrcp_ext: Exit updatePlayStatusForDevice
04-13 11:17:23.120  2539  2539 D KeyguardUpdateMonitor: received broadcast android.intent.action.BATTERY_CHANGED
04-13 11:17:23.120 23238 23384 D HeadsetService:  isAudioOn: The number of audio connected devices 0
04-13 11:17:23.120 23238 23384 D HeadsetService: isScoOrCallActive(): Call Active:falseCall is Ringing:falseSCO is Active:false
04-13 11:17:23.121 23238 23384 D HeadsetService:  isAudioOn: The number of audio connected devices 0
04-13 11:17:23.121 23238 23384 I Avrcp_ext: updatePlayStatusForDevice: device: null
04-13 11:17:23.121 23238 23384 V Avrcp_ext: updatePlaybackState (1): old=PlaybackState {state=2, position=-1, buffered position=0, speed=0.0, updated=1099045391, actions=0, custom actions=[], active item id=-1, error=null}(2), new=PlaybackState {state=2, position=-1, buffered position=0, speed=0.0, updated=1099045903, actions=0, custom actions=[], active item id=-1, error=null}(2)
04-13 11:17:23.121 23238 23384 I Avrcp_ext: Exit updatePlayStatusForDevice
04-13 11:17:23.121 23238 23384 D HeadsetService:  isAudioOn: The number of audio connected devices 0
04-13 11:17:23.121 23238 23384 D HeadsetService: isScoOrCallActive(): Call Active:falseCall is Ringing:falseSCO is Active:false
04-13 11:17:23.121 23238 23384 D HeadsetService:  isAudioOn: The number of audio connected devices 0
04-13 11:17:23.121 23238 23384 I Avrcp_ext: updatePlayStatusForDevice: device: null
04-13 11:17:23.121 23238 23384 V Avrcp_ext: updatePlaybackState (1): old=PlaybackState {state=2, position=-1, buffered position=0, speed=0.0, updated=1099045391, actions=0, custom actions=[], active item id=-1, error=null}(2), new=PlaybackState {state=2, position=-1, buffered position=0, speed=0.0, updated=1099045903, actions=0, custom actions=[], active item id=-1, error=null}(2)
04-13 11:17:23.121 23238 23384 I Avrcp_ext: Exit updatePlayStatusForDevice
04-13 11:17:23.121 23238 23384 D Avrcp_ext: Enter sendPlayPosNotificationRsp
04-13 11:17:23.121 23238 23384 D Avrcp_ext: sendPlayPosNotificationRsp: Not registered or requesting.
04-13 11:17:23.121 23238 23384 D Avrcp_ext: Enter sendPlayPosNotificationRsp
04-13 11:17:23.121 23238 23384 D Avrcp_ext: sendPlayPosNotificationRsp: Not registered or requesting.
04-13 11:17:23.121 23238 23384 D Avrcp_ext: Enter sendPlayPosNotificationRsp
04-13 11:17:23.121 23238 23384 D Avrcp_ext: sendPlayPosNotificationRsp: Not registered or requesting.
04-13 11:17:23.121 23238 23384 D Avrcp_ext: Enter sendPlayPosNotificationRsp
04-13 11:17:23.121 23238 23384 D Avrcp_ext: sendPlayPosNotificationRsp: Not registered or requesting.
04-13 11:17:23.121 23238 23384 D Avrcp_ext: Enter sendPlayPosNotificationRsp
04-13 11:17:23.121 23238 23384 D Avrcp_ext: sendPlayPosNotificationRsp: Not registered or requesting.
04-13 11:17:23.121 23238 23384 V Avrcp_ext: Exit updatePlayerStateAndPosition
04-13 11:17:23.121 23238 23384 V Avrcp_ext: Exit handleMessage
04-13 11:17:23.122   677 24203 E ResolverController: No valid NAT64 prefix (579, <unspecified>/0)
04-13 11:17:23.122  4115  4115 I BatteryInfoReceiver: ACTION_BATTERY_CHANGED
04-13 11:17:23.122  6036  6536 D PowerCheckerService: onBatteryChanged, mBatteryLevel = 33, status = 2, level = 33, plug = 2, scale = 100
